[pilot] population=20 positions | n=20 | M=32 | policy=clair-puct | oracle_sims=100 | W=7
[pilot] out -> /mnt/c/carc-shared/analyzer_farmwar_20260805/clair-puct/fixed_v1
[pilot] resume: 0 already done, 20 to go
[1/20] 1785982194_705585_p132 ok delta=+1.250 crn=True 388.045s
[2/20] 1785984310_1698417952_p121 ok delta=-4.406 crn=True 606.519s
[3/20] 1785984310_1698417952_p112 ok delta=-7.969 crn=True 750.564s
[4/20] 1785982194_705585_p105 ok delta=-0.188 crn=True 779.902s
[5/20] 1785982194_705585_p77 ok delta=+7.000 crn=True 1090.727s
[6/20] 1785982194_705585_p8 ok delta=+8.500 crn=True 2153.651s
[7/20] 1785982194_705585_p9 ok delta=-5.656 crn=True 2172.665s
[8/20] 1785984310_1698417952_p56 ok delta=-2.469 crn=True 1605.448s
[9/20] 1785984310_1698417952_p20 ok delta=+2.562 crn=True 2018.899s
[10/20] 1785984310_1698417952_p72 ok delta=-4.156 crn=True 1478.819s
[11/20] 1785984310_1698417952_p24 ok delta=+7.844 crn=True 2019.855s
[12/20] 1785984310_1698417952_p28 ok delta=+2.312 crn=True 1962.83s
[13/20] 1785986044_1911511187_p85 ok delta=-2.500 crn=True 1153.306s
[14/20] 1785986044_1911511187_p88 ok delta=-6.781 crn=True 1170.566s
[15/20] 1785986044_1911511187_p64 ok delta=-1.312 crn=True 1436.383s
[16/20] 1785986044_1911511187_p16 ok delta=-0.938 crn=True 2028.492s
[17/20] 1785986044_1911511187_p28 ok delta=-3.312 crn=True 1870.834s
[18/20] 1785986044_1911511187_p12 ok delta=-2.438 crn=True 2130.659s
[19/20] 1785986044_1911511187_p5 ok delta=+5.094 crn=True 1964.795s
[20/20] 1785986044_1911511187_p92 ok delta=+1.062 crn=True 1020.367s

=== ORACLE-SCORE PILOT SUMMARY ===
{
  "n_positions": 20,
  "m_worlds": 32,
  "sd_delta_positions": 4.764330874762008,
  "mean_delta_pts": -0.325,
  "se_mean_delta": 1.0653367703268886,
  "z_pilot_observed": -0.3050678518308129,
  "mean_within_position_var": 275.9766129032258,
  "var_between_positions_est": 14.074579530984714,
  "sd_delta_projected_by_m": {
    "8": 6.969336851084753,
    "16": 5.596705980970979,
    "32": 4.764330874762008,
    "64": 4.287973193432722
  },
  "median_crn_var_reduction": 1.5458245944442066,
  "n_positions_perfect_pairing": 0,
  "n_positions_identical_afterstates": 0,
  "assumed_effect_pts": 0.07,
  "implied_z_full_run": {
    "N=265_at_M=32": 0.23917680607854544,
    "N=20_at_M=32": 0.06570692193279047,
    "N=20_at_M=8": 0.04491812112672464,
    "N=20_at_M=16": 0.055934601159030206,
    "N=20_at_M=64": 0.07300640715977981
  },
  "memo_power_fork": {
    "note": "memo \u00a74.2: sd ~0.5 pts => z ~2.2 (fund the full run); sd ~1.5 pts => z ~0.75 (do not). Read sd_delta_positions against this.",
    "z_if_sd_0.5": 2.279034883453959,
    "z_if_sd_1.5": 0.7596782944846531
  },
  "caveat": "The pilot's own mean_delta is a 20-position SCREEN, NOT a verdict on whether budget improves the move. The deliverable is the sd.",
  "schema": "carcassonne-oracle-score-pilot/v1",
  "oracle_policy": "clair-puct",
  "n_attempted": 20,
  "n_failed": 0,
  "crn_verified_all": true,
  "population_disagreements": 20,
  "wall_secs": 4800.3,
  "manifest": "/mnt/c/carc-shared/analyzer_farmwar_20260805/clair-puct/fixed_v1/manifest.json"
}
