[pilot] population=20 positions | n=20 | M=32 | policy=clair-puct | oracle_sims=100 | W=30
[pilot] out -> /mnt/c/carc-shared/tiearb_widening_20260817/c_remeasure_r4/smoke/clair-puct/walled/leg1
[pilot] resume: 0 already done, 20 to go
[1/20] tt_sp_135000000433_p142 ok delta=+0.000 crn=True 2.426s
[2/20] tt_sp_135000000415_p138 ok delta=+0.000 crn=True 8.575s
[3/20] tt_sp_135000000367_p94 ok delta=-3.031 crn=True 63.176s
[4/20] tt_sp_135000000462_p102 ok delta=-0.594 crn=True 65.016s
[5/20] tt_sp_135000000376_p100 ok delta=+0.500 crn=True 69.131s
[6/20] tt_sp_135000000380_p102 ok delta=+1.969 crn=True 75.141s
[7/20] tt_sp_135000000364_p83 ok delta=+2.500 crn=True 93.763s
[8/20] tt_sp_135000000432_p86 ok delta=-1.312 crn=True 96.33s
[9/20] tt_sp_135000000352_p74 ok delta=-0.281 crn=True 100.8s
[10/20] tt_sp_135000000432_p64 ok delta=+4.312 crn=True 112.384s
[11/20] tt_sp_135000000413_p60 ok delta=+1.844 crn=True 116.344s
[12/20] tt_sp_135000000352_p46 ok delta=+0.656 crn=True 124.793s
[13/20] tt_sp_135000000376_p24 ok delta=-2.812 crn=True 133.981s
[14/20] tt_sp_135000000434_p30 ok delta=+1.438 crn=True 136.789s
[15/20] tt_sp_135000000457_p36 ok delta=-3.594 crn=True 139.718s
[16/20] tt_sp_135000000439_p14 ok delta=+0.375 crn=True 145.839s
[17/20] tt_sp_135000000440_p12 ok delta=-0.469 crn=True 146.366s
[18/20] tt_sp_135000000371_p2 ok delta=-2.250 crn=True 146.837s
[19/20] tt_sp_135000000441_p20 ok delta=-0.281 crn=True 147.26s
[20/20] tt_sp_135000000403_p4 ok delta=-0.125 crn=True 150.837s

=== ORACLE-SCORE PILOT SUMMARY ===
{
  "n_positions": 20,
  "m_worlds": 32,
  "sd_delta_positions": 1.9532539431120817,
  "mean_delta_pts": -0.0578125,
  "se_mean_delta": 0.43676085941181214,
  "z_pilot_observed": -0.13236648558173542,
  "mean_within_position_var": 163.05680443548388,
  "var_between_positions_est": 0.0,
  "sd_delta_projected_by_m": {
    "8": 4.514653979480098,
    "16": 3.1923424436012096,
    "32": 2.257326989740049,
    "64": 1.5961712218006048
  },
  "median_crn_var_reduction": 1.3416776118938998,
  "n_positions_perfect_pairing": 2,
  "n_positions_identical_afterstates": 0,
  "assumed_effect_pts": 0.07,
  "implied_z_full_run": {
    "N=265_at_M=32": 0.5833944151221876,
    "N=20_at_M=32": 0.13868151059763878,
    "N=20_at_M=8": 0.06934075529881939,
    "N=20_at_M=16": 0.09806263656878443,
    "N=20_at_M=64": 0.19612527313756886
  },
  "memo_power_fork": {
    "note": "memo \u00a74.2: sd ~0.5 pts => z ~2.2 (fund the full run); sd ~1.5 pts => z ~0.75 (do not). Read sd_delta_positions against this.",
    "z_if_sd_0.5": 2.279034883453959,
    "z_if_sd_1.5": 0.7596782944846531
  },
  "caveat": "The pilot's own mean_delta is a 20-position SCREEN, NOT a verdict on whether budget improves the move. The deliverable is the sd.",
  "schema": "carcassonne-oracle-score-pilot/v1",
  "oracle_policy": "clair-puct",
  "n_attempted": 20,
  "n_failed": 0,
  "crn_verified_all": true,
  "population_disagreements": 20,
  "wall_secs": 151.1,
  "manifest": "/mnt/c/carc-shared/tiearb_widening_20260817/c_remeasure_r4/smoke/clair-puct/walled/leg1/manifest.json"
}
