[pilot] population=20 positions | n=20 | M=32 | policy=clair-puct | oracle_sims=100 | W=30
[pilot] out -> /mnt/c/carc-shared/tiearb_widening_20260817/c_remeasure_r4/smoke/clair-puct/walled/leg2
[pilot] resume: 0 already done, 20 to go
[1/20] tt_sp_135000000433_p142 ok delta=+0.000 crn=True 2.432s
[2/20] tt_sp_135000000415_p138 ok delta=+0.000 crn=True 7.571s
[3/20] tt_sp_135000000462_p102 ok delta=-2.375 crn=True 65.715s
[4/20] tt_sp_135000000367_p94 ok delta=-3.094 crn=True 66.536s
[5/20] tt_sp_135000000376_p100 ok delta=+0.406 crn=True 69.26s
[6/20] tt_sp_135000000380_p102 ok delta=-0.125 crn=True 76.259s
[7/20] tt_sp_135000000364_p83 ok delta=-0.375 crn=True 94.126s
[8/20] tt_sp_135000000432_p86 ok delta=+3.625 crn=True 95.811s
[9/20] tt_sp_135000000352_p74 ok delta=-2.438 crn=True 104.13s
[10/20] tt_sp_135000000432_p64 ok delta=+3.469 crn=True 113.791s
[11/20] tt_sp_135000000413_p60 ok delta=+1.844 crn=True 120.21s
[12/20] tt_sp_135000000352_p46 ok delta=-0.219 crn=True 128.514s
[13/20] tt_sp_135000000434_p30 ok delta=+4.625 crn=True 136.48s
[14/20] tt_sp_135000000376_p24 ok delta=+0.812 crn=True 136.574s
[15/20] tt_sp_135000000457_p36 ok delta=+3.438 crn=True 141.095s
[16/20] tt_sp_135000000441_p20 ok delta=-1.531 crn=True 143.871s
[17/20] tt_sp_135000000440_p12 ok delta=-1.188 crn=True 144.243s
[18/20] tt_sp_135000000439_p14 ok delta=-0.688 crn=True 145.829s
[19/20] tt_sp_135000000371_p2 ok delta=+0.906 crn=True 147.515s
[20/20] tt_sp_135000000403_p4 ok delta=-0.281 crn=True 151.855s

=== ORACLE-SCORE PILOT SUMMARY ===
{
  "n_positions": 20,
  "m_worlds": 32,
  "sd_delta_positions": 2.137008927123437,
  "mean_delta_pts": 0.340625,
  "se_mean_delta": 0.47784972295718986,
  "z_pilot_observed": 0.7128287066737847,
  "mean_within_position_var": 165.92762096774192,
  "var_between_positions_est": 0.0,
  "sd_delta_projected_by_m": {
    "8": 4.55422360243409,
    "16": 3.220322392320972,
    "32": 2.277111801217045,
    "64": 1.610161196160486
  },
  "median_crn_var_reduction": 1.3721511998061828,
  "n_positions_perfect_pairing": 2,
  "n_positions_identical_afterstates": 0,
  "assumed_effect_pts": 0.07,
  "implied_z_full_run": {
    "N=265_at_M=32": 0.5332300802602867,
    "N=20_at_M=32": 0.13747656864395305,
    "N=20_at_M=8": 0.06873828432197653,
    "N=20_at_M=16": 0.09721061394239708,
    "N=20_at_M=64": 0.19442122788479416
  },
  "memo_power_fork": {
    "note": "memo \u00a74.2: sd ~0.5 pts => z ~2.2 (fund the full run); sd ~1.5 pts => z ~0.75 (do not). Read sd_delta_positions against this.",
    "z_if_sd_0.5": 2.279034883453959,
    "z_if_sd_1.5": 0.7596782944846531
  },
  "caveat": "The pilot's own mean_delta is a 20-position SCREEN, NOT a verdict on whether budget improves the move. The deliverable is the sd.",
  "schema": "carcassonne-oracle-score-pilot/v1",
  "oracle_policy": "clair-puct",
  "n_attempted": 20,
  "n_failed": 0,
  "crn_verified_all": true,
  "population_disagreements": 20,
  "wall_secs": 152.1,
  "manifest": "/mnt/c/carc-shared/tiearb_widening_20260817/c_remeasure_r4/smoke/clair-puct/walled/leg2/manifest.json"
}
