INSTRUMENTATION_STATUS: class=com.jishal.carcassonne.RustPortDeviceTest
INSTRUMENTATION_STATUS: current=1
INSTRUMENTATION_STATUS: id=AndroidJUnitRunner
INSTRUMENTATION_STATUS: numtests=6
INSTRUMENTATION_STATUS: stream=
com.jishal.carcassonne.RustPortDeviceTest:
INSTRUMENTATION_STATUS: test=t00_environment
INSTRUMENTATION_STATUS_CODE: 1
INSTRUMENTATION_STATUS: class=com.jishal.carcassonne.RustPortDeviceTest
INSTRUMENTATION_STATUS: current=1
INSTRUMENTATION_STATUS: id=AndroidJUnitRunner
INSTRUMENTATION_STATUS: numtests=6
INSTRUMENTATION_STATUS: stream=.
INSTRUMENTATION_STATUS: test=t00_environment
INSTRUMENTATION_STATUS_CODE: 0
INSTRUMENTATION_STATUS: class=com.jishal.carcassonne.RustPortDeviceTest
INSTRUMENTATION_STATUS: current=2
INSTRUMENTATION_STATUS: id=AndroidJUnitRunner
INSTRUMENTATION_STATUS: numtests=6
INSTRUMENTATION_STATUS: stream=
INSTRUMENTATION_STATUS: test=t10_libmFlavor
INSTRUMENTATION_STATUS_CODE: 1
INSTRUMENTATION_STATUS: class=com.jishal.carcassonne.RustPortDeviceTest
INSTRUMENTATION_STATUS: current=2
INSTRUMENTATION_STATUS: id=AndroidJUnitRunner
INSTRUMENTATION_STATUS: numtests=6
INSTRUMENTATION_STATUS: stream=.
INSTRUMENTATION_STATUS: test=t10_libmFlavor
INSTRUMENTATION_STATUS_CODE: 0
INSTRUMENTATION_STATUS: class=com.jishal.carcassonne.RustPortDeviceTest
INSTRUMENTATION_STATUS: current=3
INSTRUMENTATION_STATUS: id=AndroidJUnitRunner
INSTRUMENTATION_STATUS: numtests=6
INSTRUMENTATION_STATUS: stream=
INSTRUMENTATION_STATUS: test=t20_replayIdentity
INSTRUMENTATION_STATUS_CODE: 1
INSTRUMENTATION_STATUS: class=com.jishal.carcassonne.RustPortDeviceTest
INSTRUMENTATION_STATUS: current=3
INSTRUMENTATION_STATUS: id=AndroidJUnitRunner
INSTRUMENTATION_STATUS: numtests=6
INSTRUMENTATION_STATUS: stream=.
INSTRUMENTATION_STATUS: test=t20_replayIdentity
INSTRUMENTATION_STATUS_CODE: 0
INSTRUMENTATION_STATUS: class=com.jishal.carcassonne.RustPortDeviceTest
INSTRUMENTATION_STATUS: current=4
INSTRUMENTATION_STATUS: id=AndroidJUnitRunner
INSTRUMENTATION_STATUS: numtests=6
INSTRUMENTATION_STATUS: stream=
INSTRUMENTATION_STATUS: test=t30_benchFullBudget
INSTRUMENTATION_STATUS_CODE: 1
INSTRUMENTATION_STATUS: class=com.jishal.carcassonne.RustPortDeviceTest
INSTRUMENTATION_STATUS: current=4
INSTRUMENTATION_STATUS: id=AndroidJUnitRunner
INSTRUMENTATION_STATUS: numtests=6
INSTRUMENTATION_STATUS: stream=.
INSTRUMENTATION_STATUS: test=t30_benchFullBudget
INSTRUMENTATION_STATUS_CODE: 0
INSTRUMENTATION_STATUS: class=com.jishal.carcassonne.RustPortDeviceTest
INSTRUMENTATION_STATUS: current=5
INSTRUMENTATION_STATUS: id=AndroidJUnitRunner
INSTRUMENTATION_STATUS: numtests=6
INSTRUMENTATION_STATUS: stream=
INSTRUMENTATION_STATUS: test=t31_benchMobileBudget
INSTRUMENTATION_STATUS_CODE: 1
INSTRUMENTATION_STATUS: class=com.jishal.carcassonne.RustPortDeviceTest
INSTRUMENTATION_STATUS: current=5
INSTRUMENTATION_STATUS: id=AndroidJUnitRunner
INSTRUMENTATION_STATUS: numtests=6
INSTRUMENTATION_STATUS: stream=.
INSTRUMENTATION_STATUS: test=t31_benchMobileBudget
INSTRUMENTATION_STATUS_CODE: 0
INSTRUMENTATION_STATUS: class=com.jishal.carcassonne.RustPortDeviceTest
INSTRUMENTATION_STATUS: current=6
INSTRUMENTATION_STATUS: id=AndroidJUnitRunner
INSTRUMENTATION_STATUS: numtests=6
INSTRUMENTATION_STATUS: stream=
INSTRUMENTATION_STATUS: test=t40_thermalSoak
INSTRUMENTATION_STATUS_CODE: 1
INSTRUMENTATION_STATUS: class=com.jishal.carcassonne.RustPortDeviceTest
INSTRUMENTATION_STATUS: current=6
INSTRUMENTATION_STATUS: id=AndroidJUnitRunner
INSTRUMENTATION_STATUS: numtests=6
INSTRUMENTATION_STATUS: stream=.
INSTRUMENTATION_STATUS: test=t40_thermalSoak
INSTRUMENTATION_STATUS_CODE: 0
INSTRUMENTATION_RESULT: stream=

Time: 91.596

OK (6 tests)


INSTRUMENTATION_CODE: -1
