[1/2] s28000000224_p38 trunc=0/9275 3.537s
[2/2] s28000000120_p55 trunc=0/10527 4.743s
{
  "schema": "carcassonne-window-truncation-census/v1-summary",
  "n_rows": 2,
  "n_ok": 2,
  "n_skipped_forced": 0,
  "n_skipped_solver_region": 0,
  "n_censused_roots": 2,
  "roots_with_root_truncation": 0,
  "root_truncation_rate": 0.0,
  "nodes_censused": 19802,
  "nodes_truncated": 0,
  "node_truncation_rate": 0.0,
  "nodes_empty_mask": 0,
  "empty_mask_rate": 0.0,
  "visits_total": 95790,
  "visits_through_truncated": 0,
  "visit_weighted_truncation_rate": 0.0,
  "roots_with_any_search_truncation": 0,
  "root_incidence_rate": 0.0,
  "dropped_hist": {
    "0": 19802
  },
  "by_depth": {
    "1": [
      56,
      0,
      0
    ],
    "2": [
      570,
      0,
      0
    ],
    "3": [
      1876,
      0,
      0
    ],
    "4": [
      11327,
      0,
      0
    ],
    "5": [
      3694,
      0,
      0
    ],
    "6": [
      890,
      0,
      0
    ],
    "7": [
      705,
      0,
      0
    ],
    "8": [
      669,
      0,
      0
    ],
    "9": [
      15,
      0,
      0
    ]
  },
  "by_node_phase": {
    "meeples": [
      13456,
      0,
      0
    ],
    "tiles": [
      6346,
      0,
      0
    ]
  },
  "by_k_bucket": {
    "early": [
      9275,
      0,
      0
    ],
    "mid": [
      10527,
      0,
      0
    ]
  },
  "n_pick_comparable": 2,
  "n_pick_changed": 0,
  "pick_change_rate": 0.0,
  "iso_control_n": 2,
  "iso_control_violations": 0,
  "digest_gate_fail": 0,
  "encode_collisions": 0,
  "world_errors": 0,
  "n_error_rows": 0,
  "secs_total": 8.3,
  "secs_per_root": 4.14,
  "wall_secs": 8.3,
  "workers": 1,
  "n_rows_resumed": 0,
  "n_rows_new": 2
}
