2026-08-13 21:56:35 local: chain alive, no action
2026-08-13 21:56:35 laptop: CHAIN_STARTED_laptop absent - ARMED but will not cold-start
2026-08-13 21:57:01 local: chain alive, no action
2026-08-13 21:57:01 laptop: chain alive (1 proc) - no action
2026-08-13 22:00:02 local: chain alive, no action
2026-08-13 22:00:03 laptop: chain alive (1 proc) - no action
2026-08-13 22:10:02 local: DONE_CENSUS present - complete, standing down (this is NOT an announcement)
2026-08-13 22:10:02 laptop: chain alive (1 proc) - no action
2026-08-13 22:20:01 local: DONE_CENSUS present - complete, standing down (this is NOT an announcement)
2026-08-13 22:20:01 laptop: published DONE_CENSUS present - complete, standing down
2026-08-13 22:30:02 local: DONE_CENSUS present - complete, standing down (this is NOT an announcement)
2026-08-13 22:30:02 laptop: published DONE_CENSUS present - complete, standing down
2026-08-13 22:40:03 local: DONE_CENSUS present - complete, standing down (this is NOT an announcement)
2026-08-13 22:40:03 laptop: published DONE_CENSUS present - complete, standing down
2026-08-13 22:50:02 local: DONE_CENSUS present - complete, standing down (this is NOT an announcement)
2026-08-13 22:50:02 laptop: published DONE_CENSUS present - complete, standing down
2026-08-13 23:00:02 local: DONE_CENSUS present - complete, standing down (this is NOT an announcement)
2026-08-13 23:00:02 laptop: published DONE_CENSUS present - complete, standing down
2026-08-13 23:10:02 local: DONE_CENSUS present - complete, standing down (this is NOT an announcement)
2026-08-13 23:10:02 laptop: published DONE_CENSUS present - complete, standing down
2026-08-13 23:20:01 local: DONE_CENSUS present - complete, standing down (this is NOT an announcement)
2026-08-13 23:20:01 laptop: published DONE_CENSUS present - complete, standing down
2026-08-13 23:30:01 local: DONE_CENSUS present - complete, standing down (this is NOT an announcement)
2026-08-13 23:30:01 laptop: published DONE_CENSUS present - complete, standing down
2026-08-13 23:40:01 local: DONE_CENSUS present - complete, standing down (this is NOT an announcement)
2026-08-13 23:40:01 laptop: published DONE_CENSUS present - complete, standing down
2026-08-13 23:50:01 local: DONE_CENSUS present - complete, standing down (this is NOT an announcement)
2026-08-13 23:50:01 laptop: published DONE_CENSUS present - complete, standing down
2026-08-14 00:00:01 local: DONE_CENSUS present - complete, standing down (this is NOT an announcement)
2026-08-14 00:00:01 laptop: published DONE_CENSUS present - complete, standing down
2026-08-14 00:10:01 local: DONE_CENSUS present - complete, standing down (this is NOT an announcement)
2026-08-14 00:10:01 laptop: published DONE_CENSUS present - complete, standing down
2026-08-14 00:20:01 local: DONE_CENSUS present - complete, standing down (this is NOT an announcement)
2026-08-14 00:20:01 laptop: published DONE_CENSUS present - complete, standing down
2026-08-14 00:30:01 local: DONE_CENSUS present - complete, standing down (this is NOT an announcement)
2026-08-14 00:30:01 laptop: published DONE_CENSUS present - complete, standing down
2026-08-14 00:40:01 local: DONE_CENSUS present - complete, standing down (this is NOT an announcement)
2026-08-14 00:40:01 laptop: published DONE_CENSUS present - complete, standing down
2026-08-14 00:50:01 local: DONE_CENSUS present - complete, standing down (this is NOT an announcement)
2026-08-14 00:50:01 laptop: published DONE_CENSUS present - complete, standing down
2026-08-14 01:00:01 local: DONE_CENSUS present - complete, standing down (this is NOT an announcement)
2026-08-14 01:00:01 laptop: published DONE_CENSUS present - complete, standing down
2026-08-14 01:10:01 local: DONE_CENSUS present - complete, standing down (this is NOT an announcement)
2026-08-14 01:10:01 laptop: published DONE_CENSUS present - complete, standing down
2026-08-14 01:20:01 local: DONE_CENSUS present - complete, standing down (this is NOT an announcement)
2026-08-14 01:20:01 laptop: published DONE_CENSUS present - complete, standing down
2026-08-14 01:30:01 local: DONE_CENSUS present - complete, standing down (this is NOT an announcement)
2026-08-14 01:30:01 laptop: published DONE_CENSUS present - complete, standing down
2026-08-14 01:40:01 local: DONE_CENSUS present - complete, standing down (this is NOT an announcement)
2026-08-14 01:40:01 laptop: published DONE_CENSUS present - complete, standing down
