=== ARM: none 14:36:03 ===
[drop-tempo] zeroed 10 tempo scalars (arm excludes tempo)
[split] train/val/test groups = 7033/1490/1544
[leaf-alone TEST] overall regret=0.0263 top1=0.477 (n=1544)
  [V4_listwise       ] net-alone tau=+0.010 top1=0.057 | combined a*=0.0 regret 0.0263->0.0263 (+0.0%) beats_leaf=False
==== STEP-1 GATE (mode=both) ====
leaf-alone TEST regret=0.0263  best net-alone tau=+0.010
=== ARM: both 14:51:00 ===
[drop-tempo] zeroed 10 tempo scalars (arm excludes tempo)
[split] train/val/test groups = 7033/1490/1544
[leaf-alone TEST] overall regret=0.0263 top1=0.477 (n=1544)
  [V4_listwise       ] net-alone tau=+0.001 top1=0.044 | combined a*=0.0 regret 0.0263->0.0263 (+0.0%) beats_leaf=False
==== STEP-1 GATE (mode=both) ====
leaf-alone TEST regret=0.0263  best net-alone tau=+0.001
=== ARM: tempo_only 15:06:05 ===
[split] train/val/test groups = 7033/1490/1544
[leaf-alone TEST] overall regret=0.0263 top1=0.477 (n=1544)
  [V4_listwise       ] net-alone tau=+0.223 top1=0.357 | combined a*=0.25 regret 0.0263->0.0146 (+44.7%) beats_leaf=True
==== STEP-1 GATE (mode=both) ====
leaf-alone TEST regret=0.0263  best net-alone tau=+0.223
-> measurement/probe_5a/arms/tempo_only/stage5_offline_gate.json
=== ARM: all_three 16:19:27 ===
[tempo] appended 10 tempo scalars -> n_scalar=54: ['lockup_self', 'lockup_opp', 'lockup_diff', 'lockup_depth_self', 'lockup_depth_opp', 'lockup_depth_diff', 'open_city_delta_self', 'open_city_delta_opp', 'contested_open_count', 'closure_race_diff']
[split] train/val/test groups = 7033/1490/1544
[leaf-alone TEST] overall regret=0.0263 top1=0.477 (n=1544)
  [V4_listwise       ] net-alone tau=+0.120 top1=0.242 | combined a*=0.25 regret 0.0263->0.0217 (+17.5%) beats_leaf=True
==== STEP-1 GATE (mode=both) ====
leaf-alone TEST regret=0.0263  best net-alone tau=+0.120
=== all 4 arms done -> measurement/probe_5a/arms ; read with verdict_5a.py ===
