[backend] engine=rust (from --backend rust) rust_threads=1 workers=22 [FARM: threads=1 per worker]
fair-puct[fair_fair_c1.5_tau5_float_kd4_s1032_vs_h800_k2]: info=fair n=400 paired=True K=2 k_dets=4 sims=1032 | 0 cached, 400 to play, 22 workers, out=/mnt/c/carc-shared/track_d2_prep/d2_rung800
  10/400 played (8.4s/game, ~54 min left)
  20/400 played (5.4s/game, ~34 min left)
  30/400 played (5.6s/game, ~35 min left)
  40/400 played (4.9s/game, ~30 min left)
  50/400 played (5.0s/game, ~29 min left)
  60/400 played (4.7s/game, ~26 min left)
  70/400 played (4.6s/game, ~26 min left)
  80/400 played (4.5s/game, ~24 min left)
  90/400 played (4.4s/game, ~23 min left)
  100/400 played (4.5s/game, ~22 min left)
  110/400 played (4.3s/game, ~21 min left)
  120/400 played (4.4s/game, ~20 min left)
  130/400 played (4.3s/game, ~19 min left)
  140/400 played (4.4s/game, ~19 min left)
  150/400 played (4.3s/game, ~18 min left)
  160/400 played (4.3s/game, ~17 min left)
  170/400 played (4.2s/game, ~16 min left)
  180/400 played (4.3s/game, ~16 min left)
  190/400 played (4.2s/game, ~15 min left)
  200/400 played (4.3s/game, ~14 min left)
  210/400 played (4.2s/game, ~13 min left)
  220/400 played (4.2s/game, ~13 min left)
  230/400 played (4.2s/game, ~12 min left)
  240/400 played (4.2s/game, ~11 min left)
  250/400 played (4.2s/game, ~10 min left)
  260/400 played (4.2s/game, ~10 min left)
  270/400 played (4.1s/game, ~9 min left)
  280/400 played (4.1s/game, ~8 min left)
  290/400 played (4.1s/game, ~8 min left)
  300/400 played (4.1s/game, ~7 min left)
  310/400 played (4.1s/game, ~6 min left)
  320/400 played (4.1s/game, ~6 min left)
  330/400 played (4.1s/game, ~5 min left)
  340/400 played (4.1s/game, ~4 min left)
  350/400 played (4.1s/game, ~3 min left)
  360/400 played (4.1s/game, ~3 min left)
  370/400 played (4.1s/game, ~2 min left)
  380/400 played (4.1s/game, ~1 min left)
  390/400 played (4.1s/game, ~1 min left)
  400/400 played (4.1s/game, ~0 min left)

=== FAIR-PUCT[fair] (K=2, k_dets=4, sims=1032, total~4128) vs HeuristicMCTS(h800) ===
games: 400   candidate: 242W / 8D / 150L   winrate 0.615 (z=+4.60)
avg score diff (candidate - opponent): +6.95
ELO: +81.4  (+/- 17.9 1sigma)
PAIRED: 200 decks   mean seat-balanced margin +6.95   z = +7.62
prefix ms/move: candidate 609  opponent 624  (ratio 0.97x)
fair endgame: candidate latched 400/400 games, 1.11s solver/game, timeouts=0
[summary.json] wrote /mnt/c/carc-shared/track_d2_prep/d2_rung800/summary.json
