[jrules_e4] 26 archives, 0 already done, 26 to grade; workers=8 arms=['d0p5:0.5:31', 'd1p0:1:31', 'd2p0:2:31']
  [1786501074_943197] ply 15/142 graded=8 13s
  [1786367787_389099] ply 15/142 graded=8 14s
  [1786503336_446661] ply 15/142 graded=8 14s
  [1786418867_411846845] ply 15/142 graded=8 14s
  [1786417055_68387] ply 15/142 graded=8 14s
  [1786511848_634689] ply 15/142 graded=8 15s
  [1786454767_166575] ply 15/142 graded=8 15s
  [1786403231_207028] ply 18/142 graded=8 16s
  [1786367787_389099] ply 31/142 graded=16 34s
  [1786418867_411846845] ply 31/142 graded=16 36s
  [1786503336_446661] ply 31/142 graded=16 37s
  [1786511848_634689] ply 31/142 graded=16 38s
  [1786454767_166575] ply 31/142 graded=16 38s
  [1786501074_943197] ply 31/142 graded=16 39s
  [1786417055_68387] ply 31/142 graded=16 39s
  [1786403231_207028] ply 34/142 graded=16 44s
  [1786367787_389099] ply 50/142 graded=24 64s
  [1786418867_411846845] ply 47/142 graded=24 67s
  [1786511848_634689] ply 47/142 graded=24 69s
  [1786417055_68387] ply 51/142 graded=24 71s
  [1786501074_943197] ply 47/142 graded=24 72s
  [1786454767_166575] ply 54/142 graded=24 72s
  [1786503336_446661] ply 47/142 graded=24 73s
  [1786403231_207028] ply 50/142 graded=24 79s
  [1786367787_389099] ply 66/142 graded=32 105s
  [1786418867_411846845] ply 63/142 graded=32 107s
  [1786511848_634689] ply 66/142 graded=32 110s
  [1786501074_943197] ply 63/142 graded=32 115s
  [1786454767_166575] ply 78/142 graded=32 116s
  [1786417055_68387] ply 67/142 graded=32 116s
  [1786403231_207028] ply 66/142 graded=32 117s
  [1786503336_446661] ply 63/142 graded=32 124s
  [1786511848_634689] ply 95/142 graded=40 152s
  [1786418867_411846845] ply 79/142 graded=40 153s
  [1786501074_943197] ply 79/142 graded=40 159s
  [1786367787_389099] ply 83/142 graded=40 164s
  [1786403231_207028] ply 86/142 graded=40 165s
  [1786417055_68387] ply 86/142 graded=40 174s
  [1786454767_166575] ply 94/142 graded=40 179s
  [1786503336_446661] ply 79/142 graded=40 188s
  [1786418867_411846845] ply 95/142 graded=48 207s
  [1786511848_634689] ply 118/142 graded=48 209s
  [1786501074_943197] ply 95/142 graded=48 213s
  [1786417055_68387] ply 102/142 graded=48 237s
  [1786403231_207028] ply 102/142 graded=48 238s
  [1786367787_389099] ply 99/142 graded=48 243s
  [1786454767_166575] ply 110/142 graded=48 247s
  [1786418867_411846845] ply 126/142 graded=56 260s
  [1786503336_446661] ply 95/142 graded=48 265s
  [1786501074_943197] ply 114/142 graded=56 286s
  [1786511848_634689] ply 134/142 graded=56 292s
[jrules_e4] 1786511848_634689: profile=fixed_v1 graded=56 flips={'d0p5': 17, 'd1p0': 24, 'd2p0': 28} agree_archive=39/56 mean_secs_per_graded_ply=5.215 (292.1s)
  [1786337185_638286] ply 15/142 graded=8 12s
  [1786417055_68387] ply 118/142 graded=56 307s
  [1786403231_207028] ply 122/142 graded=56 307s
[jrules_e4] 1786418867_411846845: profile=fixed_v1 graded=60 flips={'d0p5': 17, 'd1p0': 26, 'd2p0': 29} agree_archive=42/60 mean_secs_per_graded_ply=5.198 (312.0s)
  [1786367787_389099] ply 126/142 graded=56 315s
  [1786454767_166575] ply 134/142 graded=56 320s
[jrules_e4] 1786454767_166575: profile=fixed_v1 graded=56 flips={'d0p5': 16, 'd1p0': 17, 'd2p0': 25} agree_archive=42/56 mean_secs_per_graded_ply=5.71 (319.8s)
  [1786329790_523563] ply 15/142 graded=8 14s
[jrules_e4] 1786403231_207028: profile=fixed_v1 graded=59 flips={'d0p5': 15, 'd1p0': 18, 'd2p0': 26} agree_archive=45/59 mean_secs_per_graded_ply=5.574 (328.9s)
  [1786337185_638286] ply 31/142 graded=16 37s
[jrules_e4] 1786367787_389099: profile=fixed_v1 graded=58 flips={'d0p5': 21, 'd1p0': 28, 'd2p0': 28} agree_archive=43/58 mean_secs_per_graded_ply=5.701 (330.7s)
  [1786325073_523563] ply 15/142 graded=8 14s
  [1786503336_446661] ply 118/142 graded=56 335s
  [1786243458_1382293676] ply 15/142 graded=8 14s
  [1786242001_49628] ply 15/142 graded=8 15s
  [1786329790_523563] ply 31/142 graded=16 37s
[jrules_e4] 1786501074_943197: profile=fixed_v1 graded=63 flips={'d0p5': 23, 'd1p0': 30, 'd2p0': 32} agree_archive=41/63 mean_secs_per_graded_ply=5.59 (352.2s)
  [1786325073_523563] ply 31/142 graded=16 38s
  [1786337185_638286] ply 47/142 graded=24 73s
  [1786142936_703591] ply 15/142 graded=8 13s
[jrules_e4] 1786503336_446661: profile=fixed_v1 graded=60 flips={'d0p5': 25, 'd1p0': 25, 'd2p0': 30} agree_archive=42/60 mean_secs_per_graded_ply=6.137 (368.3s)
  [1786243458_1382293676] ply 31/142 graded=16 41s
  [1786242001_49628] ply 31/142 graded=16 40s
  [1786329790_523563] ply 50/142 graded=24 66s
  [1786118143_1621601234] ply 16/141 graded=8 15s
  [1786142936_703591] ply 31/142 graded=16 37s
  [1786325073_523563] ply 50/142 graded=24 73s
  [1786417055_68387] ply 134/142 graded=64 394s
  [1786242001_49628] ply 47/142 graded=24 68s
[jrules_e4] 1786417055_68387: profile=fixed_v1 graded=65 flips={'d0p5': 17, 'd1p0': 24, 'd2p0': 26} agree_archive=50/65 mean_secs_per_graded_ply=6.214 (404.0s)
  [1786118143_1621601234] ply 32/141 graded=16 38s
  [1786243458_1382293676] ply 47/142 graded=24 78s
  [1786337185_638286] ply 66/142 graded=32 120s
  [1786116818_134510] ply 18/142 graded=8 14s
  [1786142936_703591] ply 47/142 graded=24 68s
  [1786329790_523563] ply 66/142 graded=32 110s
  [1786242001_49628] ply 66/142 graded=32 104s
  [1786118143_1621601234] ply 48/141 graded=24 72s
  [1786116818_134510] ply 34/142 graded=16 39s
  [1786325073_523563] ply 67/142 graded=32 126s
  [1786243458_1382293676] ply 63/142 graded=32 125s
  [1786142936_703591] ply 63/142 graded=32 108s
  [1786337185_638286] ply 83/142 graded=40 171s
  [1786116818_134510] ply 50/142 graded=24 71s
  [1786329790_523563] ply 82/142 graded=40 164s
  [1786118143_1621601234] ply 64/141 graded=32 115s
  [1786242001_49628] ply 82/142 graded=40 162s
  [1786243458_1382293676] ply 79/142 graded=40 173s
  [1786337185_638286] ply 110/142 graded=48 218s
  [1786142936_703591] ply 90/142 graded=40 160s
  [1786116818_134510] ply 66/142 graded=32 109s
  [1786325073_523563] ply 83/142 graded=40 194s
  [1786118143_1621601234] ply 95/141 graded=40 166s
  [1786329790_523563] ply 98/142 graded=48 225s
  [1786242001_49628] ply 98/142 graded=48 208s
  [1786337185_638286] ply 134/142 graded=56 269s
[jrules_e4] 1786337185_638286: profile=fixed_v1 graded=56 flips={'d0p5': 16, 'd1p0': 20, 'd2p0': 25} agree_archive=40/56 mean_secs_per_graded_ply=4.795 (268.6s)
  [1786116818_134510] ply 82/142 graded=40 158s
  [1786243458_1382293676] ply 98/142 graded=48 233s
  [1786142936_703591] ply 115/142 graded=48 223s
  [1786113542_627623] ply 15/141 graded=8 16s
  [1786329790_523563] ply 130/142 graded=56 267s
[jrules_e4] 1786329790_523563: profile=fixed_v1 graded=57 flips={'d0p5': 22, 'd1p0': 22, 'd2p0': 28} agree_archive=40/57 mean_secs_per_graded_ply=4.752 (271.0s)
  [1786325073_523563] ply 99/142 graded=48 271s
  [1786076853_2116173857] ply 15/142 graded=8 14s
  [1786242001_49628] ply 123/142 graded=56 270s
  [1786113542_627623] ply 31/141 graded=16 39s
  [1786118143_1621601234] ply 116/141 graded=48 233s
  [1786116818_134510] ply 99/142 graded=48 210s
  [1786076853_2116173857] ply 31/142 graded=16 36s
  [1786243458_1382293676] ply 114/142 graded=56 304s
  [1786142936_703591] ply 131/142 graded=56 281s
  [1786113542_627623] ply 47/141 graded=24 73s
[jrules_e4] 1786142936_703591: profile=fixed_v1 graded=57 flips={'d0p5': 23, 'd1p0': 29, 'd2p0': 33} agree_archive=43/57 mean_secs_per_graded_ply=5.036 (287.1s)
[jrules_e4] 1786242001_49628: profile=fixed_v1 graded=62 flips={'d0p5': 21, 'd1p0': 29, 'd2p0': 30} agree_archive=45/62 mean_secs_per_graded_ply=5.153 (319.6s)
  [1786076853_2116173857] ply 51/142 graded=24 69s
  [1786074812_935815] ply 15/142 graded=8 13s
  [1786045035_338139] ply 15/142 graded=8 15s
  [1786074812_935815] ply 31/142 graded=16 36s
  [1786113542_627623] ply 64/141 graded=32 118s
  [1786325073_523563] ply 115/142 graded=56 359s
[jrules_e4] 1786243458_1382293676: profile=fixed_v1 graded=63 flips={'d0p5': 25, 'd1p0': 28, 'd2p0': 33} agree_archive=45/63 mean_secs_per_graded_ply=5.677 (357.7s)
  [1786118143_1621601234] ply 132/141 graded=56 321s
[jrules_e4] 1786118143_1621601234: profile=fixed_v1 graded=56 flips={'d0p5': 14, 'd1p0': 20, 'd2p0': 21} agree_archive=35/56 mean_secs_per_graded_ply=5.732 (321.1s)
  [1786045035_338139] ply 31/142 graded=16 39s
  [1786076853_2116173857] ply 67/142 graded=32 110s
  [1786116818_134510] ply 118/142 graded=56 289s
  [1785986044_1911511187] ply 15/142 graded=8 14s
  [1785984310_1698417952] ply 18/142 graded=8 15s
  [1786074812_935815] ply 47/142 graded=24 73s
  [1786045035_338139] ply 47/142 graded=24 71s
  [1785986044_1911511187] ply 34/142 graded=16 36s
  [1785984310_1698417952] ply 34/142 graded=16 40s
  [1786113542_627623] ply 80/141 graded=40 169s
[jrules_e4] 1786325073_523563: profile=fixed_v1 graded=63 flips={'d0p5': 17, 'd1p0': 26, 'd2p0': 32} agree_archive=49/63 mean_secs_per_graded_ply=6.709 (422.7s)
  [1786076853_2116173857] ply 83/142 graded=40 161s
  [1786116818_134510] ply 134/142 graded=64 341s
  [1785986044_1911511187] ply 50/142 graded=24 60s
[jrules_e4] 1786116818_134510: profile=fixed_v1 graded=65 flips={'d0p5': 21, 'd1p0': 29, 'd2p0': 30} agree_archive=48/65 mean_secs_per_graded_ply=5.367 (349.0s)
  [1785982194_705585] ply 15/142 graded=8 14s
  [1786074812_935815] ply 63/142 graded=32 122s
  [1786045035_338139] ply 63/142 graded=32 112s
  [1785984310_1698417952] ply 50/142 graded=24 73s
  [1785975832_66810] ply 15/142 graded=8 14s
  [1785982194_705585] ply 34/142 graded=16 36s
  [1786113542_627623] ply 96/141 graded=48 226s
  [1785986044_1911511187] ply 66/142 graded=32 100s
  [1785975832_66810] ply 31/142 graded=16 36s
  [1785984310_1698417952] ply 66/142 graded=32 112s
  [1786076853_2116173857] ply 102/142 graded=48 222s
  [1786074812_935815] ply 94/142 graded=40 171s
  [1785982194_705585] ply 50/142 graded=24 70s
  [1786045035_338139] ply 79/142 graded=40 162s
  [1785975832_66810] ply 50/142 graded=24 72s
  [1785986044_1911511187] ply 82/142 graded=40 148s
  [1786113542_627623] ply 115/141 graded=56 281s
  [1785984310_1698417952] ply 83/142 graded=40 164s
  [1785982194_705585] ply 66/142 graded=32 112s
  [1786074812_935815] ply 114/142 graded=48 227s
  [1786076853_2116173857] ply 126/142 graded=56 286s
  [1785975832_66810] ply 66/142 graded=32 117s
  [1786045035_338139] ply 103/142 graded=48 227s
[jrules_e4] 1786076853_2116173857: profile=fixed_v1 graded=58 flips={'d0p5': 18, 'd1p0': 19, 'd2p0': 23} agree_archive=46/58 mean_secs_per_graded_ply=5.113 (296.6s)
  [1785466497_161583] ply 15/144 graded=8 3s
  [1785466497_161583] ply 38/144 graded=16 9s
  [1785466497_161583] ply 54/144 graded=24 16s
  [1785986044_1911511187] ply 98/142 graded=48 212s
  [1785982194_705585] ply 90/142 graded=40 163s
  [1785466497_161583] ply 70/144 graded=32 27s
  [1785984310_1698417952] ply 99/142 graded=48 218s
  [1785466497_161583] ply 90/144 graded=40 39s
  [1785975832_66810] ply 82/142 graded=40 168s
[jrules_e4] 1786113542_627623: profile=fixed_v1 graded=63 flips={'d0p5': 17, 'd1p0': 19, 'd2p0': 27} agree_archive=52/63 mean_secs_per_graded_ply=5.813 (366.3s)
[jrules_e4] 1786074812_935815: profile=fixed_v1 graded=55 flips={'d0p5': 13, 'd1p0': 17, 'd2p0': 25} agree_archive=46/55 mean_secs_per_graded_ply=5.245 (288.6s)
  [1785205383_867966] ply 15/144 graded=8 3s
  [1785466497_161583] ply 107/144 graded=48 52s
  [1786045035_338139] ply 134/142 graded=56 285s
[jrules_e4] 1786045035_338139: profile=fixed_v1 graded=56 flips={'d0p5': 17, 'd1p0': 25, 'd2p0': 27} agree_archive=35/56 mean_secs_per_graded_ply=5.083 (284.7s)
  [1785205383_867966] ply 31/144 graded=16 8s
  [1785205383_867966] ply 47/144 graded=24 14s
  [1785466497_161583] ply 123/144 graded=56 62s
  [1785205383_867966] ply 63/144 graded=32 22s
[jrules_e4] 1785466497_161583: profile=walled graded=62 flips={'d0p5': 16, 'd1p0': 19, 'd2p0': 23} agree_archive=45/62 mean_secs_per_graded_ply=1.133 (70.3s)
  [1785205383_867966] ply 79/144 graded=40 32s
  [1785982194_705585] ply 118/142 graded=48 218s
  [1785205383_867966] ply 95/144 graded=48 42s
  [1785986044_1911511187] ply 114/142 graded=56 284s
  [1785984310_1698417952] ply 115/142 graded=56 283s
  [1785975832_66810] ply 98/142 graded=48 225s
  [1785205383_867966] ply 114/144 graded=56 52s
[jrules_e4] 1785982194_705585: profile=fixed_v1 graded=53 flips={'d0p5': 14, 'd1p0': 26, 'd2p0': 26} agree_archive=36/53 mean_secs_per_graded_ply=4.808 (254.9s)
  [1785205383_867966] ply 135/144 graded=64 71s
[jrules_e4] 1785205383_867966: profile=walled graded=64 flips={'d0p5': 15, 'd1p0': 17, 'd2p0': 24} agree_archive=47/64 mean_secs_per_graded_ply=1.107 (70.9s)
  [1785986044_1911511187] ply 134/142 graded=64 338s
[jrules_e4] 1785986044_1911511187: profile=fixed_v1 graded=64 flips={'d0p5': 19, 'd1p0': 23, 'd2p0': 31} agree_archive=46/64 mean_secs_per_graded_ply=5.275 (337.7s)
[jrules_e4] 1785984310_1698417952: profile=fixed_v1 graded=63 flips={'d0p5': 18, 'd1p0': 24, 'd2p0': 29} agree_archive=52/63 mean_secs_per_graded_ply=5.381 (339.1s)
  [1785975832_66810] ply 123/142 graded=56 284s
[jrules_e4] 1785975832_66810: profile=app_aug2 graded=62 flips={'d0p5': 17, 'd1p0': 21, 'd2p0': 32} agree_archive=39/62 mean_secs_per_graded_ply=5.35 (331.8s)
[jrules_e4]     d0p5: flips   474/1556  =  30.46% [28.23%, 32.80%]  tiles/meeples 319/155
[jrules_e4]     d1p0: flips   605/1556  =  38.88% [36.49%, 41.33%]  tiles/meeples 413/192
[jrules_e4]     d2p0: flips   723/1556  =  46.47% [44.00%, 48.95%]  tiles/meeples 515/208
[jrules_e4] rollup: 26 games, 1556 graded plies, profiles={'walled': 2, 'app_aug2': 1, 'fixed_v1': 23}, masks=[31], all_replay_scores_match=True -> measurement/jrules_on_search_20260813/calib/SUMMARY.json
[jrules_e4] NOTE: a flip is not an improvement, and per DESIGN §7/CL-080 a BIGGER flip rate is a bigger risk, not a bigger prize. No elo, no band, no governance write — read against CALIB_READ_RULE §3, nothing else.
