[jf_e4] 31 archives, 0 already done, 31 to grade; workers=6 arms=['j10:2:1', 'j3:8:1', 'current:11:1', 'all:15:1']
  [1786590116_64346] ply 15/142 graded=8 3s
  [1786680851_216289] ply 15/142 graded=8 3s
  [1786684476_1793735743] ply 15/142 graded=8 3s
  [1786591802_1104719504] ply 18/142 graded=8 3s
  [1786511848_634689] ply 15/142 graded=8 4s
  [1786719876_241820] ply 15/142 graded=8 4s
  [1786684476_1793735743] ply 34/142 graded=16 8s
  [1786680851_216289] ply 31/142 graded=16 9s
  [1786590116_64346] ply 31/142 graded=16 9s
  [1786511848_634689] ply 31/142 graded=16 9s
  [1786719876_241820] ply 31/142 graded=16 9s
  [1786591802_1104719504] ply 35/142 graded=16 10s
  [1786684476_1793735743] ply 51/142 graded=24 16s
  [1786680851_216289] ply 47/142 graded=24 17s
  [1786590116_64346] ply 50/142 graded=24 17s
  [1786511848_634689] ply 47/142 graded=24 18s
  [1786719876_241820] ply 47/142 graded=24 18s
  [1786591802_1104719504] ply 51/142 graded=24 20s
  [1786684476_1793735743] ply 67/142 graded=32 27s
  [1786719876_241820] ply 63/142 graded=32 28s
  [1786590116_64346] ply 66/142 graded=32 28s
  [1786680851_216289] ply 70/142 graded=32 28s
  [1786511848_634689] ply 66/142 graded=32 28s
  [1786591802_1104719504] ply 67/142 graded=32 33s
  [1786511848_634689] ply 95/142 graded=40 38s
  [1786719876_241820] ply 79/142 graded=40 39s
  [1786684476_1793735743] ply 83/142 graded=40 41s
  [1786680851_216289] ply 86/142 graded=40 41s
  [1786590116_64346] ply 82/142 graded=40 41s
  [1786591802_1104719504] ply 83/142 graded=40 45s
  [1786511848_634689] ply 118/142 graded=48 51s
  [1786590116_64346] ply 110/142 graded=48 52s
  [1786719876_241820] ply 95/142 graded=48 54s
  [1786680851_216289] ply 102/142 graded=48 55s
  [1786684476_1793735743] ply 99/142 graded=48 56s
  [1786591802_1104719504] ply 102/142 graded=48 59s
[jf_e4] 1786590116_64346: profile=fixed_v1 graded=54 exclusions={'j10': 1, 'j3': 1, 'current': 2, 'all': 2} yields={'j10': 0, 'j3': 0, 'current': 0, 'all': 0} agree_archive=41/54 (59.5s)
  [1786503336_446661] ply 15/142 graded=8 3s
  [1786503336_446661] ply 31/142 graded=16 8s
  [1786680851_216289] ply 126/142 graded=56 69s
  [1786684476_1793735743] ply 127/142 graded=56 70s
  [1786719876_241820] ply 114/142 graded=56 71s
  [1786511848_634689] ply 134/142 graded=56 71s
[jf_e4] 1786511848_634689: profile=fixed_v1 graded=56 exclusions={'j10': 2, 'j3': 3, 'current': 5, 'all': 7} yields={'j10': 0, 'j3': 0, 'current': 0, 'all': 0} agree_archive=39/56 (71.4s)
  [1786591802_1104719504] ply 130/142 graded=56 72s
  [1786501074_943197] ply 15/142 graded=8 3s
  [1786503336_446661] ply 47/142 graded=24 17s
[jf_e4] 1786591802_1104719504: profile=fixed_v1 graded=59 exclusions={'j10': 2, 'j3': 3, 'current': 5, 'all': 5} yields={'j10': 0, 'j3': 0, 'current': 0, 'all': 0} agree_archive=44/59 (78.1s)
[jf_e4] 1786680851_216289: profile=fixed_v1 graded=59 exclusions={'j10': 2, 'j3': 2, 'current': 4, 'all': 5} yields={'j10': 0, 'j3': 0, 'current': 0, 'all': 0} agree_archive=38/59 (79.3s)
[jf_e4] 1786684476_1793735743: profile=fixed_v1 graded=60 exclusions={'j10': 1, 'j3': 1, 'current': 2, 'all': 3} yields={'j10': 0, 'j3': 0, 'current': 0, 'all': 0} agree_archive=38/60 (79.8s)
  [1786501074_943197] ply 31/142 graded=16 10s
  [1786454767_166575] ply 15/142 graded=8 4s
  [1786418867_411846845] ply 15/142 graded=8 4s
  [1786417055_68387] ply 15/142 graded=8 4s
  [1786454767_166575] ply 31/142 graded=16 10s
  [1786418867_411846845] ply 31/142 graded=16 9s
  [1786503336_446661] ply 63/142 graded=32 30s
  [1786501074_943197] ply 47/142 graded=24 18s
  [1786417055_68387] ply 31/142 graded=16 10s
  [1786719876_241820] ply 130/142 graded=64 91s
  [1786418867_411846845] ply 47/142 graded=24 17s
  [1786454767_166575] ply 54/142 graded=24 19s
  [1786417055_68387] ply 51/142 graded=24 18s
[jf_e4] 1786719876_241820: profile=fixed_v1 graded=67 exclusions={'j10': 3, 'j3': 0, 'current': 3, 'all': 4} yields={'j10': 0, 'j3': 0, 'current': 0, 'all': 0} agree_archive=48/67 (100.6s)
  [1786501074_943197] ply 63/142 graded=32 30s
  [1786403231_207028] ply 18/142 graded=8 4s
  [1786418867_411846845] ply 63/142 graded=32 26s
  [1786503336_446661] ply 79/142 graded=40 46s
  [1786454767_166575] ply 78/142 graded=32 30s
  [1786417055_68387] ply 67/142 graded=32 31s
  [1786403231_207028] ply 34/142 graded=16 11s
  [1786501074_943197] ply 79/142 graded=40 41s
  [1786418867_411846845] ply 79/142 graded=40 38s
  [1786403231_207028] ply 50/142 graded=24 21s
  [1786503336_446661] ply 95/142 graded=48 65s
  [1786454767_166575] ply 94/142 graded=40 47s
  [1786417055_68387] ply 86/142 graded=40 45s
  [1786501074_943197] ply 95/142 graded=48 56s
  [1786418867_411846845] ply 95/142 graded=48 51s
  [1786403231_207028] ply 66/142 graded=32 31s
  [1786503336_446661] ply 118/142 graded=56 83s
  [1786417055_68387] ply 102/142 graded=48 62s
  [1786454767_166575] ply 110/142 graded=48 64s
  [1786403231_207028] ply 86/142 graded=40 42s
  [1786418867_411846845] ply 126/142 graded=56 65s
  [1786501074_943197] ply 114/142 graded=56 75s
[jf_e4] 1786503336_446661: profile=fixed_v1 graded=60 exclusions={'j10': 2, 'j3': 2, 'current': 4, 'all': 4} yields={'j10': 0, 'j3': 0, 'current': 0, 'all': 0} agree_archive=42/60 (90.5s)
  [1786367787_389099] ply 15/142 graded=8 3s
[jf_e4] 1786418867_411846845: profile=fixed_v1 graded=60 exclusions={'j10': 4, 'j3': 1, 'current': 5, 'all': 7} yields={'j10': 0, 'j3': 0, 'current': 0, 'all': 0} agree_archive=42/60 (77.9s)
  [1786367787_389099] ply 31/142 graded=16 8s
  [1786417055_68387] ply 118/142 graded=56 81s
  [1786337185_638286] ply 15/142 graded=8 3s
  [1786454767_166575] ply 134/142 graded=56 83s
[jf_e4] 1786454767_166575: profile=fixed_v1 graded=56 exclusions={'j10': 1, 'j3': 2, 'current': 3, 'all': 4} yields={'j10': 0, 'j3': 0, 'current': 0, 'all': 0} agree_archive=42/56 (83.4s)
  [1786403231_207028] ply 102/142 graded=48 64s
[jf_e4] 1786501074_943197: profile=fixed_v1 graded=63 exclusions={'j10': 1, 'j3': 3, 'current': 4, 'all': 4} yields={'j10': 0, 'j3': 0, 'current': 0, 'all': 0} agree_archive=41/63 (93.5s)
  [1786329790_523563] ply 15/142 graded=8 3s
  [1786337185_638286] ply 31/142 graded=16 9s
  [1786367787_389099] ply 50/142 graded=24 17s
  [1786325073_523563] ply 15/142 graded=8 3s
  [1786329790_523563] ply 31/142 graded=16 9s
  [1786325073_523563] ply 31/142 graded=16 9s
  [1786337185_638286] ply 47/142 graded=24 18s
  [1786329790_523563] ply 50/142 graded=24 16s
  [1786367787_389099] ply 66/142 graded=32 28s
  [1786325073_523563] ply 50/142 graded=24 17s
  [1786417055_68387] ply 134/142 graded=64 104s
  [1786403231_207028] ply 122/142 graded=56 85s
  [1786337185_638286] ply 66/142 graded=32 29s
[jf_e4] 1786417055_68387: profile=fixed_v1 graded=65 exclusions={'j10': 4, 'j3': 1, 'current': 5, 'all': 5} yields={'j10': 0, 'j3': 0, 'current': 0, 'all': 0} agree_archive=50/65 (106.6s)
  [1786329790_523563] ply 66/142 graded=32 27s
  [1786243458_1382293676] ply 15/142 graded=8 3s
  [1786367787_389099] ply 83/142 graded=40 41s
[jf_e4] 1786403231_207028: profile=fixed_v1 graded=59 exclusions={'j10': 3, 'j3': 2, 'current': 5, 'all': 6} yields={'j10': 0, 'j3': 0, 'current': 0, 'all': 0} agree_archive=45/59 (91.4s)
  [1786325073_523563] ply 67/142 graded=32 30s
  [1786242001_49628] ply 15/142 graded=8 3s
  [1786243458_1382293676] ply 31/142 graded=16 10s
  [1786337185_638286] ply 83/142 graded=40 42s
  [1786242001_49628] ply 31/142 graded=16 9s
  [1786329790_523563] ply 82/142 graded=40 42s
  [1786243458_1382293676] ply 47/142 graded=24 19s
  [1786242001_49628] ply 47/142 graded=24 15s
  [1786337185_638286] ply 110/142 graded=48 53s
  [1786367787_389099] ply 99/142 graded=48 61s
  [1786325073_523563] ply 83/142 graded=40 47s
  [1786242001_49628] ply 66/142 graded=32 23s
  [1786243458_1382293676] ply 63/142 graded=32 30s
  [1786329790_523563] ply 98/142 graded=48 56s
  [1786337185_638286] ply 134/142 graded=56 64s
[jf_e4] 1786337185_638286: profile=fixed_v1 graded=56 exclusions={'j10': 3, 'j3': 2, 'current': 5, 'all': 5} yields={'j10': 0, 'j3': 0, 'current': 0, 'all': 0} agree_archive=40/56 (64.3s)
  [1786142936_703591] ply 15/142 graded=8 3s
  [1786329790_523563] ply 130/142 graded=56 66s
  [1786242001_49628] ply 82/142 graded=40 35s
  [1786367787_389099] ply 126/142 graded=56 78s
  [1786243458_1382293676] ply 79/142 graded=40 42s
[jf_e4] 1786329790_523563: profile=fixed_v1 graded=57 exclusions={'j10': 3, 'j3': 1, 'current': 4, 'all': 4} yields={'j10': 0, 'j3': 0, 'current': 0, 'all': 0} agree_archive=40/57 (66.7s)
  [1786142936_703591] ply 31/142 graded=16 8s
  [1786325073_523563] ply 99/142 graded=48 66s
[jf_e4] 1786367787_389099: profile=fixed_v1 graded=58 exclusions={'j10': 1, 'j3': 1, 'current': 2, 'all': 2} yields={'j10': 0, 'j3': 0, 'current': 0, 'all': 0} agree_archive=43/58 (80.9s)
  [1786118143_1621601234] ply 16/141 graded=8 3s
  [1786116818_134510] ply 18/142 graded=8 3s
  [1786118143_1621601234] ply 32/141 graded=16 8s
  [1786142936_703591] ply 47/142 graded=24 15s
  [1786242001_49628] ply 98/142 graded=48 47s
  [1786116818_134510] ply 34/142 graded=16 8s
  [1786243458_1382293676] ply 98/142 graded=48 55s
  [1786118143_1621601234] ply 48/141 graded=24 16s
  [1786142936_703591] ply 63/142 graded=32 25s
  [1786116818_134510] ply 50/142 graded=24 16s
  [1786325073_523563] ply 115/142 graded=56 87s
  [1786242001_49628] ply 123/142 graded=56 63s
  [1786118143_1621601234] ply 64/141 graded=32 29s
  [1786116818_134510] ply 66/142 graded=32 26s
  [1786243458_1382293676] ply 114/142 graded=56 75s
  [1786142936_703591] ply 90/142 graded=40 41s
[jf_e4] 1786242001_49628: profile=fixed_v1 graded=62 exclusions={'j10': 3, 'j3': 1, 'current': 4, 'all': 4} yields={'j10': 0, 'j3': 0, 'current': 0, 'all': 0} agree_archive=45/62 (76.3s)
[jf_e4] 1786325073_523563: profile=fixed_v1 graded=63 exclusions={'j10': 2, 'j3': 1, 'current': 3, 'all': 3} yields={'j10': 0, 'j3': 0, 'current': 0, 'all': 0} agree_archive=49/63 (103.8s)
  [1786116818_134510] ply 82/142 graded=40 40s
  [1786118143_1621601234] ply 95/141 graded=40 43s
  [1786113542_627623] ply 15/141 graded=8 4s
  [1786076853_2116173857] ply 15/142 graded=8 4s
[jf_e4] 1786243458_1382293676: profile=fixed_v1 graded=63 exclusions={'j10': 3, 'j3': 4, 'current': 7, 'all': 7} yields={'j10': 0, 'j3': 0, 'current': 0, 'all': 0} agree_archive=45/63 (90.2s)
  [1786076853_2116173857] ply 31/142 graded=16 10s
  [1786113542_627623] ply 31/141 graded=16 11s
  [1786074812_935815] ply 15/142 graded=8 4s
  [1786142936_703591] ply 115/142 graded=48 60s
  [1786116818_134510] ply 99/142 graded=48 56s
  [1786074812_935815] ply 31/142 graded=16 11s
  [1786076853_2116173857] ply 51/142 graded=24 19s
  [1786113542_627623] ply 47/141 graded=24 20s
  [1786118143_1621601234] ply 116/141 graded=48 63s
  [1786074812_935815] ply 47/142 graded=24 21s
  [1786076853_2116173857] ply 67/142 graded=32 31s
  [1786142936_703591] ply 131/142 graded=56 79s
  [1786113542_627623] ply 64/141 graded=32 33s
[jf_e4] 1786142936_703591: profile=fixed_v1 graded=57 exclusions={'j10': 3, 'j3': 2, 'current': 5, 'all': 6} yields={'j10': 0, 'j3': 0, 'current': 0, 'all': 0} agree_archive=43/57 (81.1s)
  [1786045035_338139] ply 15/142 graded=8 4s
  [1786116818_134510] ply 118/142 graded=56 79s
  [1786074812_935815] ply 63/142 graded=32 36s
  [1786045035_338139] ply 31/142 graded=16 10s
  [1786076853_2116173857] ply 83/142 graded=40 45s
  [1786113542_627623] ply 80/141 graded=40 48s
  [1786118143_1621601234] ply 132/141 graded=56 90s
[jf_e4] 1786118143_1621601234: profile=fixed_v1 graded=56 exclusions={'j10': 1, 'j3': 0, 'current': 1, 'all': 3} yields={'j10': 0, 'j3': 0, 'current': 0, 'all': 0} agree_archive=35/56 (90.0s)
  [1786045035_338139] ply 47/142 graded=24 19s
  [1785986044_1911511187] ply 15/142 graded=8 4s
  [1786116818_134510] ply 134/142 graded=64 95s
  [1786074812_935815] ply 94/142 graded=40 52s
  [1785986044_1911511187] ply 34/142 graded=16 10s
[jf_e4] 1786116818_134510: profile=fixed_v1 graded=65 exclusions={'j10': 2, 'j3': 0, 'current': 2, 'all': 4} yields={'j10': 0, 'j3': 0, 'current': 0, 'all': 0} agree_archive=48/65 (98.4s)
  [1786076853_2116173857] ply 102/142 graded=48 63s
  [1785984310_1698417952] ply 18/142 graded=8 4s
  [1786045035_338139] ply 63/142 graded=32 31s
  [1786113542_627623] ply 96/141 graded=48 67s
  [1785986044_1911511187] ply 50/142 graded=24 18s
  [1785984310_1698417952] ply 34/142 graded=16 11s
  [1786074812_935815] ply 114/142 graded=48 69s
  [1785986044_1911511187] ply 66/142 graded=32 29s
  [1786045035_338139] ply 79/142 graded=40 46s
  [1785984310_1698417952] ply 50/142 graded=24 20s
  [1786113542_627623] ply 115/141 graded=56 85s
  [1786076853_2116173857] ply 126/142 graded=56 85s
[jf_e4] 1786076853_2116173857: profile=fixed_v1 graded=58 exclusions={'j10': 2, 'j3': 2, 'current': 4, 'all': 4} yields={'j10': 0, 'j3': 0, 'current': 0, 'all': 0} agree_archive=46/58 (89.8s)
  [1785984310_1698417952] ply 66/142 graded=32 31s
  [1785986044_1911511187] ply 82/142 graded=40 43s
  [1785982194_705585] ply 15/142 graded=8 4s
[jf_e4] 1786074812_935815: profile=fixed_v1 graded=55 exclusions={'j10': 1, 'j3': 1, 'current': 2, 'all': 4} yields={'j10': 0, 'j3': 0, 'current': 0, 'all': 0} agree_archive=46/55 (89.1s)
  [1786045035_338139] ply 103/142 graded=48 65s
  [1785982194_705585] ply 34/142 graded=16 10s
  [1785975832_66810] ply 15/142 graded=8 4s
  [1785984310_1698417952] ply 83/142 graded=40 46s
  [1785975832_66810] ply 31/142 graded=16 10s
  [1785982194_705585] ply 50/142 graded=24 19s
  [1785986044_1911511187] ply 98/142 graded=48 61s
[jf_e4] 1786113542_627623: profile=fixed_v1 graded=63 exclusions={'j10': 2, 'j3': 1, 'current': 3, 'all': 3} yields={'j10': 0, 'j3': 0, 'current': 0, 'all': 0} agree_archive=52/63 (112.5s)
  [1785466497_161583] ply 15/144 graded=8 1s
  [1785466497_161583] ply 38/144 graded=16 2s
  [1786045035_338139] ply 134/142 graded=56 82s
[jf_e4] 1786045035_338139: profile=fixed_v1 graded=56 exclusions={'j10': 2, 'j3': 2, 'current': 4, 'all': 6} yields={'j10': 0, 'j3': 0, 'current': 0, 'all': 0} agree_archive=35/56 (81.9s)
  [1785466497_161583] ply 54/144 graded=24 5s
  [1785975832_66810] ply 50/142 graded=24 20s
  [1785205383_867966] ply 15/144 graded=8 1s
  [1785205383_867966] ply 31/144 graded=16 2s
  [1785466497_161583] ply 70/144 graded=32 8s
  [1785205383_867966] ply 47/144 graded=24 4s
  [1785982194_705585] ply 66/142 graded=32 32s
  [1785205383_867966] ply 63/144 graded=32 7s
  [1785984310_1698417952] ply 99/142 graded=48 63s
  [1785466497_161583] ply 90/144 graded=40 11s
  [1785205383_867966] ply 79/144 graded=40 10s
  [1785466497_161583] ply 107/144 graded=48 15s
  [1785205383_867966] ply 95/144 graded=48 13s
  [1785975832_66810] ply 66/142 graded=32 33s
  [1785466497_161583] ply 123/144 graded=56 18s
  [1785986044_1911511187] ply 114/142 graded=56 82s
[jf_e4] 1785466497_161583: profile=walled graded=62 exclusions={'j10': 3, 'j3': 1, 'current': 4, 'all': 4} yields={'j10': 0, 'j3': 0, 'current': 0, 'all': 0} agree_archive=45/62 (20.6s)
  [1785205383_867966] ply 114/144 graded=56 17s
  [1785982194_705585] ply 90/142 graded=40 46s
  [1785205383_867966] ply 135/144 graded=64 24s
[jf_e4] 1785205383_867966: profile=walled graded=64 exclusions={'j10': 1, 'j3': 2, 'current': 3, 'all': 6} yields={'j10': 0, 'j3': 0, 'current': 0, 'all': 0} agree_archive=47/64 (23.9s)
  [1785975832_66810] ply 82/142 graded=40 46s
  [1785984310_1698417952] ply 115/142 graded=56 84s
  [1785986044_1911511187] ply 134/142 graded=64 101s
[jf_e4] 1785986044_1911511187: profile=fixed_v1 graded=64 exclusions={'j10': 3, 'j3': 3, 'current': 6, 'all': 7} yields={'j10': 0, 'j3': 0, 'current': 0, 'all': 0} agree_archive=46/64 (101.1s)
  [1785982194_705585] ply 118/142 graded=48 62s
  [1785975832_66810] ply 98/142 graded=48 63s
[jf_e4] 1785984310_1698417952: profile=fixed_v1 graded=63 exclusions={'j10': 2, 'j3': 3, 'current': 5, 'all': 6} yields={'j10': 0, 'j3': 0, 'current': 0, 'all': 0} agree_archive=52/63 (102.8s)
[jf_e4] 1785982194_705585: profile=fixed_v1 graded=53 exclusions={'j10': 2, 'j3': 1, 'current': 3, 'all': 3} yields={'j10': 0, 'j3': 0, 'current': 0, 'all': 0} agree_archive=36/53 (73.6s)
  [1785975832_66810] ply 123/142 graded=56 80s
[jf_e4] 1785975832_66810: profile=app_aug2 graded=62 exclusions={'j10': 4, 'j3': 3, 'current': 7, 'all': 7} yields={'j10': 0, 'j3': 0, 'current': 0, 'all': 0} agree_archive=39/62 (95.1s)
[jf_e4]      j10: excluded   69/1855  =   3.72% [ 2.95%,  4.68%]  yield  0.00%  applicable 803/1855
[jf_e4]       j3: excluded   52/1855  =   2.80% [ 2.14%,  3.66%]  yield  0.00%  applicable 803/1855
[jf_e4]  current: excluded  121/1855  =   6.52% [ 5.49%,  7.74%]  yield  0.00%  applicable 803/1855
[jf_e4]      all: excluded  144/1855  =   7.76% [ 6.63%,  9.07%]  yield  0.00%  applicable 803/1855
[jf_e4] rollup: 31 games, 1855 graded plies, profiles={'walled': 2, 'app_aug2': 1, 'fixed_v1': 28}, masks=[2, 8, 11, 15], all_replay_scores_match=True -> measurement/jrules_filters_20260814/calib/SUMMARY.json
[jf_e4] NOTE: an exclusion is not an improvement — it is the champion's move THROWN AWAY. Read against CALIB_READ_RULE §3 (incl. the SAFETY branch on the yield rate), nothing else. No elo, no band, no governance write.
