[G6] 100 agreement games (reconcile on 10) k8x1376=11008 workers=14 rust_threads=1
  1/100 games, 144/144 actions agree, 0 mismatches (1941s)
  2/100 games, 288/288 actions agree, 0 mismatches (1948s)
  3/100 games, 432/432 actions agree, 0 mismatches (2019s)
  4/100 games, 576/576 actions agree, 0 mismatches (2138s)
  5/100 games, 720/720 actions agree, 0 mismatches (2229s)
  6/100 games, 864/864 actions agree, 0 mismatches (2237s)
  7/100 games, 1008/1008 actions agree, 0 mismatches (2255s)
  8/100 games, 1152/1152 actions agree, 0 mismatches (2295s)
  9/100 games, 1296/1296 actions agree, 0 mismatches (2339s)
  10/100 games, 1440/1440 actions agree, 0 mismatches (2342s)
  11/100 games, 1584/1584 actions agree, 0 mismatches (2668s)
  12/100 games, 1723/1723 actions agree, 0 mismatches (2692s)
  13/100 games, 1867/1867 actions agree, 0 mismatches (2704s)
  14/100 games, 2011/2011 actions agree, 0 mismatches (2745s)
  15/100 games, 2154/2154 actions agree, 0 mismatches (3872s)
  16/100 games, 2298/2298 actions agree, 0 mismatches (4043s)
  17/100 games, 2442/2442 actions agree, 0 mismatches (4052s)
  18/100 games, 2586/2586 actions agree, 0 mismatches (4131s)
  19/100 games, 2730/2730 actions agree, 0 mismatches (4210s)
  20/100 games, 2874/2874 actions agree, 0 mismatches (4250s)
  21/100 games, 3018/3018 actions agree, 0 mismatches (4436s)
  22/100 games, 3162/3162 actions agree, 0 mismatches (4491s)
  23/100 games, 3306/3306 actions agree, 0 mismatches (4492s)
  24/100 games, 3450/3450 actions agree, 0 mismatches (4510s)
  25/100 games, 3594/3594 actions agree, 0 mismatches (4657s)
  26/100 games, 3738/3738 actions agree, 0 mismatches (4980s)
  27/100 games, 3882/3882 actions agree, 0 mismatches (5140s)
  28/100 games, 4026/4026 actions agree, 0 mismatches (5295s)
  29/100 games, 4170/4170 actions agree, 0 mismatches (5729s)
  30/100 games, 4314/4314 actions agree, 0 mismatches (5772s)
  31/100 games, 4458/4458 actions agree, 0 mismatches (6007s)
  32/100 games, 4602/4602 actions agree, 0 mismatches (6286s)
  33/100 games, 4746/4746 actions agree, 0 mismatches (6397s)
  34/100 games, 4890/4890 actions agree, 0 mismatches (6590s)
  35/100 games, 5034/5034 actions agree, 0 mismatches (6707s)
  36/100 games, 5178/5178 actions agree, 0 mismatches (6892s)
  37/100 games, 5322/5322 actions agree, 0 mismatches (6928s)
  38/100 games, 5466/5466 actions agree, 0 mismatches (6936s)
  39/100 games, 5610/5610 actions agree, 0 mismatches (6939s)
  40/100 games, 5754/5754 actions agree, 0 mismatches (7227s)
  41/100 games, 5898/5898 actions agree, 0 mismatches (7317s)
  42/100 games, 6042/6042 actions agree, 0 mismatches (7520s)
  43/100 games, 6186/6186 actions agree, 0 mismatches (7797s)
  44/100 games, 6330/6330 actions agree, 0 mismatches (7988s)
  45/100 games, 6474/6474 actions agree, 0 mismatches (8035s)
  46/100 games, 6618/6618 actions agree, 0 mismatches (8390s)
  47/100 games, 6762/6762 actions agree, 0 mismatches (8702s)
  48/100 games, 6905/6905 actions agree, 0 mismatches (8770s)
  49/100 games, 7049/7049 actions agree, 0 mismatches (8779s)
  50/100 games, 7193/7193 actions agree, 0 mismatches (8813s)
  51/100 games, 7337/7337 actions agree, 0 mismatches (8902s)
  52/100 games, 7481/7481 actions agree, 0 mismatches (8980s)
  53/100 games, 7625/7625 actions agree, 0 mismatches (9181s)
  54/100 games, 7769/7769 actions agree, 0 mismatches (9200s)
  55/100 games, 7913/7913 actions agree, 0 mismatches (9206s)
  56/100 games, 8057/8057 actions agree, 0 mismatches (9727s)
  57/100 games, 8201/8201 actions agree, 0 mismatches (10057s)
  58/100 games, 8345/8345 actions agree, 0 mismatches (10109s)
  59/100 games, 8489/8489 actions agree, 0 mismatches (10127s)
  60/100 games, 8633/8633 actions agree, 0 mismatches (10471s)
  61/100 games, 8777/8777 actions agree, 0 mismatches (10575s)
  62/100 games, 8921/8921 actions agree, 0 mismatches (10619s)
  63/100 games, 9065/9065 actions agree, 0 mismatches (11025s)
  64/100 games, 9209/9209 actions agree, 0 mismatches (11068s)
  65/100 games, 9353/9353 actions agree, 0 mismatches (11210s)
  66/100 games, 9497/9497 actions agree, 0 mismatches (11364s)
  67/100 games, 9641/9641 actions agree, 0 mismatches (11378s)
  68/100 games, 9785/9785 actions agree, 0 mismatches (11540s)
  69/100 games, 9929/9929 actions agree, 0 mismatches (11556s)
  70/100 games, 10072/10072 actions agree, 0 mismatches (12237s)
  71/100 games, 10216/10216 actions agree, 0 mismatches (12306s)
  72/100 games, 10360/10360 actions agree, 0 mismatches (12432s)
  73/100 games, 10504/10504 actions agree, 0 mismatches (12716s)
  74/100 games, 10648/10648 actions agree, 0 mismatches (12728s)
  75/100 games, 10792/10792 actions agree, 0 mismatches (12830s)
  76/100 games, 10936/10936 actions agree, 0 mismatches (13030s)
  77/100 games, 11080/11080 actions agree, 0 mismatches (13490s)
  78/100 games, 11224/11224 actions agree, 0 mismatches (13514s)
  79/100 games, 11368/11368 actions agree, 0 mismatches (13553s)
  80/100 games, 11512/11512 actions agree, 0 mismatches (13559s)
  81/100 games, 11655/11655 actions agree, 0 mismatches (13840s)
  82/100 games, 11799/11799 actions agree, 0 mismatches (13896s)
  83/100 games, 11941/11941 actions agree, 0 mismatches (13933s)
  84/100 games, 12085/12085 actions agree, 0 mismatches (14726s)
  85/100 games, 12229/12229 actions agree, 0 mismatches (14840s)
  86/100 games, 12373/12373 actions agree, 0 mismatches (14875s)
  87/100 games, 12517/12517 actions agree, 0 mismatches (14924s)
  88/100 games, 12661/12661 actions agree, 0 mismatches (15040s)
  89/100 games, 12805/12805 actions agree, 0 mismatches (15342s)
  90/100 games, 12948/12948 actions agree, 0 mismatches (15406s)
  91/100 games, 13091/13091 actions agree, 0 mismatches (15425s)
  92/100 games, 13233/13233 actions agree, 0 mismatches (15731s)
  93/100 games, 13377/13377 actions agree, 0 mismatches (15740s)
  94/100 games, 13521/13521 actions agree, 0 mismatches (15780s)
  95/100 games, 13665/13665 actions agree, 0 mismatches (15919s)
  96/100 games, 13809/13809 actions agree, 0 mismatches (15969s)
  97/100 games, 13953/13953 actions agree, 0 mismatches (16321s)
  98/100 games, 14097/14097 actions agree, 0 mismatches (16673s)
  99/100 games, 14241/14241 actions agree, 0 mismatches (16843s)
  100/100 games, 14384/14384 actions agree, 0 mismatches (17147s)

[G6] PASS: 0 mismatches over 101088 checks / 14384 decisions / 100 games in 17147s -> /home/doctor/projects/carcassone/measurement/rustport_p6/G6_backend_g6_k8x1376.json
    action agreement: 14384/14384 = 100.0000%
    reconcile: 10 games, 2880 digest asserts, 0 raised
