[simsplit] roots=898 from /mnt/c/carc-shared/classical_search/move_agreement_k4_b28e9/roots.jsonl | backend=rust | rungs=[172, 344, 688, 1376] x k=8
[simsplit] decision-type mix: Counter({'TILES': 495, 'MEEPLES': 403})
[simsplit] 50/898  11s
[simsplit] 100/898  23s
[simsplit] 150/898  36s
[simsplit] 200/898  46s
[simsplit] 250/898  57s
[simsplit] 300/898  68s
[simsplit] 350/898  81s
[simsplit] 400/898  92s
[simsplit] 450/898  105s
[simsplit] 500/898  115s
[simsplit] 550/898  126s
[simsplit] 600/898  138s
[simsplit] 650/898  149s
[simsplit] 700/898  159s
[simsplit] 750/898  173s
[simsplit] 800/898  183s
[simsplit] 850/898  194s
[simsplit] 898 roots in 205s (0 failures)
{
  "overall": {
    "n": 878,
    "n_legal_mean": 17.342824601366743,
    "n_legal_median": 11.0,
    "k_remaining_median": 38.0,
    "ref_gap_median": 0.05976494810933958,
    "flip_172_rate": 0.25626423690205014,
    "flip_172_n_flips": 225,
    "flip_172_ci68": [
      0.24181379208531073,
      0.2712692568339158
    ],
    "flip_172_ci95": [
      0.22849177502214735,
      0.2861602894756038
    ],
    "world_flip_frac_172_mean": 0.21070615034168566,
    "flip_344_rate": 0.21070615034168566,
    "flip_344_n_flips": 185,
    "flip_344_ci68": [
      0.19727623762929047,
      0.2247942970692306
    ],
    "flip_344_ci95": [
      0.18502041498090682,
      0.23891240923605012
    ],
    "world_flip_frac_344_mean": 0.16372437357630978,
    "flip_688_rate": 0.15375854214123008,
    "flip_688_n_flips": 135,
    "flip_688_ci68": [
      0.1419793841346789,
      0.16632550778796049
    ],
    "flip_688_ci95": [
      0.13141090059973978,
      0.17912287326622442
    ],
    "world_flip_frac_688_mean": 0.10805808656036446
  },
  "by_decision_type": {
    "TILES": {
      "n": 480,
      "n_legal_mean": 28.25,
      "n_legal_median": 28.0,
      "k_remaining_median": 37.0,
      "ref_gap_median": 0.05932133380164728,
      "flip_172_rate": 0.35208333333333336,
      "flip_172_n_flips": 169,
      "flip_172_ci68": [
        0.3306110935814311,
        0.3741706112002737
      ],
      "flip_172_ci95": [
        0.31068301338030446,
        0.3958325074017036
      ],
      "world_flip_frac_172_mean": 0.3145833333333333,
      "flip_344_rate": 0.27708333333333335,
      "flip_344_n_flips": 133,
      "flip_344_ci68": [
        0.2571346277079547,
        0.29795892738560037
      ],
      "flip_344_ci95": [
        0.23893411352445273,
        0.3187723755413903
      ],
      "world_flip_frac_344_mean": 0.2390625,
      "flip_688_rate": 0.18541666666666667,
      "flip_688_n_flips": 89,
      "flip_688_ci68": [
        0.16833838061002332,
        0.2038029915313488
      ],
      "flip_688_ci95": [
        0.15319490064957958,
        0.22263388298539516
      ],
      "world_flip_frac_688_mean": 0.16171875
    },
    "MEEPLES": {
      "n": 398,
      "n_legal_mean": 4.188442211055277,
      "n_legal_median": 4.0,
      "k_remaining_median": 42.0,
      "ref_gap_median": 0.06093055267677008,
      "flip_172_rate": 0.1407035175879397,
      "flip_172_n_flips": 56,
      "flip_172_ci68": [
        0.12417318854205524,
        0.15903483150807013
      ],
      "flip_172_ci95": [
        0.10996737087647723,
        0.17830940285725272
      ],
      "world_flip_frac_172_mean": 0.08542713567839195,
      "flip_344_rate": 0.1306532663316583,
      "flip_344_n_flips": 52,
      "flip_344_ci68": [
        0.11468143174999738,
        0.14847646298684475
      ],
      "flip_344_ci95": [
        0.1010433139183964,
        0.16732511782187148
      ],
      "world_flip_frac_344_mean": 0.0728643216080402,
      "flip_688_rate": 0.11557788944723618,
      "flip_688_n_flips": 46,
      "flip_688_ci68": [
        0.100506458965584,
        0.1325762478013333
      ],
      "flip_688_ci95": [
        0.087777183654413,
        0.15072873509566165
      ],
      "world_flip_frac_688_mean": 0.04334170854271357
    }
  },
  "tiles_vs_meeples_flip_contrast": {
    "172": {
      "raw_z": 7.142086043206283,
      "tiles": [
        169,
        480
      ],
      "meeples": [
        56,
        398
      ],
      "gapbin_[0,0.02)_z": 3.231420508061516,
      "gapbin_[0,0.02)_tiles": [
        80,
        140
      ],
      "gapbin_[0,0.02)_meeples": [
        36,
        100
      ],
      "gapbin_[0.02,0.05)_z": 4.315410318998676,
      "gapbin_[0.02,0.05)_tiles": [
        34,
        81
      ],
      "gapbin_[0.02,0.05)_meeples": [
        8,
        73
      ],
      "gapbin_[0.05,0.1)_z": 5.040825592466254,
      "gapbin_[0.05,0.1)_tiles": [
        30,
        91
      ],
      "gapbin_[0.05,0.1)_meeples": [
        4,
        94
      ],
      "gapbin_[0.1,inf)_z": 2.4199820843016364,
      "gapbin_[0.1,inf)_tiles": [
        25,
        167
      ],
      "gapbin_[0.1,inf)_meeples": [
        8,
        131
      ]
    },
    "344": {
      "raw_z": 5.296478238712883,
      "tiles": [
        133,
        480
      ],
      "meeples": [
        52,
        398
      ],
      "gapbin_[0,0.02)_z": 1.6733973123452925,
      "gapbin_[0,0.02)_tiles": [
        67,
        140
      ],
      "gapbin_[0,0.02)_meeples": [
        37,
        100
      ],
      "gapbin_[0.02,0.05)_z": 3.5906849219149293,
      "gapbin_[0.02,0.05)_tiles": [
        32,
        81
      ],
      "gapbin_[0.02,0.05)_meeples": [
        10,
        73
      ],
      "gapbin_[0.05,0.1)_z": 4.317355603891178,
      "gapbin_[0.05,0.1)_tiles": [
        21,
        91
      ],
      "gapbin_[0.05,0.1)_meeples": [
        2,
        94
      ],
      "gapbin_[0.1,inf)_z": 2.0884985150662962,
      "gapbin_[0.1,inf)_tiles": [
        13,
        167
      ],
      "gapbin_[0.1,inf)_meeples": [
        3,
        131
      ]
    },
    "688": {
      "raw_z": 2.855911520886643,
      "tiles": [
        89,
        480
      ],
      "meeples": [
        46,
        398
      ],
      "gapbin_[0,0.02)_z": 1.0569528794799015,
      "gapbin_[0,0.02)_tiles": [
        57,
        140
      ],
      "gapbin_[0,0.02)_meeples": [
        34,
        100
      ],
      "gapbin_[0.02,0.05)_z": 2.4610709677297575,
      "gapbin_[0.02,0.05)_tiles": [
        20,
        81
      ],
      "gapbin_[0.02,0.05)_meeples": [
        7,
        73
      ],
      "gapbin_[0.05,0.1)_z": 1.8494482709985538,
      "gapbin_[0.05,0.1)_tiles": [
        9,
        91
      ],
      "gapbin_[0.05,0.1)_meeples": [
        3,
        94
      ],
      "gapbin_[0.1,inf)_z": 0.17990674577372234,
      "gapbin_[0.1,inf)_tiles": [
        3,
        167
      ],
      "gapbin_[0.1,inf)_meeples": [
        2,
        131
      ]
    }
  }
}
[simsplit] wrote measurement/simsplit_census_20260811/rows_main.jsonl + summary_main.json + manifest_main.json
