[pilot] population=5 positions | n=5 | M=128 | policy=clair-puct | oracle_sims=100 | W=3
[pilot] out -> /home/doctor/projects/carcassone/measurement/tiearb_widening_20260817/d3_witness/out/clair-puct/walled/leg5
[pilot] resume: 0 already done, 5 to go
[1/5] tt_sp_137000000028_p132 ok delta=-1.062 crn=True 170.601s
[2/5] tt_sp_137000000266_p84 ok delta=-0.539 crn=True 634.63s
[3/5] tt_sp_137000000080_p2 ok delta=+0.258 crn=True 956.387s
[4/5] tt_sp_137000000369_p6 ok delta=-2.953 crn=True 967.901s
[5/5] tt_sp_137000000503_p47 ok delta=-0.125 crn=True 649.741s

=== ORACLE-SCORE PILOT SUMMARY ===
{
  "n_positions": 5,
  "m_worlds": 128,
  "sd_delta_positions": 1.256178577727158,
  "mean_delta_pts": -0.884375,
  "se_mean_delta": 0.5617801383353856,
  "z_pilot_observed": -1.5742368582493809,
  "mean_within_position_var": 198.81813484251967,
  "var_between_positions_est": 0.024717940683440354,
  "sd_delta_projected_by_m": {
    "8": 4.987683309513386,
    "16": 3.5285763940066426,
    "32": 2.4975557360171523,
    "64": 1.7695342035682187
  },
  "median_crn_var_reduction": 1.298289850545765,
  "n_positions_perfect_pairing": 0,
  "n_positions_identical_afterstates": 0,
  "assumed_effect_pts": 0.07,
  "implied_z_full_run": {
    "N=265_at_M=128": 0.9071301341476011,
    "N=5_at_M=128": 0.12460390680136443,
    "N=5_at_M=8": 0.03138225679373704,
    "N=5_at_M=16": 0.044359180855725766,
    "N=5_at_M=32": 0.06267117733059886,
    "N=5_at_M=64": 0.08845534497686301
  },
  "memo_power_fork": {
    "note": "memo \u00a74.2: sd ~0.5 pts => z ~2.2 (fund the full run); sd ~1.5 pts => z ~0.75 (do not). Read sd_delta_positions against this.",
    "z_if_sd_0.5": 2.279034883453959,
    "z_if_sd_1.5": 0.7596782944846531
  },
  "caveat": "The pilot's own mean_delta is a 20-position SCREEN, NOT a verdict on whether budget improves the move. The deliverable is the sd.",
  "schema": "carcassonne-oracle-score-pilot/v1",
  "oracle_policy": "clair-puct",
  "n_attempted": 5,
  "n_failed": 0,
  "crn_verified_all": true,
  "population_disagreements": 5,
  "wall_secs": 1284.5,
  "manifest": "/home/doctor/projects/carcassone/measurement/tiearb_widening_20260817/d3_witness/out/clair-puct/walled/leg5/manifest.json"
}
