[pilot] population=10 positions | n=10 | M=128 | policy=clair-puct | oracle_sims=100 | W=6
[pilot] out -> /home/doctor/projects/carcassone/measurement/tiearb_widening_20260817/d3_witness/out/clair-puct/walled/leg3
[pilot] resume: 0 already done, 10 to go
[1/10] tt_sp_137000000028_p132 ok delta=-0.516 crn=True 170.956s
[2/10] tt_sp_137000000266_p84 ok delta=+2.469 crn=True 647.574s
[3/10] tt_sp_137000000383_p22 ok delta=+1.766 crn=True 906.187s
[4/10] tt_sp_137000000184_p8 ok delta=-0.148 crn=True 945.431s
[5/10] tt_sp_137000000405_p66 ok delta=-2.203 crn=True 784.329s
[6/10] tt_sp_137000000080_p2 ok delta=-0.289 crn=True 964.231s
[7/10] tt_sp_137000000369_p6 ok delta=-2.320 crn=True 971.398s
[8/10] tt_sp_137000000426_p62 ok delta=+2.016 crn=True 786.515s
[9/10] tt_sp_137000000503_p47 ok delta=+0.312 crn=True 539.915s
[10/10] tt_sp_137000000506_p14 ok delta=+0.266 crn=True 618.942s

=== ORACLE-SCORE PILOT SUMMARY ===
{
  "n_positions": 10,
  "m_worlds": 128,
  "sd_delta_positions": 1.6285478514258278,
  "mean_delta_pts": 0.13515625,
  "se_mean_delta": 0.5149920489079108,
  "z_pilot_observed": 0.2624433722551864,
  "mean_within_position_var": 255.7860789862205,
  "var_between_positions_est": 0.6538393623038323,
  "sd_delta_projected_by_m": {
    "8": 5.712013588532629,
    "16": 4.079273133652932,
    "32": 2.940604415868143,
    "64": 2.1565010657227894
  },
  "median_crn_var_reduction": 1.1414030814520237,
  "n_positions_perfect_pairing": 0,
  "n_positions_identical_afterstates": 0,
  "assumed_effect_pts": 0.07,
  "implied_z_full_run": {
    "N=265_at_M=128": 0.6997138221817112,
    "N=10_at_M=128": 0.13592442863621215,
    "N=10_at_M=8": 0.038753310506155866,
    "N=10_at_M=16": 0.05426443117663031,
    "N=10_at_M=32": 0.07527684955422183,
    "N=10_at_M=64": 0.10264749678553674
  },
  "memo_power_fork": {
    "note": "memo \u00a74.2: sd ~0.5 pts => z ~2.2 (fund the full run); sd ~1.5 pts => z ~0.75 (do not). Read sd_delta_positions against this.",
    "z_if_sd_0.5": 2.279034883453959,
    "z_if_sd_1.5": 0.7596782944846531
  },
  "caveat": "The pilot's own mean_delta is a 20-position SCREEN, NOT a verdict on whether budget improves the move. The deliverable is the sd.",
  "schema": "carcassonne-oracle-score-pilot/v1",
  "oracle_policy": "clair-puct",
  "n_attempted": 10,
  "n_failed": 0,
  "crn_verified_all": true,
  "population_disagreements": 10,
  "wall_secs": 1564.5,
  "manifest": "/home/doctor/projects/carcassone/measurement/tiearb_widening_20260817/d3_witness/out/clair-puct/walled/leg3/manifest.json"
}
