[pilot] population=13 positions | n=13 | M=128 | policy=clair-puct | oracle_sims=100 | W=8
[pilot] out -> /home/doctor/projects/carcassone/measurement/tiearb_widening_20260817/d3_witness/out/clair-puct/walled/leg2
[pilot] resume: 0 already done, 13 to go
[1/13] tt_sp_137000000028_p132 ok delta=-0.516 crn=True 166.932s
[2/13] tt_sp_137000000163_p104 ok delta=+0.508 crn=True 449.007s
[3/13] tt_sp_137000000250_p94 ok delta=-0.258 crn=True 561.377s
[4/13] tt_sp_137000000266_p84 ok delta=+1.922 crn=True 642.98s
[5/13] tt_sp_137000000354_p54 ok delta=-0.523 crn=True 753.548s
[6/13] tt_sp_137000000184_p8 ok delta=-0.898 crn=True 926.967s
[7/13] tt_sp_137000000369_p6 ok delta=-0.922 crn=True 956.234s
[8/13] tt_sp_137000000080_p2 ok delta=-0.703 crn=True 960.991s
[9/13] tt_sp_137000000383_p22 ok delta=+2.844 crn=True 896.495s
[10/13] tt_sp_137000000405_p66 ok delta=+1.039 crn=True 764.44s
[11/13] tt_sp_137000000503_p47 ok delta=+0.797 crn=True 654.178s
[12/13] tt_sp_137000000426_p62 ok delta=-1.578 crn=True 832.67s
[13/13] tt_sp_137000000506_p14 ok delta=-0.617 crn=True 713.263s

=== ORACLE-SCORE PILOT SUMMARY ===
{
  "n_positions": 13,
  "m_worlds": 128,
  "sd_delta_positions": 1.267878145855658,
  "mean_delta_pts": 0.08413461538461539,
  "se_mean_delta": 0.35164612814790663,
  "z_pilot_observed": 0.23925932535570915,
  "mean_within_position_var": 209.43978081465778,
  "var_between_positions_est": 0.0,
  "sd_delta_projected_by_m": {
    "8": 5.116636844826123,
    "16": 3.6180086098454924,
    "32": 2.5583184224130613,
    "64": 1.8090043049227462
  },
  "median_crn_var_reduction": 1.22347679101476,
  "n_positions_perfect_pairing": 0,
  "n_positions_identical_afterstates": 0,
  "assumed_effect_pts": 0.07,
  "implied_z_full_run": {
    "N=265_at_M=128": 0.8987594316155271,
    "N=13_at_M=128": 0.19906375869595003,
    "N=13_at_M=8": 0.049327047616774165,
    "N=13_at_M=16": 0.06975897973146547,
    "N=13_at_M=32": 0.09865409523354833,
    "N=13_at_M=64": 0.13951795946293094
  },
  "memo_power_fork": {
    "note": "memo \u00a74.2: sd ~0.5 pts => z ~2.2 (fund the full run); sd ~1.5 pts => z ~0.75 (do not). Read sd_delta_positions against this.",
    "z_if_sd_0.5": 2.279034883453959,
    "z_if_sd_1.5": 0.7596782944846531
  },
  "caveat": "The pilot's own mean_delta is a 20-position SCREEN, NOT a verdict on whether budget improves the move. The deliverable is the sd.",
  "schema": "carcassonne-oracle-score-pilot/v1",
  "oracle_policy": "clair-puct",
  "n_attempted": 13,
  "n_failed": 0,
  "crn_verified_all": true,
  "population_disagreements": 13,
  "wall_secs": 1466.9,
  "manifest": "/home/doctor/projects/carcassone/measurement/tiearb_widening_20260817/d3_witness/out/clair-puct/walled/leg2/manifest.json"
}
