[pilot] population=16 positions | n=16 | M=128 | policy=clair-puct | oracle_sims=100 | W=9
[pilot] out -> /home/doctor/projects/carcassone/measurement/tiearb_widening_20260817/d3_witness/out/clair-puct/walled/leg1
[pilot] resume: 0 already done, 16 to go
[1/16] tt_sp_137000000028_p132 ok delta=+1.414 crn=True 169.806s
[2/16] tt_sp_137000000163_p104 ok delta=-0.289 crn=True 451.677s
[3/16] tt_sp_137000000250_p94 ok delta=-0.477 crn=True 580.185s
[4/16] tt_sp_137000000266_p84 ok delta=+0.047 crn=True 616.17s
[5/16] tt_sp_137000000307_p73 ok delta=-0.500 crn=True 710.679s
[6/16] tt_sp_137000000462_p142 ok delta=+0.000 crn=True 8.963s
[7/16] tt_sp_137000000354_p54 ok delta=+1.758 crn=True 764.395s
[8/16] tt_sp_137000000184_p8 ok delta=-2.484 crn=True 931.412s
[9/16] tt_sp_137000000080_p2 ok delta=-1.414 crn=True 957.65s
[10/16] tt_sp_137000000083_p10 ok delta=-0.508 crn=True 968.753s
[11/16] tt_sp_137000000369_p6 ok delta=-3.102 crn=True 962.84s
[12/16] tt_sp_137000000383_p22 ok delta=+2.047 crn=True 877.551s
[13/16] tt_sp_137000000405_p66 ok delta=+0.023 crn=True 754.318s
[14/16] tt_sp_137000000503_p47 ok delta=+1.750 crn=True 626.552s
[15/16] tt_sp_137000000426_p62 ok delta=+0.031 crn=True 802.568s
[16/16] tt_sp_137000000506_p14 ok delta=+0.539 crn=True 709.701s

=== ORACLE-SCORE PILOT SUMMARY ===
{
  "n_positions": 16,
  "m_worlds": 128,
  "sd_delta_positions": 1.4413239411628258,
  "mean_delta_pts": -0.07275390625,
  "se_mean_delta": 0.36033098529070645,
  "z_pilot_observed": -0.2019085485843075,
  "mean_within_position_var": 196.77437177042324,
  "var_between_positions_est": 0.5401149239127092,
  "sd_delta_projected_by_m": {
    "8": 5.013672445943753,
    "16": 3.583087099075902,
    "32": 2.586370824483302,
    "64": 1.9012402485813236
  },
  "median_crn_var_reduction": 1.3238166415818617,
  "n_positions_perfect_pairing": 1,
  "n_positions_identical_afterstates": 0,
  "assumed_effect_pts": 0.07,
  "implied_z_full_run": {
    "N=265_at_M=128": 0.7906046719848725,
    "N=16_at_M=128": 0.19426583573856596,
    "N=16_at_M=8": 0.05584728619966596,
    "N=16_at_M=16": 0.07814490473095492,
    "N=16_at_M=32": 0.10825980456841011,
    "N=16_at_M=64": 0.14727228723930694
  },
  "memo_power_fork": {
    "note": "memo \u00a74.2: sd ~0.5 pts => z ~2.2 (fund the full run); sd ~1.5 pts => z ~0.75 (do not). Read sd_delta_positions against this.",
    "z_if_sd_0.5": 2.279034883453959,
    "z_if_sd_1.5": 0.7596782944846531
  },
  "caveat": "The pilot's own mean_delta is a 20-position SCREEN, NOT a verdict on whether budget improves the move. The deliverable is the sd.",
  "schema": "carcassonne-oracle-score-pilot/v1",
  "oracle_policy": "clair-puct",
  "n_attempted": 16,
  "n_failed": 0,
  "crn_verified_all": true,
  "population_disagreements": 16,
  "wall_secs": 1474.2,
  "manifest": "/home/doctor/projects/carcassone/measurement/tiearb_widening_20260817/d3_witness/out/clair-puct/walled/leg1/manifest.json"
}
