[pilot] population=6 positions | n=6 | M=128 | policy=clair-puct | oracle_sims=100 | W=3
[pilot] out -> /home/doctor/projects/carcassone/measurement/tiearb_widening_20260817/d3_witness/out/clair-puct/walled/leg4
[pilot] resume: 0 already done, 6 to go
[1/6] tt_sp_137000000028_p132 ok delta=-1.055 crn=True 171.744s
[2/6] tt_sp_137000000266_p84 ok delta=+1.789 crn=True 639.764s
[3/6] tt_sp_137000000080_p2 ok delta=+0.195 crn=True 968.735s
[4/6] tt_sp_137000000369_p6 ok delta=-0.453 crn=True 957.623s
[5/6] tt_sp_137000000383_p22 ok delta=+0.859 crn=True 804.249s
[6/6] tt_sp_137000000503_p47 ok delta=-0.445 crn=True 507.806s

=== ORACLE-SCORE PILOT SUMMARY ===
{
  "n_positions": 6,
  "m_worlds": 128,
  "sd_delta_positions": 1.0354908067856035,
  "mean_delta_pts": 0.1484375,
  "se_mean_delta": 0.4227373516612689,
  "z_pilot_observed": 0.3511341011544682,
  "mean_within_position_var": 211.97223589238845,
  "var_between_positions_est": 0.0,
  "sd_delta_projected_by_m": {
    "8": 5.147477973391295,
    "16": 3.639816580993372,
    "32": 2.5737389866956475,
    "64": 1.819908290496686
  },
  "median_crn_var_reduction": 1.3358675789661234,
  "n_positions_perfect_pairing": 0,
  "n_positions_identical_afterstates": 0,
  "assumed_effect_pts": 0.07,
  "implied_z_full_run": {
    "N=265_at_M=128": 1.1004611863859015,
    "N=6_at_M=128": 0.1655874498075808,
    "N=6_at_M=8": 0.033310347879324145,
    "N=6_at_M=16": 0.04710794573830607,
    "N=6_at_M=32": 0.06662069575864829,
    "N=6_at_M=64": 0.09421589147661213
  },
  "memo_power_fork": {
    "note": "memo \u00a74.2: sd ~0.5 pts => z ~2.2 (fund the full run); sd ~1.5 pts => z ~0.75 (do not). Read sd_delta_positions against this.",
    "z_if_sd_0.5": 2.279034883453959,
    "z_if_sd_1.5": 0.7596782944846531
  },
  "caveat": "The pilot's own mean_delta is a 20-position SCREEN, NOT a verdict on whether budget improves the move. The deliverable is the sd.",
  "schema": "carcassonne-oracle-score-pilot/v1",
  "oracle_policy": "clair-puct",
  "n_attempted": 6,
  "n_failed": 0,
  "crn_verified_all": true,
  "population_disagreements": 6,
  "wall_secs": 1476.6,
  "manifest": "/home/doctor/projects/carcassone/measurement/tiearb_widening_20260817/d3_witness/out/clair-puct/walled/leg4/manifest.json"
}
