2026-07-30 23:26:41 [chain-local] chain watchdog armed: cells=[meepleoff oppanticoff anticoff selfanticoff meepleflat capoff] n=400 out_root=/mnt/c/carc-shared/leaf_ablation pattern='seed-start 96000000000'
2026-07-30 23:26:41 [chain-local] watching cell meepleoff (0/400)
2026-07-30 23:26:41 watchdog armed: glob=/mnt/c/carc-shared/leaf_ablation/abl_meepleoff/seed*_a*.json n=400 record_ext=.json pattern=seed-start 96000000000 relaunch=nice -n 19 bash /home/doctor/projects/carcassone/scripts/classical_search/leaf_ablation_launcher.sh 16 local
2026-07-30 23:32:47 [chain-local] chain watchdog armed: cells=[meepleoff oppanticoff anticoff selfanticoff meepleflat capoff] n=400 out_root=/mnt/c/carc-shared/leaf_ablation pattern='seed-start 96000000000'
2026-07-30 23:32:47 [chain-local] watching cell meepleoff (0/400)
2026-07-30 23:32:47 watchdog armed: glob=/mnt/c/carc-shared/leaf_ablation/abl_meepleoff/seed*_a*.json n=400 record_ext=.json pattern=seed-start 96000000000 relaunch=nice -n 19 bash /home/doctor/projects/carcassone/scripts/classical_search/leaf_ablation_launcher.sh 16 local
2026-07-30 23:37:47 healthy: 0/400 records, workers alive
2026-07-30 23:42:47 healthy: 31/400 records, workers alive
2026-07-30 23:47:47 healthy: 32/400 records, workers alive
2026-07-30 23:52:47 healthy: 54/400 records, workers alive
2026-07-30 23:57:47 healthy: 56/400 records, workers alive
2026-07-31 00:02:48 healthy: 84/400 records, workers alive
2026-07-31 00:07:48 healthy: 90/400 records, workers alive
2026-07-31 00:12:49 healthy: 115/400 records, workers alive
2026-07-31 00:17:49 healthy: 125/400 records, workers alive
2026-07-31 00:22:50 healthy: 151/400 records, workers alive
2026-07-31 00:27:51 healthy: 162/400 records, workers alive
2026-07-31 00:32:52 healthy: 182/400 records, workers alive
2026-07-31 00:37:52 healthy: 197/400 records, workers alive
2026-07-31 00:42:53 healthy: 217/400 records, workers alive
2026-07-31 00:47:54 healthy: 230/400 records, workers alive
2026-07-31 00:52:55 healthy: 250/400 records, workers alive
2026-07-31 00:57:57 healthy: 268/400 records, workers alive
2026-07-31 01:02:58 healthy: 284/400 records, workers alive
2026-07-31 01:07:59 healthy: 303/400 records, workers alive
2026-07-31 01:13:00 healthy: 322/400 records, workers alive
2026-07-31 01:18:02 healthy: 336/400 records, workers alive
2026-07-31 01:23:03 healthy: 355/400 records, workers alive
2026-07-31 01:28:05 healthy: 369/400 records, workers alive
2026-07-31 01:33:06 healthy: 393/400 records, workers alive
2026-07-31 01:38:08 DONE: 400/400 records
2026-07-31 01:38:10 [chain-local] cell meepleoff watch ended rc=0 (400/400 records)
2026-07-31 01:38:10 [chain-local] watching cell oppanticoff (0/400)
2026-07-31 01:38:10 watchdog armed: glob=/mnt/c/carc-shared/leaf_ablation/abl_oppanticoff/seed*_a*.json n=400 record_ext=.json pattern=seed-start 96000000000 relaunch=nice -n 19 bash /home/doctor/projects/carcassone/scripts/classical_search/leaf_ablation_launcher.sh 16 local
2026-07-31 01:43:10 healthy: 0/400 records, workers alive
2026-07-31 01:48:10 healthy: 16/400 records, workers alive
2026-07-31 01:53:10 healthy: 31/400 records, workers alive
2026-07-31 01:58:10 healthy: 44/400 records, workers alive
2026-07-31 02:03:10 healthy: 60/400 records, workers alive
2026-07-31 02:08:11 healthy: 65/400 records, workers alive
2026-07-31 02:13:11 healthy: 78/400 records, workers alive
2026-07-31 02:18:11 healthy: 81/400 records, workers alive
2026-07-31 02:23:12 healthy: 92/400 records, workers alive
2026-07-31 02:28:12 healthy: 97/400 records, workers alive
2026-07-31 02:33:13 healthy: 108/400 records, workers alive
2026-07-31 02:38:13 healthy: 112/400 records, workers alive
2026-07-31 02:43:14 healthy: 122/400 records, workers alive
2026-07-31 02:48:14 healthy: 129/400 records, workers alive
2026-07-31 02:53:15 healthy: 137/400 records, workers alive
2026-07-31 02:58:15 healthy: 145/400 records, workers alive
2026-07-31 03:03:16 healthy: 153/400 records, workers alive
2026-07-31 03:08:17 healthy: 160/400 records, workers alive
2026-07-31 03:13:18 healthy: 169/400 records, workers alive
2026-07-31 03:18:18 healthy: 177/400 records, workers alive
2026-07-31 03:23:19 healthy: 184/400 records, workers alive
2026-07-31 03:28:20 healthy: 192/400 records, workers alive
2026-07-31 03:33:21 healthy: 201/400 records, workers alive
2026-07-31 03:38:22 healthy: 207/400 records, workers alive
2026-07-31 03:43:23 healthy: 214/400 records, workers alive
2026-07-31 03:48:24 healthy: 223/400 records, workers alive
2026-07-31 03:53:25 healthy: 230/400 records, workers alive
2026-07-31 03:58:26 healthy: 240/400 records, workers alive
2026-07-31 04:03:27 healthy: 244/400 records, workers alive
2026-07-31 04:08:28 healthy: 255/400 records, workers alive
2026-07-31 04:13:29 healthy: 260/400 records, workers alive
2026-07-31 04:18:30 healthy: 270/400 records, workers alive
2026-07-31 04:23:31 healthy: 275/400 records, workers alive
2026-07-31 04:28:32 healthy: 286/400 records, workers alive
2026-07-31 04:33:34 healthy: 291/400 records, workers alive
2026-07-31 04:38:35 healthy: 300/400 records, workers alive
2026-07-31 04:43:36 healthy: 307/400 records, workers alive
2026-07-31 04:48:38 healthy: 314/400 records, workers alive
2026-07-31 04:53:39 healthy: 322/400 records, workers alive
2026-07-31 04:58:40 healthy: 331/400 records, workers alive
2026-07-31 05:03:42 healthy: 339/400 records, workers alive
2026-07-31 05:08:43 healthy: 345/400 records, workers alive
2026-07-31 05:13:45 healthy: 353/400 records, workers alive
2026-07-31 05:18:46 healthy: 360/400 records, workers alive
2026-07-31 05:23:48 healthy: 367/400 records, workers alive
2026-07-31 05:28:49 healthy: 376/400 records, workers alive
2026-07-31 05:33:51 healthy: 382/400 records, workers alive
2026-07-31 05:38:52 healthy: 390/400 records, workers alive
2026-07-31 05:43:54 DONE: 400/400 records
2026-07-31 05:43:56 [chain-local] cell oppanticoff watch ended rc=0 (400/400 records)
2026-07-31 05:43:56 [chain-local] watching cell anticoff (0/400)
2026-07-31 05:43:56 watchdog armed: glob=/mnt/c/carc-shared/leaf_ablation/abl_anticoff/seed*_a*.json n=400 record_ext=.json pattern=seed-start 96000000000 relaunch=nice -n 19 bash /home/doctor/projects/carcassone/scripts/classical_search/leaf_ablation_launcher.sh 16 local
2026-07-31 05:48:56 healthy: 0/400 records, workers alive
2026-07-31 05:53:56 healthy: 13/400 records, workers alive
2026-07-31 05:58:56 healthy: 16/400 records, workers alive
2026-07-31 06:03:56 healthy: 26/400 records, workers alive
2026-07-31 06:08:56 healthy: 32/400 records, workers alive
2026-07-31 06:13:56 healthy: 40/400 records, workers alive
2026-07-31 06:18:56 healthy: 48/400 records, workers alive
2026-07-31 06:23:57 healthy: 57/400 records, workers alive
2026-07-31 06:28:57 healthy: 65/400 records, workers alive
2026-07-31 06:33:57 healthy: 71/400 records, workers alive
2026-07-31 06:38:58 healthy: 82/400 records, workers alive
2026-07-31 06:43:58 healthy: 99/400 records, workers alive
2026-07-31 06:48:59 healthy: 114/400 records, workers alive
2026-07-31 06:53:59 healthy: 126/400 records, workers alive
2026-07-31 06:59:00 healthy: 145/400 records, workers alive
2026-07-31 07:04:00 healthy: 157/400 records, workers alive
2026-07-31 07:09:01 healthy: 177/400 records, workers alive
2026-07-31 07:14:02 healthy: 188/400 records, workers alive
2026-07-31 07:19:03 healthy: 206/400 records, workers alive
2026-07-31 07:24:04 healthy: 218/400 records, workers alive
2026-07-31 07:29:05 healthy: 236/400 records, workers alive
2026-07-31 07:34:06 healthy: 248/400 records, workers alive
2026-07-31 07:39:07 healthy: 267/400 records, workers alive
2026-07-31 07:44:08 healthy: 279/400 records, workers alive
2026-07-31 07:49:09 healthy: 292/400 records, workers alive
2026-07-31 07:54:11 healthy: 311/400 records, workers alive
2026-07-31 07:59:12 healthy: 322/400 records, workers alive
2026-07-31 08:04:14 healthy: 342/400 records, workers alive
2026-07-31 08:09:15 healthy: 355/400 records, workers alive
2026-07-31 08:14:17 healthy: 373/400 records, workers alive
2026-07-31 08:19:18 healthy: 386/400 records, workers alive
2026-07-31 08:24:20 DONE: 400/400 records
2026-07-31 08:24:21 [chain-local] cell anticoff watch ended rc=0 (400/400 records)
2026-07-31 08:24:21 [chain-local] watching cell selfanticoff (0/400)
2026-07-31 08:24:21 watchdog armed: glob=/mnt/c/carc-shared/leaf_ablation/abl_selfanticoff/seed*_a*.json n=400 record_ext=.json pattern=seed-start 96000000000 relaunch=nice -n 19 bash /home/doctor/projects/carcassone/scripts/classical_search/leaf_ablation_launcher.sh 16 local
2026-07-31 08:29:21 healthy: 0/400 records, workers alive
2026-07-31 08:34:21 healthy: 15/400 records, workers alive
2026-07-31 08:39:22 healthy: 16/400 records, workers alive
2026-07-31 08:44:22 healthy: 31/400 records, workers alive
2026-07-31 08:49:22 healthy: 35/400 records, workers alive
2026-07-31 08:54:22 healthy: 50/400 records, workers alive
2026-07-31 08:59:22 healthy: 66/400 records, workers alive
2026-07-31 09:04:23 healthy: 83/400 records, workers alive
2026-07-31 09:09:23 healthy: 98/400 records, workers alive
2026-07-31 09:14:24 healthy: 117/400 records, workers alive
2026-07-31 09:19:24 healthy: 131/400 records, workers alive
2026-07-31 09:24:24 healthy: 154/400 records, workers alive
2026-07-31 09:29:25 healthy: 163/400 records, workers alive
2026-07-31 09:34:26 healthy: 183/400 records, workers alive
2026-07-31 09:39:27 healthy: 196/400 records, workers alive
2026-07-31 09:44:28 healthy: 214/400 records, workers alive
2026-07-31 09:49:29 healthy: 228/400 records, workers alive
2026-07-31 09:54:30 healthy: 245/400 records, workers alive
2026-07-31 09:59:31 healthy: 260/400 records, workers alive
2026-07-31 10:04:32 healthy: 275/400 records, workers alive
2026-07-31 10:09:33 healthy: 293/400 records, workers alive
2026-07-31 10:14:34 healthy: 306/400 records, workers alive
2026-07-31 10:19:35 healthy: 325/400 records, workers alive
2026-07-31 10:24:36 healthy: 339/400 records, workers alive
2026-07-31 10:29:37 healthy: 357/400 records, workers alive
2026-07-31 10:34:38 healthy: 373/400 records, workers alive
2026-07-31 10:39:39 healthy: 396/400 records, workers alive
2026-07-31 10:44:41 DONE: 400/400 records
2026-07-31 10:44:42 [chain-local] cell selfanticoff watch ended rc=0 (400/400 records)
2026-07-31 10:44:42 [chain-local] watching cell meepleflat (0/400)
2026-07-31 10:44:42 watchdog armed: glob=/mnt/c/carc-shared/leaf_ablation/abl_meepleflat/seed*_a*.json n=400 record_ext=.json pattern=seed-start 96000000000 relaunch=nice -n 19 bash /home/doctor/projects/carcassone/scripts/classical_search/leaf_ablation_launcher.sh 16 local
2026-07-31 10:49:42 healthy: 0/400 records, workers alive
2026-07-31 10:54:43 healthy: 17/400 records, workers alive
2026-07-31 10:59:43 healthy: 33/400 records, workers alive
2026-07-31 11:04:41 healthy: 50/400 records, workers alive
2026-07-31 11:09:37 healthy: 67/400 records, workers alive
2026-07-31 11:14:33 healthy: 81/400 records, workers alive
2026-07-31 11:19:32 healthy: 97/400 records, workers alive
2026-07-31 11:24:33 healthy: 113/400 records, workers alive
2026-07-31 11:29:33 healthy: 128/400 records, workers alive
2026-07-31 11:34:34 healthy: 145/400 records, workers alive
2026-07-31 11:39:34 healthy: 161/400 records, workers alive
2026-07-31 11:44:35 healthy: 176/400 records, workers alive
2026-07-31 11:49:36 healthy: 193/400 records, workers alive
2026-07-31 11:54:37 healthy: 211/400 records, workers alive
2026-07-31 11:59:38 healthy: 225/400 records, workers alive
2026-07-31 12:04:39 healthy: 243/400 records, workers alive
2026-07-31 12:09:40 healthy: 258/400 records, workers alive
2026-07-31 12:14:41 healthy: 275/400 records, workers alive
2026-07-31 12:19:43 healthy: 290/400 records, workers alive
2026-07-31 12:24:44 healthy: 310/400 records, workers alive
2026-07-31 12:29:45 healthy: 322/400 records, workers alive
2026-07-31 12:34:47 healthy: 341/400 records, workers alive
2026-07-31 12:39:48 healthy: 355/400 records, workers alive
2026-07-31 12:44:50 healthy: 374/400 records, workers alive
2026-07-31 12:49:51 healthy: 392/400 records, workers alive
2026-07-31 12:54:53 DONE: 400/400 records
2026-07-31 12:54:55 [chain-local] cell meepleflat watch ended rc=0 (400/400 records)
2026-07-31 12:54:55 [chain-local] watching cell capoff (0/400)
2026-07-31 12:54:55 watchdog armed: glob=/mnt/c/carc-shared/leaf_ablation/abl_capoff/seed*_a*.json n=400 record_ext=.json pattern=seed-start 96000000000 relaunch=nice -n 19 bash /home/doctor/projects/carcassone/scripts/classical_search/leaf_ablation_launcher.sh 16 local
2026-07-31 12:59:55 healthy: 0/400 records, workers alive
2026-07-31 13:04:55 healthy: 3/400 records, workers alive
2026-07-31 13:09:55 healthy: 30/400 records, workers alive
2026-07-31 13:14:55 healthy: 32/400 records, workers alive
2026-07-31 13:19:55 healthy: 41/400 records, workers alive
2026-07-31 13:24:55 healthy: 48/400 records, workers alive
2026-07-31 13:29:56 healthy: 54/400 records, workers alive
2026-07-31 13:34:56 healthy: 63/400 records, workers alive
2026-07-31 13:39:56 healthy: 67/400 records, workers alive
2026-07-31 13:44:57 healthy: 79/400 records, workers alive
2026-07-31 13:49:57 healthy: 83/400 records, workers alive
2026-07-31 13:54:57 healthy: 94/400 records, workers alive
2026-07-31 13:59:58 healthy: 99/400 records, workers alive
2026-07-31 14:04:58 healthy: 111/400 records, workers alive
2026-07-31 14:09:59 healthy: 115/400 records, workers alive
2026-07-31 14:14:59 healthy: 126/400 records, workers alive
2026-07-31 14:20:00 healthy: 131/400 records, workers alive
2026-07-31 14:25:01 healthy: 142/400 records, workers alive
2026-07-31 14:30:01 healthy: 148/400 records, workers alive
2026-07-31 14:35:02 healthy: 158/400 records, workers alive
2026-07-31 14:40:03 healthy: 165/400 records, workers alive
2026-07-31 14:45:04 healthy: 171/400 records, workers alive
2026-07-31 14:50:05 healthy: 180/400 records, workers alive
2026-07-31 14:55:06 healthy: 183/400 records, workers alive
2026-07-31 15:00:07 healthy: 195/400 records, workers alive
2026-07-31 15:05:08 healthy: 199/400 records, workers alive
2026-07-31 15:10:09 healthy: 211/400 records, workers alive
2026-07-31 15:15:10 healthy: 214/400 records, workers alive
2026-07-31 15:20:11 healthy: 227/400 records, workers alive
2026-07-31 15:25:13 healthy: 234/400 records, workers alive
2026-07-31 15:30:14 healthy: 255/400 records, workers alive
2026-07-31 15:35:15 healthy: 268/400 records, workers alive
2026-07-31 15:40:17 healthy: 280/400 records, workers alive
2026-07-31 15:45:18 healthy: 288/400 records, workers alive
2026-07-31 15:50:19 healthy: 294/400 records, workers alive
2026-07-31 15:55:21 healthy: 302/400 records, workers alive
2026-07-31 16:00:22 healthy: 310/400 records, workers alive
2026-07-31 16:05:24 healthy: 316/400 records, workers alive
2026-07-31 16:10:25 healthy: 324/400 records, workers alive
2026-07-31 16:15:27 healthy: 331/400 records, workers alive
2026-07-31 16:20:28 healthy: 341/400 records, workers alive
2026-07-31 16:25:29 healthy: 347/400 records, workers alive
2026-07-31 16:30:31 healthy: 356/400 records, workers alive
2026-07-31 16:35:33 healthy: 364/400 records, workers alive
2026-07-31 16:40:34 healthy: 373/400 records, workers alive
2026-07-31 16:45:36 healthy: 384/400 records, workers alive
2026-07-31 16:50:38 healthy: 384/400 records, workers alive
2026-07-31 16:55:40 healthy: 384/400 records, workers alive
2026-07-31 17:00:42 healthy: 384/400 records, workers alive
2026-07-31 17:05:44 healthy: 384/400 records, workers alive
2026-07-31 17:10:46 healthy: 384/400 records, workers alive
2026-07-31 17:15:49 healthy: 384/400 records, workers alive
2026-07-31 17:20:51 healthy: 384/400 records, workers alive
2026-07-31 17:25:53 healthy: 384/400 records, workers alive
2026-07-31 17:30:56 healthy: 384/400 records, workers alive
2026-07-31 17:35:56 healthy: 384/400 records, workers alive
2026-07-31 17:40:59 healthy: 384/400 records, workers alive
2026-07-31 17:46:01 healthy: 384/400 records, workers alive
2026-07-31 17:51:03 healthy: 384/400 records, workers alive
2026-07-31 17:56:05 healthy: 384/400 records, workers alive
2026-07-31 18:01:08 healthy: 384/400 records, workers alive
2026-07-31 18:06:10 healthy: 384/400 records, workers alive
2026-07-31 18:11:12 healthy: 384/400 records, workers alive
2026-07-31 18:16:14 healthy: 384/400 records, workers alive
2026-07-31 18:21:16 healthy: 384/400 records, workers alive
2026-07-31 18:26:16 healthy: 384/400 records, workers alive
2026-07-31 18:31:17 healthy: 384/400 records, workers alive
2026-07-31 18:36:19 healthy: 384/400 records, workers alive
2026-07-31 18:41:20 healthy: 384/400 records, workers alive
2026-07-31 18:46:22 healthy: 384/400 records, workers alive
2026-07-31 18:51:23 healthy: 384/400 records, workers alive
2026-07-31 18:56:25 healthy: 384/400 records, workers alive
2026-07-31 19:01:27 healthy: 384/400 records, workers alive
2026-07-31 19:06:29 healthy: 384/400 records, workers alive
2026-07-31 19:11:31 healthy: 384/400 records, workers alive
2026-07-31 19:16:33 healthy: 384/400 records, workers alive
2026-07-31 19:21:33 healthy: 384/400 records, workers alive
2026-07-31 19:26:33 healthy: 384/400 records, workers alive
2026-07-31 19:31:34 healthy: 384/400 records, workers alive
