[gen] box=local W=14 out=/mnt/c/carc-shared/tiearb2_20260816/gen games=850 seed_start=28100000000
gen_fair_distill: games=850 k_dets=4 sims=688 (budget=2752) exact_endgame=True exact_max_k=2 sighted=False batch_size=1 rep=78ch/10sc leaf_hash=6dfffd57051690f2 net_mode=net-free (champion) | 0 cached, 850 to play, 14 workers, out=/mnt/c/carc-shared/tiearb2_20260816/gen
  10/850 games (61.7s/game, 1437 rows [1397 policy / 40 value-only], ~864 min left)
  20/850 games (58.0s/game, 2875 rows [2795 policy / 80 value-only], ~802 min left)
  30/850 games (51.0s/game, 4314 rows [4194 policy / 120 value-only], ~697 min left)
  40/850 games (47.9s/game, 5753 rows [5593 policy / 160 value-only], ~647 min left)
  50/850 games (48.0s/game, 7193 rows [6993 policy / 200 value-only], ~640 min left)
  60/850 games (48.5s/game, 8633 rows [8393 policy / 240 value-only], ~639 min left)
  70/850 games (46.6s/game, 10069 rows [9789 policy / 280 value-only], ~606 min left)
  80/850 games (46.7s/game, 11509 rows [11189 policy / 320 value-only], ~599 min left)
  90/850 games (46.0s/game, 12948 rows [12588 policy / 360 value-only], ~583 min left)
  100/850 games (45.6s/game, 14387 rows [13987 policy / 400 value-only], ~570 min left)
  110/850 games (45.2s/game, 15824 rows [15384 policy / 440 value-only], ~558 min left)
  120/850 games (45.1s/game, 17264 rows [16784 policy / 480 value-only], ~548 min left)
  130/850 games (45.3s/game, 18702 rows [18182 policy / 520 value-only], ~543 min left)
  140/850 games (45.1s/game, 20142 rows [19582 policy / 560 value-only], ~533 min left)
  150/850 games (44.0s/game, 21580 rows [20980 policy / 600 value-only], ~514 min left)
  160/850 games (44.5s/game, 23019 rows [22379 policy / 640 value-only], ~511 min left)
  170/850 games (44.5s/game, 24459 rows [23779 policy / 680 value-only], ~505 min left)
  180/850 games (43.8s/game, 25899 rows [25179 policy / 720 value-only], ~489 min left)
  190/850 games (43.9s/game, 27337 rows [26577 policy / 760 value-only], ~483 min left)
  200/850 games (44.0s/game, 28776 rows [27976 policy / 800 value-only], ~477 min left)
  210/850 games (43.4s/game, 30216 rows [29376 policy / 840 value-only], ~463 min left)
  220/850 games (43.6s/game, 31655 rows [30775 policy / 880 value-only], ~458 min left)
  230/850 games (43.3s/game, 33094 rows [32174 policy / 920 value-only], ~448 min left)
  240/850 games (43.5s/game, 34534 rows [33574 policy / 960 value-only], ~442 min left)
  250/850 games (43.2s/game, 35973 rows [34973 policy / 1000 value-only], ~432 min left)
  260/850 games (43.8s/game, 37412 rows [36372 policy / 1040 value-only], ~431 min left)
  270/850 games (43.5s/game, 38852 rows [37772 policy / 1080 value-only], ~420 min left)
  280/850 games (44.2s/game, 40290 rows [39170 policy / 1120 value-only], ~420 min left)
  290/850 games (45.2s/game, 41728 rows [40568 policy / 1160 value-only], ~422 min left)
  300/850 games (45.7s/game, 43167 rows [41967 policy / 1200 value-only], ~419 min left)
  310/850 games (46.9s/game, 44607 rows [43367 policy / 1240 value-only], ~422 min left)
  320/850 games (47.3s/game, 46045 rows [44765 policy / 1280 value-only], ~418 min left)
  330/850 games (47.2s/game, 47484 rows [46164 policy / 1320 value-only], ~409 min left)
[done] 332 games, 47772 rows (46444 policy / 1328 value-only), 0 skipped (15666.3s). shards in /mnt/c/carc-shared/tiearb2_20260816/gen
[sentinel] 850 games | any-event 701 | aborted 0 | drops row<0 3054 row>max 0 col<0 0 col>max 0 | row-wrap 3054 col-last 0 row-last 0 | overflow 0 | cloister deferrals 241 monk-pins 0 | rel rows [-6,12] cols [-13,11]
