[pilot] population=112 positions | n=112 | M=32 | policy=clair-puct | oracle_sims=100 | W=5
[pilot] out -> /mnt/c/carc-shared/tiearb2_20260816/main/chunk4/clair-puct/walled/leg3
[pilot] resume: 0 already done, 112 to go
[1/112] tt_sp_28100000023_p120 ok delta=+0.812 crn=True 55.893s
[2/112] tt_sp_28100000008_p120 ok delta=+0.375 crn=True 79.138s
[3/112] tt_sp_28100000014_p86 ok delta=+2.188 crn=True 148.377s
[4/112] tt_sp_28100000049_p86 ok delta=+3.438 crn=True 125.426s
[5/112] tt_sp_28100000000_p56 ok delta=+2.375 crn=True 184.003s
[6/112] tt_sp_28100000066_p128 ok delta=+0.812 crn=True 41.758s
[7/112] tt_sp_28100000067_p132 ok delta=-0.719 crn=True 29.323s
[8/112] tt_sp_28100000026_p6 ok delta=+0.375 crn=True 211.619s
[9/112] tt_sp_28100000064_p22 ok delta=-0.156 crn=True 215.977s
[10/112] tt_sp_28100000095_p118 ok delta=-0.719 crn=True 51.756s
[11/112] tt_sp_28100000089_p74 ok delta=-7.656 crn=True 137.051s
[12/112] tt_sp_28100000085_p70 ok delta=-2.375 crn=True 183.592s
[13/112] tt_sp_28100000074_p2 ok delta=+0.812 crn=True 213.104s
[14/112] tt_sp_28100000070_p16 ok delta=+2.594 crn=True 223.131s
[15/112] tt_sp_28100000109_p96 ok delta=+1.719 crn=True 95.418s
[16/112] tt_sp_28100000153_p98 ok delta=+1.312 crn=True 91.096s
[17/112] tt_sp_28100000111_p10 ok delta=-4.938 crn=True 216.947s
[18/112] tt_sp_28100000129_p58 ok delta=+1.375 crn=True 177.32s
[19/112] tt_sp_28100000112_p2 ok delta=-0.469 crn=True 219.252s
[20/112] tt_sp_28100000163_p86 ok delta=-1.625 crn=True 132.752s
[21/112] tt_sp_28100000158_p4 ok delta=+0.625 crn=True 221.876s
[22/112] tt_sp_28100000171_p102 ok delta=+1.375 crn=True 117.876s
[23/112] tt_sp_28100000189_p68 ok delta=-5.219 crn=True 123.343s
[24/112] tt_sp_28100000204_p130 ok delta=+0.000 crn=True 19.661s
[25/112] tt_sp_28100000172_p6 ok delta=+4.250 crn=True 212.857s
[26/112] tt_sp_28100000196_p82 ok delta=-3.250 crn=True 129.052s
[27/112] tt_sp_28100000211_p130 ok delta=+0.562 crn=True 41.197s
[28/112] tt_sp_28100000190_p78 ok delta=-4.844 crn=True 164.583s
[29/112] tt_sp_28100000174_p4 ok delta=-2.125 crn=True 229.187s
[30/112] tt_sp_28100000248_p130 ok delta=+0.000 crn=True 22.723s
[31/112] tt_sp_28100000248_p86 ok delta=-2.000 crn=True 92.252s
[32/112] tt_sp_28100000235_p87 ok delta=+5.188 crn=True 152.214s
[33/112] tt_sp_28100000234_p74 ok delta=-1.656 crn=True 165.124s
[34/112] tt_sp_28100000261_p118 ok delta=+0.656 crn=True 57.924s
[35/112] tt_sp_28100000213_p6 ok delta=+2.562 crn=True 215.407s
[36/112] tt_sp_28100000275_p119 ok delta=-0.094 crn=True 62.665s
[37/112] tt_sp_28100000285_p142 ok delta=+2.000 crn=True 2.487s
[38/112] tt_sp_28100000249_p38 ok delta=+2.250 crn=True 201.362s
[39/112] tt_sp_28100000316_p106 ok delta=-2.844 crn=True 97.517s
[40/112] tt_sp_28100000275_p65 ok delta=+2.062 crn=True 151.555s
[41/112] tt_sp_28100000268_p10 ok delta=+2.406 crn=True 209.287s
[42/112] tt_sp_28100000321_p108 ok delta=+0.750 crn=True 66.552s
[43/112] tt_sp_28100000279_p56 ok delta=+1.062 crn=True 208.568s
[44/112] tt_sp_28100000317_p6 ok delta=+1.469 crn=True 223.397s
[45/112] tt_sp_28100000345_p98 ok delta=+2.062 crn=True 88.808s
[46/112] tt_sp_28100000321_p22 ok delta=+1.844 crn=True 200.906s
[47/112] tt_sp_28100000326_p52 ok delta=-0.531 crn=True 197.201s
[48/112] tt_sp_28100000335_p52 ok delta=+2.562 crn=True 192.167s
[49/112] tt_sp_28100000364_p72 ok delta=-1.938 crn=True 157.747s
[50/112] tt_sp_28100000364_p90 ok delta=-0.094 crn=True 136.735s
[51/112] tt_sp_28100000346_p2 ok delta=-1.594 crn=True 217.7s
[52/112] tt_sp_28100000377_p137 ok delta=+0.750 crn=True 13.636s
[53/112] tt_sp_28100000365_p110 ok delta=+2.000 crn=True 96.671s
[54/112] tt_sp_28100000423_p142 ok delta=+2.000 crn=True 2.702s
[55/112] tt_sp_28100000365_p10 ok delta=-1.375 crn=True 214.939s
[56/112] tt_sp_28100000428_p100 ok delta=+1.062 crn=True 96.886s
[57/112] tt_sp_28100000407_p88 ok delta=-1.906 crn=True 126.47s
[58/112] tt_sp_28100000403_p58 ok delta=-1.594 crn=True 171.103s
[59/112] tt_sp_28100000369_p22 ok delta=+2.000 crn=True 201.919s
[60/112] tt_sp_28100000438_p108 ok delta=+1.219 crn=True 97.978s
[61/112] tt_sp_28100000500_p122 ok delta=-0.312 crn=True 38.398s
[62/112] tt_sp_28100000488_p118 ok delta=+8.125 crn=True 83.276s
[63/112] tt_sp_28100000445_p26 ok delta=-4.156 crn=True 209.838s
[64/112] tt_sp_28100000449_p6 ok delta=-0.062 crn=True 210.549s
[65/112] tt_sp_28100000513_p56 ok delta=+0.219 crn=True 182.127s
[66/112] tt_sp_28100000514_p69 ok delta=+9.500 crn=True 174.433s
[67/112] tt_sp_28100000517_p70 ok delta=-1.594 crn=True 179.045s
[68/112] tt_sp_28100000518_p42 ok delta=-3.688 crn=True 198.124s
[69/112] tt_sp_28100000541_p68 ok delta=-1.000 crn=True 133.612s
[70/112] tt_sp_28100000539_p82 ok delta=+5.750 crn=True 156.178s
[71/112] tt_sp_28100000536_p20 ok delta=+0.375 crn=True 217.319s
[72/112] tt_sp_28100000581_p118 ok delta=+7.094 crn=True 55.44s
[73/112] tt_sp_28100000552_p46 ok delta=-2.219 crn=True 179.895s
[74/112] tt_sp_28100000606_p132 ok delta=-0.062 crn=True 22.541s
[75/112] tt_sp_28100000599_p92 ok delta=+1.438 crn=True 121.858s
[76/112] tt_sp_28100000629_p140 ok delta=+0.000 crn=True 6.473s
[77/112] tt_sp_28100000565_p3 ok delta=-8.781 crn=True 213.895s
[78/112] tt_sp_28100000619_p90 ok delta=+3.906 crn=True 89.627s
[79/112] tt_sp_28100000583_p62 ok delta=+3.500 crn=True 174.361s
[80/112] tt_sp_28100000572_p2 ok delta=-7.125 crn=True 222.533s
[81/112] tt_sp_28100000641_p138 ok delta=+0.000 crn=True 10.924s
[82/112] tt_sp_28100000638_p117 ok delta=-1.188 crn=True 71.593s
[83/112] tt_sp_28100000646_p108 ok delta=-0.688 crn=True 78.529s
[84/112] tt_sp_28100000639_p86 ok delta=+4.781 crn=True 115.321s
[85/112] tt_sp_28100000677_p126 ok delta=+0.125 crn=True 34.374s
[86/112] tt_sp_28100000632_p32 ok delta=+2.469 crn=True 205.714s
[87/112] tt_sp_28100000637_p22 ok delta=-1.625 crn=True 214.612s
[88/112] tt_sp_28100000681_p104 ok delta=+1.938 crn=True 93.387s
[89/112] tt_sp_28100000686_p131 ok delta=+0.438 crn=True 19.297s
[90/112] tt_sp_28100000649_p10 ok delta=-1.656 crn=True 206.458s
[91/112] tt_sp_28100000681_p48 ok delta=-2.906 crn=True 184.81s
[92/112] tt_sp_28100000688_p74 ok delta=-0.812 crn=True 162.424s
[93/112] tt_sp_28100000700_p106 ok delta=-0.344 crn=True 117.624s
[94/112] tt_sp_28100000696_p16 ok delta=+2.188 crn=True 200.549s
[95/112] tt_sp_28100000692_p2 ok delta=+0.000 crn=True 216.06s
[96/112] tt_sp_28100000705_p88 ok delta=+5.531 crn=True 141.47s
[97/112] tt_sp_28100000719_p102 ok delta=+0.500 crn=True 108.504s
[98/112] tt_sp_28100000724_p100 ok delta=+0.219 crn=True 110.014s
[99/112] tt_sp_28100000737_p126 ok delta=-1.125 crn=True 48.393s
[100/112] tt_sp_28100000716_p56 ok delta=+0.719 crn=True 210.633s
[101/112] tt_sp_28100000726_p50 ok delta=-1.594 crn=True 178.254s
[102/112] tt_sp_28100000727_p18 ok delta=-3.062 crn=True 214.874s
[103/112] tt_sp_28100000734_p56 ok delta=-0.750 crn=True 183.747s
[104/112] tt_sp_28100000739_p78 ok delta=+1.844 crn=True 143.624s
[105/112] tt_sp_28100000752_p70 ok delta=+1.781 crn=True 158.455s
[106/112] tt_sp_28100000760_p72 ok delta=+2.438 crn=True 154.851s
[107/112] tt_sp_28100000825_p128 ok delta=-3.812 crn=True 31.298s
[108/112] tt_sp_28100000814_p122 ok delta=-7.250 crn=True 90.07s
[109/112] tt_sp_28100000824_p120 ok delta=-2.031 crn=True 73.888s
[110/112] tt_sp_28100000813_p42 ok delta=-0.844 crn=True 196.405s
[111/112] tt_sp_28100000812_p10 ok delta=+3.719 crn=True 204.443s
[112/112] tt_sp_28100000838_p76 ok delta=-4.375 crn=True 126.742s

=== ORACLE-SCORE PILOT SUMMARY ===
{
  "n_positions": 112,
  "m_worlds": 32,
  "sd_delta_positions": 2.9766939998719506,
  "mean_delta_pts": 0.14927455357142858,
  "se_mean_delta": 0.2812711447428326,
  "z_pilot_observed": 0.5307140684762063,
  "mean_within_position_var": 170.8052725374424,
  "var_between_positions_est": 3.5230424020785973,
  "sd_delta_projected_by_m": {
    "8": 4.987354155186786,
    "16": 3.7680727083840546,
    "32": 2.9766939998719506,
    "64": 2.488347802353227
  },
  "median_crn_var_reduction": 1.470842101682065,
  "n_positions_perfect_pairing": 5,
  "n_positions_identical_afterstates": 0,
  "assumed_effect_pts": 0.07,
  "implied_z_full_run": {
    "N=265_at_M=32": 0.38281309458614105,
    "N=112_at_M=32": 0.24887017850338433,
    "N=112_at_M=8": 0.14853775048793194,
    "N=112_at_M=16": 0.19660193006620177,
    "N=112_at_M=64": 0.2977117452783337
  },
  "memo_power_fork": {
    "note": "memo \u00a74.2: sd ~0.5 pts => z ~2.2 (fund the full run); sd ~1.5 pts => z ~0.75 (do not). Read sd_delta_positions against this.",
    "z_if_sd_0.5": 2.279034883453959,
    "z_if_sd_1.5": 0.7596782944846531
  },
  "caveat": "The pilot's own mean_delta is a 20-position SCREEN, NOT a verdict on whether budget improves the move. The deliverable is the sd.",
  "schema": "carcassonne-oracle-score-pilot/v1",
  "oracle_policy": "clair-puct",
  "n_attempted": 112,
  "n_failed": 0,
  "crn_verified_all": true,
  "population_disagreements": 112,
  "wall_secs": 3141.7,
  "manifest": "/mnt/c/carc-shared/tiearb2_20260816/main/chunk4/clair-puct/walled/leg3/manifest.json"
}
