[main] 2026-08-16T20:29:09-04:00 box=local judge=clair-puct W=30 chunks='1 2 3 4'
[main] share-run=/mnt/c/carc-shared/tiearb2_20260816  log=/home/doctor/projects/carcassone/measurement/tiearb2_20260816/logs/main_local_clair-puct_20260817T002909Z.log
[main] G-DISJOINT: passed
[main] PILOT.json: B* = 2, rho_wall(B*) = 1.1906, c_tier1 = 2.7274
[main] chunk1: 337 rids match POSITION_ORDER, 4 leg file(s)
[main] chunk2: 338 rids match POSITION_ORDER, 4 leg file(s)
[main] chunk3: 337 rids match POSITION_ORDER, 4 leg file(s)
[main] chunk4: 338 rids match POSITION_ORDER, 4 leg file(s)
[main] POSITION_ORDER.json verified (seed 20260816, n=1350, sizes=[337, 338, 337, 338])
[main] ---- process census ----
    PID     ELAPSED %CPU COMMAND
[main] no python
0.39 6.25 11.42 1/836 1175197
[main] ===== chunk 1 -> /mnt/c/carc-shared/tiearb2_20260816/main/chunk1
[main] EXACT: nice -n 19 /home/doctor/projects/carcassone/.venv/bin/python /home/doctor/projects/carcassone/scripts/tiletie/run_tiletie.py --positions-dir /home/doctor/projects/carcassone/measurement/tiearb2_20260816/positions_chunk1 --judges clair-puct --m 32 --oracle-sims 100 --workers 30 --out-root /mnt/c/carc-shared/tiearb2_20260816/main/chunk1 --logs-dir /home/doctor/projects/carcassone/measurement/tiearb2_20260816/logs --gate-out /home/doctor/projects/carcassone/measurement/tiearb2_20260816/GATE_BACKEND_RECHECK_clair-puct_chunk1.json --manifest-out /home/doctor/projects/carcassone/measurement/tiearb2_20260816/RUN_MANIFEST_clair-puct_chunk1.json --resume --yes

[run_tiletie] PREFLIGHT FAILED -- refusing to launch.
[preflight] gate: PASS
    verdict: PASS
    mismatches: []
    positions: 8
    field_checks: 376
    path: /home/doctor/projects/carcassone/measurement/tiearb2_20260816/GATE_BACKEND_RECHECK_clair-puct_chunk1.json
    cmd: ['/home/doctor/projects/carcassone/.venv/bin/python', '/home/doctor/projects/carcassone/scripts/rustport/gate_oracle_pilot_backend.py', '--positions', '8', '--m', '2', '--workers', '30', '--out', '/home/doctor/projects/carcassone/measurement/tiearb2_20260816/GATE_BACKEND_RECHECK_clair-puct_chunk1.json']
    returncode: 0
[preflight] leaf_hash: PASS
    harness_leaf_hash: a36d2e15a3b3d71d
    expected: a36d2e15a3b3d71d
[preflight] process census (informational):
  loadavg: 3.23 5.89 10.82 1/845 1176016
  ps (top 15 by etime):
    PID     ELAPSED %CPU COMMAND
1175199       01:25  0.1 python
[preflight] git_clean: PASS
    git_rev: 503bcce9
    dirty_paths: []
[preflight] positions: FAIL
    problems: ['missing positions file for leg walled/leg1: measurement/tiearb2_20260816/positions_chunk1/positions_walled_leg1.jsonl', 'missing positions file for leg walled/leg2: measurement/tiearb2_20260816/positions_chunk1/positions_walled_leg2.jsonl', 'missing positions file for leg walled/leg3: measurement/tiearb2_20260816/positions_chunk1/positions_walled_leg3.jsonl', 'missing positions file for leg walled/leg4: measurement/tiearb2_20260816/positions_chunk1/positions_walled_leg4.jsonl']
    n_leg_files: 4
    plan_path: /home/doctor/projects/carcassone/measurement/tiearb2_20260816/positions_chunk1/POSITIONS_PLAN.json
    arms_path: /home/doctor/projects/carcassone/measurement/tiearb2_20260816/positions_chunk1/ARMS.json
[main] chunk1 rc=2 2026-08-16T20:30:33-04:00
[main] chunk1 FAILED — continuing to next chunk
[main] ===== chunk 2 -> /mnt/c/carc-shared/tiearb2_20260816/main/chunk2
[main] EXACT: nice -n 19 /home/doctor/projects/carcassone/.venv/bin/python /home/doctor/projects/carcassone/scripts/tiletie/run_tiletie.py --positions-dir /home/doctor/projects/carcassone/measurement/tiearb2_20260816/positions_chunk2 --judges clair-puct --m 32 --oracle-sims 100 --workers 30 --out-root /mnt/c/carc-shared/tiearb2_20260816/main/chunk2 --logs-dir /home/doctor/projects/carcassone/measurement/tiearb2_20260816/logs --gate-out /home/doctor/projects/carcassone/measurement/tiearb2_20260816/GATE_BACKEND_RECHECK_clair-puct_chunk2.json --manifest-out /home/doctor/projects/carcassone/measurement/tiearb2_20260816/RUN_MANIFEST_clair-puct_chunk2.json --resume --yes

[run_tiletie] PREFLIGHT FAILED -- refusing to launch.
[preflight] gate: PASS
    verdict: PASS
    mismatches: []
    positions: 8
    field_checks: 376
    path: /home/doctor/projects/carcassone/measurement/tiearb2_20260816/GATE_BACKEND_RECHECK_clair-puct_chunk2.json
    cmd: ['/home/doctor/projects/carcassone/.venv/bin/python', '/home/doctor/projects/carcassone/scripts/rustport/gate_oracle_pilot_backend.py', '--positions', '8', '--m', '2', '--workers', '30', '--out', '/home/doctor/projects/carcassone/measurement/tiearb2_20260816/GATE_BACKEND_RECHECK_clair-puct_chunk2.json']
    returncode: 0
[preflight] leaf_hash: PASS
    harness_leaf_hash: a36d2e15a3b3d71d
    expected: a36d2e15a3b3d71d
[preflight] process census (informational):
  loadavg: 3.89 5.69 10.33 1/833 1176763
  ps (top 15 by etime):
    PID     ELAPSED %CPU COMMAND
1176036       01:24  0.1 python
[preflight] git_clean: PASS
    git_rev: 503bcce9
    dirty_paths: []
[preflight] positions: FAIL
    problems: ['missing positions file for leg walled/leg1: measurement/tiearb2_20260816/positions_chunk2/positions_walled_leg1.jsonl', 'missing positions file for leg walled/leg2: measurement/tiearb2_20260816/positions_chunk2/positions_walled_leg2.jsonl', 'missing positions file for leg walled/leg3: measurement/tiearb2_20260816/positions_chunk2/positions_walled_leg3.jsonl', 'missing positions file for leg walled/leg4: measurement/tiearb2_20260816/positions_chunk2/positions_walled_leg4.jsonl']
    n_leg_files: 4
    plan_path: /home/doctor/projects/carcassone/measurement/tiearb2_20260816/positions_chunk2/POSITIONS_PLAN.json
    arms_path: /home/doctor/projects/carcassone/measurement/tiearb2_20260816/positions_chunk2/ARMS.json
[main] chunk2 rc=2 2026-08-16T20:31:56-04:00
[main] chunk2 FAILED — continuing to next chunk
[main] ===== chunk 3 -> /mnt/c/carc-shared/tiearb2_20260816/main/chunk3
[main] EXACT: nice -n 19 /home/doctor/projects/carcassone/.venv/bin/python /home/doctor/projects/carcassone/scripts/tiletie/run_tiletie.py --positions-dir /home/doctor/projects/carcassone/measurement/tiearb2_20260816/positions_chunk3 --judges clair-puct --m 32 --oracle-sims 100 --workers 30 --out-root /mnt/c/carc-shared/tiearb2_20260816/main/chunk3 --logs-dir /home/doctor/projects/carcassone/measurement/tiearb2_20260816/logs --gate-out /home/doctor/projects/carcassone/measurement/tiearb2_20260816/GATE_BACKEND_RECHECK_clair-puct_chunk3.json --manifest-out /home/doctor/projects/carcassone/measurement/tiearb2_20260816/RUN_MANIFEST_clair-puct_chunk3.json --resume --yes
