[main] 2026-08-16T20:33:51-04:00 box=local judge=clair-puct W=30 chunks='1'
[main] share-run=/mnt/c/carc-shared/tiearb2_20260816  log=/home/doctor/projects/carcassone/measurement/tiearb2_20260816/logs/main_local_clair-puct_20260817T003351Z.log
[main] G-DISJOINT: passed
[main] PILOT.json: B* = 2, rho_wall(B*) = 1.1906, c_tier1 = 2.7274
[main] chunk1: 337 rids match POSITION_ORDER, 4 leg file(s)
[main] POSITION_ORDER.json verified (seed 20260816, n=1350, sizes=[337, 338, 337, 338])
[main] ---- process census ----
    PID     ELAPSED %CPU COMMAND
[main] no python
1.91 4.74 9.47 1/846 1177580
[main] ===== chunk 1 -> /mnt/c/carc-shared/tiearb2_20260816/main/chunk1
[main] EXACT: nice -n 19 /home/doctor/projects/carcassone/.venv/bin/python /home/doctor/projects/carcassone/scripts/tiletie/run_tiletie.py --positions-dir /home/doctor/projects/carcassone/measurement/tiearb2_20260816/positions_chunk1 --judges clair-puct --m 32 --oracle-sims 100 --workers 30 --out-root /mnt/c/carc-shared/tiearb2_20260816/main/chunk1 --logs-dir /home/doctor/projects/carcassone/measurement/tiearb2_20260816/logs --gate-out /home/doctor/projects/carcassone/measurement/tiearb2_20260816/GATE_BACKEND_RECHECK_clair-puct_chunk1.json --manifest-out /home/doctor/projects/carcassone/measurement/tiearb2_20260816/RUN_MANIFEST_clair-puct_chunk1.json --resume --yes
[preflight] gate: PASS
    verdict: PASS
    mismatches: []
    positions: 8
    field_checks: 376
    path: /home/doctor/projects/carcassone/measurement/tiearb2_20260816/GATE_BACKEND_RECHECK_clair-puct_chunk1.json
    cmd: ['/home/doctor/projects/carcassone/.venv/bin/python', '/home/doctor/projects/carcassone/scripts/rustport/gate_oracle_pilot_backend.py', '--positions', '8', '--m', '2', '--workers', '30', '--out', '/home/doctor/projects/carcassone/measurement/tiearb2_20260816/GATE_BACKEND_RECHECK_clair-puct_chunk1.json']
    returncode: 0
[preflight] leaf_hash: PASS
    harness_leaf_hash: a36d2e15a3b3d71d
    expected: a36d2e15a3b3d71d
[preflight] process census (informational):
  loadavg: 3.49 4.73 9.06 1/830 1177674
  ps (top 15 by etime):
    PID     ELAPSED %CPU COMMAND
1177582       01:25  0.1 python
[preflight] git_clean: PASS
    git_rev: 503bcce9
    dirty_paths: []
[preflight] positions: PASS
    problems: []
    n_leg_files: 4
    plan_path: /home/doctor/projects/carcassone/measurement/tiearb2_20260816/positions_chunk1/POSITIONS_PLAN.json
    arms_path: /home/doctor/projects/carcassone/measurement/tiearb2_20260816/positions_chunk1/ARMS.json

[run_tiletie] plan: n_positions=337 (e4=0 selfplay=337) max_arms=5 mean_arms=2.96 cap_j=4 capped=54
[run_tiletie] total_arm_playouts=42368 oracle_worker_secs=92290.2 champ_pick_secs=0.0
[run_tiletie] ETA at 20: 1.282 h (4615 s)
[run_tiletie] ETA at 30: 0.855 h (3076 s)
[run_tiletie] ===== launch clair-puct/walled/leg1 (R9=0, W=15, n=337) -> leg_clair-puct_walled_leg1.log
[run_tiletie] ===== launch clair-puct/walled/leg2 (R9=0, W=9, n=191) -> leg_clair-puct_walled_leg2.log
[run_tiletie] ===== launch clair-puct/walled/leg3 (R9=0, W=5, n=104) -> leg_clair-puct_walled_leg3.log
[run_tiletie] ===== launch clair-puct/walled/leg4 (R9=0, W=1, n=30) -> leg_clair-puct_walled_leg4.log
Terminated
[main] chunk1 rc=143 2026-08-16T20:36:12-04:00
[main] chunk1 FAILED — continuing to next chunk
[main] merge: copied=4 duplicates=0 -> /mnt/c/carc-shared/tiearb2_20260816/main/merged/clair-puct
[main] records now under /mnt/c/carc-shared/tiearb2_20260816/main/merged/clair-puct: 0
[main] DONE box=local judge=clair-puct rc_all=143 2026-08-16T20:36:12-04:00
