[denial_e4] 18 archives, 0 already done, 18 to grade; doses=[1.0, 4.0] size_min=5.0 open_max=3
  [1786337185_638286] ply 15/142 graded=8 8s
  [1786337185_638286] ply 31/142 graded=16 22s
  [1786337185_638286] ply 47/142 graded=24 40s
  [1786337185_638286] ply 66/142 graded=32 66s
  [1786337185_638286] ply 83/142 graded=40 99s
  [1786337185_638286] ply 110/142 graded=48 130s
  [1786337185_638286] ply 134/142 graded=56 160s
[denial_e4] 1786337185_638286: profile=fixed_v1 graded=56 flips={'d1': 5, 'd4': 6} agree_archive=40/56 (160.4s)
  [1786329790_523563] ply 15/142 graded=8 8s
  [1786329790_523563] ply 31/142 graded=16 22s
  [1786329790_523563] ply 50/142 graded=24 39s
  [1786329790_523563] ply 66/142 graded=32 65s
  [1786329790_523563] ply 82/142 graded=40 98s
  [1786329790_523563] ply 98/142 graded=48 138s
  [1786329790_523563] ply 130/142 graded=56 163s
[denial_e4] 1786329790_523563: profile=fixed_v1 graded=57 flips={'d1': 5, 'd4': 13} agree_archive=40/57 (165.8s)
  [1786325073_523563] ply 15/142 graded=8 9s
  [1786325073_523563] ply 31/142 graded=16 22s
  [1786325073_523563] ply 50/142 graded=24 42s
  [1786325073_523563] ply 67/142 graded=32 68s
  [1786325073_523563] ply 83/142 graded=40 98s
  [1786325073_523563] ply 99/142 graded=48 130s
  [1786325073_523563] ply 115/142 graded=56 174s
[denial_e4] 1786325073_523563: profile=fixed_v1 graded=63 flips={'d1': 19, 'd4': 30} agree_archive=49/63 (210.4s)
  [1786243458_1382293676] ply 15/142 graded=8 9s
  [1786243458_1382293676] ply 31/142 graded=16 30s
  [1786243458_1382293676] ply 47/142 graded=24 53s
  [1786243458_1382293676] ply 63/142 graded=32 82s
  [1786243458_1382293676] ply 79/142 graded=40 114s
  [1786243458_1382293676] ply 98/142 graded=48 150s
  [1786243458_1382293676] ply 114/142 graded=56 191s
[denial_e4] 1786243458_1382293676: profile=fixed_v1 graded=63 flips={'d1': 10, 'd4': 21} agree_archive=45/63 (221.2s)
  [1786242001_49628] ply 15/142 graded=8 9s
  [1786242001_49628] ply 31/142 graded=16 22s
  [1786242001_49628] ply 47/142 graded=24 40s
  [1786242001_49628] ply 66/142 graded=32 60s
  [1786242001_49628] ply 82/142 graded=40 95s
  [1786242001_49628] ply 98/142 graded=48 128s
  [1786242001_49628] ply 123/142 graded=56 162s
[denial_e4] 1786242001_49628: profile=fixed_v1 graded=62 flips={'d1': 7, 'd4': 12} agree_archive=45/62 (188.8s)
  [1786142936_703591] ply 15/142 graded=8 9s
  [1786142936_703591] ply 31/142 graded=16 23s
  [1786142936_703591] ply 47/142 graded=24 42s
  [1786142936_703591] ply 63/142 graded=32 65s
  [1786142936_703591] ply 90/142 graded=40 101s
  [1786142936_703591] ply 115/142 graded=48 142s
  [1786142936_703591] ply 131/142 graded=56 182s
[denial_e4] 1786142936_703591: profile=fixed_v1 graded=57 flips={'d1': 8, 'd4': 11} agree_archive=43/57 (187.0s)
  [1786118143_1621601234] ply 16/141 graded=8 8s
  [1786118143_1621601234] ply 32/141 graded=16 23s
  [1786118143_1621601234] ply 48/141 graded=24 43s
  [1786118143_1621601234] ply 64/141 graded=32 69s
  [1786118143_1621601234] ply 95/141 graded=40 96s
  [1786118143_1621601234] ply 116/141 graded=48 132s
  [1786118143_1621601234] ply 132/141 graded=56 180s
[denial_e4] 1786118143_1621601234: profile=fixed_v1 graded=56 flips={'d1': 9, 'd4': 19} agree_archive=35/56 (180.2s)
  [1786116818_134510] ply 18/142 graded=8 8s
  [1786116818_134510] ply 34/142 graded=16 23s
  [1786116818_134510] ply 50/142 graded=24 42s
  [1786116818_134510] ply 66/142 graded=32 65s
  [1786116818_134510] ply 82/142 graded=40 95s
  [1786116818_134510] ply 99/142 graded=48 131s
  [1786116818_134510] ply 118/142 graded=56 180s
  [1786116818_134510] ply 134/142 graded=64 215s
[denial_e4] 1786116818_134510: profile=fixed_v1 graded=65 flips={'d1': 4, 'd4': 12} agree_archive=48/65 (220.8s)
  [1786113542_627623] ply 15/141 graded=8 8s
  [1786113542_627623] ply 31/141 graded=16 23s
  [1786113542_627623] ply 47/141 graded=24 43s
  [1786113542_627623] ply 64/141 graded=32 71s
  [1786113542_627623] ply 80/141 graded=40 104s
  [1786113542_627623] ply 96/141 graded=48 144s
  [1786113542_627623] ply 115/141 graded=56 179s
[denial_e4] 1786113542_627623: profile=fixed_v1 graded=63 flips={'d1': 2, 'd4': 7} agree_archive=52/63 (234.5s)
  [1786076853_2116173857] ply 15/142 graded=8 8s
  [1786076853_2116173857] ply 31/142 graded=16 21s
  [1786076853_2116173857] ply 51/142 graded=24 42s
  [1786076853_2116173857] ply 67/142 graded=32 66s
  [1786076853_2116173857] ply 83/142 graded=40 98s
  [1786076853_2116173857] ply 102/142 graded=48 137s
  [1786076853_2116173857] ply 126/142 graded=56 183s
[denial_e4] 1786076853_2116173857: profile=fixed_v1 graded=58 flips={'d1': 5, 'd4': 5} agree_archive=46/58 (192.4s)
  [1786074812_935815] ply 15/142 graded=8 8s
  [1786074812_935815] ply 31/142 graded=16 23s
  [1786074812_935815] ply 47/142 graded=24 45s
  [1786074812_935815] ply 63/142 graded=32 73s
  [1786074812_935815] ply 94/142 graded=40 98s
  [1786074812_935815] ply 114/142 graded=48 134s
[denial_e4] 1786074812_935815: profile=fixed_v1 graded=55 flips={'d1': 19, 'd4': 23} agree_archive=46/55 (167.5s)
  [1786045035_338139] ply 15/142 graded=8 9s
  [1786045035_338139] ply 31/142 graded=16 23s
  [1786045035_338139] ply 47/142 graded=24 42s
  [1786045035_338139] ply 63/142 graded=32 67s
  [1786045035_338139] ply 79/142 graded=40 99s
  [1786045035_338139] ply 103/142 graded=48 140s
  [1786045035_338139] ply 134/142 graded=56 176s
[denial_e4] 1786045035_338139: profile=fixed_v1 graded=56 flips={'d1': 2, 'd4': 4} agree_archive=35/56 (176.3s)
  [1785986044_1911511187] ply 15/142 graded=8 8s
  [1785986044_1911511187] ply 34/142 graded=16 22s
  [1785986044_1911511187] ply 50/142 graded=24 36s
  [1785986044_1911511187] ply 66/142 graded=32 61s
  [1785986044_1911511187] ply 82/142 graded=40 89s
  [1785986044_1911511187] ply 98/142 graded=48 124s
  [1785986044_1911511187] ply 114/142 graded=56 167s
  [1785986044_1911511187] ply 134/142 graded=64 207s
[denial_e4] 1785986044_1911511187: profile=fixed_v1 graded=64 flips={'d1': 9, 'd4': 18} agree_archive=46/64 (207.5s)
  [1785984310_1698417952] ply 18/142 graded=8 9s
  [1785984310_1698417952] ply 34/142 graded=16 24s
  [1785984310_1698417952] ply 50/142 graded=24 43s
  [1785984310_1698417952] ply 66/142 graded=32 66s
  [1785984310_1698417952] ply 83/142 graded=40 96s
  [1785984310_1698417952] ply 99/142 graded=48 127s
  [1785984310_1698417952] ply 115/142 graded=56 166s
[denial_e4] 1785984310_1698417952: profile=fixed_v1 graded=63 flips={'d1': 16, 'd4': 23} agree_archive=52/63 (198.5s)
  [1785982194_705585] ply 15/142 graded=8 9s
  [1785982194_705585] ply 34/142 graded=16 22s
  [1785982194_705585] ply 50/142 graded=24 43s
  [1785982194_705585] ply 66/142 graded=32 70s
  [1785982194_705585] ply 90/142 graded=40 98s
  [1785982194_705585] ply 118/142 graded=48 128s
[denial_e4] 1785982194_705585: profile=fixed_v1 graded=53 flips={'d1': 9, 'd4': 13} agree_archive=36/53 (155.2s)
  [1785975832_66810] ply 15/142 graded=8 10s
  [1785975832_66810] ply 31/142 graded=16 24s
  [1785975832_66810] ply 50/142 graded=24 45s
  [1785975832_66810] ply 66/142 graded=32 71s
  [1785975832_66810] ply 82/142 graded=40 99s
  [1785975832_66810] ply 98/142 graded=48 135s
  [1785975832_66810] ply 123/142 graded=56 175s
[denial_e4] 1785975832_66810: profile=app_aug2 graded=62 flips={'d1': 6, 'd4': 13} agree_archive=39/62 (209.8s)
  [1785466497_161583] ply 15/144 graded=8 2s
  [1785466497_161583] ply 38/144 graded=16 5s
  [1785466497_161583] ply 54/144 graded=24 10s
  [1785466497_161583] ply 70/144 graded=32 17s
  [1785466497_161583] ply 90/144 graded=40 24s
  [1785466497_161583] ply 107/144 graded=48 32s
  [1785466497_161583] ply 123/144 graded=56 38s
[denial_e4] 1785466497_161583: profile=walled graded=62 flips={'d1': 5, 'd4': 9} agree_archive=45/62 (43.0s)
  [1785205383_867966] ply 15/144 graded=8 2s
  [1785205383_867966] ply 31/144 graded=16 5s
  [1785205383_867966] ply 47/144 graded=24 9s
  [1785205383_867966] ply 63/144 graded=32 14s
  [1785205383_867966] ply 79/144 graded=40 20s
  [1785205383_867966] ply 95/144 graded=48 27s
  [1785205383_867966] ply 114/144 graded=56 35s
  [1785205383_867966] ply 135/144 graded=64 50s
[denial_e4] 1785205383_867966: profile=walled graded=64 flips={'d1': 7, 'd4': 19} agree_archive=47/64 (49.7s)
[denial_e4] rollup: 18 games, 1079 graded plies, flip rates {'d1': 0.13623725671918444, 'd4': 0.2391102873030584} -> /home/doctor/projects/carcassone/measurement/denial_screen_20260811/calib_B_loose/SUMMARY.json
