[denial_e4] 18 archives, 0 already done, 18 to grade; doses=[1.0, 4.0] size_min=8.0 open_max=2
  [1786337185_638286] ply 15/142 graded=8 8s
  [1786337185_638286] ply 31/142 graded=16 22s
  [1786337185_638286] ply 47/142 graded=24 43s
  [1786337185_638286] ply 66/142 graded=32 71s
  [1786337185_638286] ply 83/142 graded=40 104s
  [1786337185_638286] ply 110/142 graded=48 135s
  [1786337185_638286] ply 134/142 graded=56 165s
[denial_e4] 1786337185_638286: profile=fixed_v1 graded=56 flips={'d1': 1, 'd4': 1} agree_archive=40/56 (165.4s)
  [1786329790_523563] ply 15/142 graded=8 9s
  [1786329790_523563] ply 31/142 graded=16 22s
  [1786329790_523563] ply 50/142 graded=24 40s
  [1786329790_523563] ply 66/142 graded=32 68s
  [1786329790_523563] ply 82/142 graded=40 102s
  [1786329790_523563] ply 98/142 graded=48 142s
  [1786329790_523563] ply 130/142 graded=56 167s
[denial_e4] 1786329790_523563: profile=fixed_v1 graded=57 flips={'d1': 2, 'd4': 3} agree_archive=40/57 (170.0s)
  [1786325073_523563] ply 15/142 graded=8 9s
  [1786325073_523563] ply 31/142 graded=16 23s
  [1786325073_523563] ply 50/142 graded=24 45s
  [1786325073_523563] ply 67/142 graded=32 76s
  [1786325073_523563] ply 83/142 graded=40 115s
  [1786325073_523563] ply 99/142 graded=48 155s
  [1786325073_523563] ply 115/142 graded=56 202s
[denial_e4] 1786325073_523563: profile=fixed_v1 graded=63 flips={'d1': 7, 'd4': 15} agree_archive=49/63 (244.6s)
  [1786243458_1382293676] ply 15/142 graded=8 8s
  [1786243458_1382293676] ply 31/142 graded=16 24s
  [1786243458_1382293676] ply 47/142 graded=24 49s
  [1786243458_1382293676] ply 63/142 graded=32 79s
  [1786243458_1382293676] ply 79/142 graded=40 113s
  [1786243458_1382293676] ply 98/142 graded=48 151s
  [1786243458_1382293676] ply 114/142 graded=56 196s
[denial_e4] 1786243458_1382293676: profile=fixed_v1 graded=63 flips={'d1': 1, 'd4': 4} agree_archive=45/63 (226.9s)
  [1786242001_49628] ply 15/142 graded=8 9s
  [1786242001_49628] ply 31/142 graded=16 23s
  [1786242001_49628] ply 47/142 graded=24 40s
  [1786242001_49628] ply 66/142 graded=32 60s
  [1786242001_49628] ply 82/142 graded=40 94s
  [1786242001_49628] ply 98/142 graded=48 128s
  [1786242001_49628] ply 123/142 graded=56 165s
[denial_e4] 1786242001_49628: profile=fixed_v1 graded=62 flips={'d1': 3, 'd4': 3} agree_archive=45/62 (192.9s)
  [1786142936_703591] ply 15/142 graded=8 9s
  [1786142936_703591] ply 31/142 graded=16 23s
  [1786142936_703591] ply 47/142 graded=24 42s
  [1786142936_703591] ply 63/142 graded=32 65s
  [1786142936_703591] ply 90/142 graded=40 100s
  [1786142936_703591] ply 115/142 graded=48 141s
  [1786142936_703591] ply 131/142 graded=56 182s
[denial_e4] 1786142936_703591: profile=fixed_v1 graded=57 flips={'d1': 1, 'd4': 1} agree_archive=43/57 (185.7s)
  [1786118143_1621601234] ply 16/141 graded=8 8s
  [1786118143_1621601234] ply 32/141 graded=16 23s
  [1786118143_1621601234] ply 48/141 graded=24 45s
  [1786118143_1621601234] ply 64/141 graded=32 71s
  [1786118143_1621601234] ply 95/141 graded=40 103s
  [1786118143_1621601234] ply 116/141 graded=48 147s
  [1786118143_1621601234] ply 132/141 graded=56 205s
[denial_e4] 1786118143_1621601234: profile=fixed_v1 graded=56 flips={'d1': 3, 'd4': 3} agree_archive=35/56 (205.0s)
  [1786116818_134510] ply 18/142 graded=8 9s
  [1786116818_134510] ply 34/142 graded=16 23s
  [1786116818_134510] ply 50/142 graded=24 42s
  [1786116818_134510] ply 66/142 graded=32 65s
  [1786116818_134510] ply 82/142 graded=40 95s
  [1786116818_134510] ply 99/142 graded=48 130s
  [1786116818_134510] ply 118/142 graded=56 180s
  [1786116818_134510] ply 134/142 graded=64 215s
[denial_e4] 1786116818_134510: profile=fixed_v1 graded=65 flips={'d1': 0, 'd4': 1} agree_archive=48/65 (221.2s)
  [1786113542_627623] ply 15/141 graded=8 9s
  [1786113542_627623] ply 31/141 graded=16 23s
  [1786113542_627623] ply 47/141 graded=24 44s
  [1786113542_627623] ply 64/141 graded=32 71s
  [1786113542_627623] ply 80/141 graded=40 105s
  [1786113542_627623] ply 96/141 graded=48 146s
  [1786113542_627623] ply 115/141 graded=56 184s
[denial_e4] 1786113542_627623: profile=fixed_v1 graded=63 flips={'d1': 0, 'd4': 0} agree_archive=52/63 (242.9s)
  [1786076853_2116173857] ply 15/142 graded=8 8s
  [1786076853_2116173857] ply 31/142 graded=16 21s
  [1786076853_2116173857] ply 51/142 graded=24 42s
  [1786076853_2116173857] ply 67/142 graded=32 68s
  [1786076853_2116173857] ply 83/142 graded=40 100s
  [1786076853_2116173857] ply 102/142 graded=48 140s
  [1786076853_2116173857] ply 126/142 graded=56 186s
[denial_e4] 1786076853_2116173857: profile=fixed_v1 graded=58 flips={'d1': 0, 'd4': 1} agree_archive=46/58 (195.1s)
  [1786074812_935815] ply 15/142 graded=8 8s
  [1786074812_935815] ply 31/142 graded=16 23s
  [1786074812_935815] ply 47/142 graded=24 45s
  [1786074812_935815] ply 63/142 graded=32 77s
  [1786074812_935815] ply 94/142 graded=40 105s
  [1786074812_935815] ply 114/142 graded=48 143s
[denial_e4] 1786074812_935815: profile=fixed_v1 graded=55 flips={'d1': 5, 'd4': 13} agree_archive=46/55 (180.6s)
  [1786045035_338139] ply 15/142 graded=8 8s
  [1786045035_338139] ply 31/142 graded=16 23s
  [1786045035_338139] ply 47/142 graded=24 42s
  [1786045035_338139] ply 63/142 graded=32 68s
  [1786045035_338139] ply 79/142 graded=40 100s
  [1786045035_338139] ply 103/142 graded=48 141s
  [1786045035_338139] ply 134/142 graded=56 178s
[denial_e4] 1786045035_338139: profile=fixed_v1 graded=56 flips={'d1': 0, 'd4': 0} agree_archive=35/56 (177.6s)
  [1785986044_1911511187] ply 15/142 graded=8 9s
  [1785986044_1911511187] ply 34/142 graded=16 22s
  [1785986044_1911511187] ply 50/142 graded=24 36s
  [1785986044_1911511187] ply 66/142 graded=32 63s
  [1785986044_1911511187] ply 82/142 graded=40 93s
  [1785986044_1911511187] ply 98/142 graded=48 131s
  [1785986044_1911511187] ply 114/142 graded=56 178s
  [1785986044_1911511187] ply 134/142 graded=64 219s
[denial_e4] 1785986044_1911511187: profile=fixed_v1 graded=64 flips={'d1': 3, 'd4': 10} agree_archive=46/64 (219.5s)
  [1785984310_1698417952] ply 18/142 graded=8 9s
  [1785984310_1698417952] ply 34/142 graded=16 26s
  [1785984310_1698417952] ply 50/142 graded=24 44s
  [1785984310_1698417952] ply 66/142 graded=32 68s
  [1785984310_1698417952] ply 83/142 graded=40 101s
  [1785984310_1698417952] ply 99/142 graded=48 137s
  [1785984310_1698417952] ply 115/142 graded=56 176s
[denial_e4] 1785984310_1698417952: profile=fixed_v1 graded=63 flips={'d1': 7, 'd4': 8} agree_archive=52/63 (209.5s)
  [1785982194_705585] ply 15/142 graded=8 8s
  [1785982194_705585] ply 34/142 graded=16 22s
  [1785982194_705585] ply 50/142 graded=24 44s
  [1785982194_705585] ply 66/142 graded=32 73s
  [1785982194_705585] ply 90/142 graded=40 101s
  [1785982194_705585] ply 118/142 graded=48 131s
[denial_e4] 1785982194_705585: profile=fixed_v1 graded=53 flips={'d1': 5, 'd4': 12} agree_archive=36/53 (157.5s)
  [1785975832_66810] ply 15/142 graded=8 9s
  [1785975832_66810] ply 31/142 graded=16 22s
  [1785975832_66810] ply 50/142 graded=24 43s
  [1785975832_66810] ply 66/142 graded=32 70s
  [1785975832_66810] ply 82/142 graded=40 99s
  [1785975832_66810] ply 98/142 graded=48 135s
  [1785975832_66810] ply 123/142 graded=56 175s
[denial_e4] 1785975832_66810: profile=app_aug2 graded=62 flips={'d1': 2, 'd4': 4} agree_archive=39/62 (209.7s)
  [1785466497_161583] ply 15/144 graded=8 2s
  [1785466497_161583] ply 38/144 graded=16 5s
  [1785466497_161583] ply 54/144 graded=24 10s
  [1785466497_161583] ply 70/144 graded=32 17s
  [1785466497_161583] ply 90/144 graded=40 24s
  [1785466497_161583] ply 107/144 graded=48 32s
  [1785466497_161583] ply 123/144 graded=56 39s
[denial_e4] 1785466497_161583: profile=walled graded=62 flips={'d1': 1, 'd4': 1} agree_archive=45/62 (43.7s)
  [1785205383_867966] ply 15/144 graded=8 2s
  [1785205383_867966] ply 31/144 graded=16 5s
  [1785205383_867966] ply 47/144 graded=24 9s
  [1785205383_867966] ply 63/144 graded=32 14s
  [1785205383_867966] ply 79/144 graded=40 21s
  [1785205383_867966] ply 95/144 graded=48 27s
  [1785205383_867966] ply 114/144 graded=56 35s
  [1785205383_867966] ply 135/144 graded=64 50s
[denial_e4] 1785205383_867966: profile=walled graded=64 flips={'d1': 7, 'd4': 9} agree_archive=47/64 (50.4s)
[denial_e4] rollup: 18 games, 1079 graded plies, flip rates {'d1': 0.04448563484708063, 'd4': 0.082483781278962} -> /home/doctor/projects/carcassone/measurement/denial_screen_20260811/calib_A_default/SUMMARY.json
