[pilot] population=132 positions | n=132 | M=32 | policy=clair-puct | oracle_sims=100 | W=4
[pilot] out -> /mnt/c/carc-shared/tiearb_widening_20260817/rung3_r5/chunks/s2/chunk5/clair-puct/walled/leg4
[pilot] resume: 0 already done, 132 to go
[1/132] tt_sp_135000000367_p94 ok delta=-1.938 crn=True 85.04s
[2/132] tt_sp_135000000490_p140 ok delta=+0.000 crn=True 6.33s
[3/132] tt_sp_135000000352_p74 ok delta=-2.438 crn=True 139.484s
[4/132] tt_sp_135000000485_p24 ok delta=-0.188 crn=True 203.057s
[5/132] tt_sp_135000000440_p12 ok delta=+0.656 crn=True 211.988s
[6/132] tt_sp_135000000735_p136 ok delta=+0.000 crn=True 23.367s
[7/132] tt_sp_135000000490_p60 ok delta=-2.281 crn=True 171.034s
[8/132] tt_sp_135000000567_p90 ok delta=+1.844 crn=True 137.657s
[9/132] tt_sp_135000000768_p128 ok delta=+1.406 crn=True 48.523s
[10/132] tt_sp_135000000584_p16 ok delta=+4.031 crn=True 197.273s
[11/132] tt_sp_135000000810_p104 ok delta=+3.281 crn=True 100.419s
[12/132] tt_sp_135000000793_p58 ok delta=+0.344 crn=True 152.33s
[13/132] tt_sp_135000000739_p27 ok delta=-5.812 crn=True 196.326s
[14/132] tt_sp_137000000543_p122 ok delta=+0.094 crn=True 46.898s
[15/132] tt_sp_137000000547_p88 ok delta=+6.844 crn=True 126.403s
[16/132] tt_sp_137000000626_p82 ok delta=+0.281 crn=True 136.056s
[17/132] tt_sp_135000000834_p2 ok delta=-1.781 crn=True 202.874s
[18/132] tt_sp_137000000596_p30 ok delta=+3.594 crn=True 194.357s
[19/132] tt_sp_137000000676_p128 ok delta=-5.531 crn=True 50.377s
[20/132] tt_sp_137000000651_p16 ok delta=+5.312 crn=True 200.163s
[21/132] tt_sp_137000000656_p2 ok delta=+0.344 crn=True 206.969s
[22/132] tt_sp_137000000668_p40 ok delta=-3.281 crn=True 198.678s
[23/132] tt_sp_137000000829_p66 ok delta=-0.406 crn=True 164.26s
[24/132] tt_sp_137000000936_p114 ok delta=-0.312 crn=True 75.59s
[25/132] tt_sp_137000000924_p106 ok delta=+2.656 crn=True 87.339s
[26/132] tt_sp_137000001009_p128 ok delta=-0.094 crn=True 27.714s
[27/132] tt_sp_137000001170_p120 ok delta=-1.281 crn=True 58.213s
[28/132] tt_sp_137000000884_p2 ok delta=+2.312 crn=True 201.314s
[29/132] tt_sp_137000001173_p80 ok delta=+1.375 crn=True 116.506s
[30/132] tt_sp_137000000943_p40 ok delta=-10.969 crn=True 184.25s
[31/132] tt_sp_137000001311_p140 ok delta=+0.000 crn=True 5.384s
[32/132] tt_sp_137000001320_p112 ok delta=-0.375 crn=True 58.949s
[33/132] tt_sp_137000001306_p68 ok delta=+0.875 crn=True 161.858s
[34/132] tt_sp_137000001216_p34 ok delta=-4.406 crn=True 205.819s
[35/132] tt_sp_137000001319_p14 ok delta=-4.156 crn=True 218.283s
[36/132] tt_sp_137000001326_p22 ok delta=+1.344 crn=True 200.192s
[37/132] tt_sp_137000001332_p2 ok delta=-0.688 crn=True 206.79s
[38/132] tt_sp_137000001543_p142 ok delta=+0.000 crn=True 1.598s
[39/132] tt_sp_137000001454_p22 ok delta=-1.562 crn=True 185.834s
[40/132] tt_sp_137000001586_p132 ok delta=+0.000 crn=True 19.188s
[41/132] tt_sp_137000001493_p82 ok delta=+0.438 crn=True 139.174s
[42/132] tt_sp_137000001532_p6 ok delta=-5.375 crn=True 200.074s
[43/132] tt_sp_137000001662_p96 ok delta=+2.094 crn=True 119.206s
[44/132] tt_sp_137000001628_p44 ok delta=-1.969 crn=True 181.528s
[45/132] tt_sp_137000001628_p10 ok delta=-0.375 crn=True 192.127s
[46/132] tt_sp_137000001830_p138 ok delta=+0.438 crn=True 13.506s
[47/132] tt_sp_137000001916_p140 ok delta=+0.000 crn=True 3.042s
[48/132] tt_sp_137000001960_p138 ok delta=-0.594 crn=True 7.717s
[49/132] tt_sp_137000001968_p141 ok delta=+0.000 crn=True 1.46s
[50/132] tt_sp_137000001693_p56 ok delta=+0.625 crn=True 169.76s
[51/132] tt_sp_137000001715_p78 ok delta=-1.906 crn=True 136.215s
[52/132] tt_sp_137000001703_p2 ok delta=+2.031 crn=True 189.747s
[53/132] tt_sp_137000002066_p116 ok delta=-0.438 crn=True 55.742s
[54/132] tt_sp_137000002073_p112 ok delta=+0.406 crn=True 68.846s
[55/132] tt_sp_137000001983_p26 ok delta=+4.500 crn=True 182.163s
[56/132] tt_sp_137000002117_p139 ok delta=+0.000 crn=True 5.559s
[57/132] tt_sp_137000002101_p118 ok delta=-0.125 crn=True 37.348s
[58/132] tt_sp_137000002389_p114 ok delta=-0.344 crn=True 67.017s
[59/132] tt_sp_137000002324_p110 ok delta=-1.625 crn=True 76.32s
[60/132] tt_sp_137000002434_p132 ok delta=+0.656 crn=True 28.105s
[61/132] tt_sp_137000002076_p10 ok delta=-4.625 crn=True 182.821s
[62/132] tt_sp_137000002112_p46 ok delta=-4.000 crn=True 166.123s
[63/132] tt_sp_137000002571_p122 ok delta=+0.562 crn=True 44.236s
[64/132] tt_sp_137000002511_p88 ok delta=-5.531 crn=True 127.937s
[65/132] tt_sp_137000002459_p26 ok delta=-1.812 crn=True 174.784s
[66/132] tt_sp_137000002733_p78 ok delta=-1.469 crn=True 108.076s
[67/132] tt_sp_137000002803_p122 ok delta=-2.656 crn=True 58.819s
[68/132] tt_sp_137000002675_p18 ok delta=+3.219 crn=True 179.982s
[69/132] tt_sp_137000002871_p102 ok delta=+0.406 crn=True 87.939s
[70/132] tt_sp_137000002907_p116 ok delta=-0.031 crn=True 69.124s
[71/132] tt_sp_137000002813_p4 ok delta=-0.969 crn=True 172.463s
[72/132] tt_sp_137000002992_p118 ok delta=+0.969 crn=True 35.53s
[73/132] tt_sp_137000002882_p28 ok delta=+4.969 crn=True 186.545s
[74/132] tt_sp_137000002927_p40 ok delta=-1.219 crn=True 169.747s
[75/132] tt_sp_137000003116_p94 ok delta=+0.094 crn=True 92.297s
[76/132] tt_sp_137000003101_p40 ok delta=-2.719 crn=True 162.905s
[77/132] tt_sp_137000003053_p2 ok delta=-1.188 crn=True 182.186s
[78/132] tt_sp_137000003161_p102 ok delta=+0.125 crn=True 80.768s
[79/132] tt_sp_137000003314_p116 ok delta=-0.156 crn=True 79.311s
[80/132] tt_sp_137000003183_p72 ok delta=+0.688 crn=True 139.5s
[81/132] tt_sp_137000003415_p119 ok delta=+0.531 crn=True 54.972s
[82/132] tt_sp_137000003262_p36 ok delta=+2.500 crn=True 177.884s
[83/132] tt_sp_137000003207_p6 ok delta=-6.438 crn=True 188.752s
[84/132] tt_sp_137000003409_p81 ok delta=+3.281 crn=True 120.966s
[85/132] tt_sp_137000003565_p119 ok delta=-0.562 crn=True 50.421s
[86/132] tt_sp_137000003506_p118 ok delta=-1.656 crn=True 74.746s
[87/132] tt_sp_137000003801_p140 ok delta=+0.000 crn=True 5.071s
[88/132] tt_sp_137000003619_p100 ok delta=-2.500 crn=True 95.364s
[89/132] tt_sp_137000003821_p121 ok delta=+1.438 crn=True 55.89s
[90/132] tt_sp_137000003788_p84 ok delta=+1.250 crn=True 116.288s
[91/132] tt_sp_137000003956_p120 ok delta=-3.625 crn=True 55.326s
[92/132] tt_sp_137000003971_p118 ok delta=+1.844 crn=True 64.388s
[93/132] tt_sp_137000003844_p14 ok delta=+5.438 crn=True 179.922s
[94/132] tt_sp_137000004094_p112 ok delta=+0.500 crn=True 83.806s
[95/132] tt_sp_137000003956_p80 ok delta=-1.344 crn=True 147.943s
[96/132] tt_sp_137000004145_p120 ok delta=+0.188 crn=True 41.923s
[97/132] tt_sp_137000004193_p115 ok delta=-2.469 crn=True 66.526s
[98/132] tt_sp_137000004249_p100 ok delta=-0.250 crn=True 63.614s
[99/132] tt_sp_137000004289_p112 ok delta=+2.250 crn=True 58.877s
[100/132] tt_sp_137000004243_p6 ok delta=+0.094 crn=True 179.189s
[101/132] tt_sp_137000004268_p6 ok delta=+1.250 crn=True 180.79s
[102/132] tt_sp_137000004330_p116 ok delta=+0.156 crn=True 41.806s
[103/132] tt_sp_137000004304_p42 ok delta=+0.375 crn=True 176.965s
[104/132] tt_sp_137000004371_p116 ok delta=+2.125 crn=True 55.068s
[105/132] tt_sp_137000004309_p12 ok delta=+2.719 crn=True 172.844s
[106/132] tt_sp_137000004351_p50 ok delta=-2.781 crn=True 164.263s
[107/132] tt_sp_137000004377_p56 ok delta=+3.531 crn=True 159.162s
[108/132] tt_sp_137000004412_p3 ok delta=-1.969 crn=True 169.239s
[109/132] tt_sp_137000004416_p8 ok delta=-1.344 crn=True 176.726s
[110/132] tt_sp_137000004494_p82 ok delta=-5.781 crn=True 157.404s
[111/132] tt_sp_137000004593_p110 ok delta=-0.875 crn=True 88.999s
[112/132] tt_sp_137000004625_p94 ok delta=+0.094 crn=True 88.892s
[113/132] tt_sp_137000004706_p126 ok delta=+0.906 crn=True 40.331s
[114/132] tt_sp_137000004535_p34 ok delta=-1.031 crn=True 175.306s
[115/132] tt_sp_137000004662_p76 ok delta=+2.781 crn=True 114.039s
[116/132] tt_sp_137000004790_p82 ok delta=+1.656 crn=True 104.485s
[117/132] tt_sp_137000004960_p142 ok delta=+2.000 crn=True 1.443s
[118/132] tt_sp_137000004850_p70 ok delta=-3.656 crn=True 128.976s
[119/132] tt_sp_137000004814_p4 ok delta=-1.594 crn=True 161.865s
[120/132] tt_sp_137000004877_p62 ok delta=-3.500 crn=True 143.657s
[121/132] tt_sp_137000005007_p104 ok delta=-1.062 crn=True 65.977s
[122/132] tt_sp_137000004976_p30 ok delta=+0.438 crn=True 162.225s
[123/132] tt_sp_137000005095_p112 ok delta=+1.312 crn=True 47.575s
[124/132] tt_sp_137000005241_p142 ok delta=+0.000 crn=True 1.852s
[125/132] tt_sp_137000005187_p115 ok delta=+0.406 crn=True 46.891s
[126/132] tt_sp_137000005196_p118 ok delta=+0.094 crn=True 37.382s
[127/132] tt_sp_137000005059_p36 ok delta=-6.188 crn=True 137.092s
[128/132] tt_sp_137000005324_p142 ok delta=+0.000 crn=True 1.555s
[129/132] tt_sp_137000005273_p68 ok delta=+0.094 crn=True 91.127s
[130/132] tt_sp_137000005252_p8 ok delta=-1.344 crn=True 154.886s
[131/132] tt_sp_137000005329_p76 ok delta=-1.375 crn=True 116.883s
[132/132] tt_sp_137000005292_p18 ok delta=-0.125 crn=True 142.876s

=== ORACLE-SCORE PILOT SUMMARY ===
{
  "n_positions": 132,
  "m_worlds": 32,
  "sd_delta_positions": 2.5834611490734907,
  "mean_delta_pts": -0.30326704545454547,
  "se_mean_delta": 0.22486143054166347,
  "z_pilot_observed": -1.3486841417134656,
  "mean_within_position_var": 147.28053977272728,
  "var_between_positions_est": 2.071754640874393,
  "sd_delta_projected_by_m": {
    "8": 4.525684712003843,
    "16": 3.3580929672464177,
    "32": 2.5834611490734907,
    "64": 2.091175046432808
  },
  "median_crn_var_reduction": 1.4915946489878062,
  "n_positions_perfect_pairing": 12,
  "n_positions_identical_afterstates": 0,
  "assumed_effect_pts": 0.07,
  "implied_z_full_run": {
    "N=265_at_M=32": 0.44108170240363237,
    "N=132_at_M=32": 0.3113028313987803,
    "N=132_at_M=8": 0.17770543502117503,
    "N=132_at_M=16": 0.2394927056396497,
    "N=132_at_M=64": 0.3845870157484998
  },
  "memo_power_fork": {
    "note": "memo \u00a74.2: sd ~0.5 pts => z ~2.2 (fund the full run); sd ~1.5 pts => z ~0.75 (do not). Read sd_delta_positions against this.",
    "z_if_sd_0.5": 2.279034883453959,
    "z_if_sd_1.5": 0.7596782944846531
  },
  "caveat": "The pilot's own mean_delta is a 20-position SCREEN, NOT a verdict on whether budget improves the move. The deliverable is the sd.",
  "schema": "carcassonne-oracle-score-pilot/v1",
  "oracle_policy": "clair-puct",
  "n_attempted": 132,
  "n_failed": 0,
  "crn_verified_all": true,
  "population_disagreements": 132,
  "wall_secs": 3776.8,
  "manifest": "/mnt/c/carc-shared/tiearb_widening_20260817/rung3_r5/chunks/s2/chunk5/clair-puct/walled/leg4/manifest.json"
}
