[pilot] population=115 positions | n=115 | M=32 | policy=clair-puct | oracle_sims=100 | W=4
[pilot] out -> /mnt/c/carc-shared/tiearb_widening_20260817/rung3_r5/chunks/s2/chunk5/clair-puct/walled/leg5
[pilot] resume: 0 already done, 115 to go
[1/115] tt_sp_135000000490_p140 ok delta=+0.000 crn=True 6.243s
[2/115] tt_sp_135000000352_p74 ok delta=+1.750 crn=True 137.37s
[3/115] tt_sp_135000000490_p60 ok delta=-1.844 crn=True 171.982s
[4/115] tt_sp_135000000485_p24 ok delta=-5.500 crn=True 198.279s
[5/115] tt_sp_135000000440_p12 ok delta=+0.469 crn=True 214.546s
[6/115] tt_sp_135000000735_p136 ok delta=+0.000 crn=True 22.985s
[7/115] tt_sp_135000000768_p128 ok delta=-0.250 crn=True 50.011s
[8/115] tt_sp_135000000567_p90 ok delta=-0.719 crn=True 138.368s
[9/115] tt_sp_135000000810_p104 ok delta=+2.031 crn=True 98.175s
[10/115] tt_sp_135000000584_p16 ok delta=+2.062 crn=True 203.937s
[11/115] tt_sp_135000000739_p27 ok delta=-4.812 crn=True 193.891s
[12/115] tt_sp_135000000834_p2 ok delta=+0.438 crn=True 202.015s
[13/115] tt_sp_137000000547_p88 ok delta=+4.812 crn=True 125.972s
[14/115] tt_sp_137000000626_p82 ok delta=-0.969 crn=True 137.927s
[15/115] tt_sp_137000000596_p30 ok delta=+1.406 crn=True 198.276s
[16/115] tt_sp_137000000676_p128 ok delta=-5.781 crn=True 49.511s
[17/115] tt_sp_137000000651_p16 ok delta=+0.594 crn=True 202.385s
[18/115] tt_sp_137000000656_p2 ok delta=+1.938 crn=True 208.111s
[19/115] tt_sp_137000000668_p40 ok delta=+0.094 crn=True 199.346s
[20/115] tt_sp_137000000924_p106 ok delta=-1.188 crn=True 88.03s
[21/115] tt_sp_137000000936_p114 ok delta=-3.969 crn=True 73.606s
[22/115] tt_sp_137000001009_p128 ok delta=-0.094 crn=True 27.7s
[23/115] tt_sp_137000000884_p2 ok delta=+0.281 crn=True 204.082s
[24/115] tt_sp_137000001170_p120 ok delta=-0.344 crn=True 60.364s
[25/115] tt_sp_137000001173_p80 ok delta=+1.500 crn=True 119.674s
[26/115] tt_sp_137000001311_p140 ok delta=+0.000 crn=True 6.449s
[27/115] tt_sp_137000000943_p40 ok delta=-6.938 crn=True 181.074s
[28/115] tt_sp_137000001320_p112 ok delta=+1.188 crn=True 57.939s
[29/115] tt_sp_137000001306_p68 ok delta=-1.531 crn=True 165.447s
[30/115] tt_sp_137000001216_p34 ok delta=-2.531 crn=True 200.083s
[31/115] tt_sp_137000001319_p14 ok delta=-3.906 crn=True 213.721s
[32/115] tt_sp_137000001326_p22 ok delta=+3.281 crn=True 194.456s
[33/115] tt_sp_137000001332_p2 ok delta=+0.062 crn=True 205.832s
[34/115] tt_sp_137000001543_p142 ok delta=+0.000 crn=True 1.544s
[35/115] tt_sp_137000001454_p22 ok delta=-2.562 crn=True 187.276s
[36/115] tt_sp_137000001586_p132 ok delta=+0.000 crn=True 20.206s
[37/115] tt_sp_137000001493_p82 ok delta=+0.656 crn=True 140.294s
[38/115] tt_sp_137000001532_p6 ok delta=+1.812 crn=True 202.87s
[39/115] tt_sp_137000001662_p96 ok delta=+1.844 crn=True 116.273s
[40/115] tt_sp_137000001628_p44 ok delta=-1.094 crn=True 186.244s
[41/115] tt_sp_137000001628_p10 ok delta=+7.656 crn=True 202.375s
[42/115] tt_sp_137000001830_p138 ok delta=+0.438 crn=True 13.293s
[43/115] tt_sp_137000001960_p138 ok delta=-0.594 crn=True 7.843s
[44/115] tt_sp_137000001968_p141 ok delta=+0.000 crn=True 1.526s
[45/115] tt_sp_137000001693_p56 ok delta=+1.625 crn=True 171.846s
[46/115] tt_sp_137000001715_p78 ok delta=-1.219 crn=True 144.317s
[47/115] tt_sp_137000001703_p2 ok delta=-1.781 crn=True 192.0s
[48/115] tt_sp_137000002066_p116 ok delta=-0.281 crn=True 54.415s
[49/115] tt_sp_137000002073_p112 ok delta=+1.219 crn=True 70.19s
[50/115] tt_sp_137000001983_p26 ok delta=+6.156 crn=True 188.575s
[51/115] tt_sp_137000002117_p139 ok delta=+0.000 crn=True 6.148s
[52/115] tt_sp_137000002101_p118 ok delta=+0.094 crn=True 37.697s
[53/115] tt_sp_137000002389_p114 ok delta=-0.406 crn=True 65.923s
[54/115] tt_sp_137000002324_p110 ok delta=-2.531 crn=True 78.945s
[55/115] tt_sp_137000002434_p132 ok delta=-0.156 crn=True 28.039s
[56/115] tt_sp_137000002571_p122 ok delta=+1.000 crn=True 45.629s
[57/115] tt_sp_137000002076_p10 ok delta=+2.625 crn=True 186.304s
[58/115] tt_sp_137000002112_p46 ok delta=-2.719 crn=True 171.964s
[59/115] tt_sp_137000002803_p122 ok delta=-4.531 crn=True 55.045s
[60/115] tt_sp_137000002733_p78 ok delta=-1.281 crn=True 105.892s
[61/115] tt_sp_137000002871_p102 ok delta=+0.281 crn=True 87.373s
[62/115] tt_sp_137000002675_p18 ok delta=-1.688 crn=True 181.425s
[63/115] tt_sp_137000002813_p4 ok delta=-2.375 crn=True 175.297s
[64/115] tt_sp_137000002907_p116 ok delta=+0.188 crn=True 70.432s
[65/115] tt_sp_137000002882_p28 ok delta=-1.000 crn=True 178.568s
[66/115] tt_sp_137000002927_p40 ok delta=-3.812 crn=True 172.09s
[67/115] tt_sp_137000003116_p94 ok delta=+0.219 crn=True 90.395s
[68/115] tt_sp_137000003101_p40 ok delta=-1.156 crn=True 163.352s
[69/115] tt_sp_137000003053_p2 ok delta=+4.469 crn=True 181.574s
[70/115] tt_sp_137000003161_p102 ok delta=+0.469 crn=True 79.543s
[71/115] tt_sp_137000003314_p116 ok delta=-0.062 crn=True 79.393s
[72/115] tt_sp_137000003183_p72 ok delta=-1.219 crn=True 135.774s
[73/115] tt_sp_137000003207_p6 ok delta=-3.875 crn=True 185.64s
[74/115] tt_sp_137000003262_p36 ok delta=+3.469 crn=True 181.11s
[75/115] tt_sp_137000003506_p118 ok delta=+0.875 crn=True 70.795s
[76/115] tt_sp_137000003409_p81 ok delta=-0.125 crn=True 123.781s
[77/115] tt_sp_137000003565_p119 ok delta=+1.562 crn=True 48.869s
[78/115] tt_sp_137000003801_p140 ok delta=+0.000 crn=True 5.33s
[79/115] tt_sp_137000003821_p121 ok delta=+1.594 crn=True 55.127s
[80/115] tt_sp_137000003619_p100 ok delta=-1.094 crn=True 96.123s
[81/115] tt_sp_137000003788_p84 ok delta=-0.438 crn=True 115.773s
[82/115] tt_sp_137000003971_p118 ok delta=-0.094 crn=True 65.621s
[83/115] tt_sp_137000004094_p112 ok delta=+1.188 crn=True 81.311s
[84/115] tt_sp_137000004145_p120 ok delta=+0.000 crn=True 43.577s
[85/115] tt_sp_137000003844_p14 ok delta=+2.500 crn=True 182.938s
[86/115] tt_sp_137000003956_p80 ok delta=-0.250 crn=True 141.601s
[87/115] tt_sp_137000004249_p100 ok delta=+0.250 crn=True 61.344s
[88/115] tt_sp_137000004193_p115 ok delta=+0.719 crn=True 66.512s
[89/115] tt_sp_137000004330_p116 ok delta=+0.531 crn=True 41.494s
[90/115] tt_sp_137000004304_p42 ok delta=+5.625 crn=True 165.661s
[91/115] tt_sp_137000004268_p6 ok delta=+3.000 crn=True 183.126s
[92/115] tt_sp_137000004309_p12 ok delta=+5.250 crn=True 175.674s
[93/115] tt_sp_137000004351_p50 ok delta=-1.156 crn=True 169.656s
[94/115] tt_sp_137000004412_p3 ok delta=+1.375 crn=True 179.998s
[95/115] tt_sp_137000004416_p8 ok delta=+0.844 crn=True 186.284s
[96/115] tt_sp_137000004494_p82 ok delta=-1.500 crn=True 165.676s
[97/115] tt_sp_137000004535_p34 ok delta=-2.781 crn=True 174.296s
[98/115] tt_sp_137000004593_p110 ok delta=+2.031 crn=True 89.292s
[99/115] tt_sp_137000004625_p94 ok delta=+0.594 crn=True 92.187s
[100/115] tt_sp_137000004662_p76 ok delta=-0.719 crn=True 120.986s
[101/115] tt_sp_137000004790_p82 ok delta=+2.938 crn=True 104.732s
[102/115] tt_sp_137000004960_p142 ok delta=+2.000 crn=True 1.705s
[103/115] tt_sp_137000004850_p70 ok delta=-1.906 crn=True 130.44s
[104/115] tt_sp_137000004814_p4 ok delta=+0.062 crn=True 168.209s
[105/115] tt_sp_137000004877_p62 ok delta=-7.031 crn=True 155.519s
[106/115] tt_sp_137000005007_p104 ok delta=+0.531 crn=True 73.871s
[107/115] tt_sp_137000005196_p118 ok delta=+0.125 crn=True 42.911s
[108/115] tt_sp_137000004976_p30 ok delta=+0.344 crn=True 172.708s
[109/115] tt_sp_137000005095_p112 ok delta=-0.531 crn=True 55.654s
[110/115] tt_sp_137000005059_p36 ok delta=-3.062 crn=True 154.844s
[111/115] tt_sp_137000005324_p142 ok delta=+0.000 crn=True 1.856s
[112/115] tt_sp_137000005273_p68 ok delta=+1.938 crn=True 99.718s
[113/115] tt_sp_137000005252_p8 ok delta=-1.531 crn=True 178.99s
[114/115] tt_sp_137000005292_p18 ok delta=+2.219 crn=True 177.014s
[115/115] tt_sp_137000005329_p76 ok delta=+0.062 crn=True 136.337s

=== ORACLE-SCORE PILOT SUMMARY ===
{
  "n_positions": 115,
  "m_worlds": 32,
  "sd_delta_positions": 2.4161730308067475,
  "mean_delta_pts": -0.02309782608695652,
  "se_mean_delta": 0.22530929687678639,
  "z_pilot_observed": -0.10251608081484492,
  "mean_within_position_var": 150.8203103085554,
  "var_between_positions_est": 1.1247574176555073,
  "sd_delta_projected_by_m": {
    "8": 4.469596872898599,
    "16": 3.248234414561274,
    "32": 2.4161730308067475,
    "64": 1.8658308514510862
  },
  "median_crn_var_reduction": 1.527774119869405,
  "n_positions_perfect_pairing": 10,
  "n_positions_identical_afterstates": 0,
  "assumed_effect_pts": 0.07,
  "implied_z_full_run": {
    "N=265_at_M=32": 0.4716207933777411,
    "N=115_at_M=32": 0.31068402844593007,
    "N=115_at_M=8": 0.1679494576312057,
    "N=115_at_M=16": 0.23109981449255784,
    "N=115_at_M=64": 0.4023228418855051
  },
  "memo_power_fork": {
    "note": "memo \u00a74.2: sd ~0.5 pts => z ~2.2 (fund the full run); sd ~1.5 pts => z ~0.75 (do not). Read sd_delta_positions against this.",
    "z_if_sd_0.5": 2.279034883453959,
    "z_if_sd_1.5": 0.7596782944846531
  },
  "caveat": "The pilot's own mean_delta is a 20-position SCREEN, NOT a verdict on whether budget improves the move. The deliverable is the sd.",
  "schema": "carcassonne-oracle-score-pilot/v1",
  "oracle_policy": "clair-puct",
  "n_attempted": 115,
  "n_failed": 0,
  "crn_verified_all": true,
  "population_disagreements": 115,
  "wall_secs": 3475.7,
  "manifest": "/mnt/c/carc-shared/tiearb_widening_20260817/rung3_r5/chunks/s2/chunk5/clair-puct/walled/leg5/manifest.json"
}
