[pilot] population=68 positions | n=68 | M=32 | policy=clair-puct | oracle_sims=100 | W=2
[pilot] out -> /mnt/c/carc-shared/tiearb_widening_20260817/rung3_r5/chunks/s2/chunk5/clair-puct/walled/leg6
[pilot] resume: 0 already done, 68 to go
[1/68] tt_sp_135000000490_p140 ok delta=+3.000 crn=True 6.073s
[2/68] tt_sp_135000000567_p90 ok delta=-2.094 crn=True 139.049s
[3/68] tt_sp_135000000490_p60 ok delta=-0.969 crn=True 172.143s
[4/68] tt_sp_135000000735_p136 ok delta=+0.000 crn=True 22.666s
[5/68] tt_sp_135000000768_p128 ok delta=-0.031 crn=True 50.38s
[6/68] tt_sp_135000000810_p104 ok delta=+1.562 crn=True 99.042s
[7/68] tt_sp_135000000584_p16 ok delta=+3.469 crn=True 200.535s
[8/68] tt_sp_137000000547_p88 ok delta=+1.500 crn=True 123.752s
[9/68] tt_sp_137000000596_p30 ok delta=-1.188 crn=True 195.495s
[10/68] tt_sp_137000000676_p128 ok delta=-5.594 crn=True 49.729s
[11/68] tt_sp_137000000651_p16 ok delta=+2.938 crn=True 200.573s
[12/68] tt_sp_137000000924_p106 ok delta=-0.906 crn=True 90.513s
[13/68] tt_sp_137000001009_p128 ok delta=-0.062 crn=True 27.977s
[14/68] tt_sp_137000001170_p120 ok delta=-0.500 crn=True 60.685s
[15/68] tt_sp_137000001216_p34 ok delta=-1.844 crn=True 202.664s
[16/68] tt_sp_137000001311_p140 ok delta=+0.000 crn=True 5.486s
[17/68] tt_sp_137000001306_p68 ok delta=+1.969 crn=True 167.281s
[18/68] tt_sp_137000001543_p142 ok delta=+0.000 crn=True 1.597s
[19/68] tt_sp_137000001586_p132 ok delta=+0.000 crn=True 20.939s
[20/68] tt_sp_137000001454_p22 ok delta=+0.656 crn=True 184.216s
[21/68] tt_sp_137000001628_p44 ok delta=-1.281 crn=True 195.179s
[22/68] tt_sp_137000001662_p96 ok delta=+0.469 crn=True 118.256s
[23/68] tt_sp_137000001960_p138 ok delta=-0.594 crn=True 7.558s
[24/68] tt_sp_137000002066_p116 ok delta=-0.344 crn=True 59.577s
[25/68] tt_sp_137000001703_p2 ok delta=-2.031 crn=True 213.027s
[26/68] tt_sp_137000002073_p112 ok delta=+0.156 crn=True 73.177s
[27/68] tt_sp_137000002101_p118 ok delta=+0.281 crn=True 39.562s
[28/68] tt_sp_137000002076_p10 ok delta=-4.125 crn=True 197.09s
[29/68] tt_sp_137000002117_p139 ok delta=+3.000 crn=True 6.236s
[30/68] tt_sp_137000002112_p46 ok delta=-4.000 crn=True 173.959s
[31/68] tt_sp_137000002324_p110 ok delta=-0.719 crn=True 80.642s
[32/68] tt_sp_137000002389_p114 ok delta=-0.875 crn=True 66.477s
[33/68] tt_sp_137000002434_p132 ok delta=-0.031 crn=True 29.82s
[34/68] tt_sp_137000002571_p122 ok delta=+0.875 crn=True 45.535s
[35/68] tt_sp_137000002733_p78 ok delta=-3.094 crn=True 105.945s
[36/68] tt_sp_137000002675_p18 ok delta=+4.188 crn=True 184.884s
[37/68] tt_sp_137000002871_p102 ok delta=+1.594 crn=True 88.787s
[38/68] tt_sp_137000002813_p4 ok delta=+0.094 crn=True 168.794s
[39/68] tt_sp_137000003101_p40 ok delta=+2.906 crn=True 159.315s
[40/68] tt_sp_137000003053_p2 ok delta=-0.719 crn=True 184.523s
[41/68] tt_sp_137000003161_p102 ok delta=+1.156 crn=True 81.395s
[42/68] tt_sp_137000003116_p94 ok delta=+1.406 crn=True 90.068s
[43/68] tt_sp_137000003183_p72 ok delta=-0.531 crn=True 139.696s
[44/68] tt_sp_137000003262_p36 ok delta=+4.281 crn=True 179.851s
[45/68] tt_sp_137000003506_p118 ok delta=+2.719 crn=True 72.747s
[46/68] tt_sp_137000003619_p100 ok delta=-1.781 crn=True 93.995s
[47/68] tt_sp_137000003801_p140 ok delta=+0.000 crn=True 5.017s
[48/68] tt_sp_137000003788_p84 ok delta=+0.469 crn=True 118.376s
[49/68] tt_sp_137000003821_p121 ok delta=+1.281 crn=True 53.383s
[50/68] tt_sp_137000003971_p118 ok delta=-1.344 crn=True 67.933s
[51/68] tt_sp_137000004094_p112 ok delta=+1.125 crn=True 83.447s
[52/68] tt_sp_137000004193_p115 ok delta=+0.375 crn=True 69.251s
[53/68] tt_sp_137000004249_p100 ok delta=-0.406 crn=True 59.773s
[54/68] tt_sp_137000004330_p116 ok delta=+0.562 crn=True 41.916s
[55/68] tt_sp_137000004351_p50 ok delta=+0.375 crn=True 169.333s
[56/68] tt_sp_137000004412_p3 ok delta=-3.125 crn=True 186.096s
[57/68] tt_sp_137000004593_p110 ok delta=+0.375 crn=True 93.92s
[58/68] tt_sp_137000004535_p34 ok delta=-5.656 crn=True 177.975s
[59/68] tt_sp_137000004625_p94 ok delta=-0.250 crn=True 92.849s
[60/68] tt_sp_137000004814_p4 ok delta=+2.750 crn=True 173.727s
[61/68] tt_sp_137000004960_p142 ok delta=+1.000 crn=True 1.481s
[62/68] tt_sp_137000004850_p70 ok delta=-0.688 crn=True 131.778s
[63/68] tt_sp_137000005095_p112 ok delta=+0.031 crn=True 56.806s
[64/68] tt_sp_137000005196_p118 ok delta=+0.312 crn=True 42.282s
[65/68] tt_sp_137000004976_p30 ok delta=+3.094 crn=True 172.913s
[66/68] tt_sp_137000005273_p68 ok delta=-0.250 crn=True 102.651s
[67/68] tt_sp_137000005292_p18 ok delta=-2.625 crn=True 161.334s
[68/68] tt_sp_137000005329_p76 ok delta=-1.875 crn=True 134.649s

=== ORACLE-SCORE PILOT SUMMARY ===
{
  "n_positions": 68,
  "m_worlds": 32,
  "sd_delta_positions": 2.043262833496793,
  "mean_delta_pts": 0.006433823529411764,
  "se_mean_delta": 0.2477820142178267,
  "z_pilot_observed": 0.02596565997625538,
  "mean_within_position_var": 129.2499407020873,
  "var_between_positions_est": 0.13586235980911443,
  "sd_delta_projected_by_m": {
    "8": 4.036347971566627,
    "16": 2.8660048244358505,
    "32": 2.043262833496793,
    "64": 1.4681255679536502
  },
  "median_crn_var_reduction": 1.7578624719292457,
  "n_positions_perfect_pairing": 8,
  "n_positions_identical_afterstates": 0,
  "assumed_effect_pts": 0.07,
  "implied_z_full_run": {
    "N=265_at_M=32": 0.5576949881561912,
    "N=68_at_M=32": 0.28250638054165855,
    "N=68_at_M=8": 0.1430091735530994,
    "N=68_at_M=16": 0.20140747240371323,
    "N=68_at_M=64": 0.3931780769890496
  },
  "memo_power_fork": {
    "note": "memo \u00a74.2: sd ~0.5 pts => z ~2.2 (fund the full run); sd ~1.5 pts => z ~0.75 (do not). Read sd_delta_positions against this.",
    "z_if_sd_0.5": 2.279034883453959,
    "z_if_sd_1.5": 0.7596782944846531
  },
  "caveat": "The pilot's own mean_delta is a 20-position SCREEN, NOT a verdict on whether budget improves the move. The deliverable is the sd.",
  "schema": "carcassonne-oracle-score-pilot/v1",
  "oracle_policy": "clair-puct",
  "n_attempted": 68,
  "n_failed": 0,
  "crn_verified_all": true,
  "population_disagreements": 68,
  "wall_secs": 3545.3,
  "manifest": "/mnt/c/carc-shared/tiearb_widening_20260817/rung3_r5/chunks/s2/chunk5/clair-puct/walled/leg6/manifest.json"
}
