[pilot] population=10 positions | n=10 | M=32 | policy=clair-puct | oracle_sims=100 | W=1
[pilot] out -> /mnt/c/carc-shared/tiearb_widening_20260817/rung3_r5/chunks/s2/chunk5/clair-puct/walled/leg11
[pilot] resume: 0 already done, 10 to go
[1/10] tt_sp_135000000584_p16 ok delta=+4.094 crn=True 203.404s
[2/10] tt_sp_135000000768_p128 ok delta=-0.969 crn=True 49.05s
[3/10] tt_sp_137000001454_p22 ok delta=-2.656 crn=True 184.688s
[4/10] tt_sp_137000001628_p44 ok delta=-2.531 crn=True 190.739s
[5/10] tt_sp_137000002324_p110 ok delta=-0.688 crn=True 82.402s
[6/10] tt_sp_137000003053_p2 ok delta=+5.125 crn=True 200.709s
[7/10] tt_sp_137000003161_p102 ok delta=-0.375 crn=True 88.033s
[8/10] tt_sp_137000003801_p140 ok delta=-2.000 crn=True 5.593s
[9/10] tt_sp_137000004593_p110 ok delta=+0.406 crn=True 100.268s
[10/10] tt_sp_137000004976_p30 ok delta=-1.625 crn=True 200.988s

=== ORACLE-SCORE PILOT SUMMARY ===
{
  "n_positions": 10,
  "m_worlds": 32,
  "sd_delta_positions": 2.6811314238219572,
  "mean_delta_pts": -0.121875,
  "se_mean_delta": 0.8478482005527613,
  "z_pilot_observed": -0.14374625070919844,
  "mean_within_position_var": 181.84506048387098,
  "var_between_positions_est": 1.5058075716845876,
  "sd_delta_projected_by_m": {
    "8": 4.92305191239829,
    "16": 3.5876348548767507,
    "32": 2.6811314238219572,
    "64": 2.0849788108623724
  },
  "median_crn_var_reduction": 1.4854652598891984,
  "n_positions_perfect_pairing": 1,
  "n_positions_identical_afterstates": 0,
  "assumed_effect_pts": 0.07,
  "implied_z_full_run": {
    "N=265_at_M=32": 0.4250136459564506,
    "N=10_at_M=32": 0.08256194912528321,
    "N=10_at_M=8": 0.04496386391017156,
    "N=10_at_M=16": 0.06170065939427694,
    "N=10_at_M=64": 0.10616867426112098
  },
  "memo_power_fork": {
    "note": "memo \u00a74.2: sd ~0.5 pts => z ~2.2 (fund the full run); sd ~1.5 pts => z ~0.75 (do not). Read sd_delta_positions against this.",
    "z_if_sd_0.5": 2.279034883453959,
    "z_if_sd_1.5": 0.7596782944846531
  },
  "caveat": "The pilot's own mean_delta is a 20-position SCREEN, NOT a verdict on whether budget improves the move. The deliverable is the sd.",
  "schema": "carcassonne-oracle-score-pilot/v1",
  "oracle_policy": "clair-puct",
  "n_attempted": 10,
  "n_failed": 0,
  "crn_verified_all": true,
  "population_disagreements": 10,
  "wall_secs": 1306.1,
  "manifest": "/mnt/c/carc-shared/tiearb_widening_20260817/rung3_r5/chunks/s2/chunk5/clair-puct/walled/leg11/manifest.json"
}
