[pilot] population=2 positions | n=2 | M=32 | policy=clair-puct | oracle_sims=100 | W=1
[pilot] out -> /mnt/c/carc-shared/tiearb_widening_20260817/rung3_r5/chunks/s2/chunk5/clair-puct/walled/leg12
[pilot] resume: 0 already done, 2 to go
[1/2] tt_sp_135000000768_p128 ok delta=+8.844 crn=True 49.153s
[2/2] tt_sp_137000003161_p102 ok delta=-1.094 crn=True 89.299s

=== ORACLE-SCORE PILOT SUMMARY ===
{
  "n_positions": 2,
  "m_worlds": 32,
  "sd_delta_positions": 7.026873638041316,
  "mean_delta_pts": 3.875,
  "se_mean_delta": 4.96875,
  "z_pilot_observed": 0.779874213836478,
  "mean_within_position_var": 123.69254032258064,
  "var_between_positions_est": 45.51156123991935,
  "sd_delta_projected_by_m": {
    "8": 7.80852923284801,
    "16": 7.29673522954483,
    "32": 7.026873638041316,
    "64": 6.887979179879951
  },
  "median_crn_var_reduction": 3.0664328810089083,
  "n_positions_perfect_pairing": 0,
  "n_positions_identical_afterstates": 0,
  "assumed_effect_pts": 0.07,
  "implied_z_full_run": {
    "N=265_at_M=32": 0.16216563729821257,
    "N=2_at_M=32": 0.01408805031446541,
    "N=2_at_M=8": 0.012677797113146,
    "N=2_at_M=16": 0.013567019530225159,
    "N=2_at_M=64": 0.014372132490656284
  },
  "memo_power_fork": {
    "note": "memo \u00a74.2: sd ~0.5 pts => z ~2.2 (fund the full run); sd ~1.5 pts => z ~0.75 (do not). Read sd_delta_positions against this.",
    "z_if_sd_0.5": 2.279034883453959,
    "z_if_sd_1.5": 0.7596782944846531
  },
  "caveat": "The pilot's own mean_delta is a 20-position SCREEN, NOT a verdict on whether budget improves the move. The deliverable is the sd.",
  "schema": "carcassonne-oracle-score-pilot/v1",
  "oracle_policy": "clair-puct",
  "n_attempted": 2,
  "n_failed": 0,
  "crn_verified_all": true,
  "population_disagreements": 2,
  "wall_secs": 138.5,
  "manifest": "/mnt/c/carc-shared/tiearb_widening_20260817/rung3_r5/chunks/s2/chunk5/clair-puct/walled/leg12/manifest.json"
}
