[pilot] population=52 positions | n=52 | M=32 | policy=clair-puct | oracle_sims=100 | W=2
[pilot] out -> /mnt/c/carc-shared/tiearb_widening_20260817/rung3_r5/chunks/s2/chunk5/clair-puct/walled/leg7
[pilot] resume: 0 already done, 52 to go
[1/52] tt_sp_135000000490_p60 ok delta=-0.375 crn=True 171.723s
[2/52] tt_sp_135000000584_p16 ok delta=-0.344 crn=True 202.575s
[3/52] tt_sp_135000000768_p128 ok delta=-1.000 crn=True 47.9s
[4/52] tt_sp_135000000810_p104 ok delta=+6.281 crn=True 96.228s
[5/52] tt_sp_137000000547_p88 ok delta=+9.375 crn=True 125.93s
[6/52] tt_sp_137000000596_p30 ok delta=+5.406 crn=True 201.999s
[7/52] tt_sp_137000000651_p16 ok delta=+3.312 crn=True 199.414s
[8/52] tt_sp_137000000676_p128 ok delta=-5.438 crn=True 50.222s
[9/52] tt_sp_137000001009_p128 ok delta=+0.062 crn=True 28.136s
[10/52] tt_sp_137000001170_p120 ok delta=-1.438 crn=True 59.79s
[11/52] tt_sp_137000001306_p68 ok delta=-0.312 crn=True 162.202s
[12/52] tt_sp_137000001216_p34 ok delta=-3.531 crn=True 202.447s
[13/52] tt_sp_137000001543_p142 ok delta=+0.000 crn=True 0.703s
[14/52] tt_sp_137000001454_p22 ok delta=-5.156 crn=True 186.657s
[15/52] tt_sp_137000001628_p44 ok delta=-0.406 crn=True 190.793s
[16/52] tt_sp_137000001662_p96 ok delta=-0.062 crn=True 121.784s
[17/52] tt_sp_137000002066_p116 ok delta=-0.406 crn=True 58.876s
[18/52] tt_sp_137000001703_p2 ok delta=-4.312 crn=True 208.563s
[19/52] tt_sp_137000002073_p112 ok delta=-0.688 crn=True 74.832s
[20/52] tt_sp_137000002324_p110 ok delta=-0.719 crn=True 85.801s
[21/52] tt_sp_137000002389_p114 ok delta=-0.031 crn=True 69.958s
[22/52] tt_sp_137000002076_p10 ok delta=-5.562 crn=True 199.287s
[23/52] tt_sp_137000002434_p132 ok delta=+0.031 crn=True 30.341s
[24/52] tt_sp_137000002733_p78 ok delta=-3.062 crn=True 114.615s
[25/52] tt_sp_137000002871_p102 ok delta=+1.719 crn=True 88.921s
[26/52] tt_sp_137000002813_p4 ok delta=+0.656 crn=True 182.492s
[27/52] tt_sp_137000003101_p40 ok delta=+1.125 crn=True 159.523s
[28/52] tt_sp_137000003053_p2 ok delta=+4.531 crn=True 182.565s
[29/52] tt_sp_137000003116_p94 ok delta=+0.469 crn=True 93.322s
[30/52] tt_sp_137000003161_p102 ok delta=+0.438 crn=True 81.317s
[31/52] tt_sp_137000003183_p72 ok delta=+1.875 crn=True 134.443s
[32/52] tt_sp_137000003262_p36 ok delta=-0.719 crn=True 181.55s
[33/52] tt_sp_137000003506_p118 ok delta=+0.656 crn=True 72.599s
[34/52] tt_sp_137000003619_p100 ok delta=-4.094 crn=True 97.087s
[35/52] tt_sp_137000003801_p140 ok delta=+0.000 crn=True 3.982s
[36/52] tt_sp_137000003788_p84 ok delta=+0.438 crn=True 112.294s
[37/52] tt_sp_137000003821_p121 ok delta=+1.531 crn=True 56.391s
[38/52] tt_sp_137000003971_p118 ok delta=+0.094 crn=True 66.133s
[39/52] tt_sp_137000004094_p112 ok delta=-0.094 crn=True 84.946s
[40/52] tt_sp_137000004193_p115 ok delta=+1.938 crn=True 66.854s
[41/52] tt_sp_137000004249_p100 ok delta=+1.344 crn=True 62.223s
[42/52] tt_sp_137000004351_p50 ok delta=+0.031 crn=True 173.965s
[43/52] tt_sp_137000004412_p3 ok delta=-3.562 crn=True 181.46s
[44/52] tt_sp_137000004593_p110 ok delta=+0.531 crn=True 94.453s
[45/52] tt_sp_137000004535_p34 ok delta=-4.125 crn=True 175.48s
[46/52] tt_sp_137000004625_p94 ok delta=-0.875 crn=True 95.184s
[47/52] tt_sp_137000004814_p4 ok delta=+0.906 crn=True 181.812s
[48/52] tt_sp_137000004960_p142 ok delta=+2.000 crn=True 1.672s
[49/52] tt_sp_137000004850_p70 ok delta=-2.438 crn=True 138.387s
[50/52] tt_sp_137000005196_p118 ok delta=+0.375 crn=True 44.619s
[51/52] tt_sp_137000004976_p30 ok delta=-2.250 crn=True 187.617s
[52/52] tt_sp_137000005329_p76 ok delta=-0.688 crn=True 149.112s

=== ORACLE-SCORE PILOT SUMMARY ===
{
  "n_positions": 52,
  "m_worlds": 32,
  "sd_delta_positions": 2.8045227386778193,
  "mean_delta_pts": -0.12620192307692307,
  "se_mean_delta": 0.38891732836567583,
  "z_pilot_observed": -0.3244955003863004,
  "mean_within_position_var": 149.93253722084367,
  "var_between_positions_est": 3.179956003609571,
  "sd_delta_projected_by_m": {
    "8": 4.682042626484196,
    "16": 3.542702299080788,
    "32": 2.8045227386778193,
    "64": 2.350032318434207
  },
  "median_crn_var_reduction": 1.4673850218809346,
  "n_positions_perfect_pairing": 3,
  "n_positions_identical_afterstates": 0,
  "assumed_effect_pts": 0.07,
  "implied_z_full_run": {
    "N=265_at_M=32": 0.40631421026174325,
    "N=52_at_M=32": 0.17998683754760128,
    "N=52_at_M=8": 0.1078113163066185,
    "N=52_at_M=16": 0.1424836568107716,
    "N=52_at_M=64": 0.21479584540406846
  },
  "memo_power_fork": {
    "note": "memo \u00a74.2: sd ~0.5 pts => z ~2.2 (fund the full run); sd ~1.5 pts => z ~0.75 (do not). Read sd_delta_positions against this.",
    "z_if_sd_0.5": 2.279034883453959,
    "z_if_sd_1.5": 0.7596782944846531
  },
  "caveat": "The pilot's own mean_delta is a 20-position SCREEN, NOT a verdict on whether budget improves the move. The deliverable is the sd.",
  "schema": "carcassonne-oracle-score-pilot/v1",
  "oracle_policy": "clair-puct",
  "n_attempted": 52,
  "n_failed": 0,
  "crn_verified_all": true,
  "population_disagreements": 52,
  "wall_secs": 3032.4,
  "manifest": "/mnt/c/carc-shared/tiearb_widening_20260817/rung3_r5/chunks/s2/chunk5/clair-puct/walled/leg7/manifest.json"
}
