[pilot] population=132 positions | n=132 | M=32 | policy=clair-puct | oracle_sims=100 | W=4
[pilot] out -> /mnt/c/carc-shared/tiearb_widening_20260817/rung3_r5/chunks/s2/chunk5/clair-puct/walled/leg2
[pilot] resume: 0 already done, 132 to go
[1/132] tt_sp_135000000367_p94 ok delta=-3.094 crn=True 85.833s
[2/132] tt_sp_135000000490_p140 ok delta=+0.000 crn=True 6.073s
[3/132] tt_sp_135000000352_p74 ok delta=-2.438 crn=True 139.817s
[4/132] tt_sp_135000000485_p24 ok delta=-4.219 crn=True 201.578s
[5/132] tt_sp_135000000440_p12 ok delta=-1.188 crn=True 205.576s
[6/132] tt_sp_135000000735_p136 ok delta=+0.000 crn=True 22.212s
[7/132] tt_sp_135000000490_p60 ok delta=-3.500 crn=True 176.519s
[8/132] tt_sp_135000000567_p90 ok delta=-0.469 crn=True 138.029s
[9/132] tt_sp_135000000768_p128 ok delta=+0.406 crn=True 49.486s
[10/132] tt_sp_135000000584_p16 ok delta=+3.781 crn=True 200.006s
[11/132] tt_sp_135000000810_p104 ok delta=+1.531 crn=True 98.02s
[12/132] tt_sp_135000000739_p27 ok delta=-1.469 crn=True 194.775s
[13/132] tt_sp_135000000793_p58 ok delta=-1.906 crn=True 151.21s
[14/132] tt_sp_137000000543_p122 ok delta=+3.250 crn=True 45.873s
[15/132] tt_sp_137000000547_p88 ok delta=-0.188 crn=True 123.343s
[16/132] tt_sp_137000000626_p82 ok delta=+0.156 crn=True 134.272s
[17/132] tt_sp_135000000834_p2 ok delta=+0.719 crn=True 209.177s
[18/132] tt_sp_137000000596_p30 ok delta=+3.875 crn=True 199.462s
[19/132] tt_sp_137000000676_p128 ok delta=-0.906 crn=True 50.401s
[20/132] tt_sp_137000000651_p16 ok delta=+4.125 crn=True 198.66s
[21/132] tt_sp_137000000656_p2 ok delta=-0.281 crn=True 205.913s
[22/132] tt_sp_137000000668_p40 ok delta=-3.969 crn=True 199.404s
[23/132] tt_sp_137000000829_p66 ok delta=+0.094 crn=True 169.591s
[24/132] tt_sp_137000000936_p114 ok delta=+0.469 crn=True 76.246s
[25/132] tt_sp_137000000924_p106 ok delta=+1.562 crn=True 87.458s
[26/132] tt_sp_137000001009_p128 ok delta=-0.438 crn=True 28.485s
[27/132] tt_sp_137000000884_p2 ok delta=-3.438 crn=True 202.146s
[28/132] tt_sp_137000001170_p120 ok delta=-0.688 crn=True 57.552s
[29/132] tt_sp_137000000943_p40 ok delta=-0.562 crn=True 182.485s
[30/132] tt_sp_137000001173_p80 ok delta=+2.750 crn=True 119.774s
[31/132] tt_sp_137000001311_p140 ok delta=+5.000 crn=True 6.44s
[32/132] tt_sp_137000001320_p112 ok delta=+1.562 crn=True 56.514s
[33/132] tt_sp_137000001306_p68 ok delta=+1.688 crn=True 161.659s
[34/132] tt_sp_137000001216_p34 ok delta=+0.594 crn=True 203.784s
[35/132] tt_sp_137000001319_p14 ok delta=-0.594 crn=True 219.854s
[36/132] tt_sp_137000001326_p22 ok delta=-2.500 crn=True 200.998s
[37/132] tt_sp_137000001332_p2 ok delta=-0.750 crn=True 195.811s
[38/132] tt_sp_137000001543_p142 ok delta=+0.000 crn=True 1.591s
[39/132] tt_sp_137000001586_p132 ok delta=-0.500 crn=True 19.104s
[40/132] tt_sp_137000001454_p22 ok delta=-3.781 crn=True 183.528s
[41/132] tt_sp_137000001493_p82 ok delta=+2.812 crn=True 140.522s
[42/132] tt_sp_137000001532_p6 ok delta=-2.500 crn=True 196.29s
[43/132] tt_sp_137000001662_p96 ok delta=+0.719 crn=True 117.18s
[44/132] tt_sp_137000001628_p44 ok delta=-3.062 crn=True 182.086s
[45/132] tt_sp_137000001628_p10 ok delta=+3.719 crn=True 194.359s
[46/132] tt_sp_137000001830_p138 ok delta=+0.438 crn=True 12.539s
[47/132] tt_sp_137000001916_p140 ok delta=+0.000 crn=True 3.328s
[48/132] tt_sp_137000001960_p138 ok delta=-0.594 crn=True 7.913s
[49/132] tt_sp_137000001968_p141 ok delta=+0.000 crn=True 1.398s
[50/132] tt_sp_137000001715_p78 ok delta=-0.250 crn=True 136.316s
[51/132] tt_sp_137000001693_p56 ok delta=+2.312 crn=True 166.17s
[52/132] tt_sp_137000002066_p116 ok delta=-4.625 crn=True 55.884s
[53/132] tt_sp_137000001703_p2 ok delta=+2.281 crn=True 196.923s
[54/132] tt_sp_137000002073_p112 ok delta=+0.906 crn=True 69.892s
[55/132] tt_sp_137000001983_p26 ok delta=+4.219 crn=True 186.641s
[56/132] tt_sp_137000002117_p139 ok delta=+0.000 crn=True 5.445s
[57/132] tt_sp_137000002101_p118 ok delta=-0.094 crn=True 37.337s
[58/132] tt_sp_137000002324_p110 ok delta=-0.375 crn=True 75.613s
[59/132] tt_sp_137000002389_p114 ok delta=+0.188 crn=True 68.096s
[60/132] tt_sp_137000002434_p132 ok delta=+0.000 crn=True 29.144s
[61/132] tt_sp_137000002076_p10 ok delta=+3.438 crn=True 186.39s
[62/132] tt_sp_137000002112_p46 ok delta=-1.312 crn=True 167.981s
[63/132] tt_sp_137000002571_p122 ok delta=+0.688 crn=True 45.6s
[64/132] tt_sp_137000002511_p88 ok delta=-3.656 crn=True 125.391s
[65/132] tt_sp_137000002459_p26 ok delta=+2.906 crn=True 183.644s
[66/132] tt_sp_137000002803_p122 ok delta=+0.406 crn=True 58.906s
[67/132] tt_sp_137000002733_p78 ok delta=+2.656 crn=True 107.443s
[68/132] tt_sp_137000002675_p18 ok delta=+4.156 crn=True 177.891s
[69/132] tt_sp_137000002871_p102 ok delta=+0.625 crn=True 84.853s
[70/132] tt_sp_137000002907_p116 ok delta=-0.281 crn=True 68.228s
[71/132] tt_sp_137000002813_p4 ok delta=+5.844 crn=True 172.097s
[72/132] tt_sp_137000002992_p118 ok delta=+1.062 crn=True 36.888s
[73/132] tt_sp_137000002882_p28 ok delta=+0.500 crn=True 181.055s
[74/132] tt_sp_137000002927_p40 ok delta=-2.969 crn=True 170.677s
[75/132] tt_sp_137000003116_p94 ok delta=+1.562 crn=True 90.475s
[76/132] tt_sp_137000003101_p40 ok delta=+1.281 crn=True 155.661s
[77/132] tt_sp_137000003053_p2 ok delta=+2.875 crn=True 179.17s
[78/132] tt_sp_137000003161_p102 ok delta=-0.062 crn=True 82.34s
[79/132] tt_sp_137000003314_p116 ok delta=+0.188 crn=True 80.567s
[80/132] tt_sp_137000003183_p72 ok delta=+2.656 crn=True 140.702s
[81/132] tt_sp_137000003415_p119 ok delta=+0.312 crn=True 54.358s
[82/132] tt_sp_137000003207_p6 ok delta=-4.406 crn=True 190.95s
[83/132] tt_sp_137000003262_p36 ok delta=+6.344 crn=True 179.589s
[84/132] tt_sp_137000003409_p81 ok delta=+1.062 crn=True 124.64s
[85/132] tt_sp_137000003565_p119 ok delta=-0.531 crn=True 49.494s
[86/132] tt_sp_137000003801_p140 ok delta=+0.000 crn=True 5.043s
[87/132] tt_sp_137000003506_p118 ok delta=+3.562 crn=True 74.111s
[88/132] tt_sp_137000003619_p100 ok delta=-0.781 crn=True 96.399s
[89/132] tt_sp_137000003821_p121 ok delta=-0.344 crn=True 55.054s
[90/132] tt_sp_137000003956_p120 ok delta=+0.188 crn=True 57.257s
[91/132] tt_sp_137000003788_p84 ok delta=+1.219 crn=True 115.063s
[92/132] tt_sp_137000003971_p118 ok delta=+0.375 crn=True 66.807s
[93/132] tt_sp_137000004094_p112 ok delta=+0.656 crn=True 84.357s
[94/132] tt_sp_137000003844_p14 ok delta=-0.844 crn=True 186.42s
[95/132] tt_sp_137000003956_p80 ok delta=-6.281 crn=True 141.702s
[96/132] tt_sp_137000004145_p120 ok delta=+0.406 crn=True 43.14s
[97/132] tt_sp_137000004193_p115 ok delta=+0.656 crn=True 68.254s
[98/132] tt_sp_137000004249_p100 ok delta=+0.188 crn=True 61.044s
[99/132] tt_sp_137000004289_p112 ok delta=+0.438 crn=True 60.608s
[100/132] tt_sp_137000004243_p6 ok delta=-0.719 crn=True 181.762s
[101/132] tt_sp_137000004268_p6 ok delta=-3.375 crn=True 188.097s
[102/132] tt_sp_137000004330_p116 ok delta=+0.188 crn=True 41.577s
[103/132] tt_sp_137000004304_p42 ok delta=-0.344 crn=True 165.353s
[104/132] tt_sp_137000004371_p116 ok delta=+3.688 crn=True 58.026s
[105/132] tt_sp_137000004309_p12 ok delta=+6.375 crn=True 171.683s
[106/132] tt_sp_137000004351_p50 ok delta=-0.312 crn=True 165.666s
[107/132] tt_sp_137000004377_p56 ok delta=+1.594 crn=True 148.091s
[108/132] tt_sp_137000004412_p3 ok delta=-2.906 crn=True 168.8s
[109/132] tt_sp_137000004416_p8 ok delta=-3.344 crn=True 177.63s
[110/132] tt_sp_137000004494_p82 ok delta=-5.906 crn=True 161.921s
[111/132] tt_sp_137000004593_p110 ok delta=-0.781 crn=True 89.426s
[112/132] tt_sp_137000004535_p34 ok delta=-3.562 crn=True 170.824s
[113/132] tt_sp_137000004625_p94 ok delta=-1.062 crn=True 89.573s
[114/132] tt_sp_137000004706_p126 ok delta=+1.094 crn=True 39.69s
[115/132] tt_sp_137000004662_p76 ok delta=+1.031 crn=True 119.064s
[116/132] tt_sp_137000004790_p82 ok delta=+1.781 crn=True 108.936s
[117/132] tt_sp_137000004960_p142 ok delta=+2.000 crn=True 1.82s
[118/132] tt_sp_137000004850_p70 ok delta=-3.562 crn=True 124.773s
[119/132] tt_sp_137000004814_p4 ok delta=+0.125 crn=True 169.267s
[120/132] tt_sp_137000005007_p104 ok delta=-0.406 crn=True 70.145s
[121/132] tt_sp_137000004877_p62 ok delta=-4.750 crn=True 143.056s
[122/132] tt_sp_137000004976_p30 ok delta=-4.312 crn=True 159.176s
[123/132] tt_sp_137000005095_p112 ok delta=+0.219 crn=True 49.296s
[124/132] tt_sp_137000005241_p142 ok delta=+0.000 crn=True 1.652s
[125/132] tt_sp_137000005187_p115 ok delta=-0.844 crn=True 47.529s
[126/132] tt_sp_137000005196_p118 ok delta=-0.031 crn=True 38.208s
[127/132] tt_sp_137000005059_p36 ok delta=-3.594 crn=True 142.775s
[128/132] tt_sp_137000005324_p142 ok delta=+0.000 crn=True 1.683s
[129/132] tt_sp_137000005273_p68 ok delta=-1.250 crn=True 89.471s
[130/132] tt_sp_137000005252_p8 ok delta=+2.875 crn=True 156.372s
[131/132] tt_sp_137000005329_p76 ok delta=+0.719 crn=True 118.415s
[132/132] tt_sp_137000005292_p18 ok delta=+3.906 crn=True 145.43s

=== ORACLE-SCORE PILOT SUMMARY ===
{
  "n_positions": 132,
  "m_worlds": 32,
  "sd_delta_positions": 2.434367220005462,
  "mean_delta_pts": 0.07646780303030302,
  "se_mean_delta": 0.2118844696969697,
  "z_pilot_observed": 0.3608938547486033,
  "mean_within_position_var": 147.88218627810363,
  "var_between_positions_est": 1.3048254406463817,
  "sd_delta_projected_by_m": {
    "8": 4.448606380138542,
    "16": 3.2476856502789584,
    "32": 2.434367220005462,
    "64": 1.9014427683319188
  },
  "median_crn_var_reduction": 1.4752585133452438,
  "n_positions_perfect_pairing": 12,
  "n_positions_identical_afterstates": 0,
  "assumed_effect_pts": 0.07,
  "implied_z_full_run": {
    "N=265_at_M=32": 0.46809595214826416,
    "N=132_at_M=32": 0.33036871508379895,
    "N=132_at_M=8": 0.18078443040183698,
    "N=132_at_M=16": 0.24763442559357443,
    "N=132_at_M=64": 0.42296238619943305
  },
  "memo_power_fork": {
    "note": "memo \u00a74.2: sd ~0.5 pts => z ~2.2 (fund the full run); sd ~1.5 pts => z ~0.75 (do not). Read sd_delta_positions against this.",
    "z_if_sd_0.5": 2.279034883453959,
    "z_if_sd_1.5": 0.7596782944846531
  },
  "caveat": "The pilot's own mean_delta is a 20-position SCREEN, NOT a verdict on whether budget improves the move. The deliverable is the sd.",
  "schema": "carcassonne-oracle-score-pilot/v1",
  "oracle_policy": "clair-puct",
  "n_attempted": 132,
  "n_failed": 0,
  "crn_verified_all": true,
  "population_disagreements": 132,
  "wall_secs": 3775.4,
  "manifest": "/mnt/c/carc-shared/tiearb_widening_20260817/rung3_r5/chunks/s2/chunk5/clair-puct/walled/leg2/manifest.json"
}
