[pilot] population=132 positions | n=132 | M=32 | policy=clair-puct | oracle_sims=100 | W=4
[pilot] out -> /mnt/c/carc-shared/tiearb_widening_20260817/rung3_r5/chunks/s2/chunk5/clair-puct/walled/leg3
[pilot] resume: 0 already done, 132 to go
[1/132] tt_sp_135000000367_p94 ok delta=-2.250 crn=True 85.633s
[2/132] tt_sp_135000000490_p140 ok delta=+0.000 crn=True 6.326s
[3/132] tt_sp_135000000352_p74 ok delta=+1.031 crn=True 142.164s
[4/132] tt_sp_135000000485_p24 ok delta=-3.562 crn=True 197.55s
[5/132] tt_sp_135000000440_p12 ok delta=-2.750 crn=True 213.79s
[6/132] tt_sp_135000000735_p136 ok delta=+0.000 crn=True 23.409s
[7/132] tt_sp_135000000490_p60 ok delta=-3.219 crn=True 172.774s
[8/132] tt_sp_135000000567_p90 ok delta=+0.188 crn=True 139.248s
[9/132] tt_sp_135000000768_p128 ok delta=+0.188 crn=True 49.175s
[10/132] tt_sp_135000000584_p16 ok delta=+3.250 crn=True 198.625s
[11/132] tt_sp_135000000810_p104 ok delta=+2.688 crn=True 101.601s
[12/132] tt_sp_135000000739_p27 ok delta=-6.000 crn=True 194.613s
[13/132] tt_sp_135000000793_p58 ok delta=-2.094 crn=True 156.751s
[14/132] tt_sp_137000000543_p122 ok delta=+2.312 crn=True 45.844s
[15/132] tt_sp_137000000547_p88 ok delta=+0.500 crn=True 124.948s
[16/132] tt_sp_137000000626_p82 ok delta=-1.375 crn=True 135.183s
[17/132] tt_sp_135000000834_p2 ok delta=+1.125 crn=True 208.608s
[18/132] tt_sp_137000000596_p30 ok delta=+1.188 crn=True 197.153s
[19/132] tt_sp_137000000676_p128 ok delta=-0.312 crn=True 49.364s
[20/132] tt_sp_137000000651_p16 ok delta=+0.781 crn=True 200.815s
[21/132] tt_sp_137000000656_p2 ok delta=+1.375 crn=True 205.907s
[22/132] tt_sp_137000000668_p40 ok delta=+2.344 crn=True 199.206s
[23/132] tt_sp_137000000829_p66 ok delta=-0.438 crn=True 167.134s
[24/132] tt_sp_137000000936_p114 ok delta=+0.469 crn=True 75.666s
[25/132] tt_sp_137000000924_p106 ok delta=+1.844 crn=True 89.848s
[26/132] tt_sp_137000001009_p128 ok delta=-0.062 crn=True 28.213s
[27/132] tt_sp_137000001170_p120 ok delta=+0.344 crn=True 57.735s
[28/132] tt_sp_137000000884_p2 ok delta=+2.125 crn=True 202.568s
[29/132] tt_sp_137000001173_p80 ok delta=+1.281 crn=True 117.742s
[30/132] tt_sp_137000001311_p140 ok delta=+0.000 crn=True 6.372s
[31/132] tt_sp_137000000943_p40 ok delta=-10.000 crn=True 187.377s
[32/132] tt_sp_137000001320_p112 ok delta=+0.062 crn=True 58.618s
[33/132] tt_sp_137000001306_p68 ok delta=+2.906 crn=True 159.866s
[34/132] tt_sp_137000001216_p34 ok delta=-1.500 crn=True 204.438s
[35/132] tt_sp_137000001319_p14 ok delta=-1.719 crn=True 214.575s
[36/132] tt_sp_137000001326_p22 ok delta=-1.406 crn=True 199.14s
[37/132] tt_sp_137000001332_p2 ok delta=+1.438 crn=True 201.009s
[38/132] tt_sp_137000001543_p142 ok delta=+0.000 crn=True 1.455s
[39/132] tt_sp_137000001454_p22 ok delta=-1.844 crn=True 184.42s
[40/132] tt_sp_137000001586_p132 ok delta=+0.000 crn=True 19.836s
[41/132] tt_sp_137000001493_p82 ok delta=-2.000 crn=True 140.144s
[42/132] tt_sp_137000001532_p6 ok delta=-0.781 crn=True 197.638s
[43/132] tt_sp_137000001662_p96 ok delta=+0.625 crn=True 115.918s
[44/132] tt_sp_137000001628_p44 ok delta=-1.438 crn=True 180.445s
[45/132] tt_sp_137000001628_p10 ok delta=+4.969 crn=True 198.778s
[46/132] tt_sp_137000001830_p138 ok delta=+0.875 crn=True 13.757s
[47/132] tt_sp_137000001916_p140 ok delta=+0.000 crn=True 3.393s
[48/132] tt_sp_137000001960_p138 ok delta=-0.594 crn=True 6.733s
[49/132] tt_sp_137000001968_p141 ok delta=+0.000 crn=True 1.433s
[50/132] tt_sp_137000001715_p78 ok delta=-0.562 crn=True 136.816s
[51/132] tt_sp_137000001693_p56 ok delta=+1.062 crn=True 168.502s
[52/132] tt_sp_137000001703_p2 ok delta=-0.750 crn=True 193.629s
[53/132] tt_sp_137000002066_p116 ok delta=-2.812 crn=True 54.905s
[54/132] tt_sp_137000002073_p112 ok delta=+0.062 crn=True 70.173s
[55/132] tt_sp_137000001983_p26 ok delta=+3.406 crn=True 183.842s
[56/132] tt_sp_137000002101_p118 ok delta=-0.125 crn=True 37.848s
[57/132] tt_sp_137000002117_p139 ok delta=+0.000 crn=True 5.752s
[58/132] tt_sp_137000002389_p114 ok delta=-0.344 crn=True 67.2s
[59/132] tt_sp_137000002324_p110 ok delta=-1.031 crn=True 78.634s
[60/132] tt_sp_137000002434_p132 ok delta=+0.656 crn=True 28.136s
[61/132] tt_sp_137000002076_p10 ok delta=-0.188 crn=True 181.89s
[62/132] tt_sp_137000002112_p46 ok delta=-4.719 crn=True 171.412s
[63/132] tt_sp_137000002571_p122 ok delta=+1.562 crn=True 44.713s
[64/132] tt_sp_137000002511_p88 ok delta=-5.500 crn=True 124.067s
[65/132] tt_sp_137000002459_p26 ok delta=-1.000 crn=True 178.759s
[66/132] tt_sp_137000002733_p78 ok delta=-2.625 crn=True 105.683s
[67/132] tt_sp_137000002803_p122 ok delta=-1.281 crn=True 59.32s
[68/132] tt_sp_137000002675_p18 ok delta=+3.938 crn=True 184.938s
[69/132] tt_sp_137000002871_p102 ok delta=-0.344 crn=True 87.828s
[70/132] tt_sp_137000002907_p116 ok delta=+1.094 crn=True 70.808s
[71/132] tt_sp_137000002813_p4 ok delta=+1.906 crn=True 172.427s
[72/132] tt_sp_137000002992_p118 ok delta=+0.844 crn=True 38.026s
[73/132] tt_sp_137000002882_p28 ok delta=+5.188 crn=True 183.095s
[74/132] tt_sp_137000002927_p40 ok delta=-1.906 crn=True 171.688s
[75/132] tt_sp_137000003116_p94 ok delta=+0.625 crn=True 90.012s
[76/132] tt_sp_137000003101_p40 ok delta=+1.219 crn=True 163.776s
[77/132] tt_sp_137000003053_p2 ok delta=+4.656 crn=True 180.347s
[78/132] tt_sp_137000003161_p102 ok delta=+0.406 crn=True 81.355s
[79/132] tt_sp_137000003183_p72 ok delta=-0.312 crn=True 136.576s
[80/132] tt_sp_137000003314_p116 ok delta=+0.156 crn=True 80.593s
[81/132] tt_sp_137000003415_p119 ok delta=+0.531 crn=True 54.027s
[82/132] tt_sp_137000003262_p36 ok delta=+2.219 crn=True 180.255s
[83/132] tt_sp_137000003207_p6 ok delta=-2.562 crn=True 196.7s
[84/132] tt_sp_137000003409_p81 ok delta=-0.812 crn=True 128.188s
[85/132] tt_sp_137000003506_p118 ok delta=+4.812 crn=True 73.366s
[86/132] tt_sp_137000003801_p140 ok delta=+0.000 crn=True 4.995s
[87/132] tt_sp_137000003565_p119 ok delta=-0.125 crn=True 51.113s
[88/132] tt_sp_137000003821_p121 ok delta=+1.312 crn=True 56.417s
[89/132] tt_sp_137000003619_p100 ok delta=-1.156 crn=True 97.46s
[90/132] tt_sp_137000003788_p84 ok delta=+2.344 crn=True 117.583s
[91/132] tt_sp_137000003956_p120 ok delta=-3.312 crn=True 54.286s
[92/132] tt_sp_137000003971_p118 ok delta=-0.344 crn=True 67.18s
[93/132] tt_sp_137000004094_p112 ok delta=+1.344 crn=True 84.015s
[94/132] tt_sp_137000003844_p14 ok delta=+2.062 crn=True 187.426s
[95/132] tt_sp_137000004145_p120 ok delta=-0.031 crn=True 43.968s
[96/132] tt_sp_137000003956_p80 ok delta=-0.156 crn=True 148.481s
[97/132] tt_sp_137000004193_p115 ok delta=+1.000 crn=True 67.26s
[98/132] tt_sp_137000004249_p100 ok delta=+0.188 crn=True 61.893s
[99/132] tt_sp_137000004289_p112 ok delta=-0.562 crn=True 59.601s
[100/132] tt_sp_137000004243_p6 ok delta=-0.875 crn=True 181.312s
[101/132] tt_sp_137000004268_p6 ok delta=-0.906 crn=True 191.134s
[102/132] tt_sp_137000004330_p116 ok delta=+0.031 crn=True 42.392s
[103/132] tt_sp_137000004304_p42 ok delta=-0.188 crn=True 170.42s
[104/132] tt_sp_137000004371_p116 ok delta=+1.688 crn=True 56.082s
[105/132] tt_sp_137000004309_p12 ok delta=+4.844 crn=True 173.442s
[106/132] tt_sp_137000004351_p50 ok delta=+0.562 crn=True 170.688s
[107/132] tt_sp_137000004377_p56 ok delta=+5.656 crn=True 153.251s
[108/132] tt_sp_137000004412_p3 ok delta=-5.906 crn=True 172.028s
[109/132] tt_sp_137000004416_p8 ok delta=+3.344 crn=True 179.634s
[110/132] tt_sp_137000004593_p110 ok delta=-0.375 crn=True 89.285s
[111/132] tt_sp_137000004494_p82 ok delta=-3.469 crn=True 168.183s
[112/132] tt_sp_137000004625_p94 ok delta=-0.938 crn=True 87.863s
[113/132] tt_sp_137000004535_p34 ok delta=-2.812 crn=True 174.801s
[114/132] tt_sp_137000004706_p126 ok delta=+0.594 crn=True 40.18s
[115/132] tt_sp_137000004662_p76 ok delta=+2.844 crn=True 119.133s
[116/132] tt_sp_137000004790_p82 ok delta=-2.000 crn=True 104.52s
[117/132] tt_sp_137000004960_p142 ok delta=+1.000 crn=True 1.388s
[118/132] tt_sp_137000004850_p70 ok delta=-2.750 crn=True 127.841s
[119/132] tt_sp_137000004814_p4 ok delta=+2.438 crn=True 163.522s
[120/132] tt_sp_137000005007_p104 ok delta=-1.062 crn=True 66.382s
[121/132] tt_sp_137000004877_p62 ok delta=-3.469 crn=True 142.837s
[122/132] tt_sp_137000004976_p30 ok delta=-0.531 crn=True 157.051s
[123/132] tt_sp_137000005095_p112 ok delta=-0.562 crn=True 50.517s
[124/132] tt_sp_137000005241_p142 ok delta=+0.000 crn=True 2.172s
[125/132] tt_sp_137000005187_p115 ok delta=-0.625 crn=True 47.888s
[126/132] tt_sp_137000005196_p118 ok delta=+0.312 crn=True 38.611s
[127/132] tt_sp_137000005059_p36 ok delta=-5.875 crn=True 140.845s
[128/132] tt_sp_137000005324_p142 ok delta=+0.000 crn=True 1.618s
[129/132] tt_sp_137000005273_p68 ok delta=+2.000 crn=True 93.209s
[130/132] tt_sp_137000005252_p8 ok delta=+1.469 crn=True 155.13s
[131/132] tt_sp_137000005329_p76 ok delta=+1.188 crn=True 119.245s
[132/132] tt_sp_137000005292_p18 ok delta=-1.469 crn=True 148.037s

=== ORACLE-SCORE PILOT SUMMARY ===
{
  "n_positions": 132,
  "m_worlds": 32,
  "sd_delta_positions": 2.3373914730601912,
  "mean_delta_pts": -0.03977272727272727,
  "se_mean_delta": 0.20344381434057687,
  "z_pilot_observed": -0.19549735341741772,
  "mean_within_position_var": 145.6521871945259,
  "var_between_positions_est": 0.9117680485055564,
  "sd_delta_projected_by_m": {
    "8": 4.372446849056177,
    "16": 3.1646531797597386,
    "32": 2.3373914730601912,
    "64": 1.7853804842161862
  },
  "median_crn_var_reduction": 1.6600833881939874,
  "n_positions_perfect_pairing": 12,
  "n_positions_identical_afterstates": 0,
  "assumed_effect_pts": 0.07,
  "implied_z_full_run": {
    "N=265_at_M=32": 0.4875167274547661,
    "N=132_at_M=32": 0.3440753420146552,
    "N=132_at_M=8": 0.18393334402427888,
    "N=132_at_M=16": 0.25413172465754436,
    "N=132_at_M=64": 0.45045791506363375
  },
  "memo_power_fork": {
    "note": "memo \u00a74.2: sd ~0.5 pts => z ~2.2 (fund the full run); sd ~1.5 pts => z ~0.75 (do not). Read sd_delta_positions against this.",
    "z_if_sd_0.5": 2.279034883453959,
    "z_if_sd_1.5": 0.7596782944846531
  },
  "caveat": "The pilot's own mean_delta is a 20-position SCREEN, NOT a verdict on whether budget improves the move. The deliverable is the sd.",
  "schema": "carcassonne-oracle-score-pilot/v1",
  "oracle_policy": "clair-puct",
  "n_attempted": 132,
  "n_failed": 0,
  "crn_verified_all": true,
  "population_disagreements": 132,
  "wall_secs": 3795.8,
  "manifest": "/mnt/c/carc-shared/tiearb_widening_20260817/rung3_r5/chunks/s2/chunk5/clair-puct/walled/leg3/manifest.json"
}
