[scoring-r5] 2026-08-19T23:58:16-04:00 box=local W=30 judges='tier1-greedy clair-puct' dry_run=0
[scoring-r5] campaign=/home/doctor/projects/carcassone/measurement/tiearb_widening_20260817/rung3_r5  share-run=/mnt/c/carc-shared/tiearb_widening_20260817/rung3_r5  repo=/home/doctor/projects/carcassone  log=/home/doctor/projects/carcassone/measurement/tiearb_widening_20260817/rung3_r5/logs/scoring_local_20260820T035816Z.log
[scoring-r5] sizing assumption: local W30 vs laptop W22
[scoring-r5]   x LAPTOP_RATE=0.75 -> effective 30 : 16.5
[scoring-r5] salt: run_tiletie.WORLD_SEED_SALT = 'tiletie-v1' (module constant, passed to BOTH leg drivers as --world-seed-salt)
[scoring-r5] chunk1: 132 rid(s), 12 leg file(s), 800 total leg line(s)
[scoring-r5] chunk2: 133 rid(s), 12 leg file(s), 816 total leg line(s)
[scoring-r5] chunk3: 132 rid(s), 12 leg file(s), 844 total leg line(s)
[scoring-r5] chunk4: 133 rid(s), 12 leg file(s), 838 total leg line(s)
[scoring-r5] chunk5: 132 rid(s), 12 leg file(s), 850 total leg line(s)
[scoring-r5] chunk6: 133 rid(s), 11 leg file(s), 823 total leg line(s)
[scoring-r5] chunk7: 132 rid(s), 12 leg file(s), 831 total leg line(s)
[scoring-r5] chunk8: 133 rid(s), 12 leg file(s), 800 total leg line(s)
[scoring-r5] s2: POSITION_ORDER verified (seed 20260817, n=1060, sizes=[132, 133, 132, 133, 132, 133, 132, 133]) — whole-rid chunks, disjoint, exhaustive
[scoring-r5] ---- process census ----
    PID     ELAPSED %CPU COMMAND
[scoring-r5] no python
0.07 0.06 0.02 1/595 7303
[scoring-r5] ===== judge=tier1-greedy chunks='1 2 3 4 5 6 7 8' m=32
[scoring-r5] tier1-greedy/chunk1 already done — skip
[scoring-r5] tier1-greedy/chunk2 already done — skip
[scoring-r5] tier1-greedy/chunk3 already done — skip
[scoring-r5] tier1-greedy/chunk4 already done — skip
[scoring-r5] tier1-greedy/chunk5 already done — skip
[scoring-r5] tier1-greedy/chunk6 already done — skip
[scoring-r5] tier1-greedy/chunk7 already done — skip
[scoring-r5] tier1-greedy/chunk8 already done — skip
[scoring-r5] ALL 8 chunks DONE for tier1-greedy (both boxes)
[scoring-r5] ===== judge=clair-puct chunks='1 2 3 4 5' m=32
[scoring-r5] clair-puct/chunk1 already done — skip
[scoring-r5] EXACT: nice -n 19 /home/doctor/projects/carcassone/.venv/bin/python /home/doctor/projects/carcassone/scripts/tiletie/run_tiletie.py --positions-dir /home/doctor/projects/carcassone/measurement/tiearb_widening_20260817/rung3_r5/chunks/s2/chunk2 --judges clair-puct --m 32 --oracle-sims 100 --arb-backend rust --arb-legal-mask-cache --only-profiles walled --workers 30 --out-root /mnt/c/carc-shared/tiearb_widening_20260817/rung3_r5/chunks/s2/chunk2 --logs-dir /home/doctor/projects/carcassone/measurement/tiearb_widening_20260817/rung3_r5/logs --gate-out /home/doctor/projects/carcassone/measurement/tiearb_widening_20260817/rung3_r5/chunks/GATE_BACKEND_RECHECK_clair-puct_chunk2.json --manifest-out /home/doctor/projects/carcassone/measurement/tiearb_widening_20260817/rung3_r5/chunks/manifests/RUN_MANIFEST_R5_clair-puct_chunk2.json --resume --yes
[preflight] gate: PASS
    verdict: PASS
    mismatches: []
    positions: 8
    field_checks: 376
    path: /home/doctor/projects/carcassone/measurement/tiearb_widening_20260817/rung3_r5/chunks/GATE_BACKEND_RECHECK_clair-puct_chunk2.json
    cmd: ['/home/doctor/projects/carcassone/.venv/bin/python', '/home/doctor/projects/carcassone/scripts/rustport/gate_oracle_pilot_backend.py', '--positions', '8', '--m', '2', '--workers', '30', '--out', '/home/doctor/projects/carcassone/measurement/tiearb_widening_20260817/rung3_r5/chunks/GATE_BACKEND_RECHECK_clair-puct_chunk2.json']
    returncode: 0
[preflight] leaf_hash: PASS
    harness_leaf_hash: a36d2e15a3b3d71d
    expected: a36d2e15a3b3d71d
[preflight] process census (informational):
  loadavg: 3.39 1.29 0.47 1/600 10439
  ps (top 15 by etime):
    PID     ELAPSED %CPU COMMAND
   7315       01:22  0.1 python
[preflight] git_clean: PASS
    git_rev: 9bc2ab77
    dirty_paths: []
[preflight] positions: PASS
    problems: []
    n_leg_files: 12
    plan_path: /home/doctor/projects/carcassone/measurement/tiearb_widening_20260817/rung3_r5/chunks/s2/chunk2/POSITIONS_PLAN.json
    arms_path: /home/doctor/projects/carcassone/measurement/tiearb_widening_20260817/rung3_r5/chunks/s2/chunk2/ARMS.json
[preflight] m: PASS
    m: 32
    m_max: 128
    b_ceiling: 16
    note: usable B is capped by the SELECTION parity half = M/2 (PLAN_B_gt_16 §0.2), not by M
[preflight] arb_backend: PASS
    arb_backend: rust
    note: no tier1-greedy leg in --judges; the flag is inert

[run_tiletie] plan: n_positions=133 (e4=0 selfplay=133) max_arms=13 mean_arms=7.14 cap_j=None capped=0
[run_tiletie] total_arm_playouts=52224 oracle_worker_secs=86169.6 champ_pick_secs=1829.4
[run_tiletie] ETA at W=14: 1.746 h (6286 s)
[run_tiletie] ETA at W=22: 1.111 h (4000 s)
[run_tiletie] ===== launch clair-puct/walled/leg1 (backend=rust, R9=0, W=5, n=133) -> leg_clair-puct_walled_leg1.log
[run_tiletie] ===== launch clair-puct/walled/leg10 (backend=rust, R9=0, W=1, n=10) -> leg_clair-puct_walled_leg10.log
[run_tiletie] ===== launch clair-puct/walled/leg11 (backend=rust, R9=0, W=1, n=6) -> leg_clair-puct_walled_leg11.log
[run_tiletie] ===== launch clair-puct/walled/leg12 (backend=rust, R9=0, W=1, n=1) -> leg_clair-puct_walled_leg12.log
[run_tiletie] ===== launch clair-puct/walled/leg2 (backend=rust, R9=0, W=5, n=133) -> leg_clair-puct_walled_leg2.log
[run_tiletie] ===== launch clair-puct/walled/leg3 (backend=rust, R9=0, W=5, n=133) -> leg_clair-puct_walled_leg3.log
[run_tiletie] ===== launch clair-puct/walled/leg4 (backend=rust, R9=0, W=4, n=133) -> leg_clair-puct_walled_leg4.log
[run_tiletie] ===== launch clair-puct/walled/leg5 (backend=rust, R9=0, W=3, n=105) -> leg_clair-puct_walled_leg5.log
[run_tiletie] ===== launch clair-puct/walled/leg6 (backend=rust, R9=0, W=2, n=66) -> leg_clair-puct_walled_leg6.log
[run_tiletie] ===== launch clair-puct/walled/leg7 (backend=rust, R9=0, W=1, n=45) -> leg_clair-puct_walled_leg7.log
[run_tiletie] ===== launch clair-puct/walled/leg8 (backend=rust, R9=0, W=1, n=31) -> leg_clair-puct_walled_leg8.log
[run_tiletie] ===== launch clair-puct/walled/leg9 (backend=rust, R9=0, W=1, n=20) -> leg_clair-puct_walled_leg9.log
[scoring-r5] clair-puct/chunk2 rc=0 2026-08-20T01:15:01-04:00
[scoring-r5] EXACT: nice -n 19 /home/doctor/projects/carcassone/.venv/bin/python /home/doctor/projects/carcassone/scripts/tiletie/run_tiletie.py --positions-dir /home/doctor/projects/carcassone/measurement/tiearb_widening_20260817/rung3_r5/chunks/s2/chunk3 --judges clair-puct --m 32 --oracle-sims 100 --arb-backend rust --arb-legal-mask-cache --only-profiles walled --workers 30 --out-root /mnt/c/carc-shared/tiearb_widening_20260817/rung3_r5/chunks/s2/chunk3 --logs-dir /home/doctor/projects/carcassone/measurement/tiearb_widening_20260817/rung3_r5/logs --gate-out /home/doctor/projects/carcassone/measurement/tiearb_widening_20260817/rung3_r5/chunks/GATE_BACKEND_RECHECK_clair-puct_chunk3.json --manifest-out /home/doctor/projects/carcassone/measurement/tiearb_widening_20260817/rung3_r5/chunks/manifests/RUN_MANIFEST_R5_clair-puct_chunk3.json --resume --yes
[preflight] gate: PASS
    verdict: PASS
    mismatches: []
    positions: 8
    field_checks: 376
    path: /home/doctor/projects/carcassone/measurement/tiearb_widening_20260817/rung3_r5/chunks/GATE_BACKEND_RECHECK_clair-puct_chunk3.json
    cmd: ['/home/doctor/projects/carcassone/.venv/bin/python', '/home/doctor/projects/carcassone/scripts/rustport/gate_oracle_pilot_backend.py', '--positions', '8', '--m', '2', '--workers', '30', '--out', '/home/doctor/projects/carcassone/measurement/tiearb_widening_20260817/rung3_r5/chunks/GATE_BACKEND_RECHECK_clair-puct_chunk3.json']
    returncode: 0
[preflight] leaf_hash: PASS
    harness_leaf_hash: a36d2e15a3b3d71d
    expected: a36d2e15a3b3d71d
[preflight] process census (informational):
  loadavg: 3.45 2.41 7.31 1/501 89619
  ps (top 15 by etime):
    PID     ELAPSED %CPU COMMAND
  88408       01:19  0.1 python
[preflight] git_clean: PASS
    git_rev: a5aa4a5e
    dirty_paths: []
[preflight] positions: PASS
    problems: []
    n_leg_files: 12
    plan_path: /home/doctor/projects/carcassone/measurement/tiearb_widening_20260817/rung3_r5/chunks/s2/chunk3/POSITIONS_PLAN.json
    arms_path: /home/doctor/projects/carcassone/measurement/tiearb_widening_20260817/rung3_r5/chunks/s2/chunk3/ARMS.json
[preflight] m: PASS
    m: 32
    m_max: 128
    b_ceiling: 16
    note: usable B is capped by the SELECTION parity half = M/2 (PLAN_B_gt_16 §0.2), not by M
[preflight] arb_backend: PASS
    arb_backend: rust
    note: no tier1-greedy leg in --judges; the flag is inert

[run_tiletie] plan: n_positions=132 (e4=0 selfplay=132) max_arms=13 mean_arms=7.39 cap_j=None capped=0
[run_tiletie] total_arm_playouts=54016 oracle_worker_secs=89126.4 champ_pick_secs=1815.7
[run_tiletie] ETA at W=14: 1.804 h (6496 s)
[run_tiletie] ETA at W=22: 1.148 h (4134 s)
[run_tiletie] ===== launch clair-puct/walled/leg1 (backend=rust, R9=0, W=5, n=132) -> leg_clair-puct_walled_leg1.log
[run_tiletie] ===== launch clair-puct/walled/leg10 (backend=rust, R9=0, W=1, n=18) -> leg_clair-puct_walled_leg10.log
[run_tiletie] ===== launch clair-puct/walled/leg11 (backend=rust, R9=0, W=1, n=8) -> leg_clair-puct_walled_leg11.log
[run_tiletie] ===== launch clair-puct/walled/leg12 (backend=rust, R9=0, W=1, n=2) -> leg_clair-puct_walled_leg12.log
[run_tiletie] ===== launch clair-puct/walled/leg2 (backend=rust, R9=0, W=4, n=132) -> leg_clair-puct_walled_leg2.log
[run_tiletie] ===== launch clair-puct/walled/leg3 (backend=rust, R9=0, W=4, n=132) -> leg_clair-puct_walled_leg3.log
[run_tiletie] ===== launch clair-puct/walled/leg4 (backend=rust, R9=0, W=4, n=132) -> leg_clair-puct_walled_leg4.log
[run_tiletie] ===== launch clair-puct/walled/leg5 (backend=rust, R9=0, W=4, n=112) -> leg_clair-puct_walled_leg5.log
[run_tiletie] ===== launch clair-puct/walled/leg6 (backend=rust, R9=0, W=2, n=63) -> leg_clair-puct_walled_leg6.log
[run_tiletie] ===== launch clair-puct/walled/leg7 (backend=rust, R9=0, W=1, n=47) -> leg_clair-puct_walled_leg7.log
[run_tiletie] ===== launch clair-puct/walled/leg8 (backend=rust, R9=0, W=1, n=39) -> leg_clair-puct_walled_leg8.log
[run_tiletie] ===== launch clair-puct/walled/leg9 (backend=rust, R9=0, W=2, n=27) -> leg_clair-puct_walled_leg9.log
[scoring-r5] clair-puct/chunk3 rc=0 2026-08-20T02:47:19-04:00
[scoring-r5] EXACT: nice -n 19 /home/doctor/projects/carcassone/.venv/bin/python /home/doctor/projects/carcassone/scripts/tiletie/run_tiletie.py --positions-dir /home/doctor/projects/carcassone/measurement/tiearb_widening_20260817/rung3_r5/chunks/s2/chunk4 --judges clair-puct --m 32 --oracle-sims 100 --arb-backend rust --arb-legal-mask-cache --only-profiles walled --workers 30 --out-root /mnt/c/carc-shared/tiearb_widening_20260817/rung3_r5/chunks/s2/chunk4 --logs-dir /home/doctor/projects/carcassone/measurement/tiearb_widening_20260817/rung3_r5/logs --gate-out /home/doctor/projects/carcassone/measurement/tiearb_widening_20260817/rung3_r5/chunks/GATE_BACKEND_RECHECK_clair-puct_chunk4.json --manifest-out /home/doctor/projects/carcassone/measurement/tiearb_widening_20260817/rung3_r5/chunks/manifests/RUN_MANIFEST_R5_clair-puct_chunk4.json --resume --yes
[preflight] gate: PASS
    verdict: PASS
    mismatches: []
    positions: 8
    field_checks: 376
    path: /home/doctor/projects/carcassone/measurement/tiearb_widening_20260817/rung3_r5/chunks/GATE_BACKEND_RECHECK_clair-puct_chunk4.json
    cmd: ['/home/doctor/projects/carcassone/.venv/bin/python', '/home/doctor/projects/carcassone/scripts/rustport/gate_oracle_pilot_backend.py', '--positions', '8', '--m', '2', '--workers', '30', '--out', '/home/doctor/projects/carcassone/measurement/tiearb_widening_20260817/rung3_r5/chunks/GATE_BACKEND_RECHECK_clair-puct_chunk4.json']
    returncode: 0
[preflight] leaf_hash: PASS
    harness_leaf_hash: a36d2e15a3b3d71d
    expected: a36d2e15a3b3d71d
[preflight] process census (informational):
  loadavg: 3.64 2.35 6.82 1/500 170466
  ps (top 15 by etime):
    PID     ELAPSED %CPU COMMAND
 169288       01:22  0.1 python
[preflight] git_clean: PASS
    git_rev: a5aa4a5e
    dirty_paths: []
[preflight] positions: PASS
    problems: []
    n_leg_files: 12
    plan_path: /home/doctor/projects/carcassone/measurement/tiearb_widening_20260817/rung3_r5/chunks/s2/chunk4/POSITIONS_PLAN.json
    arms_path: /home/doctor/projects/carcassone/measurement/tiearb_widening_20260817/rung3_r5/chunks/s2/chunk4/ARMS.json
[preflight] m: PASS
    m: 32
    m_max: 128
    b_ceiling: 16
    note: usable B is capped by the SELECTION parity half = M/2 (PLAN_B_gt_16 §0.2), not by M
[preflight] arb_backend: PASS
    arb_backend: rust
    note: no tier1-greedy leg in --judges; the flag is inert

[run_tiletie] plan: n_positions=133 (e4=0 selfplay=133) max_arms=13 mean_arms=7.30 cap_j=None capped=0
[run_tiletie] total_arm_playouts=53632 oracle_worker_secs=88492.8 champ_pick_secs=1829.4
[run_tiletie] ETA at W=14: 1.792 h (6452 s)
[run_tiletie] ETA at W=22: 1.140 h (4106 s)
[run_tiletie] ===== launch clair-puct/walled/leg1 (backend=rust, R9=0, W=5, n=133) -> leg_clair-puct_walled_leg1.log
[run_tiletie] ===== launch clair-puct/walled/leg10 (backend=rust, R9=0, W=1, n=13) -> leg_clair-puct_walled_leg10.log
[run_tiletie] ===== launch clair-puct/walled/leg11 (backend=rust, R9=0, W=1, n=9) -> leg_clair-puct_walled_leg11.log
[run_tiletie] ===== launch clair-puct/walled/leg12 (backend=rust, R9=0, W=1, n=1) -> leg_clair-puct_walled_leg12.log
[run_tiletie] ===== launch clair-puct/walled/leg2 (backend=rust, R9=0, W=4, n=133) -> leg_clair-puct_walled_leg2.log
[run_tiletie] ===== launch clair-puct/walled/leg3 (backend=rust, R9=0, W=4, n=133) -> leg_clair-puct_walled_leg3.log
[run_tiletie] ===== launch clair-puct/walled/leg4 (backend=rust, R9=0, W=4, n=133) -> leg_clair-puct_walled_leg4.log
[run_tiletie] ===== launch clair-puct/walled/leg5 (backend=rust, R9=0, W=3, n=100) -> leg_clair-puct_walled_leg5.log
[run_tiletie] ===== launch clair-puct/walled/leg6 (backend=rust, R9=0, W=2, n=70) -> leg_clair-puct_walled_leg6.log
[run_tiletie] ===== launch clair-puct/walled/leg7 (backend=rust, R9=0, W=2, n=52) -> leg_clair-puct_walled_leg7.log
[run_tiletie] ===== launch clair-puct/walled/leg8 (backend=rust, R9=0, W=1, n=39) -> leg_clair-puct_walled_leg8.log
[run_tiletie] ===== launch clair-puct/walled/leg9 (backend=rust, R9=0, W=2, n=22) -> leg_clair-puct_walled_leg9.log
[scoring-r5] clair-puct/chunk4 rc=0 2026-08-20T03:59:30-04:00
[scoring-r5] EXACT: nice -n 19 /home/doctor/projects/carcassone/.venv/bin/python /home/doctor/projects/carcassone/scripts/tiletie/run_tiletie.py --positions-dir /home/doctor/projects/carcassone/measurement/tiearb_widening_20260817/rung3_r5/chunks/s2/chunk5 --judges clair-puct --m 32 --oracle-sims 100 --arb-backend rust --arb-legal-mask-cache --only-profiles walled --workers 30 --out-root /mnt/c/carc-shared/tiearb_widening_20260817/rung3_r5/chunks/s2/chunk5 --logs-dir /home/doctor/projects/carcassone/measurement/tiearb_widening_20260817/rung3_r5/logs --gate-out /home/doctor/projects/carcassone/measurement/tiearb_widening_20260817/rung3_r5/chunks/GATE_BACKEND_RECHECK_clair-puct_chunk5.json --manifest-out /home/doctor/projects/carcassone/measurement/tiearb_widening_20260817/rung3_r5/chunks/manifests/RUN_MANIFEST_R5_clair-puct_chunk5.json --resume --yes
[preflight] gate: PASS
    verdict: PASS
    mismatches: []
    positions: 8
    field_checks: 376
    path: /home/doctor/projects/carcassone/measurement/tiearb_widening_20260817/rung3_r5/chunks/GATE_BACKEND_RECHECK_clair-puct_chunk5.json
    cmd: ['/home/doctor/projects/carcassone/.venv/bin/python', '/home/doctor/projects/carcassone/scripts/rustport/gate_oracle_pilot_backend.py', '--positions', '8', '--m', '2', '--workers', '30', '--out', '/home/doctor/projects/carcassone/measurement/tiearb_widening_20260817/rung3_r5/chunks/GATE_BACKEND_RECHECK_clair-puct_chunk5.json']
    returncode: 0
[preflight] leaf_hash: PASS
    harness_leaf_hash: a36d2e15a3b3d71d
    expected: a36d2e15a3b3d71d
[preflight] process census (informational):
  loadavg: 3.81 9.81 16.71 1/502 234874
  ps (top 15 by etime):
    PID     ELAPSED %CPU COMMAND
 233667       01:25  0.1 python
[preflight] git_clean: PASS
    git_rev: a5aa4a5e
    dirty_paths: []
[preflight] positions: PASS
    problems: []
    n_leg_files: 12
    plan_path: /home/doctor/projects/carcassone/measurement/tiearb_widening_20260817/rung3_r5/chunks/s2/chunk5/POSITIONS_PLAN.json
    arms_path: /home/doctor/projects/carcassone/measurement/tiearb_widening_20260817/rung3_r5/chunks/s2/chunk5/ARMS.json
[preflight] m: PASS
    m: 32
    m_max: 128
    b_ceiling: 16
    note: usable B is capped by the SELECTION parity half = M/2 (PLAN_B_gt_16 §0.2), not by M
[preflight] arb_backend: PASS
    arb_backend: rust
    note: no tier1-greedy leg in --judges; the flag is inert

[run_tiletie] plan: n_positions=132 (e4=0 selfplay=132) max_arms=13 mean_arms=7.44 cap_j=None capped=0
[run_tiletie] total_arm_playouts=54400 oracle_worker_secs=89760.0 champ_pick_secs=1815.7
[run_tiletie] ETA at W=14: 1.817 h (6541 s)
[run_tiletie] ETA at W=22: 1.156 h (4163 s)
[run_tiletie] ===== launch clair-puct/walled/leg1 (backend=rust, R9=0, W=4, n=132) -> leg_clair-puct_walled_leg1.log
[run_tiletie] ===== launch clair-puct/walled/leg10 (backend=rust, R9=0, W=1, n=13) -> leg_clair-puct_walled_leg10.log
[run_tiletie] ===== launch clair-puct/walled/leg11 (backend=rust, R9=0, W=1, n=10) -> leg_clair-puct_walled_leg11.log
[run_tiletie] ===== launch clair-puct/walled/leg12 (backend=rust, R9=0, W=1, n=2) -> leg_clair-puct_walled_leg12.log
[run_tiletie] ===== launch clair-puct/walled/leg2 (backend=rust, R9=0, W=4, n=132) -> leg_clair-puct_walled_leg2.log
[run_tiletie] ===== launch clair-puct/walled/leg3 (backend=rust, R9=0, W=4, n=132) -> leg_clair-puct_walled_leg3.log
[run_tiletie] ===== launch clair-puct/walled/leg4 (backend=rust, R9=0, W=4, n=132) -> leg_clair-puct_walled_leg4.log
[run_tiletie] ===== launch clair-puct/walled/leg5 (backend=rust, R9=0, W=4, n=115) -> leg_clair-puct_walled_leg5.log
[run_tiletie] ===== launch clair-puct/walled/leg6 (backend=rust, R9=0, W=2, n=68) -> leg_clair-puct_walled_leg6.log
[run_tiletie] ===== launch clair-puct/walled/leg7 (backend=rust, R9=0, W=2, n=52) -> leg_clair-puct_walled_leg7.log
[run_tiletie] ===== launch clair-puct/walled/leg8 (backend=rust, R9=0, W=1, n=39) -> leg_clair-puct_walled_leg8.log
[run_tiletie] ===== launch clair-puct/walled/leg9 (backend=rust, R9=0, W=2, n=23) -> leg_clair-puct_walled_leg9.log
[scoring-r5] clair-puct/chunk5 rc=0 2026-08-20T05:09:57-04:00
[scoring-r5] DONE box=local rc_all=0 2026-08-20T05:09:57-04:00
