[scoring-r5] 2026-08-19T19:22:24-04:00 box=local W=30 judges='tier1-greedy clair-puct' dry_run=1
[scoring-r5] campaign=/home/doctor/projects/carcassone/measurement/tiearb_widening_20260817/rung3_r5  share-run=/mnt/c/carc-shared/tiearb_widening_20260817/rung3_r5  repo=/home/doctor/projects/carcassone  log=/home/doctor/projects/carcassone/measurement/tiearb_widening_20260817/rung3_r5/logs/scoring_local_20260819T232224Z.log
[scoring-r5] sizing assumption: local W30 vs laptop W22
[scoring-r5]   x LAPTOP_RATE=0.75 -> effective 30 : 16.5
[scoring-r5] salt: run_tiletie.WORLD_SEED_SALT = 'tiletie-v1' (module constant, passed to BOTH leg drivers as --world-seed-salt)
[scoring-r5] chunk1: 132 rid(s), 12 leg file(s), 800 total leg line(s)
[scoring-r5] chunk2: 133 rid(s), 12 leg file(s), 816 total leg line(s)
[scoring-r5] chunk3: 132 rid(s), 12 leg file(s), 844 total leg line(s)
[scoring-r5] chunk4: 133 rid(s), 12 leg file(s), 838 total leg line(s)
[scoring-r5] chunk5: 132 rid(s), 12 leg file(s), 850 total leg line(s)
[scoring-r5] chunk6: 133 rid(s), 11 leg file(s), 823 total leg line(s)
[scoring-r5] chunk7: 132 rid(s), 12 leg file(s), 831 total leg line(s)
[scoring-r5] chunk8: 133 rid(s), 12 leg file(s), 800 total leg line(s)
[scoring-r5] s2: POSITION_ORDER verified (seed 20260817, n=1060, sizes=[132, 133, 132, 133, 132, 133, 132, 133]) — whole-rid chunks, disjoint, exhaustive
[scoring-r5] ---- process census ----
    PID     ELAPSED %CPU COMMAND
3014475    06:41:05  0.0 python
3014476    06:41:05 99.2 python
3014477    06:41:05 99.0 python
3014478    06:41:05 98.8 python
3.34 3.28 3.39 4/824 3207834
[scoring-r5] ===== judge=tier1-greedy chunks='1 2 3 4 5 6 7 8' m=32
[scoring-r5] EXACT: nice -n 19 /home/doctor/projects/carcassone/.venv/bin/python /home/doctor/projects/carcassone/scripts/tiletie/run_tiletie.py --positions-dir /home/doctor/projects/carcassone/measurement/tiearb_widening_20260817/rung3_r5/chunks/s2/chunk1 --judges tier1-greedy --m 32 --oracle-sims 100 --arb-backend rust --arb-legal-mask-cache --only-profiles walled --workers 30 --out-root /mnt/c/carc-shared/tiearb_widening_20260817/rung3_r5/chunks/s2/chunk1 --logs-dir /home/doctor/projects/carcassone/measurement/tiearb_widening_20260817/rung3_r5/logs --gate-out /home/doctor/projects/carcassone/measurement/tiearb_widening_20260817/rung3_r5/chunks/GATE_BACKEND_RECHECK_tier1-greedy_chunk1.json --manifest-out /home/doctor/projects/carcassone/measurement/tiearb_widening_20260817/rung3_r5/chunks/manifests/RUN_MANIFEST_R5_tier1-greedy_chunk1.json --resume --yes
[scoring-r5] DRY-RUN: not executing, no DONE stamp, no share dir created
[scoring-r5] EXACT: nice -n 19 /home/doctor/projects/carcassone/.venv/bin/python /home/doctor/projects/carcassone/scripts/tiletie/run_tiletie.py --positions-dir /home/doctor/projects/carcassone/measurement/tiearb_widening_20260817/rung3_r5/chunks/s2/chunk2 --judges tier1-greedy --m 32 --oracle-sims 100 --arb-backend rust --arb-legal-mask-cache --only-profiles walled --workers 30 --out-root /mnt/c/carc-shared/tiearb_widening_20260817/rung3_r5/chunks/s2/chunk2 --logs-dir /home/doctor/projects/carcassone/measurement/tiearb_widening_20260817/rung3_r5/logs --gate-out /home/doctor/projects/carcassone/measurement/tiearb_widening_20260817/rung3_r5/chunks/GATE_BACKEND_RECHECK_tier1-greedy_chunk2.json --manifest-out /home/doctor/projects/carcassone/measurement/tiearb_widening_20260817/rung3_r5/chunks/manifests/RUN_MANIFEST_R5_tier1-greedy_chunk2.json --resume --yes
[scoring-r5] DRY-RUN: not executing, no DONE stamp, no share dir created
[scoring-r5] EXACT: nice -n 19 /home/doctor/projects/carcassone/.venv/bin/python /home/doctor/projects/carcassone/scripts/tiletie/run_tiletie.py --positions-dir /home/doctor/projects/carcassone/measurement/tiearb_widening_20260817/rung3_r5/chunks/s2/chunk3 --judges tier1-greedy --m 32 --oracle-sims 100 --arb-backend rust --arb-legal-mask-cache --only-profiles walled --workers 30 --out-root /mnt/c/carc-shared/tiearb_widening_20260817/rung3_r5/chunks/s2/chunk3 --logs-dir /home/doctor/projects/carcassone/measurement/tiearb_widening_20260817/rung3_r5/logs --gate-out /home/doctor/projects/carcassone/measurement/tiearb_widening_20260817/rung3_r5/chunks/GATE_BACKEND_RECHECK_tier1-greedy_chunk3.json --manifest-out /home/doctor/projects/carcassone/measurement/tiearb_widening_20260817/rung3_r5/chunks/manifests/RUN_MANIFEST_R5_tier1-greedy_chunk3.json --resume --yes
[scoring-r5] DRY-RUN: not executing, no DONE stamp, no share dir created
[scoring-r5] EXACT: nice -n 19 /home/doctor/projects/carcassone/.venv/bin/python /home/doctor/projects/carcassone/scripts/tiletie/run_tiletie.py --positions-dir /home/doctor/projects/carcassone/measurement/tiearb_widening_20260817/rung3_r5/chunks/s2/chunk4 --judges tier1-greedy --m 32 --oracle-sims 100 --arb-backend rust --arb-legal-mask-cache --only-profiles walled --workers 30 --out-root /mnt/c/carc-shared/tiearb_widening_20260817/rung3_r5/chunks/s2/chunk4 --logs-dir /home/doctor/projects/carcassone/measurement/tiearb_widening_20260817/rung3_r5/logs --gate-out /home/doctor/projects/carcassone/measurement/tiearb_widening_20260817/rung3_r5/chunks/GATE_BACKEND_RECHECK_tier1-greedy_chunk4.json --manifest-out /home/doctor/projects/carcassone/measurement/tiearb_widening_20260817/rung3_r5/chunks/manifests/RUN_MANIFEST_R5_tier1-greedy_chunk4.json --resume --yes
[scoring-r5] DRY-RUN: not executing, no DONE stamp, no share dir created
[scoring-r5] EXACT: nice -n 19 /home/doctor/projects/carcassone/.venv/bin/python /home/doctor/projects/carcassone/scripts/tiletie/run_tiletie.py --positions-dir /home/doctor/projects/carcassone/measurement/tiearb_widening_20260817/rung3_r5/chunks/s2/chunk5 --judges tier1-greedy --m 32 --oracle-sims 100 --arb-backend rust --arb-legal-mask-cache --only-profiles walled --workers 30 --out-root /mnt/c/carc-shared/tiearb_widening_20260817/rung3_r5/chunks/s2/chunk5 --logs-dir /home/doctor/projects/carcassone/measurement/tiearb_widening_20260817/rung3_r5/logs --gate-out /home/doctor/projects/carcassone/measurement/tiearb_widening_20260817/rung3_r5/chunks/GATE_BACKEND_RECHECK_tier1-greedy_chunk5.json --manifest-out /home/doctor/projects/carcassone/measurement/tiearb_widening_20260817/rung3_r5/chunks/manifests/RUN_MANIFEST_R5_tier1-greedy_chunk5.json --resume --yes
[scoring-r5] DRY-RUN: not executing, no DONE stamp, no share dir created
[scoring-r5] EXACT: nice -n 19 /home/doctor/projects/carcassone/.venv/bin/python /home/doctor/projects/carcassone/scripts/tiletie/run_tiletie.py --positions-dir /home/doctor/projects/carcassone/measurement/tiearb_widening_20260817/rung3_r5/chunks/s2/chunk6 --judges tier1-greedy --m 32 --oracle-sims 100 --arb-backend rust --arb-legal-mask-cache --only-profiles walled --workers 30 --out-root /mnt/c/carc-shared/tiearb_widening_20260817/rung3_r5/chunks/s2/chunk6 --logs-dir /home/doctor/projects/carcassone/measurement/tiearb_widening_20260817/rung3_r5/logs --gate-out /home/doctor/projects/carcassone/measurement/tiearb_widening_20260817/rung3_r5/chunks/GATE_BACKEND_RECHECK_tier1-greedy_chunk6.json --manifest-out /home/doctor/projects/carcassone/measurement/tiearb_widening_20260817/rung3_r5/chunks/manifests/RUN_MANIFEST_R5_tier1-greedy_chunk6.json --resume --yes
[scoring-r5] DRY-RUN: not executing, no DONE stamp, no share dir created
[scoring-r5] EXACT: nice -n 19 /home/doctor/projects/carcassone/.venv/bin/python /home/doctor/projects/carcassone/scripts/tiletie/run_tiletie.py --positions-dir /home/doctor/projects/carcassone/measurement/tiearb_widening_20260817/rung3_r5/chunks/s2/chunk7 --judges tier1-greedy --m 32 --oracle-sims 100 --arb-backend rust --arb-legal-mask-cache --only-profiles walled --workers 30 --out-root /mnt/c/carc-shared/tiearb_widening_20260817/rung3_r5/chunks/s2/chunk7 --logs-dir /home/doctor/projects/carcassone/measurement/tiearb_widening_20260817/rung3_r5/logs --gate-out /home/doctor/projects/carcassone/measurement/tiearb_widening_20260817/rung3_r5/chunks/GATE_BACKEND_RECHECK_tier1-greedy_chunk7.json --manifest-out /home/doctor/projects/carcassone/measurement/tiearb_widening_20260817/rung3_r5/chunks/manifests/RUN_MANIFEST_R5_tier1-greedy_chunk7.json --resume --yes
[scoring-r5] DRY-RUN: not executing, no DONE stamp, no share dir created
[scoring-r5] EXACT: nice -n 19 /home/doctor/projects/carcassone/.venv/bin/python /home/doctor/projects/carcassone/scripts/tiletie/run_tiletie.py --positions-dir /home/doctor/projects/carcassone/measurement/tiearb_widening_20260817/rung3_r5/chunks/s2/chunk8 --judges tier1-greedy --m 32 --oracle-sims 100 --arb-backend rust --arb-legal-mask-cache --only-profiles walled --workers 30 --out-root /mnt/c/carc-shared/tiearb_widening_20260817/rung3_r5/chunks/s2/chunk8 --logs-dir /home/doctor/projects/carcassone/measurement/tiearb_widening_20260817/rung3_r5/logs --gate-out /home/doctor/projects/carcassone/measurement/tiearb_widening_20260817/rung3_r5/chunks/GATE_BACKEND_RECHECK_tier1-greedy_chunk8.json --manifest-out /home/doctor/projects/carcassone/measurement/tiearb_widening_20260817/rung3_r5/chunks/manifests/RUN_MANIFEST_R5_tier1-greedy_chunk8.json --resume --yes
[scoring-r5] DRY-RUN: not executing, no DONE stamp, no share dir created
[scoring-r5] ===== judge=clair-puct chunks='1 2 3 4 5' m=32
[scoring-r5] EXACT: nice -n 19 /home/doctor/projects/carcassone/.venv/bin/python /home/doctor/projects/carcassone/scripts/tiletie/run_tiletie.py --positions-dir /home/doctor/projects/carcassone/measurement/tiearb_widening_20260817/rung3_r5/chunks/s2/chunk1 --judges clair-puct --m 32 --oracle-sims 100 --arb-backend rust --arb-legal-mask-cache --only-profiles walled --workers 30 --out-root /mnt/c/carc-shared/tiearb_widening_20260817/rung3_r5/chunks/s2/chunk1 --logs-dir /home/doctor/projects/carcassone/measurement/tiearb_widening_20260817/rung3_r5/logs --gate-out /home/doctor/projects/carcassone/measurement/tiearb_widening_20260817/rung3_r5/chunks/GATE_BACKEND_RECHECK_clair-puct_chunk1.json --manifest-out /home/doctor/projects/carcassone/measurement/tiearb_widening_20260817/rung3_r5/chunks/manifests/RUN_MANIFEST_R5_clair-puct_chunk1.json --resume --yes
[scoring-r5] DRY-RUN: not executing, no DONE stamp, no share dir created
[scoring-r5] EXACT: nice -n 19 /home/doctor/projects/carcassone/.venv/bin/python /home/doctor/projects/carcassone/scripts/tiletie/run_tiletie.py --positions-dir /home/doctor/projects/carcassone/measurement/tiearb_widening_20260817/rung3_r5/chunks/s2/chunk2 --judges clair-puct --m 32 --oracle-sims 100 --arb-backend rust --arb-legal-mask-cache --only-profiles walled --workers 30 --out-root /mnt/c/carc-shared/tiearb_widening_20260817/rung3_r5/chunks/s2/chunk2 --logs-dir /home/doctor/projects/carcassone/measurement/tiearb_widening_20260817/rung3_r5/logs --gate-out /home/doctor/projects/carcassone/measurement/tiearb_widening_20260817/rung3_r5/chunks/GATE_BACKEND_RECHECK_clair-puct_chunk2.json --manifest-out /home/doctor/projects/carcassone/measurement/tiearb_widening_20260817/rung3_r5/chunks/manifests/RUN_MANIFEST_R5_clair-puct_chunk2.json --resume --yes
[scoring-r5] DRY-RUN: not executing, no DONE stamp, no share dir created
[scoring-r5] EXACT: nice -n 19 /home/doctor/projects/carcassone/.venv/bin/python /home/doctor/projects/carcassone/scripts/tiletie/run_tiletie.py --positions-dir /home/doctor/projects/carcassone/measurement/tiearb_widening_20260817/rung3_r5/chunks/s2/chunk3 --judges clair-puct --m 32 --oracle-sims 100 --arb-backend rust --arb-legal-mask-cache --only-profiles walled --workers 30 --out-root /mnt/c/carc-shared/tiearb_widening_20260817/rung3_r5/chunks/s2/chunk3 --logs-dir /home/doctor/projects/carcassone/measurement/tiearb_widening_20260817/rung3_r5/logs --gate-out /home/doctor/projects/carcassone/measurement/tiearb_widening_20260817/rung3_r5/chunks/GATE_BACKEND_RECHECK_clair-puct_chunk3.json --manifest-out /home/doctor/projects/carcassone/measurement/tiearb_widening_20260817/rung3_r5/chunks/manifests/RUN_MANIFEST_R5_clair-puct_chunk3.json --resume --yes
[scoring-r5] DRY-RUN: not executing, no DONE stamp, no share dir created
[scoring-r5] EXACT: nice -n 19 /home/doctor/projects/carcassone/.venv/bin/python /home/doctor/projects/carcassone/scripts/tiletie/run_tiletie.py --positions-dir /home/doctor/projects/carcassone/measurement/tiearb_widening_20260817/rung3_r5/chunks/s2/chunk4 --judges clair-puct --m 32 --oracle-sims 100 --arb-backend rust --arb-legal-mask-cache --only-profiles walled --workers 30 --out-root /mnt/c/carc-shared/tiearb_widening_20260817/rung3_r5/chunks/s2/chunk4 --logs-dir /home/doctor/projects/carcassone/measurement/tiearb_widening_20260817/rung3_r5/logs --gate-out /home/doctor/projects/carcassone/measurement/tiearb_widening_20260817/rung3_r5/chunks/GATE_BACKEND_RECHECK_clair-puct_chunk4.json --manifest-out /home/doctor/projects/carcassone/measurement/tiearb_widening_20260817/rung3_r5/chunks/manifests/RUN_MANIFEST_R5_clair-puct_chunk4.json --resume --yes
[scoring-r5] DRY-RUN: not executing, no DONE stamp, no share dir created
[scoring-r5] EXACT: nice -n 19 /home/doctor/projects/carcassone/.venv/bin/python /home/doctor/projects/carcassone/scripts/tiletie/run_tiletie.py --positions-dir /home/doctor/projects/carcassone/measurement/tiearb_widening_20260817/rung3_r5/chunks/s2/chunk5 --judges clair-puct --m 32 --oracle-sims 100 --arb-backend rust --arb-legal-mask-cache --only-profiles walled --workers 30 --out-root /mnt/c/carc-shared/tiearb_widening_20260817/rung3_r5/chunks/s2/chunk5 --logs-dir /home/doctor/projects/carcassone/measurement/tiearb_widening_20260817/rung3_r5/logs --gate-out /home/doctor/projects/carcassone/measurement/tiearb_widening_20260817/rung3_r5/chunks/GATE_BACKEND_RECHECK_clair-puct_chunk5.json --manifest-out /home/doctor/projects/carcassone/measurement/tiearb_widening_20260817/rung3_r5/chunks/manifests/RUN_MANIFEST_R5_clair-puct_chunk5.json --resume --yes
[scoring-r5] DRY-RUN: not executing, no DONE stamp, no share dir created
[scoring-r5] DONE box=local rc_all=0 2026-08-19T19:22:24-04:00
