== consumer arms — arm=flat sims=1376 reps=7 playout_reps=12

-- arm S: search_single (sims=1376)
 seed  ply | med_s   | nodes | chosen | root_n
     1  10 | 0.03140 |  1255 |   1256 | 1376
     1  30 | 0.03036 |   936 |   1560 | 1376
     1  50 | 0.05277 |  1208 |   1167 | 1376
     1  70 | 0.07696 |  1184 |   1672 | 1376
     1  90 | 0.08736 |  1377 |   1244 | 1376
    17  10 | 0.03709 |  1377 |   1259 | 1376
    17  30 | 0.04722 |  1377 |    938 | 1376
    17  50 | 0.05769 |  1377 |   1458 | 1376
    17  70 | 0.08003 |  1224 |   1780 | 1376
    17  90 | 0.08606 |  1374 |   1563 | 1376
  1234  10 | 0.04117 |  1377 |   1356 | 1376
  1234  30 | 0.03398 |  1377 |   1459 | 1376
  1234  50 | 0.07773 |  1329 |   1560 | 1376
  1234  70 | 0.04761 |   809 |   1668 | 1376
  1234  90 | 0.20002 |  1377 |   1271 | 1376
arm S total of medians: 0.98746 s

-- arm T: tier1_playout
 seed  ply | med_s   | margin | plies
     1   8 | 0.01347 |   -2.0 | 135
     1  24 | 0.01072 |    1.0 | 119
     1  40 | 0.00980 |   26.0 | 103
    17   8 | 0.01356 |  -22.0 | 135
    17  24 | 0.01163 |   -3.0 | 119
    17  40 | 0.01238 |   -9.0 | 103
  1234   8 | 0.01372 |   24.0 | 135
  1234  24 | 0.01206 |  -10.0 | 119
  1234  40 | 0.01125 |   13.0 | 103
arm T total of medians: 0.10859 s
