== consumer arms — arm=ref_object sims=1376 reps=7 playout_reps=12

-- arm S: search_single (sims=1376)
 seed  ply | med_s   | nodes | chosen | root_n
     1  10 | 0.03257 |  1255 |   1256 | 1376
     1  30 | 0.03265 |   936 |   1560 | 1376
     1  50 | 0.05861 |  1208 |   1167 | 1376
     1  70 | 0.08655 |  1184 |   1672 | 1376
     1  90 | 0.09998 |  1377 |   1244 | 1376
    17  10 | 0.04024 |  1377 |   1259 | 1376
    17  30 | 0.05091 |  1377 |    938 | 1376
    17  50 | 0.06299 |  1377 |   1458 | 1376
    17  70 | 0.08754 |  1224 |   1780 | 1376
    17  90 | 0.09558 |  1374 |   1563 | 1376
  1234  10 | 0.04325 |  1377 |   1356 | 1376
  1234  30 | 0.03621 |  1377 |   1459 | 1376
  1234  50 | 0.08551 |  1329 |   1560 | 1376
  1234  70 | 0.05344 |   809 |   1668 | 1376
  1234  90 | 0.22630 |  1377 |   1271 | 1376
arm S total of medians: 1.09235 s

-- arm T: tier1_playout
 seed  ply | med_s   | margin | plies
     1   8 | 0.01541 |   -2.0 | 135
     1  24 | 0.01223 |    1.0 | 119
     1  40 | 0.01121 |   26.0 | 103
    17   8 | 0.01548 |  -22.0 | 135
    17  24 | 0.01326 |   -3.0 | 119
    17  40 | 0.01394 |   -9.0 | 103
  1234   8 | 0.01535 |   24.0 | 135
  1234  24 | 0.01354 |  -10.0 | 119
  1234  40 | 0.01261 |   13.0 | 103
arm T total of medians: 0.12302 s
