[preflight] gate: PASS
    verdict: PASS
    mismatches: []
    positions: 8
    field_checks: 376
    path: /home/doctor/projects/carcassone/measurement/tiletie_pricing_20260812/manifests_stageB/GATE_BACKEND_RECHECK_stageB_cell03.json
    cmd: ['/home/doctor/projects/carcassone/.venv/bin/python', '/home/doctor/projects/carcassone/scripts/rustport/gate_oracle_pilot_backend.py', '--positions', '8', '--m', '2', '--workers', '14', '--out', '/home/doctor/projects/carcassone/measurement/tiletie_pricing_20260812/manifests_stageB/GATE_BACKEND_RECHECK_stageB_cell03.json']
    returncode: 0
[preflight] leaf_hash: PASS
    harness_leaf_hash: a36d2e15a3b3d71d
    expected: a36d2e15a3b3d71d
[preflight] process census (informational):
  loadavg: 3.92 13.18 18.73 1/686 305574
  ps (top 15 by etime):
    PID     ELAPSED %CPU COMMAND
 305111       01:24  0.1 python
[preflight] git_clean: PASS
    git_rev: af03b7cc
    dirty_paths: []
[preflight] positions: PASS
    problems: []
    n_leg_files: 11
    plan_path: /home/doctor/projects/carcassone/measurement/tiletie_pricing_20260812/positions_stageB/cells/cell03/POSITIONS_PLAN.json
    arms_path: /home/doctor/projects/carcassone/measurement/tiletie_pricing_20260812/positions_stageB/cells/cell03/ARMS.json

[run_tiletie] plan: n_positions=635 (e4=60 selfplay=575) max_arms=5 mean_arms=3.03 cap_j=4 capped=120
[run_tiletie] total_arm_playouts=82304 oracle_worker_secs=131678.2 champ_pick_secs=0.0
[run_tiletie] ETA at W=14: 2.613 h (9406 s)
[run_tiletie] ETA at W=30: 1.219 h (4389 s)
[run_tiletie] ===== launch clair-puct/walled/leg1 (R9=0, W=7, n=579) -> leg_clair-puct_walled_leg1.log
[run_tiletie] ===== launch clair-puct/walled/leg2 (R9=0, W=4, n=355) -> leg_clair-puct_walled_leg2.log
[run_tiletie] ===== launch clair-puct/walled/leg3 (R9=0, W=2, n=193) -> leg_clair-puct_walled_leg3.log
[run_tiletie] ===== launch clair-puct/walled/leg4 (R9=0, W=1, n=54) -> leg_clair-puct_walled_leg4.log
