[preflight] gate: PASS
    verdict: PASS
    mismatches: []
    positions: 8
    field_checks: 376
    path: /home/doctor/projects/carcassone/measurement/tiletie_pricing_20260812/manifests_stageB/GATE_BACKEND_RECHECK_stageB_cell04.json
    cmd: ['/home/doctor/projects/carcassone/.venv/bin/python', '/home/doctor/projects/carcassone/scripts/rustport/gate_oracle_pilot_backend.py', '--positions', '8', '--m', '2', '--workers', '14', '--out', '/home/doctor/projects/carcassone/measurement/tiletie_pricing_20260812/manifests_stageB/GATE_BACKEND_RECHECK_stageB_cell04.json']
    returncode: 0
[preflight] leaf_hash: PASS
    harness_leaf_hash: a36d2e15a3b3d71d
    expected: a36d2e15a3b3d71d
[preflight] process census (informational):
  loadavg: 3.80 8.66 12.58 1/664 310375
  ps (top 15 by etime):
    PID     ELAPSED %CPU COMMAND
 310107       01:24  0.1 python
[preflight] git_clean: PASS
    git_rev: 0f15ac5f
    dirty_paths: []
[preflight] positions: PASS
    problems: []
    n_leg_files: 11
    plan_path: /home/doctor/projects/carcassone/measurement/tiletie_pricing_20260812/positions_stageB/cells/cell04/POSITIONS_PLAN.json
    arms_path: /home/doctor/projects/carcassone/measurement/tiletie_pricing_20260812/positions_stageB/cells/cell04/ARMS.json

[run_tiletie] plan: n_positions=733 (e4=60 selfplay=673) max_arms=5 mean_arms=3.00 cap_j=4 capped=133
[run_tiletie] total_arm_playouts=93952 oracle_worker_secs=150313.8 champ_pick_secs=0.0
[run_tiletie] ETA at W=14: 2.982 h (10737 s)
[run_tiletie] ETA at W=30: 1.392 h (5010 s)
[run_tiletie] ===== launch clair-puct/walled/leg1 (R9=0, W=7, n=677) -> leg_clair-puct_walled_leg1.log
[run_tiletie] ===== launch clair-puct/walled/leg2 (R9=0, W=4, n=409) -> leg_clair-puct_walled_leg2.log
[run_tiletie] ===== launch clair-puct/walled/leg3 (R9=0, W=2, n=216) -> leg_clair-puct_walled_leg3.log
[run_tiletie] ===== launch clair-puct/walled/leg4 (R9=0, W=1, n=61) -> leg_clair-puct_walled_leg4.log
