[pilot] population=298 positions | n=298 | M=32 | policy=clair-puct | oracle_sims=100 | W=9
[pilot] out -> /mnt/c/carc-shared/tiletie_pricing_20260812/clair-puct/walled/leg2
[pilot] resume: 239 already done, 59 to go
[1/59] tt_sp_28000000013_p126 ok delta=+0.969 crn=True 51.287s
[2/59] tt_sp_28000000053_p126 ok delta=-1.312 crn=True 54.961s
[3/59] tt_sp_28000000064_p104 ok delta=+4.281 crn=True 121.148s
[4/59] tt_sp_28000000071_p76 ok delta=-2.844 crn=True 133.372s
[5/59] tt_sp_28000000053_p70 ok delta=-0.188 crn=True 146.489s
[6/59] tt_sp_28000000059_p16 ok delta=+0.500 crn=True 192.929s
[7/59] tt_sp_28000000021_p34 ok delta=+1.562 crn=True 197.48s
[8/59] tt_sp_28000000036_p18 ok delta=-3.594 crn=True 207.122s
[9/59] tt_sp_28000000045_p2 ok delta=+0.250 crn=True 210.362s
[10/59] tt_sp_28000000099_p98 ok delta=+1.062 crn=True 90.399s
[11/59] tt_sp_28000000089_p76 ok delta=+0.500 crn=True 158.223s
[12/59] tt_sp_28000000085_p30 ok delta=+0.250 crn=True 191.915s
[13/59] tt_sp_28000000101_p58 ok delta=-6.156 crn=True 161.137s
[14/59] tt_sp_28000000174_p114 ok delta=+0.812 crn=True 94.546s
[15/59] tt_sp_28000000104_p36 ok delta=-0.750 crn=True 194.123s
[16/59] tt_sp_28000000116_p62 ok delta=-1.625 crn=True 157.162s
[17/59] tt_sp_28000000112_p34 ok delta=+4.656 crn=True 169.908s
[18/59] tt_sp_28000000165_p67 ok delta=+4.281 crn=True 156.451s
[19/59] tt_sp_28000000196_p106 ok delta=-2.594 crn=True 76.417s
[20/59] tt_sp_28000000244_p128 ok delta=-0.625 crn=True 36.424s
[21/59] tt_sp_28000000133_p10 ok delta=-1.281 crn=True 205.363s
[22/59] tt_sp_28000000140_p10 ok delta=-6.750 crn=True 218.219s
[23/59] tt_sp_28000000178_p10 ok delta=-1.812 crn=True 205.29s
[24/59] tt_sp_28000000250_p90 ok delta=-2.094 crn=True 101.608s
[25/59] tt_sp_28000000232_p64 ok delta=+0.750 crn=True 161.169s
[26/59] tt_sp_28000000227_p50 ok delta=-3.000 crn=True 187.798s
[27/59] tt_sp_28000000211_p30 ok delta=+2.125 crn=True 223.873s
[28/59] tt_sp_28000000300_p140 ok delta=+0.000 crn=True 6.41s
[29/59] tt_sp_28000000243_p44 ok delta=+0.125 crn=True 180.457s
[30/59] tt_sp_28000000261_p75 ok delta=-0.281 crn=True 152.436s
[31/59] tt_sp_28000000286_p108 ok delta=+0.000 crn=True 85.464s
[32/59] tt_sp_28000000312_p137 ok delta=+0.469 crn=True 17.926s
[33/59] tt_sp_28000000262_p6 ok delta=-2.156 crn=True 202.216s
[34/59] tt_sp_28000000271_p52 ok delta=+0.344 crn=True 188.763s
[35/59] tt_sp_28000000288_p92 ok delta=+7.562 crn=True 112.102s
[36/59] tt_sp_28000000280_p16 ok delta=-1.500 crn=True 200.643s
[37/59] tt_sp_28000000306_p76 ok delta=+0.312 crn=True 139.257s
[38/59] tt_sp_28000000356_p141 ok delta=+0.000 crn=True 2.634s
[39/59] tt_sp_28000000317_p80 ok delta=+0.750 crn=True 135.545s
[40/59] tt_sp_28000000292_p26 ok delta=-3.906 crn=True 208.882s
[41/59] tt_sp_28000000303_p16 ok delta=-0.812 crn=True 200.8s
[42/59] tt_sp_28000000389_p142 ok delta=+0.000 crn=True 1.643s
[43/59] tt_sp_28000000330_p50 ok delta=-2.719 crn=True 154.564s
[44/59] tt_sp_28000000323_p22 ok delta=-2.969 crn=True 208.661s
[45/59] tt_sp_28000000365_p102 ok delta=+2.531 crn=True 102.461s
[46/59] tt_sp_28000000400_p90 ok delta=+3.875 crn=True 83.469s
[47/59] tt_sp_28000000333_p2 ok delta=-0.719 crn=True 207.948s
[48/59] tt_sp_28000000423_p140 ok delta=-1.000 crn=True 10.342s
[49/59] tt_sp_28000000351_p24 ok delta=-0.406 crn=True 210.386s
[50/59] tt_sp_28000000374_p68 ok delta=-3.062 crn=True 156.781s
[51/59] tt_sp_28000000408_p113 ok delta=-0.656 crn=True 68.089s
[52/59] tt_sp_28000000353_p30 ok delta=+1.812 crn=True 216.7s
[53/59] tt_sp_28000000375_p18 ok delta=+2.062 crn=True 177.553s
[54/59] tt_sp_28000000408_p61 ok delta=+4.656 crn=True 143.56s
[55/59] tt_sp_28000000404_p36 ok delta=-2.062 crn=True 163.562s
[56/59] tt_sp_28000000416_p44 ok delta=+4.062 crn=True 153.776s
[57/59] tt_sp_28000000435_p56 ok delta=-1.406 crn=True 145.296s
[58/59] tt_sp_28000000425_p6 ok delta=-1.875 crn=True 153.807s
[59/59] tt_sp_28000000442_p24 ok delta=+3.281 crn=True 146.405s

=== ORACLE-SCORE PILOT SUMMARY ===
{
  "n_positions": 298,
  "m_worlds": 32,
  "sd_delta_positions": 2.665459379820419,
  "mean_delta_pts": -0.06721895973154363,
  "se_mean_delta": 0.15440591611436488,
  "z_pilot_observed": -0.43533927600129063,
  "mean_within_position_var": 178.25645093634986,
  "var_between_positions_est": 1.5341596137117186,
  "sd_delta_projected_by_m": {
    "8": 4.880186060055031,
    "16": 3.560222998245136,
    "32": 2.665459379820419,
    "64": 2.078320634452775
  },
  "median_crn_var_reduction": 1.4389726835132863,
  "n_positions_perfect_pairing": 13,
  "n_positions_identical_afterstates": 0,
  "assumed_effect_pts": 0.07,
  "implied_z_full_run": {
    "N=265_at_M=32": 0.42751258951984206,
    "N=298_at_M=32": 0.4533505047057435,
    "N=298_at_M=8": 0.24761091897808066,
    "N=298_at_M=16": 0.33941338947303845,
    "N=298_at_M=64": 0.5814248942547863
  },
  "memo_power_fork": {
    "note": "memo \u00a74.2: sd ~0.5 pts => z ~2.2 (fund the full run); sd ~1.5 pts => z ~0.75 (do not). Read sd_delta_positions against this.",
    "z_if_sd_0.5": 2.279034883453959,
    "z_if_sd_1.5": 0.7596782944846531
  },
  "caveat": "The pilot's own mean_delta is a 20-position SCREEN, NOT a verdict on whether budget improves the move. The deliverable is the sd.",
  "schema": "carcassonne-oracle-score-pilot/v1",
  "oracle_policy": "clair-puct",
  "n_attempted": 298,
  "n_failed": 0,
  "crn_verified_all": true,
  "population_disagreements": 298,
  "wall_secs": 998.8,
  "manifest": "/mnt/c/carc-shared/tiletie_pricing_20260812/clair-puct/walled/leg2/manifest.json"
}
