[pilot] population=160 positions | n=160 | M=32 | policy=clair-puct | oracle_sims=100 | W=5
[pilot] out -> /mnt/c/carc-shared/tiletie_pricing_20260812/clair-puct/walled/leg3
[pilot] resume: 134 already done, 26 to go
[1/26] tt_sp_28000000101_p58 ok delta=-3.156 crn=True 154.748s
[2/26] tt_sp_28000000104_p36 ok delta=-3.562 crn=True 195.179s
[3/26] tt_sp_28000000021_p34 ok delta=+3.438 crn=True 196.347s
[4/26] tt_sp_28000000036_p18 ok delta=+1.375 crn=True 208.914s
[5/26] tt_sp_28000000045_p2 ok delta=-1.031 crn=True 211.305s
[6/26] tt_sp_28000000196_p106 ok delta=+3.625 crn=True 76.285s
[7/26] tt_sp_28000000174_p114 ok delta=+0.844 crn=True 94.147s
[8/26] tt_sp_28000000112_p34 ok delta=+8.438 crn=True 168.208s
[9/26] tt_sp_28000000244_p128 ok delta=-0.562 crn=True 36.217s
[10/26] tt_sp_28000000133_p10 ok delta=-0.375 crn=True 207.421s
[11/26] tt_sp_28000000300_p140 ok delta=+0.000 crn=True 6.412s
[12/26] tt_sp_28000000312_p137 ok delta=+0.938 crn=True 18.075s
[13/26] tt_sp_28000000211_p30 ok delta=+1.062 crn=True 217.438s
[14/26] tt_sp_28000000243_p44 ok delta=-0.656 crn=True 175.5s
[15/26] tt_sp_28000000261_p75 ok delta=+3.406 crn=True 147.739s
[16/26] tt_sp_28000000271_p52 ok delta=-0.125 crn=True 184.394s
[17/26] tt_sp_28000000356_p141 ok delta=+0.000 crn=True 2.693s
[18/26] tt_sp_28000000330_p50 ok delta=-0.125 crn=True 159.876s
[19/26] tt_sp_28000000365_p102 ok delta=+1.656 crn=True 106.958s
[20/26] tt_sp_28000000323_p22 ok delta=+0.375 crn=True 214.614s
[21/26] tt_sp_28000000333_p2 ok delta=-1.812 crn=True 217.563s
[22/26] tt_sp_28000000351_p24 ok delta=-0.094 crn=True 219.291s
[23/26] tt_sp_28000000408_p113 ok delta=+0.438 crn=True 74.502s
[24/26] tt_sp_28000000374_p68 ok delta=+1.438 crn=True 164.476s
[25/26] tt_sp_28000000375_p18 ok delta=+4.875 crn=True 197.011s
[26/26] tt_sp_28000000416_p44 ok delta=+1.656 crn=True 187.401s

=== ORACLE-SCORE PILOT SUMMARY ===
{
  "n_positions": 160,
  "m_worlds": 32,
  "sd_delta_positions": 2.700916698206381,
  "mean_delta_pts": 0.0525390625,
  "se_mean_delta": 0.21352621341784447,
  "z_pilot_observed": 0.24605439144461166,
  "mean_within_position_var": 170.6794669858871,
  "var_between_positions_est": 1.9612176673410868,
  "sd_delta_projected_by_m": {
    "8": 4.826608647961525,
    "16": 3.553686023547808,
    "32": 2.700916698206381,
    "64": 2.1512982914964565
  },
  "median_crn_var_reduction": 1.5304634359367972,
  "n_positions_perfect_pairing": 7,
  "n_positions_identical_afterstates": 0,
  "assumed_effect_pts": 0.07,
  "implied_z_full_run": {
    "N=265_at_M=32": 0.4219002542668968,
    "N=160_at_M=32": 0.3278286018354975,
    "N=160_at_M=8": 0.18344925172690416,
    "N=160_at_M=16": 0.2491603757281779,
    "N=160_at_M=64": 0.41158297217408674
  },
  "memo_power_fork": {
    "note": "memo \u00a74.2: sd ~0.5 pts => z ~2.2 (fund the full run); sd ~1.5 pts => z ~0.75 (do not). Read sd_delta_positions against this.",
    "z_if_sd_0.5": 2.279034883453959,
    "z_if_sd_1.5": 0.7596782944846531
  },
  "caveat": "The pilot's own mean_delta is a 20-position SCREEN, NOT a verdict on whether budget improves the move. The deliverable is the sd.",
  "schema": "carcassonne-oracle-score-pilot/v1",
  "oracle_policy": "clair-puct",
  "n_attempted": 160,
  "n_failed": 0,
  "crn_verified_all": true,
  "population_disagreements": 160,
  "wall_secs": 867.0,
  "manifest": "/mnt/c/carc-shared/tiletie_pricing_20260812/clair-puct/walled/leg3/manifest.json"
}
