=== EQTIME GATE | host=Doctor cand k4x169 vs deploy k4x688 | W=16 n=400 band=82000000000 rev=8fe268b 2026-07-29_01:55:37 ===
[fair-nvn-orch] CAND iter_03.pt: 81ch/42sc (sighted)
[fair-nvn-orch] OPP  = fair-champion (net-free heuristic priors) -> ONE server only
[fair-nvn-orch] exporting -> TorchScript (parity-gated)
[export] torch.jit.script unavailable (RuntimeError); tracing instead
[export] loading /mnt/c/carc-shared/distill_strong_20260723/ckpt/iter_03.pt on cuda
[export] tracing... (n_ch=81, n_scalar=42)
[export] fp-parity vs eager Python eval path:
  k=  1: max|dpriors|=0.00e+00  max|dvalue|=0.00e+00  OK
  k=  3: max|dpriors|=0.00e+00  max|dvalue|=0.00e+00  OK
  k=  8: max|dpriors|=0.00e+00  max|dvalue|=0.00e+00  OK
  k= 37: max|dpriors|=7.03e-06  max|dvalue|=1.14e-04  OK
[export] OK -> /tmp/carc_fairnvnC_Doctor.ts.pt  (n_scalar=42, C=81, device=cuda)
[export] Note: load this on the SAME device family in Rust (cuda).
[fair-nvn-orch] start carc-orch CAND (W=16 fwd=6 max_batch=16) shm=fairnvnCDoctor n_ch=81 n_scalar=42
[fair-nvn-orch] server READY | CAND shm='fairnvnCDoctor' 81ch/42sc | OPP fair-champion (net-free, no server) | client W=16
[head-to-head] opponent=fair-champion
[head-to-head] candidate frozen leaf: curve125 leaf_hash=a36d2e15a3b3d71d frozen_config_hash=6dfffd57051690f2 (champ_env dialect)
[head-to-head] opponent  frozen leaf: curve125 leaf_hash=a36d2e15a3b3d71d frozen_config_hash=6dfffd57051690f2 (champ_env dialect)
[head-to-head] BOTH SIDES curve125: YES | env DEFAULT_CONFIG (unmoved, no rung in play) leaf_hash=42af12fce22e1a0f
[warn] --opp-sims: ASYMMETRIC search budgets — candidate k4x169 (total 676) vs opponent fair-champion k4x688 (total 2752). This is an equal-WALL-CLOCK / whole-config deployability check, NOT the single-variable prior swap the symmetric head-to-head is: the two sides search different budgets. diff/elo stay candidate-minus-opponent.
[fair-netprior] net=/mnt/c/carc-shared/distill_strong_20260723/ckpt/iter_03.pt
[fair-netprior] rep=SIGHTED 81ch/42sc (inferred from the checkpoint) | priors=net_policy_head value=frozen_v29_curve125_leaf
fair-puct[fair_fair-netprior_c1.5_tau5_float_kd4_s169_vs_fairchamp-k4x688_k2-leafa36d2e15]: info=fair-netprior n=400 paired=True K=2 k_dets=4 sims=169 | 0 cached, 400 to play, 16 workers, out=/mnt/c/carc-shared/eqtime_netprior_k4x169_vs_deploy_b82000000000
  [orch] candidate SHM eval-server 'fairnvnCDoctor': 16 CPU workers attach to /dev/shm/carc_fairnvnCDoctor (81ch/42-scalar sighted PRIORS)
  10/400 played (57.2s/game, ~372 min left)
  20/400 played (52.2s/game, ~331 min left)
  30/400 played (42.5s/game, ~262 min left)
  40/400 played (42.4s/game, ~254 min left)
  50/400 played (42.1s/game, ~246 min left)
  60/400 played (38.4s/game, ~218 min left)
  70/400 played (39.0s/game, ~214 min left)
  80/400 played (39.8s/game, ~212 min left)
  90/400 played (38.0s/game, ~196 min left)
  100/400 played (39.0s/game, ~195 min left)
  110/400 played (37.7s/game, ~182 min left)
  120/400 played (37.7s/game, ~176 min left)
  130/400 played (37.8s/game, ~170 min left)
  140/400 played (38.1s/game, ~165 min left)
  150/400 played (37.8s/game, ~158 min left)
  160/400 played (38.4s/game, ~154 min left)
  170/400 played (38.0s/game, ~146 min left)
  180/400 played (38.0s/game, ~139 min left)
  190/400 played (38.3s/game, ~134 min left)
  200/400 played (38.5s/game, ~128 min left)
  210/400 played (38.3s/game, ~121 min left)
  220/400 played (37.9s/game, ~114 min left)
  230/400 played (37.8s/game, ~107 min left)
  240/400 played (37.9s/game, ~101 min left)
  250/400 played (37.5s/game, ~94 min left)
  260/400 played (37.9s/game, ~88 min left)
  270/400 played (37.4s/game, ~81 min left)
  280/400 played (37.5s/game, ~75 min left)
  290/400 played (37.3s/game, ~68 min left)
  300/400 played (37.2s/game, ~62 min left)
  310/400 played (37.1s/game, ~56 min left)
  320/400 played (36.8s/game, ~49 min left)
  330/400 played (36.9s/game, ~43 min left)
  340/400 played (36.6s/game, ~37 min left)
  350/400 played (36.5s/game, ~30 min left)
  360/400 played (36.7s/game, ~24 min left)
  370/400 played (36.6s/game, ~18 min left)
  380/400 played (36.6s/game, ~12 min left)
  390/400 played (36.7s/game, ~6 min left)
  400/400 played (37.1s/game, ~0 min left)

=== FAIR-PUCT[fair-netprior] (K=2, k_dets=4, sims=169, total~676) vs FAIR PRODUCTION CHAMPION (FairHeuristicPriorAgent, heuristic priors, curve125 leaf, k4x688) ===
games: 400   candidate: 185W / 10D / 205L   winrate 0.475 (z=-1.00)
avg score diff (candidate - opponent): -1.63
ELO: -17.4  (+/- 17.4 1sigma)
PAIRED: 200 decks   mean seat-balanced margin -1.63   z = -1.74
prefix ms/move: candidate 3787  opponent 3860  (ratio 0.98x)
fair endgame: candidate latched 400/400 games, 20.59s solver/game, timeouts=0
fair endgame: opponent  latched 400/400 games, 19.79s solver/game, timeouts=0
  POWER NOTE: |elo|<=35 at n=400 (1σ≈±17); a >=35-elo verdict needs n>=400.
[summary.json] wrote /mnt/c/carc-shared/eqtime_netprior_k4x169_vs_deploy_b82000000000/summary.json
=== EQTIME GATE exited rc=1 2026-07-29_06:03:12 ===
