[pilot] population=36 positions | n=36 | M=32 | policy=clair-puct | oracle_sims=100 | W=1
[pilot] out -> /mnt/c/carc-shared/tiletie_pricing_20260812/clair-puct/walled/leg4
[pilot] resume: 26 already done, 10 to go
[1/10] tt_sp_28000000020_p96 ok delta=-1.125 crn=True 105.868s
[2/10] tt_sp_28000000036_p66 ok delta=+0.594 crn=True 170.468s
[3/10] tt_sp_28000000053_p122 ok delta=+2.719 crn=True 65.112s
[4/10] tt_sp_28000000070_p64 ok delta=-0.188 crn=True 178.46s
[5/10] tt_sp_28000000134_p44 ok delta=-1.562 crn=True 197.548s
[6/10] tt_sp_28000000145_p32 ok delta=-1.875 crn=True 203.544s
[7/10] tt_sp_28000000164_p56 ok delta=+2.312 crn=True 147.421s
[8/10] tt_sp_28000000245_p52 ok delta=-2.812 crn=True 115.791s
[9/10] tt_sp_28000000315_p68 ok delta=-3.656 crn=True 92.916s
[10/10] tt_sp_28000000380_p80 ok delta=+4.312 crn=True 87.33s

=== ORACLE-SCORE PILOT SUMMARY ===
{
  "n_positions": 36,
  "m_worlds": 32,
  "sd_delta_positions": 2.6816258420029473,
  "mean_delta_pts": 0.0998263888888889,
  "se_mean_delta": 0.44693764033382455,
  "z_pilot_observed": 0.2233564145868919,
  "mean_within_position_var": 154.92963149641577,
  "var_between_positions_est": 2.349566172235023,
  "sd_delta_projected_by_m": {
    "8": 4.660018252033676,
    "16": 3.468813650336525,
    "32": 2.6816258420029473,
    "64": 2.1841111840669925
  },
  "median_crn_var_reduction": 1.6627311093247585,
  "n_positions_perfect_pairing": 1,
  "n_positions_identical_afterstates": 0,
  "assumed_effect_pts": 0.07,
  "implied_z_full_run": {
    "N=265_at_M=32": 0.42493528510892353,
    "N=36_at_M=32": 0.15662140236771271,
    "N=36_at_M=8": 0.09012840235479938,
    "N=36_at_M=16": 0.12107885932680586,
    "N=36_at_M=64": 0.19229790271845315
  },
  "memo_power_fork": {
    "note": "memo \u00a74.2: sd ~0.5 pts => z ~2.2 (fund the full run); sd ~1.5 pts => z ~0.75 (do not). Read sd_delta_positions against this.",
    "z_if_sd_0.5": 2.279034883453959,
    "z_if_sd_1.5": 0.7596782944846531
  },
  "caveat": "The pilot's own mean_delta is a 20-position SCREEN, NOT a verdict on whether budget improves the move. The deliverable is the sd.",
  "schema": "carcassonne-oracle-score-pilot/v1",
  "oracle_policy": "clair-puct",
  "n_attempted": 36,
  "n_failed": 0,
  "crn_verified_all": true,
  "population_disagreements": 36,
  "wall_secs": 1364.7,
  "manifest": "/mnt/c/carc-shared/tiletie_pricing_20260812/clair-puct/walled/leg4/manifest.json"
}
