[pilot] population=134 positions | n=134 | M=32 | policy=clair-puct | oracle_sims=100 | W=5
[pilot] out -> /mnt/c/carc-shared/tiletie_pricing_20260812/clair-puct/walled/leg3
[pilot] resume: 97 already done, 37 to go
[1/37] tt_sp_28000000020_p96 ok delta=-0.469 crn=True 105.818s
[2/37] tt_sp_28000000036_p66 ok delta=-0.938 crn=True 160.075s
[3/37] tt_sp_28000000013_p2 ok delta=-1.906 crn=True 211.228s
[4/37] tt_sp_28000000044_p14 ok delta=-2.875 crn=True 214.359s
[5/37] tt_sp_28000000019_p30 ok delta=+4.688 crn=True 215.858s
[6/37] tt_sp_28000000053_p122 ok delta=+1.031 crn=True 66.876s
[7/37] tt_sp_28000000050_p72 ok delta=-0.781 crn=True 133.573s
[8/37] tt_sp_28000000083_p126 ok delta=+0.125 crn=True 44.935s
[9/37] tt_sp_28000000062_p89 ok delta=-1.969 crn=True 129.766s
[10/37] tt_sp_28000000062_p95 ok delta=+3.156 crn=True 129.253s
[11/37] tt_sp_28000000116_p140 ok delta=-3.000 crn=True 7.438s
[12/37] tt_sp_28000000070_p64 ok delta=-0.469 crn=True 170.501s
[13/37] tt_sp_28000000136_p126 ok delta=-1.531 crn=True 33.241s
[14/37] tt_sp_28000000071_p10 ok delta=+1.969 crn=True 224.061s
[15/37] tt_sp_28000000100_p86 ok delta=+0.031 crn=True 184.23s
[16/37] tt_sp_28000000111_p68 ok delta=-3.438 crn=True 168.411s
[17/37] tt_sp_28000000134_p44 ok delta=-2.094 crn=True 200.974s
[18/37] tt_sp_28000000145_p32 ok delta=-1.656 crn=True 206.706s
[19/37] tt_sp_28000000164_p56 ok delta=+1.500 crn=True 190.371s
[20/37] tt_sp_28000000203_p106 ok delta=+1.688 crn=True 97.221s
[21/37] tt_sp_28000000188_p4 ok delta=+2.000 crn=True 215.359s
[22/37] tt_sp_28000000196_p42 ok delta=-0.312 crn=True 186.957s
[23/37] tt_sp_28000000240_p48 ok delta=-0.031 crn=True 187.362s
[24/37] tt_sp_28000000231_p20 ok delta=-0.250 crn=True 228.306s
[25/37] tt_sp_28000000245_p52 ok delta=-0.656 crn=True 214.584s
[26/37] tt_sp_28000000279_p12 ok delta=-0.344 crn=True 183.574s
[27/37] tt_sp_28000000273_p44 ok delta=-0.281 crn=True 205.22s
[28/37] tt_sp_28000000307_p116 ok delta=-0.219 crn=True 56.197s
[29/37] tt_sp_28000000381_p112 ok delta=-1.625 crn=True 63.31s
[30/37] tt_sp_28000000281_p70 ok delta=+0.625 crn=True 154.999s
[31/37] tt_sp_28000000401_p140 ok delta=+0.000 crn=True 4.135s
[32/37] tt_sp_28000000315_p68 ok delta=+0.656 crn=True 159.109s
[33/37] tt_sp_28000000380_p80 ok delta=+2.500 crn=True 145.49s
[34/37] tt_sp_28000000316_p44 ok delta=-2.500 crn=True 164.945s
[35/37] tt_sp_28000000394_p10 ok delta=+3.656 crn=True 144.096s
[36/37] tt_sp_28000000425_p12 ok delta=-2.219 crn=True 137.717s
[37/37] tt_sp_28000000429_p54 ok delta=+0.438 crn=True 105.285s

=== ORACLE-SCORE PILOT SUMMARY ===
{
  "n_positions": 134,
  "m_worlds": 32,
  "sd_delta_positions": 2.7241687990869194,
  "mean_delta_pts": -0.10191231343283583,
  "se_mean_delta": 0.23533234114850815,
  "z_pilot_observed": -0.43305698203428544,
  "mean_within_position_var": 167.68615340635532,
  "var_between_positions_est": 2.1809033519700654,
  "sd_delta_projected_by_m": {
    "8": 4.810579229964358,
    "16": 3.558270357894025,
    "32": 2.7241687990869194,
    "64": 2.1911183215299825
  },
  "median_crn_var_reduction": 1.5583962948235128,
  "n_positions_perfect_pairing": 5,
  "n_positions_identical_afterstates": 0,
  "assumed_effect_pts": 0.07,
  "implied_z_full_run": {
    "N=265_at_M=32": 0.4182991311364114,
    "N=134_at_M=32": 0.29745167901009406,
    "N=134_at_M=8": 0.16844303865697258,
    "N=134_at_M=16": 0.2277254119821575,
    "N=134_at_M=64": 0.3698150735326357
  },
  "memo_power_fork": {
    "note": "memo \u00a74.2: sd ~0.5 pts => z ~2.2 (fund the full run); sd ~1.5 pts => z ~0.75 (do not). Read sd_delta_positions against this.",
    "z_if_sd_0.5": 2.279034883453959,
    "z_if_sd_1.5": 0.7596782944846531
  },
  "caveat": "The pilot's own mean_delta is a 20-position SCREEN, NOT a verdict on whether budget improves the move. The deliverable is the sd.",
  "schema": "carcassonne-oracle-score-pilot/v1",
  "oracle_policy": "clair-puct",
  "n_attempted": 134,
  "n_failed": 0,
  "crn_verified_all": true,
  "population_disagreements": 134,
  "wall_secs": 1129.2,
  "manifest": "/mnt/c/carc-shared/tiletie_pricing_20260812/clair-puct/walled/leg3/manifest.json"
}
