[champ_picks] 804 selfplay tied positions under profile 'walled' (0 skipped -- other profiles)
[champ_picks] resume: 0 already done, 804 to go
[1/804] tt_sp_135000000371_p2 ok action=1149 0.557s
[2/804] tt_sp_135000000371_p15 ok action=1141 0.981s
[3/804] tt_sp_135000000362_p26 ok action=1256 1.188s
[4/804] tt_sp_135000000369_p18 ok action=1246 1.281s
[5/804] tt_sp_135000000356_p22 ok action=1236 1.384s
[6/804] tt_sp_135000000363_p34 ok action=1236 1.423s
[7/804] tt_sp_135000000370_p92 ok action=1170 1.482s
[8/804] tt_sp_135000000369_p36 ok action=1056 1.503s
[9/804] tt_sp_135000000367_p94 ok action=751 1.564s
[10/804] tt_sp_135000000352_p46 ok action=1263 1.801s
[11/804] tt_sp_135000000370_p46 ok action=1545 1.804s
[12/804] tt_sp_135000000351_p54 ok action=965 1.974s
[13/804] tt_sp_135000000359_p44 ok action=1164 2.03s
[14/804] tt_sp_135000000352_p74 ok action=959 2.114s
[15/804] tt_sp_135000000357_p60 ok action=1128 2.202s
[16/804] tt_sp_135000000376_p24 ok action=1450 1.071s
[17/804] tt_sp_135000000358_p66 ok action=1536 2.347s
[18/804] tt_sp_135000000352_p130 ok action=1324 2.393s
[19/804] tt_sp_135000000365_p80 ok action=1860 2.426s
[20/804] tt_sp_135000000350_p100 ok action=944 2.534s
[21/804] tt_sp_135000000357_p92 ok action=1542 2.632s
[22/804] tt_sp_135000000375_p54 ok action=1463 2.051s
[23/804] tt_sp_135000000364_p83 ok action=1265 2.746s
[24/804] tt_sp_135000000372_p66 ok action=1336 2.795s
[25/804] tt_sp_135000000379_p28 ok action=1241 1.423s
[26/804] tt_sp_135000000360_p106 ok action=964 2.896s
[27/804] tt_sp_135000000373_p84 ok action=1133 2.936s
[28/804] tt_sp_135000000381_p22 ok action=1157 1.243s
[29/804] tt_sp_135000000368_p84 ok action=752 3.234s
[30/804] tt_sp_135000000354_p76 ok action=847 3.26s
[31/804] tt_sp_135000000353_p96 ok action=844 3.297s
[32/804] tt_sp_135000000356_p88 ok action=1053 3.315s
[33/804] tt_sp_135000000387_p10 ok action=1144 1.055s
[34/804] tt_sp_135000000394_p12 ok action=1055 0.801s
[35/804] tt_sp_135000000395_p4 ok action=1350 0.749s
[36/804] tt_sp_135000000384_p34 ok action=1054 0.414s
[37/804] tt_sp_135000000388_p28 ok action=1551 0.278s
[38/804] tt_sp_135000000397_p10 ok action=1353 -0.248s
[39/804] tt_sp_135000000379_p78 ok action=1667 1.18s
[40/804] tt_sp_135000000378_p60 ok action=1052 1.352s
[41/804] tt_sp_135000000395_p24 ok action=1456 0.071s
[42/804] tt_sp_135000000360_p128 ok action=1748 2.964s
[43/804] tt_sp_135000000381_p50 ok action=1560 1.151s
[44/804] tt_sp_135000000376_p100 ok action=1435 2.115s
[45/804] tt_sp_135000000400_p16 ok action=845 -0.157s
[46/804] tt_sp_135000000365_p126 ok action=1537 3.195s
[47/804] tt_sp_135000000401_p6 ok action=1253 -0.274s
[48/804] tt_sp_135000000404_p140 ok action=1265 0.458s
[49/804] tt_sp_135000000382_p58 ok action=1061 1.324s
[50/804] tt_sp_135000000403_p4 ok action=1352 0.709s
[51/804] tt_sp_135000000401_p32 ok action=1269 0.103s
[52/804] tt_sp_135000000383_p124 ok action=942 1.547s
[53/804] tt_sp_135000000402_p16 ok action=1152 1.098s
[54/804] tt_sp_135000000407_p8 ok action=1256 0.714s
[55/804] tt_sp_135000000377_p136 ok action=1048 2.717s
[56/804] tt_sp_135000000398_p86 ok action=845 1.143s
[57/804] tt_sp_135000000389_p94 ok action=1540 1.756s
[58/804] tt_sp_135000000399_p40 ok action=1037 1.002s
[59/804] tt_sp_135000000406_p42 ok action=1440 1.395s
[60/804] tt_sp_135000000398_p74 ok action=848 1.484s
[61/804] tt_sp_135000000390_p124 ok action=1761 1.975s
[62/804] tt_sp_135000000380_p104 ok action=1268 2.966s
[63/804] tt_sp_135000000380_p102 ok action=747 3.054s
[64/804] tt_sp_135000000383_p134 ok action=1844 2.471s
[65/804] tt_sp_135000000402_p98 ok action=1473 1.921s
[66/804] tt_sp_135000000393_p88 ok action=750 2.102s
[67/804] tt_sp_135000000393_p118 ok action=1752 2.394s
[68/804] tt_sp_135000000399_p84 ok action=848 1.775s
[69/804] tt_sp_135000000419_p18 ok action=1449 1.124s
[70/804] tt_sp_135000000399_p126 ok action=1668 1.976s
[71/804] tt_sp_135000000422_p10 ok action=1240 0.834s
[72/804] tt_sp_135000000407_p56 ok action=1034 2.161s
[73/804] tt_sp_135000000411_p44 ok action=1345 2.128s
[74/804] tt_sp_135000000424_p8 ok action=1345 0.785s
[75/804] tt_sp_135000000419_p38 ok action=944 1.528s
[76/804] tt_sp_135000000413_p60 ok action=1361 2.611s
[77/804] tt_sp_135000000427_p14 ok action=1340 0.838s
[78/804] tt_sp_135000000428_p10 ok action=1054 0.784s
[79/804] tt_sp_135000000428_p2 ok action=1149 0.599s
[80/804] tt_sp_135000000408_p56 ok action=1640 2.87s
[81/804] tt_sp_135000000426_p16 ok action=1052 0.965s
[82/804] tt_sp_135000000416_p70 ok action=1169 2.489s
[83/804] tt_sp_135000000417_p64 ok action=1361 2.544s
[84/804] tt_sp_135000000404_p136 ok action=1033 3.528s
[85/804] tt_sp_135000000403_p82 ok action=1166 3.628s
[86/804] tt_sp_135000000424_p86 ok action=1132 1.607s
[87/804] tt_sp_135000000433_p142 ok action=837 0.286s
[88/804] tt_sp_135000000425_p44 ok action=952 1.398s
[89/804] tt_sp_135000000429_p14 ok action=1147 0.876s
[90/804] tt_sp_135000000401_p122 ok action=862 3.364s
[91/804] tt_sp_135000000405_p136 ok action=940 3.86s
[92/804] tt_sp_135000000415_p88 ok action=1337 3.406s
[93/804] tt_sp_135000000429_p8 ok action=1351 0.833s
[94/804] tt_sp_135000000416_p96 ok action=850 3.279s
[95/804] tt_sp_135000000422_p122 ok action=1648 2.528s
[96/804] tt_sp_135000000423_p72 ok action=1461 2.52s
[97/804] tt_sp_135000000436_p6 ok action=1449 0.674s
[98/804] tt_sp_135000000439_p142 ok action=1657 0.199s
[99/804] tt_sp_135000000437_p4 ok action=1349 0.692s
[100/804] tt_sp_135000000436_p12 ok action=1047 0.865s
[101/804] tt_sp_135000000434_p30 ok action=1040 1.398s
[102/804] tt_sp_135000000439_p14 ok action=1145 0.837s
[103/804] tt_sp_135000000423_p88 ok action=948 3.165s
[104/804] tt_sp_135000000440_p12 ok action=1148 0.836s
[105/804] tt_sp_135000000422_p108 ok action=1369 3.526s
[106/804] tt_sp_135000000420_p97 ok action=1129 3.834s
[107/804] tt_sp_135000000437_p26 ok action=1342 1.444s
[108/804] tt_sp_135000000444_p142 ok action=1164 0.209s
[109/804] tt_sp_135000000425_p130 ok action=1232 3.116s
[110/804] tt_sp_135000000421_p118 ok action=1365 3.984s
[111/804] tt_sp_135000000435_p116 ok action=546 1.865s
[112/804] tt_sp_135000000416_p120 ok action=1369 4.852s
[113/804] tt_sp_135000000441_p20 ok action=1054 1.172s
[114/804] tt_sp_135000000442_p22 ok action=1240 1.11s
[115/804] tt_sp_135000000430_p60 ok action=1340 2.447s
[116/804] tt_sp_135000000432_p64 ok action=1139 2.616s
[117/804] tt_sp_135000000431_p90 ok action=936 2.636s
[118/804] tt_sp_135000000437_p42 ok action=1040 1.954s
[119/804] tt_sp_135000000434_p72 ok action=1274 2.63s
[120/804] tt_sp_135000000435_p114 ok action=1653 2.646s
[121/804] tt_sp_135000000428_p120 ok action=1628 3.732s
[122/804] tt_sp_135000000438_p58 ok action=943 2.306s
[123/804] tt_sp_135000000415_p138 ok action=1365 5.82s
[124/804] tt_sp_135000000423_p122 ok action=1648 4.786s
[125/804] tt_sp_135000000446_p32 ok action=848 1.239s
[126/804] tt_sp_135000000424_p132 ok action=1744 4.735s
[127/804] tt_sp_135000000432_p86 ok action=1233 3.263s
[128/804] tt_sp_135000000454_p4 ok action=1247 0.689s
[129/804] tt_sp_135000000443_p56 ok action=1265 2.141s
[130/804] tt_sp_135000000448_p40 ok action=1243 1.715s
[131/804] tt_sp_135000000454_p26 ok action=1047 1.308s
[132/804] tt_sp_135000000444_p54 ok action=1160 1.975s
[133/804] tt_sp_135000000441_p60 ok action=744 2.862s
[134/804] tt_sp_135000000443_p58 ok action=1440 2.543s
[135/804] tt_sp_135000000457_p24 ok action=1052 1.292s
[136/804] tt_sp_135000000456_p32 ok action=1443 1.429s
[137/804] tt_sp_135000000452_p58 ok action=959 2.093s
[138/804] tt_sp_135000000459_p24 ok action=1157 1.008s
[139/804] tt_sp_135000000451_p84 ok action=1168 2.172s
[140/804] tt_sp_135000000440_p80 ok action=1065 3.354s
[141/804] tt_sp_135000000456_p36 ok action=1232 1.507s
[142/804] tt_sp_135000000438_p104 ok action=1366 3.787s
[143/804] tt_sp_135000000443_p92 ok action=1469 2.88s
[144/804] tt_sp_135000000444_p86 ok action=1436 2.727s
[145/804] tt_sp_135000000457_p36 ok action=1337 1.643s
[146/804] tt_sp_135000000429_p138 ok action=1432 5.497s
[147/804] tt_sp_135000000453_p110 ok action=753 2.607s
[148/804] tt_sp_135000000452_p62 ok action=1136 2.714s
[149/804] tt_sp_135000000455_p78 ok action=1552 2.474s
[150/804] tt_sp_135000000462_p22 ok action=1336 1.155s
[151/804] tt_sp_135000000464_p8 ok action=1257 0.841s
[152/804] tt_sp_135000000450_p94 ok action=1132 3.272s
[153/804] tt_sp_135000000461_p57 ok action=1338 1.652s
[154/804] tt_sp_135000000458_p90 ok action=1044 2.312s
[155/804] tt_sp_135000000460_p80 ok action=1564 1.911s
[156/804] tt_sp_135000000468_p2 ok action=1245 0.67s
[157/804] tt_sp_135000000461_p49 ok action=957 1.853s
[158/804] tt_sp_135000000460_p58 ok action=1564 2.391s
[159/804] tt_sp_135000000470_p2 ok action=1245 0.62s
[160/804] tt_sp_135000000451_p116 ok action=1030 3.908s
[161/804] tt_sp_135000000455_p88 ok action=1642 3.443s
[162/804] tt_sp_135000000458_p132 ok action=1340 2.957s
[163/804] tt_sp_135000000458_p124 ok action=924 3.101s
[164/804] tt_sp_135000000476_p140 ok action=760 0.387s
[165/804] tt_sp_135000000466_p106 ok action=1652 1.704s
[166/804] tt_sp_135000000462_p64 ok action=1040 1.942s
[167/804] tt_sp_135000000460_p76 ok action=1532 2.884s
[168/804] tt_sp_135000000475_p7 ok action=1353 0.715s
[169/804] tt_sp_135000000449_p128 ok action=1429 4.454s
[170/804] tt_sp_135000000482_p142 ok action=1268 0.223s
[171/804] tt_sp_135000000472_p18 ok action=1236 1.186s
[172/804] tt_sp_135000000466_p118 ok action=1069 2.051s
[173/804] tt_sp_135000000466_p112 ok action=1470 2.135s
[174/804] tt_sp_135000000463_p112 ok action=1136 2.362s
[175/804] tt_sp_135000000477_p16 ok action=1144 1.026s
[176/804] tt_sp_135000000474_p24 ok action=1041 1.275s
[177/804] tt_sp_135000000486_p142 ok action=1665 0.226s
[178/804] tt_sp_135000000462_p102 ok action=960 3.045s
[179/804] tt_sp_135000000475_p27 ok action=1254 1.449s
[180/804] tt_sp_135000000483_p6 ok action=1149 0.695s
[181/804] tt_sp_135000000469_p80 ok action=842 2.188s
[182/804] tt_sp_135000000463_p76 ok action=1546 2.994s
[183/804] tt_sp_135000000487_p8 ok action=1257 0.692s
[184/804] tt_sp_135000000477_p80 ok action=1654 1.506s
[185/804] tt_sp_135000000465_p126 ok action=732 3.173s
[186/804] tt_sp_135000000472_p130 ok action=1637 2.358s
[187/804] tt_sp_135000000482_p32 ok action=1160 1.538s
[188/804] tt_sp_135000000479_p31 ok action=1551 1.634s
[189/804] tt_sp_135000000485_p24 ok action=1342 1.256s
[190/804] tt_sp_135000000495_p142 ok action=847 0.259s
[191/804] tt_sp_135000000465_p136 ok action=1439 3.706s
[192/804] tt_sp_135000000459_p120 ok action=864 4.886s
[193/804] tt_sp_135000000467_p98 ok action=1748 3.574s
[194/804] tt_sp_135000000470_p78 ok action=1334 3.053s
[195/804] tt_sp_135000000482_p70 ok action=1364 2.304s
[196/804] tt_sp_135000000483_p68 ok action=750 2.226s
[197/804] tt_sp_135000000489_p48 ok action=936 1.651s
[198/804] tt_sp_135000000469_p120 ok action=1267 3.735s
[199/804] tt_sp_135000000481_p82 ok action=936 2.585s
[200/804] tt_sp_135000000484_p70 ok action=1240 2.238s
[201/804] tt_sp_135000000483_p84 ok action=761 2.624s
[202/804] tt_sp_135000000478_p78 ok action=1459 3.05s
[203/804] tt_sp_135000000480_p138 ok action=866 3.055s
[204/804] tt_sp_135000000493_p40 ok action=1355 1.623s
[205/804] tt_sp_135000000497_p16 ok action=1340 0.983s
[206/804] tt_sp_135000000476_p124 ok action=1541 3.732s
[207/804] tt_sp_135000000467_p120 ok action=665 4.739s
[208/804] tt_sp_135000000474_p114 ok action=1068 3.933s
[209/804] tt_sp_135000000496_p24 ok action=1057 1.289s
[210/804] tt_sp_135000000498_p6 ok action=1258 0.803s
[211/804] tt_sp_135000000497_p22 ok action=1440 1.254s
[212/804] tt_sp_135000000485_p62 ok action=748 2.96s
[213/804] tt_sp_135000000500_p8 ok action=1357 0.818s
[214/804] tt_sp_135000000490_p60 ok action=1147 2.593s
[215/804] tt_sp_135000000491_p64 ok action=1356 2.22s
[216/804] tt_sp_135000000496_p34 ok action=1453 1.675s
[217/804] tt_sp_135000000490_p64 ok action=960 2.622s
[218/804] tt_sp_135000000495_p50 ok action=1136 2.107s
[219/804] tt_sp_135000000501_p8 ok action=1255 0.868s
[220/804] tt_sp_135000000504_p4 ok action=1149 0.655s
[221/804] tt_sp_135000000499_p30 ok action=1448 1.287s
[222/804] tt_sp_135000000495_p56 ok action=1260 2.297s
[223/804] tt_sp_135000000506_p2 ok action=1245 0.591s
[224/804] tt_sp_135000000488_p78 ok action=1132 3.267s
[225/804] tt_sp_135000000491_p132 ok action=1739 2.923s
[226/804] tt_sp_135000000509_p2 ok action=1148 0.632s
[227/804] tt_sp_135000000508_p10 ok action=1245 0.858s
[228/804] tt_sp_135000000497_p71 ok action=1161 1.936s
[229/804] tt_sp_135000000500_p48 ok action=1052 1.954s
[230/804] tt_sp_135000000512_p2 ok action=1148 0.643s
[231/804] tt_sp_135000000512_p10 ok action=1255 0.756s
[232/804] tt_sp_135000000492_p96 ok action=1139 3.264s
[233/804] tt_sp_135000000506_p24 ok action=1545 1.241s
[234/804] tt_sp_135000000505_p36 ok action=1260 1.556s
[235/804] tt_sp_135000000511_p24 ok action=1261 1.113s
[236/804] tt_sp_135000000507_p26 ok action=1137 1.401s
[237/804] tt_sp_135000000501_p54 ok action=1454 2.029s
[238/804] tt_sp_135000000488_p132 ok action=1540 4.363s
[239/804] tt_sp_135000000505_p40 ok action=1456 1.664s
[240/804] tt_sp_135000000492_p132 ok action=1338 3.776s
[241/804] tt_sp_135000000501_p90 ok action=1553 2.354s
[242/804] tt_sp_135000000510_p77 ok action=1548 1.858s
[243/804] tt_sp_135000000503_p70 ok action=1048 2.437s
[244/804] tt_sp_135000000520_p15 ok action=1045 0.991s
[245/804] tt_sp_135000000522_p10 ok action=1256 0.912s
[246/804] tt_sp_135000000516_p50 ok action=1550 1.768s
[247/804] tt_sp_135000000511_p50 ok action=1540 2.152s
[248/804] tt_sp_135000000522_p20 ok action=1347 1.337s
[249/804] tt_sp_135000000513_p101 ok action=836 2.576s
[250/804] tt_sp_135000000513_p75 ok action=853 2.565s
[251/804] tt_sp_135000000518_p136 ok action=1657 2.228s
[252/804] tt_sp_135000000517_p88 ok action=853 2.556s
[253/804] tt_sp_135000000529_p2 ok action=1247 0.658s
[254/804] tt_sp_135000000504_p106 ok action=765 3.845s
[255/804] tt_sp_135000000525_p66 ok action=1457 1.932s
[256/804] tt_sp_135000000518_p74 ok action=1264 2.624s
[257/804] tt_sp_135000000498_p100 ok action=1664 4.601s
[258/804] tt_sp_135000000515_p92 ok action=1048 3.077s
[259/804] tt_sp_135000000521_p62 ok action=956 2.393s
[260/804] tt_sp_135000000521_p64 ok action=1240 2.327s
[261/804] tt_sp_135000000496_p132 ok action=936 5.381s
[262/804] tt_sp_135000000526_p92 ok action=1642 2.034s
[263/804] tt_sp_135000000538_p142 ok action=850 0.204s
[264/804] tt_sp_135000000528_p50 ok action=1557 1.772s
[265/804] tt_sp_135000000535_p2 ok action=1247 0.572s
[266/804] tt_sp_135000000522_p68 ok action=833 2.8s
[267/804] tt_sp_135000000527_p66 ok action=1160 2.209s
[268/804] tt_sp_135000000527_p74 ok action=1544 2.218s
[269/804] tt_sp_135000000528_p64 ok action=1563 1.91s
[270/804] tt_sp_135000000526_p46 ok action=842 2.679s
[271/804] tt_sp_135000000521_p126 ok action=1842 3.239s
[272/804] tt_sp_135000000532_p24 ok action=1442 1.295s
[273/804] tt_sp_135000000505_p118 ok action=1541 4.76s
[274/804] tt_sp_135000000534_p24 ok action=1546 1.093s
[275/804] tt_sp_135000000534_p32 ok action=1457 1.174s
[276/804] tt_sp_135000000531_p64 ok action=1660 1.863s
[277/804] tt_sp_135000000539_p12 ok action=1347 0.873s
[278/804] tt_sp_135000000541_p2 ok action=1254 0.707s
[279/804] tt_sp_135000000519_p104 ok action=863 4.262s
[280/804] tt_sp_135000000516_p134 ok action=963 4.84s
[281/804] tt_sp_135000000541_p14 ok action=1245 1.028s
[282/804] tt_sp_135000000544_p12 ok action=1340 0.811s
[283/804] tt_sp_135000000524_p122 ok action=1652 4.083s
[284/804] tt_sp_135000000541_p140 ok action=1265 1.212s
[285/804] tt_sp_135000000538_p70 ok action=948 1.634s
[286/804] tt_sp_135000000502_p116 ok action=1549 6.253s
[287/804] tt_sp_135000000544_p18 ok action=1163 1.042s
[288/804] tt_sp_135000000532_p92 ok action=1070 2.833s
[289/804] tt_sp_135000000533_p60 ok action=1265 2.562s
[290/804] tt_sp_135000000533_p140 ok action=1332 2.733s
[291/804] tt_sp_135000000546_p10 ok action=1449 0.931s
[292/804] tt_sp_135000000539_p84 ok action=940 2.05s
[293/804] tt_sp_135000000547_p12 ok action=1244 0.955s
[294/804] tt_sp_135000000537_p123 ok action=2051 2.75s
[295/804] tt_sp_135000000520_p119 ok action=1652 5.394s
[296/804] tt_sp_135000000540_p48 ok action=1336 2.103s
[297/804] tt_sp_135000000550_p2 ok action=1244 0.637s
[298/804] tt_sp_135000000547_p18 ok action=1345 1.003s
[299/804] tt_sp_135000000539_p128 ok action=964 2.586s
[300/804] tt_sp_135000000529_p118 ok action=654 4.457s
[301/804] tt_sp_135000000542_p74 ok action=1661 2.584s
[302/804] tt_sp_135000000552_p10 ok action=1053 0.88s
[303/804] tt_sp_135000000545_p54 ok action=1553 2.04s
[304/804] tt_sp_135000000548_p30 ok action=1448 1.442s
[305/804] tt_sp_135000000553_p8 ok action=1351 0.762s
[306/804] tt_sp_135000000540_p116 ok action=861 2.88s
[307/804] tt_sp_135000000556_p4 ok action=1252 0.744s
[308/804] tt_sp_135000000557_p4 ok action=1353 0.606s
[309/804] tt_sp_135000000555_p18 ok action=1453 1.074s
[310/804] tt_sp_135000000546_p90 ok action=760 2.164s
[311/804] tt_sp_135000000557_p18 ok action=1445 1.021s
[312/804] tt_sp_135000000559_p2 ok action=1252 0.676s
[313/804] tt_sp_135000000555_p26 ok action=1548 1.286s
[314/804] tt_sp_135000000548_p120 ok action=1175 2.227s
[315/804] tt_sp_135000000553_p32 ok action=1556 1.583s
[316/804] tt_sp_135000000550_p130 ok action=1229 2.169s
[317/804] tt_sp_135000000528_p136 ok action=1550 5.845s
[318/804] tt_sp_135000000540_p132 ok action=1371 3.679s
[319/804] tt_sp_135000000537_p129 ok action=1840 4.323s
[320/804] tt_sp_135000000542_p94 ok action=1164 3.624s
[321/804] tt_sp_135000000550_p52 ok action=1360 2.167s
[322/804] tt_sp_135000000547_p126 ok action=1646 2.893s
[323/804] tt_sp_135000000545_p106 ok action=861 3.439s
[324/804] tt_sp_135000000559_p32 ok action=1450 1.515s
[325/804] tt_sp_135000000536_p102 ok action=1328 5.071s
[326/804] tt_sp_135000000555_p56 ok action=1753 2.248s
[327/804] tt_sp_135000000569_p4 ok action=1346 0.718s
[328/804] tt_sp_135000000551_p78 ok action=1033 2.868s
[329/804] tt_sp_135000000549_p108 ok action=1265 3.297s
[330/804] tt_sp_135000000566_p24 ok action=1452 1.459s
[331/804] tt_sp_135000000561_p78 ok action=1164 2.071s
[332/804] tt_sp_135000000564_p66 ok action=1260 1.815s
[333/804] tt_sp_135000000571_p25 ok action=1446 1.139s
[334/804] tt_sp_135000000559_p114 ok action=1172 2.433s
[335/804] tt_sp_135000000553_p104 ok action=1368 3.429s
[336/804] tt_sp_135000000576_p142 ok action=732 0.229s
[337/804] tt_sp_135000000536_p130 ok action=848 6.297s
[338/804] tt_sp_135000000567_p54 ok action=953 2.035s
[339/804] tt_sp_135000000558_p126 ok action=1435 3.033s
[340/804] tt_sp_135000000564_p132 ok action=1069 2.454s
[341/804] tt_sp_135000000571_p45 ok action=1643 1.743s
[342/804] tt_sp_135000000565_p120 ok action=1369 2.593s
[343/804] tt_sp_135000000567_p76 ok action=839 2.492s
[344/804] tt_sp_135000000570_p60 ok action=1457 2.344s
[345/804] tt_sp_135000000562_p92 ok action=1441 3.276s
[346/804] tt_sp_135000000568_p62 ok action=1032 2.65s
[347/804] tt_sp_135000000572_p68 ok action=1742 2.105s
[348/804] tt_sp_135000000567_p90 ok action=1343 2.851s
[349/804] tt_sp_135000000561_p114 ok action=752 3.679s
[350/804] tt_sp_135000000566_p88 ok action=1273 3.161s
[351/804] tt_sp_135000000572_p84 ok action=760 2.292s
[352/804] tt_sp_135000000568_p66 ok action=947 2.998s
[353/804] tt_sp_135000000573_p58 ok action=1556 2.281s
[354/804] tt_sp_135000000560_p126 ok action=1632 4.488s
[355/804] tt_sp_135000000572_p116 ok action=1631 3.266s
[356/804] tt_sp_135000000577_p116 ok action=1124 2.091s
[357/804] tt_sp_135000000579_p60 ok action=1040 1.736s
[358/804] tt_sp_135000000584_p16 ok action=1343 0.913s
[359/804] tt_sp_135000000563_p118 ok action=1140 4.589s
[360/804] tt_sp_135000000583_p20 ok action=1140 1.193s
[361/804] tt_sp_135000000578_p57 ok action=1557 2.303s
[362/804] tt_sp_135000000577_p78 ok action=1049 2.51s
[363/804] tt_sp_135000000585_p20 ok action=1240 1.201s
[364/804] tt_sp_135000000575_p116 ok action=1633 3.034s
[365/804] tt_sp_135000000581_p36 ok action=1260 1.844s
[366/804] tt_sp_135000000582_p44 ok action=1047 1.673s
[367/804] tt_sp_135000000579_p100 ok action=1641 2.335s
[368/804] tt_sp_135000000586_p4 ok action=1152 0.758s
[369/804] tt_sp_135000000580_p50 ok action=1052 1.981s
[370/804] tt_sp_135000000584_p30 ok action=1261 1.48s
[371/804] tt_sp_135000000574_p70 ok action=1357 3.521s
[372/804] tt_sp_135000000580_p116 ok action=1648 2.238s
[373/804] tt_sp_135000000583_p36 ok action=1259 1.63s
[374/804] tt_sp_135000000582_p36 ok action=1340 1.923s
[375/804] tt_sp_135000000585_p34 ok action=1165 1.594s
[376/804] tt_sp_135000000578_p79 ok action=1164 2.811s
[377/804] tt_sp_135000000594_p2 ok action=1247 0.594s
[378/804] tt_sp_135000000600_p2 ok action=1350 0.594s
[379/804] tt_sp_135000000587_p24 ok action=1046 1.326s
[380/804] tt_sp_135000000577_p104 ok action=1226 3.867s
[381/804] tt_sp_135000000591_p30 ok action=1441 1.16s
[382/804] tt_sp_135000000576_p124 ok action=749 4.21s
[383/804] tt_sp_135000000578_p103 ok action=1033 3.705s
[384/804] tt_sp_135000000590_p18 ok action=1348 1.383s
[385/804] tt_sp_135000000595_p24 ok action=1156 1.21s
[386/804] tt_sp_135000000592_p36 ok action=949 1.35s
[387/804] tt_sp_135000000573_p108 ok action=1520 5.231s
[388/804] tt_sp_135000000490_p140 ok action=1534 16.93s
[389/804] tt_sp_135000000601_p12 ok action=1344 1.034s
[390/804] tt_sp_135000000591_p62 ok action=1557 2.144s
[391/804] tt_sp_135000000593_p84 ok action=1444 2.213s
[392/804] tt_sp_135000000590_p106 ok action=1329 2.438s
[393/804] tt_sp_135000000603_p28 ok action=1140 1.362s
[394/804] tt_sp_135000000602_p54 ok action=1458 1.599s
[395/804] tt_sp_135000000586_p130 ok action=964 3.415s
[396/804] tt_sp_135000000588_p74 ok action=936 3.065s
[397/804] tt_sp_135000000605_p42 ok action=1165 1.323s
[398/804] tt_sp_135000000604_p32 ok action=1036 1.352s
[399/804] tt_sp_135000000600_p48 ok action=940 2.404s
[400/804] tt_sp_135000000583_p104 ok action=1472 4.462s
[401/804] tt_sp_135000000603_p58 ok action=1552 1.692s
[402/804] tt_sp_135000000587_p124 ok action=832 3.621s
[403/804] tt_sp_135000000590_p78 ok action=1653 3.022s
[404/804] tt_sp_135000000610_p6 ok action=1352 0.753s
[405/804] tt_sp_135000000598_p84 ok action=1757 2.96s
[406/804] tt_sp_135000000589_p122 ok action=941 3.45s
[407/804] tt_sp_135000000601_p114 ok action=739 2.476s
[408/804] tt_sp_135000000588_p124 ok action=1371 3.916s
[409/804] tt_sp_135000000597_p90 ok action=1548 3.407s
[410/804] tt_sp_135000000607_p140 ok action=1028 1.809s
[411/804] tt_sp_135000000605_p60 ok action=1740 2.123s
[412/804] tt_sp_135000000613_p14 ok action=1256 0.96s
[413/804] tt_sp_135000000609_p36 ok action=953 1.499s
[414/804] tt_sp_135000000615_p14 ok action=1256 1.045s
[415/804] tt_sp_135000000614_p17 ok action=1140 1.103s
[416/804] tt_sp_135000000607_p52 ok action=1157 2.035s
[417/804] tt_sp_135000000600_p88 ok action=1465 3.536s
[418/804] tt_sp_135000000604_p100 ok action=949 2.816s
[419/804] tt_sp_135000000617_p16 ok action=1152 1.11s
[420/804] tt_sp_135000000589_p86 ok action=752 4.296s
[421/804] tt_sp_135000000589_p92 ok action=656 4.546s
[422/804] tt_sp_135000000621_p4 ok action=1355 0.752s
[423/804] tt_sp_135000000614_p39 ok action=1551 1.792s
[424/804] tt_sp_135000000624_p4 ok action=1148 0.631s
[425/804] tt_sp_135000000625_p2 ok action=1148 0.6s
[426/804] tt_sp_135000000602_p104 ok action=1332 4.007s
[427/804] tt_sp_135000000611_p64 ok action=1353 2.572s
[428/804] tt_sp_135000000607_p110 ok action=1846 3.363s
[429/804] tt_sp_135000000616_p64 ok action=1233 1.978s
[430/804] tt_sp_135000000618_p54 ok action=1241 1.945s
[431/804] tt_sp_135000000619_p41 ok action=1455 1.901s
[432/804] tt_sp_135000000628_p8 ok action=1047 0.726s
[433/804] tt_sp_135000000629_p4 ok action=1152 0.659s
[434/804] tt_sp_135000000623_p38 ok action=1454 1.555s
[435/804] tt_sp_135000000619_p51 ok action=1336 2.2s
[436/804] tt_sp_135000000624_p36 ok action=1559 1.512s
[437/804] tt_sp_135000000615_p71 ok action=1270 2.73s
[438/804] tt_sp_135000000618_p68 ok action=1265 2.379s
[439/804] tt_sp_135000000612_p72 ok action=1152 2.968s
[440/804] tt_sp_135000000574_p136 ok action=1557 9.11s
[441/804] tt_sp_135000000627_p22 ok action=1040 1.207s
[442/804] tt_sp_135000000631_p10 ok action=1353 0.732s
[443/804] tt_sp_135000000617_p84 ok action=820 2.683s
[444/804] tt_sp_135000000633_p18 ok action=1161 0.993s
[445/804] tt_sp_135000000612_p100 ok action=1736 3.428s
[446/804] tt_sp_135000000622_p52 ok action=1160 2.353s
[447/804] tt_sp_135000000629_p140 ok action=1122 0.361s
[448/804] tt_sp_135000000635_p12 ok action=1358 -0.317s
[449/804] tt_sp_135000000616_p114 ok action=1840 2.378s
[450/804] tt_sp_135000000620_p97 ok action=1128 1.714s
[451/804] tt_sp_135000000642_p2 ok action=1246 0.62s
[452/804] tt_sp_135000000638_p28 ok action=1451 0.234s
[453/804] tt_sp_135000000627_p110 ok action=1454 1.793s
[454/804] tt_sp_135000000575_p136 ok action=1636 9.156s
[455/804] tt_sp_135000000620_p115 ok action=1336 2.613s
[456/804] tt_sp_135000000638_p30 ok action=1252 0.332s
[457/804] tt_sp_135000000633_p96 ok action=1136 0.956s
[458/804] tt_sp_135000000643_p6 ok action=1155 0.777s
[459/804] tt_sp_135000000643_p10 ok action=1445 0.881s
[460/804] tt_sp_135000000636_p52 ok action=948 0.624s
[461/804] tt_sp_135000000628_p125 ok action=1532 1.85s
[462/804] tt_sp_135000000633_p48 ok action=1332 1.239s
[463/804] tt_sp_135000000637_p46 ok action=957 0.71s
[464/804] tt_sp_135000000644_p2 ok action=1247 0.653s
[465/804] tt_sp_135000000635_p84 ok action=1052 1.035s
[466/804] tt_sp_135000000632_p100 ok action=1032 1.678s
[467/804] tt_sp_135000000626_p126 ok action=1569 2.521s
[468/804] tt_sp_135000000635_p56 ok action=1541 1.284s
[469/804] tt_sp_135000000636_p58 ok action=1457 1.186s
[470/804] tt_sp_135000000645_p8 ok action=1244 0.71s
[471/804] tt_sp_135000000650_p6 ok action=1253 0.773s
[472/804] tt_sp_135000000648_p12 ok action=1160 0.921s
[473/804] tt_sp_135000000649_p12 ok action=1044 0.907s
[474/804] tt_sp_135000000645_p28 ok action=1237 1.326s
[475/804] tt_sp_135000000660_p142 ok action=1748 0.199s
[476/804] tt_sp_135000000621_p130 ok action=1746 3.948s
[477/804] tt_sp_135000000656_p10 ok action=1242 0.794s
[478/804] tt_sp_135000000641_p98 ok action=1269 2.542s
[479/804] tt_sp_135000000644_p34 ok action=1041 1.612s
[480/804] tt_sp_135000000620_p125 ok action=1268 4.081s
[481/804] tt_sp_135000000652_p26 ok action=1452 1.351s
[482/804] tt_sp_135000000639_p72 ok action=1538 2.219s
[483/804] tt_sp_135000000637_p88 ok action=845 2.335s
[484/804] tt_sp_135000000651_p52 ok action=1243 1.628s
[485/804] tt_sp_135000000637_p100 ok action=1440 2.408s
[486/804] tt_sp_135000000655_p34 ok action=1453 1.397s
[487/804] tt_sp_135000000646_p58 ok action=948 2.105s
[488/804] tt_sp_135000000630_p104 ok action=1739 3.371s
[489/804] tt_sp_135000000639_p76 ok action=1636 2.235s
[490/804] tt_sp_135000000668_p142 ok action=1068 0.251s
[491/804] tt_sp_135000000623_p132 ok action=944 4.469s
[492/804] tt_sp_135000000642_p70 ok action=1169 3.233s
[493/804] tt_sp_135000000636_p126 ok action=1430 2.922s
[494/804] tt_sp_135000000646_p60 ok action=1364 2.349s
[495/804] tt_sp_135000000655_p46 ok action=1237 1.786s
[496/804] tt_sp_135000000659_p70 ok action=954 1.544s
[497/804] tt_sp_135000000640_p92 ok action=849 2.542s
[498/804] tt_sp_135000000661_p26 ok action=945 1.225s
[499/804] tt_sp_135000000664_p18 ok action=1036 1.079s
[500/804] tt_sp_135000000651_p96 ok action=1034 2.433s
[501/804] tt_sp_135000000664_p24 ok action=1457 1.448s
[502/804] tt_sp_135000000649_p84 ok action=1646 3.058s
[503/804] tt_sp_135000000674_p12 ok action=1049 0.943s
[504/804] tt_sp_135000000669_p33 ok action=1361 1.296s
[505/804] tt_sp_135000000652_p71 ok action=1538 3.061s
[506/804] tt_sp_135000000677_p6 ok action=1256 0.802s
[507/804] tt_sp_135000000672_p16 ok action=1054 1.224s
[508/804] tt_sp_135000000660_p58 ok action=1260 2.19s
[509/804] tt_sp_135000000670_p38 ok action=1048 1.359s
[510/804] tt_sp_135000000671_p26 ok action=1337 1.399s
[511/804] tt_sp_135000000657_p98 ok action=1032 2.993s
[512/804] tt_sp_135000000656_p80 ok action=840 3.064s
[513/804] tt_sp_135000000659_p84 ok action=1039 2.822s
[514/804] tt_sp_135000000678_p3 ok action=1245 0.653s
[515/804] tt_sp_135000000653_p86 ok action=1225 3.456s
[516/804] tt_sp_135000000663_p68 ok action=1332 2.5s
[517/804] tt_sp_135000000677_p28 ok action=1136 1.455s
[518/804] tt_sp_135000000666_p138 ok action=1165 2.175s
[519/804] tt_sp_135000000666_p134 ok action=762 2.411s
[520/804] tt_sp_135000000679_p10 ok action=1052 0.787s
[521/804] tt_sp_135000000673_p52 ok action=1349 1.935s
[522/804] tt_sp_135000000675_p44 ok action=956 1.737s
[523/804] tt_sp_135000000674_p58 ok action=1057 1.852s
[524/804] tt_sp_135000000668_p120 ok action=1053 2.48s
[525/804] tt_sp_135000000692_p142 ok action=1320 0.228s
[526/804] tt_sp_135000000679_p36 ok action=1051 1.151s
[527/804] tt_sp_135000000676_p88 ok action=1268 2.011s
[528/804] tt_sp_135000000673_p60 ok action=1156 2.286s
[529/804] tt_sp_135000000661_p82 ok action=1220 3.149s
[530/804] tt_sp_135000000683_p8 ok action=1344 0.848s
[531/804] tt_sp_135000000669_p127 ok action=841 2.792s
[532/804] tt_sp_135000000683_p22 ok action=1057 1.14s
[533/804] tt_sp_135000000685_p6 ok action=1049 0.79s
[534/804] tt_sp_135000000676_p52 ok action=1460 2.419s
[535/804] tt_sp_135000000693_p2 ok action=1246 0.699s
[536/804] tt_sp_135000000678_p105 ok action=1465 2.334s
[537/804] tt_sp_135000000680_p32 ok action=1039 1.62s
[538/804] tt_sp_135000000681_p36 ok action=948 1.754s
[539/804] tt_sp_135000000696_p4 ok action=1345 0.708s
[540/804] tt_sp_135000000680_p56 ok action=846 1.894s
[541/804] tt_sp_135000000663_p118 ok action=1533 3.917s
[542/804] tt_sp_135000000697_p8 ok action=1144 0.701s
[543/804] tt_sp_135000000693_p24 ok action=1153 1.277s
[544/804] tt_sp_135000000678_p123 ok action=1061 2.699s
[545/804] tt_sp_135000000696_p30 ok action=1338 1.176s
[546/804] tt_sp_135000000700_p2 ok action=1351 0.65s
[547/804] tt_sp_135000000679_p96 ok action=1643 2.383s
[548/804] tt_sp_135000000699_p10 ok action=1356 0.939s
[549/804] tt_sp_135000000681_p66 ok action=1648 2.387s
[550/804] tt_sp_135000000701_p10 ok action=1345 0.914s
[551/804] tt_sp_135000000698_p32 ok action=1337 1.555s
[552/804] tt_sp_135000000684_p72 ok action=1064 2.607s
[553/804] tt_sp_135000000707_p2 ok action=1247 0.755s
[554/804] tt_sp_135000000683_p106 ok action=1652 3.195s
[555/804] tt_sp_135000000691_p90 ok action=1333 2.624s
[556/804] tt_sp_135000000702_p22 ok action=1358 1.326s
[557/804] tt_sp_135000000699_p48 ok action=1144 1.991s
[558/804] tt_sp_135000000688_p76 ok action=1740 2.832s
[559/804] tt_sp_135000000701_p40 ok action=1359 1.551s
[560/804] tt_sp_135000000688_p78 ok action=937 2.867s
[561/804] tt_sp_135000000672_p128 ok action=840 4.929s
[562/804] tt_sp_135000000701_p42 ok action=959 1.722s
[563/804] tt_sp_135000000697_p68 ok action=932 2.518s
[564/804] tt_sp_135000000693_p86 ok action=1237 2.68s
[565/804] tt_sp_135000000700_p42 ok action=1557 2.037s
[566/804] tt_sp_135000000710_p4 ok action=1155 0.666s
[567/804] tt_sp_135000000694_p132 ok action=1430 2.969s
[568/804] tt_sp_135000000699_p70 ok action=1162 2.674s
[569/804] tt_sp_135000000694_p74 ok action=857 3.246s
[570/804] tt_sp_135000000716_p2 ok action=1252 0.628s
[571/804] tt_sp_135000000702_p90 ok action=1421 2.139s
[572/804] tt_sp_135000000702_p110 ok action=1329 2.471s
[573/804] tt_sp_135000000707_p93 ok action=1132 2.027s
[574/804] tt_sp_135000000714_p14 ok action=1240 0.989s
[575/804] tt_sp_135000000714_p18 ok action=1237 1.019s
[576/804] tt_sp_135000000717_p8 ok action=1047 0.858s
[577/804] tt_sp_135000000708_p42 ok action=1450 1.597s
[578/804] tt_sp_135000000705_p56 ok action=1437 2.338s
[579/804] tt_sp_135000000718_p22 ok action=1360 1.203s
[580/804] tt_sp_135000000713_p38 ok action=1256 1.622s
[581/804] tt_sp_135000000684_p124 ok action=1168 4.733s
[582/804] tt_sp_135000000684_p130 ok action=1743 4.752s
[583/804] tt_sp_135000000703_p100 ok action=1165 2.988s
[584/804] tt_sp_135000000725_p2 ok action=1149 0.632s
[585/804] tt_sp_135000000708_p110 ok action=1331 2.857s
[586/804] tt_sp_135000000724_p10 ok action=1141 0.885s
[587/804] tt_sp_135000000719_p48 ok action=1556 1.762s
[588/804] tt_sp_135000000687_p96 ok action=1332 4.975s
[589/804] tt_sp_135000000715_p86 ok action=862 2.008s
[590/804] tt_sp_135000000713_p60 ok action=1432 2.206s
[591/804] tt_sp_135000000709_p116 ok action=848 2.749s
[592/804] tt_sp_135000000712_p76 ok action=1161 2.511s
[593/804] tt_sp_135000000722_p34 ok action=1448 1.483s
[594/804] tt_sp_135000000685_p120 ok action=1631 5.387s
[595/804] tt_sp_135000000728_p12 ok action=1241 0.795s
[596/804] tt_sp_135000000703_p86 ok action=1438 3.752s
[597/804] tt_sp_135000000732_p4 ok action=1355 0.752s
[598/804] tt_sp_135000000726_p40 ok action=1041 1.492s
[599/804] tt_sp_135000000722_p52 ok action=1341 1.822s
[600/804] tt_sp_135000000716_p104 ok action=1533 2.666s
[601/804] tt_sp_135000000710_p90 ok action=960 2.962s
[602/804] tt_sp_135000000729_p22 ok action=944 1.094s
[603/804] tt_sp_135000000733_p8 ok action=1053 0.793s
[604/804] tt_sp_135000000721_p120 ok action=869 2.205s
[605/804] tt_sp_135000000736_p4 ok action=1144 0.688s
[606/804] tt_sp_135000000719_p82 ok action=866 2.59s
[607/804] tt_sp_135000000724_p52 ok action=944 2.185s
[608/804] tt_sp_135000000727_p50 ok action=848 1.809s
[609/804] tt_sp_135000000741_p4 ok action=1355 0.689s
[610/804] tt_sp_135000000730_p80 ok action=1632 1.777s
[611/804] tt_sp_135000000719_p78 ok action=865 3.245s
[612/804] tt_sp_135000000736_p32 ok action=1437 1.38s
[613/804] tt_sp_135000000740_p12 ok action=1343 0.982s
[614/804] tt_sp_135000000728_p52 ok action=1328 2.161s
[615/804] tt_sp_135000000738_p20 ok action=1046 1.098s
[616/804] tt_sp_135000000723_p70 ok action=841 2.874s
[617/804] tt_sp_135000000708_p138 ok action=1532 4.648s
[618/804] tt_sp_135000000724_p58 ok action=1561 2.866s
[619/804] tt_sp_135000000722_p112 ok action=653 3.14s
[620/804] tt_sp_135000000742_p8 ok action=1449 0.833s
[621/804] tt_sp_135000000725_p110 ok action=1740 2.877s
[622/804] tt_sp_135000000739_p27 ok action=1058 1.405s
[623/804] tt_sp_135000000740_p22 ok action=1160 1.319s
[624/804] tt_sp_135000000732_p48 ok action=1644 2.139s
[625/804] tt_sp_135000000743_p20 ok action=1055 1.163s
[626/804] tt_sp_135000000747_p2 ok action=1253 0.674s
[627/804] tt_sp_135000000744_p25 ok action=955 1.207s
[628/804] tt_sp_135000000733_p130 ok action=937 2.47s
[629/804] tt_sp_135000000746_p24 ok action=1157 1.304s
[630/804] tt_sp_135000000729_p80 ok action=633 2.823s
[631/804] tt_sp_135000000727_p86 ok action=1267 3.126s
[632/804] tt_sp_135000000749_p20 ok action=1340 0.983s
[633/804] tt_sp_135000000737_p66 ok action=1436 2.42s
[634/804] tt_sp_135000000741_p54 ok action=1455 2.122s
[635/804] tt_sp_135000000751_p20 ok action=1156 1.056s
[636/804] tt_sp_135000000754_p12 ok action=1158 0.82s
[637/804] tt_sp_135000000741_p60 ok action=946 2.267s
[638/804] tt_sp_135000000756_p6 ok action=1240 0.704s
[639/804] tt_sp_135000000742_p59 ok action=1060 2.427s
[640/804] tt_sp_135000000737_p92 ok action=1028 3.056s
[641/804] tt_sp_135000000748_p44 ok action=1237 1.726s
[642/804] tt_sp_135000000748_p52 ok action=1351 1.764s
[643/804] tt_sp_135000000752_p32 ok action=1156 1.549s
[644/804] tt_sp_135000000746_p58 ok action=1456 2.301s
[645/804] tt_sp_135000000753_p66 ok action=1643 1.971s
[646/804] tt_sp_135000000756_p30 ok action=1448 1.506s
[647/804] tt_sp_135000000757_p39 ok action=952 1.646s
[648/804] tt_sp_135000000759_p102 ok action=1368 1.613s
[649/804] tt_sp_135000000763_p26 ok action=948 1.251s
[650/804] tt_sp_135000000757_p117 ok action=1227 2.133s
[651/804] tt_sp_135000000749_p96 ok action=934 2.989s
[652/804] tt_sp_135000000746_p84 ok action=1432 3.268s
[653/804] tt_sp_135000000750_p80 ok action=859 2.933s
[654/804] tt_sp_135000000755_p130 ok action=1232 2.337s
[655/804] tt_sp_135000000735_p138 ok action=843 4.7s
[656/804] tt_sp_135000000764_p42 ok action=1457 1.559s
[657/804] tt_sp_135000000762_p50 ok action=944 1.88s
[658/804] tt_sp_135000000762_p56 ok action=1056 1.939s
[659/804] tt_sp_135000000760_p52 ok action=957 2.121s
[660/804] tt_sp_135000000754_p104 ok action=1530 3.061s
[661/804] tt_sp_135000000738_p138 ok action=1260 4.926s
[662/804] tt_sp_135000000751_p120 ok action=1564 3.485s
[663/804] tt_sp_135000000771_p2 ok action=1246 0.646s
[664/804] tt_sp_135000000767_p24 ok action=954 1.136s
[665/804] tt_sp_135000000750_p102 ok action=960 3.801s
[666/804] tt_sp_135000000767_p140 ok action=1165 1.502s
[667/804] tt_sp_135000000769_p18 ok action=1342 1.033s
[668/804] tt_sp_135000000735_p136 ok action=721 5.575s
[669/804] tt_sp_135000000764_p66 ok action=1441 2.409s
[670/804] tt_sp_135000000773_p14 ok action=1444 0.987s
[671/804] tt_sp_135000000755_p128 ok action=964 3.576s
[672/804] tt_sp_135000000759_p90 ok action=1640 3.005s
[673/804] tt_sp_135000000774_p26 ok action=1357 1.023s
[674/804] tt_sp_135000000766_p52 ok action=1061 2.26s
[675/804] tt_sp_135000000765_p126 ok action=768 2.515s
[676/804] tt_sp_135000000750_p126 ok action=1171 4.347s
[677/804] tt_sp_135000000769_p40 ok action=1060 1.453s
[678/804] tt_sp_135000000765_p70 ok action=1536 2.687s
[679/804] tt_sp_135000000777_p18 ok action=1142 0.974s
[680/804] tt_sp_135000000765_p110 ok action=968 2.948s
[681/804] tt_sp_135000000766_p60 ok action=1160 2.421s
[682/804] tt_sp_135000000772_p52 ok action=1544 1.711s
[683/804] tt_sp_135000000748_p130 ok action=965 4.937s
[684/804] tt_sp_135000000780_p26 ok action=1552 1.037s
[685/804] tt_sp_135000000752_p116 ok action=734 4.891s
[686/804] tt_sp_135000000777_p38 ok action=1340 1.6s
[687/804] tt_sp_135000000775_p42 ok action=1532 2.056s
[688/804] tt_sp_135000000775_p126 ok action=1657 2.21s
[689/804] tt_sp_135000000781_p48 ok action=1043 1.507s
[690/804] tt_sp_135000000787_p24 ok action=1344 1.319s
[691/804] tt_sp_135000000786_p28 ok action=949 1.39s
[692/804] tt_sp_135000000785_p36 ok action=1444 1.646s
[693/804] tt_sp_135000000792_p10 ok action=1241 0.962s
[694/804] tt_sp_135000000778_p70 ok action=1247 2.195s
[695/804] tt_sp_135000000788_p32 ok action=1162 1.381s
[696/804] tt_sp_135000000793_p10 ok action=1141 0.842s
[697/804] tt_sp_135000000791_p34 ok action=1445 1.368s
[698/804] tt_sp_135000000779_p81 ok action=1464 2.494s
[699/804] tt_sp_135000000780_p62 ok action=960 2.51s
[700/804] tt_sp_135000000794_p20 ok action=1447 0.95s
[701/804] tt_sp_135000000774_p86 ok action=1066 3.354s
[702/804] tt_sp_135000000784_p104 ok action=1321 2.306s
[703/804] tt_sp_135000000785_p70 ok action=944 2.422s
[704/804] tt_sp_135000000776_p78 ok action=1165 3.223s
[705/804] tt_sp_135000000782_p123 ok action=1033 2.707s
[706/804] tt_sp_135000000795_p16 ok action=1257 1.073s
[707/804] tt_sp_135000000779_p89 ok action=1660 3.137s
[708/804] tt_sp_135000000790_p70 ok action=1642 2.222s
[709/804] tt_sp_135000000796_p26 ok action=956 1.154s
[710/804] tt_sp_135000000780_p80 ok action=1233 3.259s
[711/804] tt_sp_135000000783_p82 ok action=856 2.959s
[712/804] tt_sp_135000000797_p22 ok action=1238 1.199s
[713/804] tt_sp_135000000792_p44 ok action=1141 2.115s
[714/804] tt_sp_135000000798_p30 ok action=1544 1.263s
[715/804] tt_sp_135000000808_p142 ok action=1564 0.207s
[716/804] tt_sp_135000000802_p8 ok action=1354 0.809s
[717/804] tt_sp_135000000793_p58 ok action=1362 2.13s
[718/804] tt_sp_135000000803_p10 ok action=1444 0.9s
[719/804] tt_sp_135000000771_p132 ok action=2044 4.843s
[720/804] tt_sp_135000000798_p46 ok action=1037 1.639s
[721/804] tt_sp_135000000803_p12 ok action=1355 0.973s
[722/804] tt_sp_135000000788_p110 ok action=1044 3.29s
[723/804] tt_sp_135000000806_p8 ok action=1240 0.696s
[724/804] tt_sp_135000000796_p42 ok action=1261 2.11s
[725/804] tt_sp_135000000794_p84 ok action=1760 2.478s
[726/804] tt_sp_135000000791_p96 ok action=936 3.326s
[727/804] tt_sp_135000000812_p4 ok action=1449 0.61s
[728/804] tt_sp_135000000799_p126 ok action=549 1.925s
[729/804] tt_sp_135000000808_p18 ok action=849 1.003s
[730/804] tt_sp_135000000796_p84 ok action=1652 2.648s
[731/804] tt_sp_135000000806_p46 ok action=1445 1.605s
[732/804] tt_sp_135000000804_p52 ok action=1360 1.805s
[733/804] tt_sp_135000000798_p68 ok action=1268 2.555s
[734/804] tt_sp_135000000790_p124 ok action=1842 4.182s
[735/804] tt_sp_135000000800_p122 ok action=1569 2.286s
[736/804] tt_sp_135000000775_p140 ok action=760 5.515s
[737/804] tt_sp_135000000805_p46 ok action=941 1.82s
[738/804] tt_sp_135000000801_p108 ok action=940 2.36s
[739/804] tt_sp_135000000807_p66 ok action=952 1.672s
[740/804] tt_sp_135000000799_p60 ok action=1362 2.576s
[741/804] tt_sp_135000000783_p112 ok action=964 4.934s
[742/804] tt_sp_135000000804_p68 ok action=852 2.103s
[743/804] tt_sp_135000000818_p14 ok action=1456 0.974s
[744/804] tt_sp_135000000814_p40 ok action=1538 1.506s
[745/804] tt_sp_135000000816_p30 ok action=1549 1.329s
[746/804] tt_sp_135000000812_p72 ok action=747 1.746s
[747/804] tt_sp_135000000768_p128 ok action=1733 7.019s
[748/804] tt_sp_135000000802_p140 ok action=1380 3.039s
[749/804] tt_sp_135000000809_p54 ok action=1232 2.176s
[750/804] tt_sp_135000000812_p54 ok action=1437 2.109s
[751/804] tt_sp_135000000807_p102 ok action=1631 2.745s
[752/804] tt_sp_135000000821_p24 ok action=1048 1.213s
[753/804] tt_sp_135000000816_p102 ok action=1756 1.959s
[754/804] tt_sp_135000000817_p116 ok action=1564 2.013s
[755/804] tt_sp_135000000820_p40 ok action=1642 1.804s
[756/804] tt_sp_135000000834_p2 ok action=1252 0.571s
[757/804] tt_sp_135000000827_p46 ok action=949 1.616s
[758/804] tt_sp_135000000824_p54 ok action=1139 1.717s
[759/804] tt_sp_135000000831_p20 ok action=1047 1.128s
[760/804] tt_sp_135000000833_p6 ok action=1344 0.736s
[761/804] tt_sp_135000000828_p30 ok action=1440 1.638s
[762/804] tt_sp_135000000829_p100 ok action=1566 1.629s
[763/804] tt_sp_135000000835_p20 ok action=1060 0.96s
[764/804] tt_sp_135000000815_p76 ok action=857 3.183s
[765/804] tt_sp_135000000817_p92 ok action=960 2.813s
[766/804] tt_sp_135000000813_p110 ok action=1949 3.374s
[767/804] tt_sp_135000000828_p54 ok action=1636 2.095s
[768/804] tt_sp_135000000810_p104 ok action=1269 3.654s
[769/804] tt_sp_135000000824_p72 ok action=1537 2.413s
[770/804] tt_sp_135000000824_p78 ok action=1538 2.439s
[771/804] tt_sp_135000000839_p2 ok action=1148 0.609s
[772/804] tt_sp_135000000840_p2 ok action=1349 0.628s
[773/804] tt_sp_135000000838_p6 ok action=1348 0.777s
[774/804] tt_sp_135000000826_p112 ok action=1070 2.593s
[775/804] tt_sp_135000000837_p22 ok action=1441 1.018s
[776/804] tt_sp_135000000837_p24 ok action=1040 1.087s
[777/804] tt_sp_135000000817_p84 ok action=1164 3.742s
[778/804] tt_sp_135000000841_p12 ok action=949 0.888s
[779/804] tt_sp_135000000822_p94 ok action=1467 3.243s
[780/804] tt_sp_135000000828_p78 ok action=740 2.922s
[781/804] tt_sp_135000000832_p92 ok action=1568 2.422s
[782/804] tt_sp_135000000844_p8 ok action=1450 0.729s
[783/804] tt_sp_135000000846_p4 ok action=1258 0.67s
[784/804] tt_sp_135000000836_p115 ok action=960 2.159s
[785/804] tt_sp_135000000834_p86 ok action=1652 2.502s
[786/804] tt_sp_135000000847_p22 ok action=1140 1.135s
[787/804] tt_sp_135000000832_p124 ok action=1225 3.042s
[788/804] tt_sp_135000000848_p26 ok action=1136 1.085s
[789/804] tt_sp_135000000838_p66 ok action=1763 2.052s
[790/804] tt_sp_135000000837_p64 ok action=941 2.18s
[791/804] tt_sp_135000000842_p38 ok action=1040 1.727s
[792/804] tt_sp_135000000845_p76 ok action=1332 1.512s
[793/804] tt_sp_135000000825_p108 ok action=2057 4.041s
[794/804] tt_sp_135000000845_p46 ok action=1044 1.557s
[795/804] tt_sp_135000000843_p48 ok action=956 1.683s
[796/804] tt_sp_135000000843_p104 ok action=1040 1.842s
[797/804] tt_sp_135000000813_p122 ok action=836 5.37s
[798/804] tt_sp_135000000842_p86 ok action=738 2.143s
[799/804] tt_sp_135000000820_p128 ok action=1571 4.711s
[800/804] tt_sp_135000000841_p110 ok action=1732 2.36s
[801/804] tt_sp_135000000844_p60 ok action=1458 2.202s
[802/804] tt_sp_135000000832_p138 ok action=1069 4.097s
[803/804] tt_sp_135000000833_p118 ok action=1432 4.231s
[804/804] tt_sp_135000000831_p136 ok action=849 5.593s
[champ_picks] 804 ok, 0 errors, 804 rows total -> /home/doctor/projects/carcassone/measurement/tiearb_widening_20260817/shared_run/corpus/champ_picks_s2/champ_picks.jsonl
