[champ_picks] 750 selfplay tied positions under profile 'walled' (0 skipped -- other profiles)
[champ_picks] resume: 0 already done, 750 to go
[1/750] tt_sp_135000000002_p8 ok action=1052 0.77s
[2/750] tt_sp_135000000006_p10 ok action=1156 0.834s
[3/750] tt_sp_135000000000_p16 ok action=1553 0.878s
[4/750] tt_sp_135000000000_p10 ok action=1252 0.921s
[5/750] tt_sp_135000000005_p16 ok action=1353 1.052s
[6/750] tt_sp_135000000003_p16 ok action=1053 1.071s
[7/750] tt_sp_135000000002_p18 ok action=1047 1.079s
[8/750] tt_sp_135000000008_p20 ok action=1358 1.127s
[9/750] tt_sp_135000000005_p20 ok action=945 1.238s
[10/750] tt_sp_135000000003_p28 ok action=1048 1.351s
[11/750] tt_sp_135000000004_p34 ok action=1357 1.524s
[12/750] tt_sp_135000000010_p112 ok action=1068 1.509s
[13/750] tt_sp_135000000010_p38 ok action=1647 1.637s
[14/750] tt_sp_135000000010_p44 ok action=1453 1.734s
[15/750] tt_sp_135000000000_p42 ok action=1159 1.751s
[16/750] tt_sp_135000000004_p46 ok action=1058 1.745s
[17/750] tt_sp_135000000008_p38 ok action=1040 1.748s
[18/750] tt_sp_135000000011_p18 ok action=1552 1.225s
[19/750] tt_sp_135000000009_p72 ok action=956 1.034s
[20/750] tt_sp_135000000001_p56 ok action=1136 1.048s
[21/750] tt_sp_135000000015_p12 ok action=1448 -0.132s
[22/750] tt_sp_135000000015_p14 ok action=1444 -0.209s
[23/750] tt_sp_135000000001_p88 ok action=1436 1.306s
[24/750] tt_sp_135000000015_p8 ok action=1352 -0.247s
[25/750] tt_sp_135000000007_p54 ok action=1452 1.347s
[26/750] tt_sp_135000000005_p88 ok action=1269 1.391s
[27/750] tt_sp_135000000006_p58 ok action=1344 1.401s
[28/750] tt_sp_135000000001_p90 ok action=1064 1.432s
[29/750] tt_sp_135000000011_p36 ok action=936 0.542s
[30/750] tt_sp_135000000016_p16 ok action=1356 -0.023s
[31/750] tt_sp_135000000012_p72 ok action=1657 0.832s
[32/750] tt_sp_135000000019_p10 ok action=1048 0.767s
[33/750] tt_sp_135000000012_p84 ok action=1765 0.874s
[34/750] tt_sp_135000000002_p74 ok action=1244 2.032s
[35/750] tt_sp_135000000013_p60 ok action=1336 0.98s
[36/750] tt_sp_135000000018_p38 ok action=1433 0.467s
[37/750] tt_sp_135000000022_p10 ok action=1352 0.88s
[38/750] tt_sp_135000000016_p58 ok action=1544 0.6s
[39/750] tt_sp_135000000007_p112 ok action=1540 2.433s
[40/750] tt_sp_135000000018_p58 ok action=961 0.725s
[41/750] tt_sp_135000000020_p24 ok action=1245 1.347s
[42/750] tt_sp_135000000020_p36 ok action=1260 1.346s
[43/750] tt_sp_135000000026_p4 ok action=1353 0.612s
[44/750] tt_sp_135000000014_p101 ok action=1545 1.877s
[45/750] tt_sp_135000000002_p116 ok action=766 3.118s
[46/750] tt_sp_135000000018_p74 ok action=745 2.125s
[47/750] tt_sp_135000000017_p64 ok action=936 1.471s
[48/750] tt_sp_135000000023_p56 ok action=1650 1.617s
[49/750] tt_sp_135000000009_p134 ok action=1663 3.433s
[50/750] tt_sp_135000000007_p136 ok action=867 3.95s
[51/750] tt_sp_135000000006_p100 ok action=1164 3.983s
[52/750] tt_sp_135000000016_p124 ok action=947 2.41s
[53/750] tt_sp_135000000021_p112 ok action=932 2.643s
[54/750] tt_sp_135000000024_p100 ok action=1437 2.322s
[55/750] tt_sp_135000000024_p50 ok action=1341 2.355s
[56/750] tt_sp_135000000019_p132 ok action=1766 3.213s
[57/750] tt_sp_135000000020_p90 ok action=1651 3.093s
[58/750] tt_sp_135000000027_p80 ok action=1339 2.048s
[59/750] tt_sp_135000000026_p49 ok action=1651 2.191s
[60/750] tt_sp_135000000021_p108 ok action=1351 3.187s
[61/750] tt_sp_135000000031_p4 ok action=1152 0.701s
[62/750] tt_sp_135000000028_p54 ok action=1156 1.943s
[63/750] tt_sp_135000000031_p30 ok action=1262 1.219s
[64/750] tt_sp_135000000024_p98 ok action=1465 2.654s
[65/750] tt_sp_135000000029_p46 ok action=1032 1.771s
[66/750] tt_sp_135000000028_p58 ok action=1563 2.164s
[67/750] tt_sp_135000000013_p128 ok action=933 3.838s
[68/750] tt_sp_135000000025_p140 ok action=643 2.717s
[69/750] tt_sp_135000000019_p126 ok action=1330 3.908s
[70/750] tt_sp_135000000023_p78 ok action=1537 3.294s
[71/750] tt_sp_135000000012_p136 ok action=1870 4.222s
[72/750] tt_sp_135000000028_p72 ok action=1036 2.101s
[73/750] tt_sp_135000000038_p142 ok action=1038 0.211s
[74/750] tt_sp_135000000035_p6 ok action=1257 0.672s
[75/750] tt_sp_135000000036_p2 ok action=1149 0.636s
[76/750] tt_sp_135000000021_p90 ok action=1757 3.928s
[77/750] tt_sp_135000000040_p142 ok action=829 0.23s
[78/750] tt_sp_135000000035_p8 ok action=1353 0.727s
[79/750] tt_sp_135000000032_p32 ok action=1365 1.438s
[80/750] tt_sp_135000000019_p124 ok action=1664 4.435s
[81/750] tt_sp_135000000025_p106 ok action=1044 3.383s
[82/750] tt_sp_135000000029_p58 ok action=1443 2.428s
[83/750] tt_sp_135000000036_p16 ok action=1044 0.978s
[84/750] tt_sp_135000000034_p28 ok action=1445 1.195s
[85/750] tt_sp_135000000033_p36 ok action=1555 1.508s
[86/750] tt_sp_135000000042_p11 ok action=1345 0.887s
[87/750] tt_sp_135000000043_p6 ok action=1155 0.754s
[88/750] tt_sp_135000000036_p38 ok action=949 1.444s
[89/750] tt_sp_135000000032_p48 ok action=1235 2.153s
[90/750] tt_sp_135000000033_p52 ok action=950 1.964s
[91/750] tt_sp_135000000049_p142 ok action=1372 0.245s
[92/750] tt_sp_135000000048_p2 ok action=1253 0.583s
[93/750] tt_sp_135000000030_p129 ok action=1629 3.29s
[94/750] tt_sp_135000000027_p130 ok action=744 4.352s
[95/750] tt_sp_135000000042_p45 ok action=1337 1.431s
[96/750] tt_sp_135000000048_p14 ok action=1453 0.959s
[97/750] tt_sp_135000000043_p36 ok action=1452 1.468s
[98/750] tt_sp_135000000048_p8 ok action=1350 0.729s
[99/750] tt_sp_135000000044_p32 ok action=1047 1.571s
[100/750] tt_sp_135000000041_p84 ok action=1364 1.942s
[101/750] tt_sp_135000000046_p40 ok action=960 1.666s
[102/750] tt_sp_135000000033_p108 ok action=841 3.061s
[103/750] tt_sp_135000000053_p2 ok action=1148 0.602s
[104/750] tt_sp_135000000038_p64 ok action=1528 2.607s
[105/750] tt_sp_135000000052_p10 ok action=1153 0.784s
[106/750] tt_sp_135000000037_p112 ok action=1371 2.703s
[107/750] tt_sp_135000000041_p66 ok action=944 2.598s
[108/750] tt_sp_135000000034_p72 ok action=957 3.126s
[109/750] tt_sp_135000000032_p108 ok action=1532 3.807s
[110/750] tt_sp_135000000031_p100 ok action=1262 4.518s
[111/750] tt_sp_135000000029_p136 ok action=1564 4.849s
[112/750] tt_sp_135000000051_p22 ok action=1258 1.132s
[113/750] tt_sp_135000000050_p68 ok action=849 1.607s
[114/750] tt_sp_135000000046_p66 ok action=1362 2.627s
[115/750] tt_sp_135000000049_p54 ok action=1256 2.108s
[116/750] tt_sp_135000000039_p114 ok action=1369 3.378s
[117/750] tt_sp_135000000050_p46 ok action=1037 1.991s
[118/750] tt_sp_135000000051_p108 ok action=1124 1.871s
[119/750] tt_sp_135000000046_p102 ok action=1644 3.036s
[120/750] tt_sp_135000000054_p40 ok action=1460 1.467s
[121/750] tt_sp_135000000054_p38 ok action=1037 1.617s
[122/750] tt_sp_135000000059_p10 ok action=1252 0.789s
[123/750] tt_sp_135000000060_p6 ok action=1150 0.739s
[124/750] tt_sp_135000000034_p134 ok action=868 4.466s
[125/750] tt_sp_135000000054_p76 ok action=1441 1.976s
[126/750] tt_sp_135000000055_p82 ok action=845 1.617s
[127/750] tt_sp_135000000055_p94 ok action=965 1.595s
[128/750] tt_sp_135000000059_p30 ok action=1549 1.243s
[129/750] tt_sp_135000000063_p10 ok action=1046 0.848s
[130/750] tt_sp_135000000064_p6 ok action=1151 0.756s
[131/750] tt_sp_135000000041_p114 ok action=828 4.22s
[132/750] tt_sp_135000000058_p34 ok action=1238 1.559s
[133/750] tt_sp_135000000046_p96 ok action=859 3.881s
[134/750] tt_sp_135000000049_p118 ok action=868 3.415s
[135/750] tt_sp_135000000054_p86 ok action=1533 2.435s
[136/750] tt_sp_135000000058_p54 ok action=966 2.07s
[137/750] tt_sp_135000000047_p120 ok action=1949 4.304s
[138/750] tt_sp_135000000051_p132 ok action=1032 3.605s
[139/750] tt_sp_135000000066_p26 ok action=1551 1.218s
[140/750] tt_sp_135000000052_p112 ok action=960 3.427s
[141/750] tt_sp_135000000056_p92 ok action=1231 2.636s
[142/750] tt_sp_135000000061_p90 ok action=736 2.124s
[143/750] tt_sp_135000000065_p28 ok action=1062 1.609s
[144/750] tt_sp_135000000068_p18 ok action=1445 1.018s
[145/750] tt_sp_135000000044_p122 ok action=660 5.193s
[146/750] tt_sp_135000000057_p126 ok action=1948 2.881s
[147/750] tt_sp_135000000055_p126 ok action=1564 3.476s
[148/750] tt_sp_135000000056_p74 ok action=1232 3.179s
[149/750] tt_sp_135000000065_p100 ok action=1531 2.257s
[150/750] tt_sp_135000000066_p58 ok action=1552 1.943s
[151/750] tt_sp_135000000066_p52 ok action=956 2.165s
[152/750] tt_sp_135000000069_p35 ok action=1343 1.829s
[153/750] tt_sp_135000000070_p40 ok action=1543 1.911s
[154/750] tt_sp_135000000067_p70 ok action=939 2.329s
[155/750] tt_sp_135000000075_p26 ok action=1448 1.186s
[156/750] tt_sp_135000000059_p110 ok action=844 3.768s
[157/750] tt_sp_135000000077_p10 ok action=1240 0.82s
[158/750] tt_sp_135000000074_p39 ok action=1541 1.366s
[159/750] tt_sp_135000000063_p132 ok action=1556 3.267s
[160/750] tt_sp_135000000069_p59 ok action=1262 2.412s
[161/750] tt_sp_135000000063_p102 ok action=1332 3.353s
[162/750] tt_sp_135000000077_p2 ok action=1348 0.713s
[163/750] tt_sp_135000000068_p60 ok action=967 2.592s
[164/750] tt_sp_135000000078_p19 ok action=1459 0.959s
[165/750] tt_sp_135000000075_p42 ok action=1360 1.687s
[166/750] tt_sp_135000000076_p30 ok action=1242 1.482s
[167/750] tt_sp_135000000067_p110 ok action=844 3.128s
[168/750] tt_sp_135000000062_p136 ok action=925 3.923s
[169/750] tt_sp_135000000075_p72 ok action=1753 1.681s
[170/750] tt_sp_135000000074_p49 ok action=956 2.029s
[171/750] tt_sp_135000000068_p106 ok action=1267 3.407s
[172/750] tt_sp_135000000070_p70 ok action=1465 3.196s
[173/750] tt_sp_135000000071_p88 ok action=1260 2.856s
[174/750] tt_sp_135000000072_p130 ok action=1127 2.832s
[175/750] tt_sp_135000000080_p42 ok action=1544 1.553s
[176/750] tt_sp_135000000072_p88 ok action=1362 2.942s
[177/750] tt_sp_135000000076_p70 ok action=1356 2.298s
[178/750] tt_sp_135000000079_p34 ok action=1059 1.77s
[179/750] tt_sp_135000000085_p8 ok action=1345 0.697s
[180/750] tt_sp_135000000083_p24 ok action=1257 1.177s
[181/750] tt_sp_135000000086_p4 ok action=1148 0.559s
[182/750] tt_sp_135000000085_p22 ok action=1356 1.128s
[183/750] tt_sp_135000000086_p8 ok action=1352 0.712s
[184/750] tt_sp_135000000082_p41 ok action=1164 1.811s
[185/750] tt_sp_135000000080_p52 ok action=1557 2.102s
[186/750] tt_sp_135000000072_p96 ok action=1328 3.451s
[187/750] tt_sp_135000000078_p111 ok action=1128 2.944s
[188/750] tt_sp_135000000081_p136 ok action=1565 2.339s
[189/750] tt_sp_135000000065_p130 ok action=1444 5.571s
[190/750] tt_sp_135000000071_p108 ok action=828 4.256s
[191/750] tt_sp_135000000084_p76 ok action=848 1.824s
[192/750] tt_sp_135000000070_p88 ok action=1433 4.614s
[193/750] tt_sp_135000000091_p6 ok action=1353 0.719s
[194/750] tt_sp_135000000080_p76 ok action=956 2.693s
[195/750] tt_sp_135000000083_p70 ok action=1546 2.135s
[196/750] tt_sp_135000000092_p14 ok action=1157 0.795s
[197/750] tt_sp_135000000084_p58 ok action=1038 2.295s
[198/750] tt_sp_135000000082_p109 ok action=957 2.863s
[199/750] tt_sp_135000000081_p90 ok action=1362 2.999s
[200/750] tt_sp_135000000082_p85 ok action=1468 2.874s
[201/750] tt_sp_135000000094_p10 ok action=1257 0.766s
[202/750] tt_sp_135000000088_p106 ok action=1052 1.791s
[203/750] tt_sp_135000000096_p2 ok action=1148 0.827s
[204/750] tt_sp_135000000092_p30 ok action=1161 1.457s
[205/750] tt_sp_135000000085_p126 ok action=1544 2.9s
[206/750] tt_sp_135000000096_p16 ok action=1544 1.064s
[207/750] tt_sp_135000000085_p102 ok action=970 3.049s
[208/750] tt_sp_135000000073_p132 ok action=961 5.158s
[209/750] tt_sp_135000000095_p32 ok action=1044 1.454s
[210/750] tt_sp_135000000088_p86 ok action=836 2.503s
[211/750] tt_sp_135000000099_p10 ok action=1142 0.873s
[212/750] tt_sp_135000000087_p72 ok action=1060 2.711s
[213/750] tt_sp_135000000100_p2 ok action=1244 0.576s
[214/750] tt_sp_135000000081_p106 ok action=1056 4.133s
[215/750] tt_sp_135000000097_p44 ok action=1053 1.265s
[216/750] tt_sp_135000000089_p80 ok action=1132 2.577s
[217/750] tt_sp_135000000097_p34 ok action=1041 1.504s
[218/750] tt_sp_135000000103_p20 ok action=1548 0.936s
[219/750] tt_sp_135000000092_p114 ok action=1661 2.651s
[220/750] tt_sp_135000000105_p8 ok action=1255 0.863s
[221/750] tt_sp_135000000093_p68 ok action=1457 2.933s
[222/750] tt_sp_135000000095_p70 ok action=1557 2.584s
[223/750] tt_sp_135000000107_p12 ok action=1150 0.902s
[224/750] tt_sp_135000000098_p50 ok action=956 2.165s
[225/750] tt_sp_135000000098_p104 ok action=1336 2.321s
[226/750] tt_sp_135000000089_p116 ok action=868 3.812s
[227/750] tt_sp_135000000089_p124 ok action=1735 3.739s
[228/750] tt_sp_135000000090_p112 ok action=1756 3.77s
[229/750] tt_sp_135000000106_p34 ok action=1442 1.359s
[230/750] tt_sp_135000000099_p60 ok action=941 2.311s
[231/750] tt_sp_135000000107_p26 ok action=945 1.165s
[232/750] tt_sp_135000000101_p60 ok action=1057 2.094s
[233/750] tt_sp_135000000108_p16 ok action=1053 1.074s
[234/750] tt_sp_135000000088_p136 ok action=1670 4.335s
[235/750] tt_sp_135000000108_p8 ok action=1240 0.75s
[236/750] tt_sp_135000000108_p42 ok action=852 1.424s
[237/750] tt_sp_135000000104_p58 ok action=1540 2.389s
[238/750] tt_sp_135000000097_p100 ok action=1274 3.449s
[239/750] tt_sp_135000000094_p96 ok action=1638 3.753s
[240/750] tt_sp_135000000094_p124 ok action=836 3.88s
[241/750] tt_sp_135000000100_p136 ok action=861 3.0s
[242/750] tt_sp_135000000097_p102 ok action=1372 3.849s
[243/750] tt_sp_135000000115_p12 ok action=1359 0.863s
[244/750] tt_sp_135000000108_p52 ok action=1641 1.772s
[245/750] tt_sp_135000000114_p23 ok action=1553 1.19s
[246/750] tt_sp_135000000117_p141 ok action=860 0.22s
[247/750] tt_sp_135000000114_p25 ok action=1040 1.214s
[248/750] tt_sp_135000000106_p62 ok action=1428 2.756s
[249/750] tt_sp_135000000104_p94 ok action=1648 2.983s
[250/750] tt_sp_135000000116_p4 ok action=1145 0.741s
[251/750] tt_sp_135000000103_p68 ok action=1367 3.319s
[252/750] tt_sp_135000000104_p112 ok action=855 3.306s
[253/750] tt_sp_135000000114_p29 ok action=1055 1.312s
[254/750] tt_sp_135000000117_p13 ok action=1155 0.73s
[255/750] tt_sp_135000000105_p132 ok action=1843 3.06s
[256/750] tt_sp_135000000109_p66 ok action=1644 2.058s
[257/750] tt_sp_135000000112_p46 ok action=1132 1.813s
[258/750] tt_sp_135000000110_p72 ok action=952 2.088s
[259/750] tt_sp_135000000116_p30 ok action=1059 1.299s
[260/750] tt_sp_135000000113_p96 ok action=1533 1.999s
[261/750] tt_sp_135000000111_p60 ok action=937 2.229s
[262/750] tt_sp_135000000122_p2 ok action=1246 0.636s
[263/750] tt_sp_135000000106_p96 ok action=1027 3.578s
[264/750] tt_sp_135000000105_p104 ok action=853 4.098s
[265/750] tt_sp_135000000113_p98 ok action=1276 2.589s
[266/750] tt_sp_135000000112_p76 ok action=928 2.704s
[267/750] tt_sp_135000000109_p74 ok action=1640 2.932s
[268/750] tt_sp_135000000115_p48 ok action=1240 2.13s
[269/750] tt_sp_135000000082_p135 ok action=1649 8.265s
[270/750] tt_sp_135000000118_p46 ok action=1164 1.627s
[271/750] tt_sp_135000000120_p80 ok action=1566 1.541s
[272/750] tt_sp_135000000125_p18 ok action=1052 0.966s
[273/750] tt_sp_135000000118_p64 ok action=1069 1.925s
[274/750] tt_sp_135000000118_p86 ok action=956 1.932s
[275/750] tt_sp_135000000115_p82 ok action=1052 2.69s
[276/750] tt_sp_135000000118_p62 ok action=1040 2.108s
[277/750] tt_sp_135000000127_p4 ok action=1145 0.684s
[278/750] tt_sp_135000000120_p74 ok action=1356 2.163s
[279/750] tt_sp_135000000124_p35 ok action=1338 1.551s
[280/750] tt_sp_135000000122_p100 ok action=933 2.316s
[281/750] tt_sp_135000000126_p30 ok action=1144 1.335s
[282/750] tt_sp_135000000120_p68 ok action=1444 2.555s
[283/750] tt_sp_135000000114_p131 ok action=1055 4.022s
[284/750] tt_sp_135000000128_p22 ok action=1242 1.201s
[285/750] tt_sp_135000000116_p94 ok action=1646 3.458s
[286/750] tt_sp_135000000122_p70 ok action=1043 2.679s
[287/750] tt_sp_135000000125_p70 ok action=1667 2.092s
[288/750] tt_sp_135000000123_p70 ok action=1164 2.682s
[289/750] tt_sp_135000000123_p96 ok action=1548 2.687s
[290/750] tt_sp_135000000132_p18 ok action=1259 1.035s
[291/750] tt_sp_135000000133_p12 ok action=1355 0.912s
[292/750] tt_sp_135000000127_p56 ok action=1464 1.768s
[293/750] tt_sp_135000000128_p48 ok action=1054 1.59s
[294/750] tt_sp_135000000125_p74 ok action=1661 2.407s
[295/750] tt_sp_135000000129_p34 ok action=1542 1.497s
[296/750] tt_sp_135000000126_p60 ok action=1553 2.353s
[297/750] tt_sp_135000000121_p108 ok action=1636 3.689s
[298/750] tt_sp_135000000126_p80 ok action=956 2.49s
[299/750] tt_sp_135000000137_p10 ok action=1152 0.783s
[300/750] tt_sp_135000000138_p2 ok action=1244 0.63s
[301/750] tt_sp_135000000115_p120 ok action=1540 4.983s
[302/750] tt_sp_135000000131_p64 ok action=1456 1.956s
[303/750] tt_sp_135000000144_p142 ok action=955 0.214s
[304/750] tt_sp_135000000121_p128 ok action=1847 4.113s
[305/750] tt_sp_135000000140_p12 ok action=1342 0.811s
[306/750] tt_sp_135000000134_p44 ok action=1041 1.705s
[307/750] tt_sp_135000000139_p24 ok action=1056 1.069s
[308/750] tt_sp_135000000129_p60 ok action=1340 2.507s
[309/750] tt_sp_135000000128_p128 ok action=865 3.191s
[310/750] tt_sp_135000000124_p111 ok action=740 4.223s
[311/750] tt_sp_135000000144_p8 ok action=1344 0.946s
[312/750] tt_sp_135000000121_p110 ok action=844 4.863s
[313/750] tt_sp_135000000145_p10 ok action=1346 0.815s
[314/750] tt_sp_135000000141_p69 ok action=752 1.304s
[315/750] tt_sp_135000000138_p48 ok action=952 1.84s
[316/750] tt_sp_135000000133_p68 ok action=853 2.853s
[317/750] tt_sp_135000000132_p98 ok action=1467 3.339s
[318/750] tt_sp_135000000134_p88 ok action=1033 2.765s
[319/750] tt_sp_135000000135_p60 ok action=1548 2.663s
[320/750] tt_sp_135000000144_p32 ok action=1448 1.697s
[321/750] tt_sp_135000000135_p66 ok action=861 2.662s
[322/750] tt_sp_135000000127_p138 ok action=1845 4.467s
[323/750] tt_sp_135000000124_p135 ok action=1425 5.421s
[324/750] tt_sp_135000000144_p130 ok action=654 2.271s
[325/750] tt_sp_135000000135_p96 ok action=1432 3.3s
[326/750] tt_sp_135000000139_p76 ok action=1560 2.971s
[327/750] tt_sp_135000000151_p6 ok action=1048 0.714s
[328/750] tt_sp_135000000146_p42 ok action=1552 1.974s
[329/750] tt_sp_135000000137_p98 ok action=1641 3.564s
[330/750] tt_sp_135000000150_p54 ok action=1456 1.288s
[331/750] tt_sp_135000000134_p136 ok action=669 4.279s
[332/750] tt_sp_135000000147_p60 ok action=743 2.216s
[333/750] tt_sp_135000000134_p122 ok action=1860 4.463s
[334/750] tt_sp_135000000149_p44 ok action=1740 2.034s
[335/750] tt_sp_135000000150_p42 ok action=1337 1.63s
[336/750] tt_sp_135000000148_p58 ok action=1467 2.226s
[337/750] tt_sp_135000000150_p108 ok action=1468 2.173s
[338/750] tt_sp_135000000158_p142 ok action=628 0.207s
[339/750] tt_sp_135000000155_p14 ok action=1353 1.007s
[340/750] tt_sp_135000000154_p32 ok action=1342 1.15s
[341/750] tt_sp_135000000145_p88 ok action=1545 3.346s
[342/750] tt_sp_135000000149_p74 ok action=945 2.71s
[343/750] tt_sp_135000000146_p80 ok action=849 3.387s
[344/750] tt_sp_135000000151_p136 ok action=1756 2.334s
[345/750] tt_sp_135000000137_p122 ok action=872 4.908s
[346/750] tt_sp_135000000143_p108 ok action=1537 4.315s
[347/750] tt_sp_135000000159_p4 ok action=1344 0.67s
[348/750] tt_sp_135000000142_p138 ok action=1233 4.48s
[349/750] tt_sp_135000000147_p124 ok action=1477 3.574s
[350/750] tt_sp_135000000154_p46 ok action=1460 1.906s
[351/750] tt_sp_135000000151_p84 ok action=1043 2.671s
[352/750] tt_sp_135000000135_p138 ok action=1036 5.496s
[353/750] tt_sp_135000000150_p136 ok action=834 3.253s
[354/750] tt_sp_135000000156_p70 ok action=849 1.765s
[355/750] tt_sp_135000000155_p52 ok action=954 2.23s
[356/750] tt_sp_135000000146_p110 ok action=1636 4.395s
[357/750] tt_sp_135000000149_p114 ok action=1134 3.796s
[358/750] tt_sp_135000000157_p44 ok action=1153 1.891s
[359/750] tt_sp_135000000156_p128 ok action=1024 2.193s
[360/750] tt_sp_135000000152_p108 ok action=1425 3.172s
[361/750] tt_sp_135000000145_p124 ok action=1425 4.774s
[362/750] tt_sp_135000000156_p72 ok action=1134 2.22s
[363/750] tt_sp_135000000164_p10 ok action=1046 0.797s
[364/750] tt_sp_135000000161_p68 ok action=1438 1.246s
[365/750] tt_sp_135000000158_p54 ok action=1043 2.062s
[366/750] tt_sp_135000000166_p2 ok action=1151 0.559s
[367/750] tt_sp_135000000157_p102 ok action=1365 2.365s
[368/750] tt_sp_135000000158_p112 ok action=1327 2.282s
[369/750] tt_sp_135000000152_p90 ok action=1629 3.376s
[370/750] tt_sp_135000000159_p110 ok action=1133 2.005s
[371/750] tt_sp_135000000162_p38 ok action=1036 1.422s
[372/750] tt_sp_135000000164_p20 ok action=1342 1.214s
[373/750] tt_sp_135000000167_p4 ok action=1352 0.691s
[374/750] tt_sp_135000000165_p14 ok action=1450 0.926s
[375/750] tt_sp_135000000162_p42 ok action=1047 1.603s
[376/750] tt_sp_135000000169_p4 ok action=1244 0.682s
[377/750] tt_sp_135000000153_p101 ok action=1468 4.041s
[378/750] tt_sp_135000000164_p32 ok action=1448 1.599s
[379/750] tt_sp_135000000172_p10 ok action=1448 0.785s
[380/750] tt_sp_135000000161_p118 ok action=1749 2.524s
[381/750] tt_sp_135000000167_p36 ok action=1133 1.532s
[382/750] tt_sp_135000000171_p20 ok action=1141 1.148s
[383/750] tt_sp_135000000158_p92 ok action=1430 3.227s
[384/750] tt_sp_135000000161_p132 ok action=932 2.619s
[385/750] tt_sp_135000000163_p68 ok action=1461 2.254s
[386/750] tt_sp_135000000169_p32 ok action=1057 1.52s
[387/750] tt_sp_135000000168_p86 ok action=1761 1.673s
[388/750] tt_sp_135000000170_p50 ok action=1137 1.648s
[389/750] tt_sp_135000000162_p102 ok action=1128 2.903s
[390/750] tt_sp_135000000166_p42 ok action=1136 2.232s
[391/750] tt_sp_135000000177_p4 ok action=1154 0.663s
[392/750] tt_sp_135000000162_p90 ok action=1444 2.996s
[393/750] tt_sp_135000000169_p40 ok action=956 2.115s
[394/750] tt_sp_135000000175_p34 ok action=1440 1.508s
[395/750] tt_sp_135000000177_p26 ok action=1548 1.245s
[396/750] tt_sp_135000000181_p4 ok action=1144 0.643s
[397/750] tt_sp_135000000171_p56 ok action=1336 2.307s
[398/750] tt_sp_135000000160_p86 ok action=1332 4.118s
[399/750] tt_sp_135000000180_p20 ok action=1448 1.094s
[400/750] tt_sp_135000000169_p68 ok action=1160 2.52s
[401/750] tt_sp_135000000170_p64 ok action=1330 2.517s
[402/750] tt_sp_135000000182_p12 ok action=1051 0.837s
[403/750] tt_sp_135000000177_p34 ok action=1048 1.426s
[404/750] tt_sp_135000000180_p26 ok action=1053 1.251s
[405/750] tt_sp_135000000168_p114 ok action=1743 3.082s
[406/750] tt_sp_135000000185_p10 ok action=1146 0.796s
[407/750] tt_sp_135000000174_p116 ok action=974 2.594s
[408/750] tt_sp_135000000176_p66 ok action=1561 2.031s
[409/750] tt_sp_135000000186_p4 ok action=1258 0.558s
[410/750] tt_sp_135000000175_p62 ok action=1060 2.154s
[411/750] tt_sp_135000000179_p46 ok action=1140 1.746s
[412/750] tt_sp_135000000181_p30 ok action=1452 1.378s
[413/750] tt_sp_135000000161_p138 ok action=865 4.578s
[414/750] tt_sp_135000000174_p62 ok action=1265 2.722s
[415/750] tt_sp_135000000187_p8 ok action=1149 0.839s
[416/750] tt_sp_135000000192_p2 ok action=1148 0.609s
[417/750] tt_sp_135000000183_p130 ok action=1857 1.945s
[418/750] tt_sp_135000000191_p16 ok action=1454 0.984s
[419/750] tt_sp_135000000179_p104 ok action=1064 2.784s
[420/750] tt_sp_135000000185_p40 ok action=957 1.781s
[421/750] tt_sp_135000000183_p92 ok action=1544 2.076s
[422/750] tt_sp_135000000194_p8 ok action=1147 0.754s
[423/750] tt_sp_135000000194_p18 ok action=1262 0.998s
[424/750] tt_sp_135000000190_p50 ok action=1140 1.601s
[425/750] tt_sp_135000000195_p4 ok action=1152 0.605s
[426/750] tt_sp_135000000191_p30 ok action=1552 1.329s
[427/750] tt_sp_135000000188_p40 ok action=1344 1.769s
[428/750] tt_sp_135000000173_p120 ok action=926 4.189s
[429/750] tt_sp_135000000186_p54 ok action=748 2.162s
[430/750] tt_sp_135000000196_p4 ok action=1240 0.689s
[431/750] tt_sp_135000000187_p56 ok action=1758 2.31s
[432/750] tt_sp_135000000172_p128 ok action=1432 4.494s
[433/750] tt_sp_135000000192_p60 ok action=1652 0.689s
[434/750] tt_sp_135000000202_p142 ok action=769 -0.938s
[435/750] tt_sp_135000000175_p98 ok action=1849 2.9s
[436/750] tt_sp_135000000192_p76 ok action=1058 0.968s
[437/750] tt_sp_135000000178_p124 ok action=1524 2.834s
[438/750] tt_sp_135000000194_p56 ok action=1444 0.742s
[439/750] tt_sp_135000000190_p70 ok action=1132 1.506s
[440/750] tt_sp_135000000202_p2 ok action=1245 -0.447s
[441/750] tt_sp_135000000160_p136 ok action=637 6.215s
[442/750] tt_sp_135000000204_p2 ok action=1150 0.635s
[443/750] tt_sp_135000000193_p118 ok action=865 1.341s
[444/750] tt_sp_135000000198_p30 ok action=1157 0.243s
[445/750] tt_sp_135000000201_p20 ok action=1243 0.101s
[446/750] tt_sp_135000000201_p34 ok action=1558 0.332s
[447/750] tt_sp_135000000173_p128 ok action=655 4.455s
[448/750] tt_sp_135000000196_p76 ok action=943 0.786s
[449/750] tt_sp_135000000203_p22 ok action=1240 1.136s
[450/750] tt_sp_135000000206_p8 ok action=1245 0.738s
[451/750] tt_sp_135000000191_p70 ok action=1128 2.032s
[452/750] tt_sp_135000000199_p90 ok action=1044 0.878s
[453/750] tt_sp_135000000205_p28 ok action=1449 1.382s
[454/750] tt_sp_135000000199_p58 ok action=1545 1.032s
[455/750] tt_sp_135000000195_p58 ok action=1748 1.321s
[456/750] tt_sp_135000000197_p56 ok action=860 1.222s
[457/750] tt_sp_135000000182_p124 ok action=1761 3.42s
[458/750] tt_sp_135000000208_p16 ok action=1452 1.018s
[459/750] tt_sp_135000000186_p106 ok action=952 3.024s
[460/750] tt_sp_135000000197_p58 ok action=1336 1.652s
[461/750] tt_sp_135000000209_p36 ok action=1544 1.382s
[462/750] tt_sp_135000000205_p52 ok action=840 2.171s
[463/750] tt_sp_135000000213_p12 ok action=1549 0.883s
[464/750] tt_sp_135000000207_p54 ok action=1432 1.883s
[465/750] tt_sp_135000000163_p138 ok action=1229 7.264s
[466/750] tt_sp_135000000189_p128 ok action=861 3.65s
[467/750] tt_sp_135000000207_p48 ok action=844 2.2s
[468/750] tt_sp_135000000213_p14 ok action=1059 1.02s
[469/750] tt_sp_135000000190_p90 ok action=854 3.774s
[470/750] tt_sp_135000000216_p12 ok action=1052 1.142s
[471/750] tt_sp_135000000207_p82 ok action=1146 2.342s
[472/750] tt_sp_135000000203_p90 ok action=740 3.115s
[473/750] tt_sp_135000000206_p62 ok action=933 2.744s
[474/750] tt_sp_135000000208_p78 ok action=955 2.403s
[475/750] tt_sp_135000000217_p14 ok action=1053 0.939s
[476/750] tt_sp_135000000210_p62 ok action=1456 2.164s
[477/750] tt_sp_135000000211_p70 ok action=959 2.157s
[478/750] tt_sp_135000000219_p14 ok action=1455 0.918s
[479/750] tt_sp_135000000220_p14 ok action=954 0.942s
[480/750] tt_sp_135000000209_p76 ok action=1364 2.896s
[481/750] tt_sp_135000000212_p58 ok action=1438 2.566s
[482/750] tt_sp_135000000219_p28 ok action=1337 1.324s
[483/750] tt_sp_135000000209_p70 ok action=1229 3.026s
[484/750] tt_sp_135000000221_p16 ok action=1456 1.034s
[485/750] tt_sp_135000000210_p102 ok action=1237 3.012s
[486/750] tt_sp_135000000214_p84 ok action=1137 2.39s
[487/750] tt_sp_135000000212_p60 ok action=1548 2.757s
[488/750] tt_sp_135000000222_p16 ok action=1146 0.964s
[489/750] tt_sp_135000000223_p18 ok action=1241 0.981s
[490/750] tt_sp_135000000214_p68 ok action=1645 2.555s
[491/750] tt_sp_135000000227_p142 ok action=732 0.184s
[492/750] tt_sp_135000000200_p118 ok action=1075 3.674s
[493/750] tt_sp_135000000226_p4 ok action=1148 0.639s
[494/750] tt_sp_135000000202_p138 ok action=1228 3.5s
[495/750] tt_sp_135000000226_p6 ok action=1246 0.766s
[496/750] tt_sp_135000000212_p92 ok action=1230 3.099s
[497/750] tt_sp_135000000211_p94 ok action=1537 3.525s
[498/750] tt_sp_135000000219_p60 ok action=1547 2.203s
[499/750] tt_sp_135000000234_p142 ok action=1031 0.228s
[500/750] tt_sp_135000000220_p88 ok action=1632 2.233s
[501/750] tt_sp_135000000231_p4 ok action=1148 0.708s
[502/750] tt_sp_135000000225_p50 ok action=1556 1.868s
[503/750] tt_sp_135000000228_p22 ok action=1268 1.221s
[504/750] tt_sp_135000000216_p88 ok action=1068 3.646s
[505/750] tt_sp_135000000226_p42 ok action=953 1.614s
[506/750] tt_sp_135000000217_p88 ok action=1232 3.062s
[507/750] tt_sp_135000000223_p66 ok action=1561 2.363s
[508/750] tt_sp_135000000233_p42 ok action=1048 1.409s
[509/750] tt_sp_135000000236_p12 ok action=1154 0.827s
[510/750] tt_sp_135000000227_p130 ok action=963 1.939s
[511/750] tt_sp_135000000219_p90 ok action=844 3.485s
[512/750] tt_sp_135000000213_p92 ok action=1557 4.446s
[513/750] tt_sp_135000000231_p70 ok action=1040 1.819s
[514/750] tt_sp_135000000221_p76 ok action=1640 3.085s
[515/750] tt_sp_135000000233_p70 ok action=1437 1.797s
[516/750] tt_sp_135000000237_p16 ok action=1352 0.964s
[517/750] tt_sp_135000000226_p114 ok action=745 2.99s
[518/750] tt_sp_135000000222_p108 ok action=1743 3.32s
[519/750] tt_sp_135000000229_p126 ok action=930 2.419s
[520/750] tt_sp_135000000240_p6 ok action=1355 0.765s
[521/750] tt_sp_135000000225_p104 ok action=1758 3.318s
[522/750] tt_sp_135000000221_p108 ok action=1845 3.788s
[523/750] tt_sp_135000000231_p72 ok action=966 2.447s
[524/750] tt_sp_135000000230_p124 ok action=1757 2.591s
[525/750] tt_sp_135000000229_p136 ok action=1135 2.772s
[526/750] tt_sp_135000000233_p98 ok action=1659 2.709s
[527/750] tt_sp_135000000216_p98 ok action=866 4.966s
[528/750] tt_sp_135000000227_p108 ok action=1860 3.377s
[529/750] tt_sp_135000000236_p96 ok action=1761 2.234s
[530/750] tt_sp_135000000250_p10 ok action=1053 0.783s
[531/750] tt_sp_135000000246_p26 ok action=1457 1.161s
[532/750] tt_sp_135000000237_p64 ok action=1545 2.313s
[533/750] tt_sp_135000000249_p19 ok action=1152 1.013s
[534/750] tt_sp_135000000238_p114 ok action=1061 2.445s
[535/750] tt_sp_135000000236_p112 ok action=1035 3.024s
[536/750] tt_sp_135000000234_p108 ok action=1435 3.348s
[537/750] tt_sp_135000000239_p116 ok action=1069 2.751s
[538/750] tt_sp_135000000250_p32 ok action=957 1.488s
[539/750] tt_sp_135000000241_p68 ok action=1128 2.484s
[540/750] tt_sp_135000000239_p62 ok action=1735 2.75s
[541/750] tt_sp_135000000251_p30 ok action=1236 1.294s
[542/750] tt_sp_135000000244_p75 ok action=1643 2.361s
[543/750] tt_sp_135000000245_p62 ok action=1560 2.114s
[544/750] tt_sp_135000000255_p22 ok action=1444 1.15s
[545/750] tt_sp_135000000243_p126 ok action=1760 2.834s
[546/750] tt_sp_135000000235_p102 ok action=1068 4.294s
[547/750] tt_sp_135000000240_p84 ok action=952 3.245s
[548/750] tt_sp_135000000259_p12 ok action=1354 0.898s
[549/750] tt_sp_135000000244_p119 ok action=1748 2.974s
[550/750] tt_sp_135000000252_p118 ok action=1653 1.899s
[551/750] tt_sp_135000000239_p130 ok action=1164 3.8s
[552/750] tt_sp_135000000235_p140 ok action=852 4.528s
[553/750] tt_sp_135000000260_p10 ok action=1245 0.83s
[554/750] tt_sp_135000000242_p139 ok action=830 3.245s
[555/750] tt_sp_135000000242_p71 ok action=1276 3.295s
[556/750] tt_sp_135000000247_p104 ok action=1652 2.943s
[557/750] tt_sp_135000000253_p65 ok action=1567 2.03s
[558/750] tt_sp_135000000259_p32 ok action=1457 1.255s
[559/750] tt_sp_135000000251_p58 ok action=948 2.594s
[560/750] tt_sp_135000000258_p140 ok action=1569 1.759s
[561/750] tt_sp_135000000249_p135 ok action=1368 3.186s
[562/750] tt_sp_135000000252_p106 ok action=860 2.665s
[563/750] tt_sp_135000000263_p10 ok action=1049 0.838s
[564/750] tt_sp_135000000254_p132 ok action=756 2.237s
[565/750] tt_sp_135000000245_p124 ok action=925 3.891s
[566/750] tt_sp_135000000262_p24 ok action=1336 1.152s
[567/750] tt_sp_135000000269_p2 ok action=1351 0.658s
[568/750] tt_sp_135000000250_p94 ok action=1168 3.492s
[569/750] tt_sp_135000000272_p141 ok action=643 0.224s
[570/750] tt_sp_135000000265_p24 ok action=1052 1.193s
[571/750] tt_sp_135000000259_p68 ok action=863 2.191s
[572/750] tt_sp_135000000256_p72 ok action=1444 2.717s
[573/750] tt_sp_135000000270_p2 ok action=1244 0.623s
[574/750] tt_sp_135000000263_p36 ok action=1435 1.469s
[575/750] tt_sp_135000000260_p72 ok action=1229 2.028s
[576/750] tt_sp_135000000257_p110 ok action=1174 2.771s
[577/750] tt_sp_135000000264_p58 ok action=1544 1.481s
[578/750] tt_sp_135000000270_p10 ok action=1447 0.832s
[579/750] tt_sp_135000000269_p24 ok action=1256 1.269s
[580/750] tt_sp_135000000271_p22 ok action=1441 1.108s
[581/750] tt_sp_135000000263_p66 ok action=1635 1.954s
[582/750] tt_sp_135000000265_p46 ok action=1548 1.82s
[583/750] tt_sp_135000000267_p85 ok action=1328 1.808s
[584/750] tt_sp_135000000266_p108 ok action=1645 1.866s
[585/750] tt_sp_135000000268_p46 ok action=955 1.62s
[586/750] tt_sp_135000000269_p48 ok action=940 1.557s
[587/750] tt_sp_135000000276_p12 ok action=1055 0.842s
[588/750] tt_sp_135000000256_p124 ok action=1765 3.809s
[589/750] tt_sp_135000000261_p88 ok action=1664 2.624s
[590/750] tt_sp_135000000279_p12 ok action=1446 0.847s
[591/750] tt_sp_135000000274_p38 ok action=1040 1.468s
[592/750] tt_sp_135000000247_p132 ok action=1748 5.54s
[593/750] tt_sp_135000000269_p58 ok action=957 2.379s
[594/750] tt_sp_135000000264_p112 ok action=1265 3.12s
[595/750] tt_sp_135000000281_p20 ok action=1440 1.131s
[596/750] tt_sp_135000000278_p54 ok action=948 1.753s
[597/750] tt_sp_135000000283_p28 ok action=948 1.154s
[598/750] tt_sp_135000000282_p36 ok action=952 1.378s
[599/750] tt_sp_135000000283_p34 ok action=1058 1.199s
[600/750] tt_sp_135000000277_p56 ok action=949 2.094s
[601/750] tt_sp_135000000273_p100 ok action=1140 2.425s
[602/750] tt_sp_135000000276_p74 ok action=1132 2.223s
[603/750] tt_sp_135000000259_p134 ok action=1336 4.589s
[604/750] tt_sp_135000000280_p52 ok action=1657 1.804s
[605/750] tt_sp_135000000280_p46 ok action=1359 2.046s
[606/750] tt_sp_135000000287_p6 ok action=1153 0.783s
[607/750] tt_sp_135000000288_p4 ok action=1153 0.732s
[608/750] tt_sp_135000000275_p112 ok action=1133 2.818s
[609/750] tt_sp_135000000284_p130 ok action=1428 1.776s
[610/750] tt_sp_135000000262_p138 ok action=1472 4.504s
[611/750] tt_sp_135000000288_p8 ok action=1348 0.807s
[612/750] tt_sp_135000000268_p138 ok action=1756 4.06s
[613/750] tt_sp_135000000272_p101 ok action=1329 3.471s
[614/750] tt_sp_135000000291_p8 ok action=1240 0.812s
[615/750] tt_sp_135000000260_p128 ok action=1632 5.323s
[616/750] tt_sp_135000000285_p62 ok action=948 1.916s
[617/750] tt_sp_135000000283_p84 ok action=937 2.428s
[618/750] tt_sp_135000000281_p90 ok action=749 2.833s
[619/750] tt_sp_135000000292_p12 ok action=1345 0.945s
[620/750] tt_sp_135000000287_p58 ok action=1266 1.767s
[621/750] tt_sp_135000000274_p98 ok action=1360 3.831s
[622/750] tt_sp_135000000285_p70 ok action=1736 2.205s
[623/750] tt_sp_135000000279_p92 ok action=858 3.654s
[624/750] tt_sp_135000000278_p92 ok action=1370 3.857s
[625/750] tt_sp_135000000278_p114 ok action=1058 3.968s
[626/750] tt_sp_135000000286_p78 ok action=1232 2.258s
[627/750] tt_sp_135000000293_p28 ok action=946 1.324s
[628/750] tt_sp_135000000285_p104 ok action=1755 3.02s
[629/750] tt_sp_135000000298_p142 ok action=759 0.299s
[630/750] tt_sp_135000000294_p21 ok action=1234 1.312s
[631/750] tt_sp_135000000280_p132 ok action=1657 3.671s
[632/750] tt_sp_135000000297_p10 ok action=1244 0.795s
[633/750] tt_sp_135000000298_p2 ok action=1349 0.618s
[634/750] tt_sp_135000000294_p59 ok action=1557 1.807s
[635/750] tt_sp_135000000295_p36 ok action=946 1.624s
[636/750] tt_sp_135000000290_p64 ok action=1333 2.426s
[637/750] tt_sp_135000000297_p36 ok action=1361 1.255s
[638/750] tt_sp_135000000295_p56 ok action=1336 1.858s
[639/750] tt_sp_135000000297_p30 ok action=1149 1.336s
[640/750] tt_sp_135000000291_p94 ok action=1544 2.6s
[641/750] tt_sp_135000000304_p2 ok action=1149 0.604s
[642/750] tt_sp_135000000296_p36 ok action=1449 1.612s
[643/750] tt_sp_135000000299_p24 ok action=1057 1.045s
[644/750] tt_sp_135000000304_p18 ok action=1055 0.995s
[645/750] tt_sp_135000000302_p16 ok action=1450 1.081s
[646/750] tt_sp_135000000294_p71 ok action=954 2.377s
[647/750] tt_sp_135000000281_p132 ok action=841 4.726s
[648/750] tt_sp_135000000289_p112 ok action=1557 3.215s
[649/750] tt_sp_135000000286_p100 ok action=932 3.723s
[650/750] tt_sp_135000000300_p34 ok action=1341 1.244s
[651/750] tt_sp_135000000305_p10 ok action=1452 0.864s
[652/750] tt_sp_135000000298_p42 ok action=1060 1.619s
[653/750] tt_sp_135000000301_p26 ok action=1049 1.384s
[654/750] tt_sp_135000000290_p94 ok action=1652 3.343s
[655/750] tt_sp_135000000296_p124 ok action=1835 2.423s
[656/750] tt_sp_135000000306_p12 ok action=1148 0.833s
[657/750] tt_sp_135000000307_p14 ok action=1444 0.831s
[658/750] tt_sp_135000000295_p82 ok action=1225 2.707s
[659/750] tt_sp_135000000307_p8 ok action=1044 0.86s
[660/750] tt_sp_135000000289_p124 ok action=762 3.845s
[661/750] tt_sp_135000000303_p78 ok action=925 1.956s
[662/750] tt_sp_135000000317_p142 ok action=1249 0.296s
[663/750] tt_sp_135000000309_p16 ok action=1041 1.043s
[664/750] tt_sp_135000000315_p10 ok action=1449 0.868s
[665/750] tt_sp_135000000298_p50 ok action=1552 2.587s
[666/750] tt_sp_135000000311_p32 ok action=1043 1.372s
[667/750] tt_sp_135000000295_p134 ok action=1058 3.969s
[668/750] tt_sp_135000000292_p126 ok action=1061 4.326s
[669/750] tt_sp_135000000313_p42 ok action=840 1.661s
[670/750] tt_sp_135000000312_p38 ok action=752 1.732s
[671/750] tt_sp_135000000315_p44 ok action=1340 1.523s
[672/750] tt_sp_135000000309_p102 ok action=1069 2.195s
[673/750] tt_sp_135000000305_p88 ok action=742 2.778s
[674/750] tt_sp_135000000320_p24 ok action=1340 1.38s
[675/750] tt_sp_135000000308_p80 ok action=832 2.466s
[676/750] tt_sp_135000000304_p98 ok action=761 3.161s
[677/750] tt_sp_135000000299_p92 ok action=1273 3.661s
[678/750] tt_sp_135000000311_p76 ok action=1132 2.486s
[679/750] tt_sp_135000000305_p104 ok action=936 3.158s
[680/750] tt_sp_135000000319_p108 ok action=833 1.998s
[681/750] tt_sp_135000000306_p130 ok action=1329 2.955s
[682/750] tt_sp_135000000323_p14 ok action=1553 0.963s
[683/750] tt_sp_135000000319_p60 ok action=1364 2.134s
[684/750] tt_sp_135000000326_p12 ok action=1256 0.959s
[685/750] tt_sp_135000000326_p16 ok action=1140 0.908s
[686/750] tt_sp_135000000314_p79 ok action=1652 2.923s
[687/750] tt_sp_135000000314_p87 ok action=1165 2.842s
[688/750] tt_sp_135000000325_p18 ok action=1448 1.256s
[689/750] tt_sp_135000000324_p34 ok action=856 1.496s
[690/750] tt_sp_135000000323_p32 ok action=1236 1.598s
[691/750] tt_sp_135000000332_p4 ok action=1150 0.68s
[692/750] tt_sp_135000000312_p100 ok action=1660 3.51s
[693/750] tt_sp_135000000317_p118 ok action=1228 3.202s
[694/750] tt_sp_135000000314_p91 ok action=1655 3.431s
[695/750] tt_sp_135000000296_p138 ok action=1639 5.848s
[696/750] tt_sp_135000000319_p132 ok action=864 3.217s
[697/750] tt_sp_135000000329_p36 ok action=1340 1.489s
[698/750] tt_sp_135000000307_p122 ok action=837 4.566s
[699/750] tt_sp_135000000337_p4 ok action=1348 0.7s
[700/750] tt_sp_135000000322_p72 ok action=1024 2.917s
[701/750] tt_sp_135000000327_p117 ok action=1961 2.124s
[702/750] tt_sp_135000000327_p97 ok action=1864 2.184s
[703/750] tt_sp_135000000318_p122 ok action=1661 3.996s
[704/750] tt_sp_135000000338_p11 ok action=1149 0.732s
[705/750] tt_sp_135000000320_p92 ok action=964 3.884s
[706/750] tt_sp_135000000336_p22 ok action=1356 1.364s
[707/750] tt_sp_135000000332_p50 ok action=1457 2.01s
[708/750] tt_sp_135000000328_p78 ok action=1348 2.594s
[709/750] tt_sp_135000000333_p48 ok action=1460 1.989s
[710/750] tt_sp_135000000339_p18 ok action=1050 1.103s
[711/750] tt_sp_135000000330_p118 ok action=1333 2.625s
[712/750] tt_sp_135000000330_p72 ok action=1541 2.53s
[713/750] tt_sp_135000000330_p68 ok action=1335 2.607s
[714/750] tt_sp_135000000341_p8 ok action=1242 0.8s
[715/750] tt_sp_135000000342_p10 ok action=1549 0.743s
[716/750] tt_sp_135000000332_p74 ok action=1432 2.498s
[717/750] tt_sp_135000000337_p42 ok action=1061 1.828s
[718/750] tt_sp_135000000336_p108 ok action=845 2.394s
[719/750] tt_sp_135000000339_p30 ok action=1548 1.352s
[720/750] tt_sp_135000000335_p86 ok action=1033 2.59s
[721/750] tt_sp_135000000329_p68 ok action=1568 3.417s
[722/750] tt_sp_135000000321_p116 ok action=1365 4.975s
[723/750] tt_sp_135000000342_p20 ok action=1036 1.399s
[724/750] tt_sp_135000000345_p6 ok action=1354 0.809s
[725/750] tt_sp_135000000340_p36 ok action=1344 1.88s
[726/750] tt_sp_135000000338_p77 ok action=848 2.417s
[727/750] tt_sp_135000000344_p36 ok action=1464 1.366s
[728/750] tt_sp_135000000335_p98 ok action=1144 3.349s
[729/750] tt_sp_135000000337_p66 ok action=1542 2.778s
[730/750] tt_sp_135000000343_p36 ok action=1559 1.686s
[731/750] tt_sp_135000000327_p135 ok action=1958 4.351s
[732/750] tt_sp_135000000347_p32 ok action=846 1.243s
[733/750] tt_sp_135000000345_p36 ok action=956 1.445s
[734/750] tt_sp_135000000336_p130 ok action=1277 3.427s
[735/750] tt_sp_135000000345_p102 ok action=1745 1.777s
[736/750] tt_sp_135000000339_p74 ok action=856 2.657s
[737/750] tt_sp_135000000337_p104 ok action=1364 3.63s
[738/750] tt_sp_135000000321_p128 ok action=841 5.713s
[739/750] tt_sp_135000000348_p46 ok action=941 1.59s
[740/750] tt_sp_135000000343_p60 ok action=1648 2.135s
[741/750] tt_sp_135000000344_p76 ok action=1137 2.082s
[742/750] tt_sp_135000000346_p94 ok action=1261 1.866s
[743/750] tt_sp_135000000321_p120 ok action=1170 6.201s
[744/750] tt_sp_135000000348_p48 ok action=1060 1.782s
[745/750] tt_sp_135000000346_p72 ok action=856 2.106s
[746/750] tt_sp_135000000342_p80 ok action=937 2.845s
[747/750] tt_sp_135000000341_p120 ok action=1754 3.489s
[748/750] tt_sp_135000000348_p74 ok action=944 2.287s
[749/750] tt_sp_135000000349_p107 ok action=1751 2.235s
[750/750] tt_sp_135000000349_p75 ok action=1264 2.225s
[champ_picks] 750 ok, 0 errors, 750 rows total -> /home/doctor/projects/carcassone/measurement/tiearb_widening_20260817/shared_run/corpus/champ_picks_s1/champ_picks.jsonl
