[h2h22k 2026-08-25T06:59:47Z laptop-wsl] SMOKE (DESIGN.md SS9): 2 games at PRODUCTION knobs, dev seed 
[h2h22k 2026-08-25T06:59:47Z laptop-wsl]   990000000000, W=2. Never pooled, never claimed, never adjudicated.
[h2h22k 2026-08-25T06:59:47Z laptop-wsl]   EXEMPT from the blind/band preconditions -- it spends no blindness and no band.
[preflight] carcassonne_ai.__file__ = /home/doctor/projects/carcassone/src/carcassonne_ai/__init__.py
[preflight] fixed_v1 resolved, r9_env_ok=True
[preflight] candidate leaf hash = a36d2e15a3b3d71d (want a36d2e15a3b3d71d)
[preflight] leaf + rules OK
[head-to-head] opponent=fair-champion
[head-to-head] candidate frozen leaf: curve125 leaf_hash=a36d2e15a3b3d71d frozen_config_hash=6dfffd57051690f2 (champ_env dialect)
[head-to-head] opponent  frozen leaf: curve125 leaf_hash=a36d2e15a3b3d71d frozen_config_hash=6dfffd57051690f2 (champ_env dialect)
[head-to-head] BOTH SIDES curve125: YES | env DEFAULT_CONFIG (unmoved, no rung in play) leaf_hash=42af12fce22e1a0f
[warn] --opp-k-dets: ASYMMETRIC search budgets — candidate k16x1376 (total 22016) vs opponent fair-champion k8x1376 (total 11008). This is an equal-WALL-CLOCK / whole-config deployability check, NOT the single-variable prior swap the symmetric head-to-head is: the two sides search different budgets. diff/elo stay candidate-minus-opponent.
[backend] engine=rust (from --backend rust) rust_threads=1 workers=2 [FARM: threads=1 per worker]
fair-puct[fair_fair_c1.5_tau5_float_kd16_s1376_vs_fairchamp-k8x1376_k2-leafa36d2e15]: info=fair n=2 paired=True K=2 k_dets=16 sims=1376 | 0 cached, 2 to play, 2 workers, out=/home/doctor/projects/carcassone/measurement/h2h_22016_20260824/smoke_h2h_k16x1376_vs_champ_k8x1376
  2/2 played (63.4s/game, ~0 min left)

=== FAIR-PUCT[fair] (K=2, k_dets=16, sims=1376, total~22016) vs FAIR PRODUCTION CHAMPION (FairHeuristicPriorAgent, heuristic priors, curve125 leaf, k8x1376) ===
games: 2   candidate: 2W / 0D / 0L   winrate 1.000 (z=+1.41)
avg score diff (candidate - opponent): +13.00
ELO: +800.0  (+/- nan 1sigma)
prefix ms/move: candidate 1177  opponent 637  (ratio 1.85x)
fair endgame: candidate latched 2/2 games, 0.10s solver/game, timeouts=0
fair endgame: opponent  latched 2/2 games, 0.19s solver/game, timeouts=0
[summary.json] wrote /home/doctor/projects/carcassone/measurement/h2h_22016_20260824/smoke_h2h_k16x1376_vs_champ_k8x1376/summary.json
[h2h22k 2026-08-25T07:01:55Z laptop-wsl] SMOKE completed rc=0. NOW CHECK THE SIX BARS BY HAND (DESIGN.md SS9):
[h2h22k 2026-08-25T07:01:55Z laptop-wsl]   1. 2/2 games, n_failed == 0
[h2h22k 2026-08-25T07:01:55Z laptop-wsl]   2. backend.converted_sides == [candidate, opponent] AND mixed_builds == false
[h2h22k 2026-08-25T07:01:55Z laptop-wsl]   3. cand_leaf_hash == a36d2e15a3b3d71d on BOTH sides
[h2h22k 2026-08-25T07:01:55Z laptop-wsl]   4. cand_tiearb absent/disabled, no *_tiearb key armed
[h2h22k 2026-08-25T07:01:55Z laptop-wsl]   5. budgets read back (16,1376,22016)/(8,1376,11008), products hold
[h2h22k 2026-08-25T07:01:55Z laptop-wsl]      (expect a NON-FATAL [warn] 'k_dets=16 (production 8)' -- correct, do not suppress)
[h2h22k 2026-08-25T07:01:55Z laptop-wsl]   6. champ_prefix_ms_per_move within +-25% of 3555 ms/move (W=2, near-unloaded)
[h2h22k 2026-08-25T07:01:55Z laptop-wsl] Then: /home/doctor/projects/carcassone/.venv/bin/python /home/doctor/projects/carcassone/measurement/h2h_22016_prep/adjudicate.py --selftest   (must exit 0)
