[pilot] population=97 positions | n=97 | M=32 | policy=clair-puct | oracle_sims=100 | W=2
[pilot] out -> /mnt/c/carc-shared/tiletie_pricing_20260812/clair-puct/walled/leg3
[pilot] resume: 0 already done, 97 to go
[1/97] tt_e4_1785205383_867966_p46 ok delta=-0.812 crn=True 139.707s
[2/97] tt_e4_1785466497_161583_p2 ok delta=+5.125 crn=True 150.781s
[3/97] tt_sp_28000000000_p118 ok delta=+0.156 crn=True 53.681s
[4/97] tt_sp_28000000009_p112 ok delta=-1.375 crn=True 49.541s
[5/97] tt_sp_28000000017_p136 ok delta=-0.656 crn=True 7.916s
[6/97] tt_sp_28000000002_p55 ok delta=+3.844 crn=True 145.072s
[7/97] tt_sp_28000000018_p37 ok delta=-6.906 crn=True 147.95s
[8/97] tt_sp_28000000023_p80 ok delta=+4.156 crn=True 108.182s
[9/97] tt_sp_28000000024_p52 ok delta=-2.750 crn=True 122.872s
[10/97] tt_sp_28000000027_p78 ok delta=-6.812 crn=True 121.661s
[11/97] tt_sp_28000000042_p98 ok delta=-0.312 crn=True 66.794s
[12/97] tt_sp_28000000045_p20 ok delta=-1.250 crn=True 156.455s
[13/97] tt_sp_28000000045_p36 ok delta=-0.750 crn=True 151.841s
[14/97] tt_sp_28000000045_p82 ok delta=-4.562 crn=True 90.519s
[15/97] tt_sp_28000000046_p46 ok delta=+1.406 crn=True 139.863s
[16/97] tt_sp_28000000054_p8 ok delta=+0.906 crn=True 159.133s
[17/97] tt_sp_28000000056_p8 ok delta=+1.312 crn=True 156.107s
[18/97] tt_sp_28000000064_p76 ok delta=-1.250 crn=True 123.598s
[19/97] tt_sp_28000000077_p110 ok delta=+2.344 crn=True 68.777s
[20/97] tt_sp_28000000067_p100 ok delta=-0.750 crn=True 96.945s
[21/97] tt_sp_28000000079_p62 ok delta=+3.000 crn=True 99.958s
[22/97] tt_sp_28000000085_p120 ok delta=-1.531 crn=True 43.933s
[23/97] tt_sp_28000000083_p8 ok delta=-0.625 crn=True 146.834s
[24/97] tt_sp_28000000090_p98 ok delta=-1.125 crn=True 74.354s
[25/97] tt_sp_28000000089_p102 ok delta=+0.031 crn=True 87.431s
[26/97] tt_sp_28000000095_p130 ok delta=+0.375 crn=True 17.255s
[27/97] tt_sp_28000000093_p98 ok delta=+0.781 crn=True 69.952s
[28/97] tt_sp_28000000095_p62 ok delta=+2.000 crn=True 112.078s
[29/97] tt_sp_28000000095_p76 ok delta=+1.031 crn=True 91.63s
[30/97] tt_sp_28000000098_p58 ok delta=+0.062 crn=True 108.612s
[31/97] tt_sp_28000000105_p16 ok delta=+6.969 crn=True 147.149s
[32/97] tt_sp_28000000118_p93 ok delta=-1.812 crn=True 82.02s
[33/97] tt_sp_28000000121_p112 ok delta=-0.625 crn=True 50.219s
[34/97] tt_sp_28000000124_p56 ok delta=+3.219 crn=True 129.737s
[35/97] tt_sp_28000000130_p6 ok delta=-1.875 crn=True 156.17s
[36/97] tt_sp_28000000139_p26 ok delta=+1.250 crn=True 149.349s
[37/97] tt_sp_28000000148_p78 ok delta=-0.438 crn=True 114.091s
[38/97] tt_sp_28000000163_p108 ok delta=+1.500 crn=True 69.85s
[39/97] tt_sp_28000000157_p48 ok delta=-0.406 crn=True 131.917s
[40/97] tt_sp_28000000175_p112 ok delta=-2.312 crn=True 62.47s
[41/97] tt_sp_28000000180_p122 ok delta=-0.562 crn=True 19.451s
[42/97] tt_sp_28000000169_p26 ok delta=+2.781 crn=True 135.237s
[43/97] tt_sp_28000000180_p94 ok delta=-8.469 crn=True 47.033s
[44/97] tt_sp_28000000182_p124 ok delta=+0.125 crn=True 31.584s
[45/97] tt_sp_28000000181_p108 ok delta=-0.156 crn=True 63.811s
[46/97] tt_sp_28000000189_p140 ok delta=+4.000 crn=True 6.763s
[47/97] tt_sp_28000000194_p76 ok delta=+5.375 crn=True 89.741s
[48/97] tt_sp_28000000199_p128 ok delta=+0.375 crn=True 21.402s
[49/97] tt_sp_28000000186_p12 ok delta=-4.594 crn=True 143.727s
[50/97] tt_sp_28000000211_p120 ok delta=-0.031 crn=True 29.457s
[51/97] tt_sp_28000000215_p96 ok delta=-1.062 crn=True 78.713s
[52/97] tt_sp_28000000205_p28 ok delta=-0.375 crn=True 146.829s
[53/97] tt_sp_28000000228_p10 ok delta=+1.094 crn=True 141.419s
[54/97] tt_sp_28000000229_p38 ok delta=+1.188 crn=True 133.134s
[55/97] tt_sp_28000000236_p121 ok delta=+2.031 crn=True 21.328s
[56/97] tt_sp_28000000230_p68 ok delta=-0.156 crn=True 118.705s
[57/97] tt_sp_28000000240_p8 ok delta=-2.125 crn=True 147.383s
[58/97] tt_sp_28000000249_p62 ok delta=+0.719 crn=True 109.464s
[59/97] tt_sp_28000000260_p116 ok delta=+1.656 crn=True 49.039s
[60/97] tt_sp_28000000257_p4 ok delta=+1.281 crn=True 152.377s
[61/97] tt_sp_28000000273_p80 ok delta=+5.438 crn=True 100.734s
[62/97] tt_sp_28000000276_p2 ok delta=+2.031 crn=True 145.892s
[63/97] tt_sp_28000000298_p8 ok delta=-0.719 crn=True 147.023s
[64/97] tt_sp_28000000304_p86 ok delta=-0.875 crn=True 84.609s
[65/97] tt_sp_28000000309_p118 ok delta=+5.562 crn=True 44.804s
[66/97] tt_sp_28000000320_p39 ok delta=+2.562 crn=True 114.01s
[67/97] tt_sp_28000000321_p15 ok delta=-6.906 crn=True 132.627s
[68/97] tt_sp_28000000332_p128 ok delta=-1.438 crn=True 35.195s
[69/97] tt_sp_28000000327_p65 ok delta=+6.000 crn=True 111.238s
[70/97] tt_sp_28000000334_p102 ok delta=+2.531 crn=True 72.22s
[71/97] tt_sp_28000000336_p108 ok delta=+1.688 crn=True 77.002s
[72/97] tt_sp_28000000334_p26 ok delta=-2.500 crn=True 134.164s
[73/97] tt_sp_28000000343_p76 ok delta=+1.188 crn=True 114.704s
[74/97] tt_sp_28000000356_p133 ok delta=+1.344 crn=True 13.005s
[75/97] tt_sp_28000000362_p142 ok delta=+2.000 crn=True 1.232s
[76/97] tt_sp_28000000349_p18 ok delta=-3.156 crn=True 145.596s
[77/97] tt_sp_28000000366_p136 ok delta=-1.250 crn=True 19.305s
[78/97] tt_sp_28000000365_p4 ok delta=-3.062 crn=True 147.285s
[79/97] tt_sp_28000000376_p2 ok delta=-9.719 crn=True 149.213s
[80/97] tt_sp_28000000386_p70 ok delta=-1.812 crn=True 124.086s
[81/97] tt_sp_28000000388_p140 ok delta=+0.000 crn=True 6.68s
[82/97] tt_sp_28000000389_p114 ok delta=+0.750 crn=True 49.724s
[83/97] tt_sp_28000000387_p80 ok delta=+0.625 crn=True 116.699s
[84/97] tt_sp_28000000391_p122 ok delta=-0.281 crn=True 42.464s
[85/97] tt_sp_28000000392_p4 ok delta=-6.594 crn=True 148.469s
[86/97] tt_sp_28000000395_p2 ok delta=-1.625 crn=True 140.943s
[87/97] tt_sp_28000000398_p62 ok delta=+0.656 crn=True 119.364s
[88/97] tt_sp_28000000408_p10 ok delta=+3.750 crn=True 137.468s
[89/97] tt_sp_28000000413_p60 ok delta=-3.656 crn=True 109.604s
[90/97] tt_sp_28000000417_p101 ok delta=-1.625 crn=True 66.631s
[91/97] tt_sp_28000000427_p48 ok delta=-2.875 crn=True 105.839s
[92/97] tt_sp_28000000422_p14 ok delta=-3.250 crn=True 118.321s
[93/97] tt_sp_28000000438_p110 ok delta=-0.844 crn=True 63.209s
[94/97] tt_sp_28000000442_p76 ok delta=+2.125 crn=True 89.241s
[95/97] tt_sp_28000000445_p110 ok delta=+0.688 crn=True 48.415s
[96/97] tt_sp_28000000445_p74 ok delta=+1.094 crn=True 76.407s
[97/97] tt_sp_28000000449_p40 ok delta=+0.375 crn=True 90.807s

=== ORACLE-SCORE PILOT SUMMARY ===
{
  "n_positions": 97,
  "m_worlds": 32,
  "sd_delta_positions": 2.9903489266266803,
  "mean_delta_pts": -0.08408505154639176,
  "se_mean_delta": 0.3036239315061834,
  "z_pilot_observed": -0.2769381554651246,
  "mean_within_position_var": 156.87151854007317,
  "var_between_positions_est": 4.039951748600052,
  "sd_delta_projected_by_m": {
    "8": 4.8630126018867355,
    "16": 3.7208092745200774,
    "32": 2.9903489266266803,
    "64": 2.547757685846261
  },
  "median_crn_var_reduction": 1.6512436945555748,
  "n_positions_perfect_pairing": 3,
  "n_positions_identical_afterstates": 0,
  "assumed_effect_pts": 0.07,
  "implied_z_full_run": {
    "N=265_at_M=32": 0.3810650428050327,
    "N=97_at_M=32": 0.23054836176039187,
    "N=97_at_M=8": 0.1417680977956439,
    "N=97_at_M=16": 0.1852876606298642,
    "N=97_at_M=64": 0.2705987504053904
  },
  "memo_power_fork": {
    "note": "memo \u00a74.2: sd ~0.5 pts => z ~2.2 (fund the full run); sd ~1.5 pts => z ~0.75 (do not). Read sd_delta_positions against this.",
    "z_if_sd_0.5": 2.279034883453959,
    "z_if_sd_1.5": 0.7596782944846531
  },
  "caveat": "The pilot's own mean_delta is a 20-position SCREEN, NOT a verdict on whether budget improves the move. The deliverable is the sd.",
  "schema": "carcassonne-oracle-score-pilot/v1",
  "oracle_policy": "clair-puct",
  "n_attempted": 97,
  "n_failed": 0,
  "crn_verified_all": true,
  "population_disagreements": 97,
  "wall_secs": 4680.3,
  "manifest": "/mnt/c/carc-shared/tiletie_pricing_20260812/clair-puct/walled/leg3/manifest.json"
}
