[pilot] population=53 positions | n=53 | M=32 | policy=clair-puct | oracle_sims=100 | W=7
[pilot] out -> /mnt/c/carc-shared/tiletie_pricing_20260812/clair-puct/fixed_v1/leg1
[pilot] resume: 0 already done, 53 to go
[1/53] tt_e4_1785984310_1698417952_p126 ok delta=-2.000 crn=True 445.648s
[2/53] tt_e4_1785986044_1911511187_p90 ok delta=-1.625 crn=True 839.106s
[3/53] tt_e4_1785986044_1911511187_p74 ok delta=-2.375 crn=True 1025.525s
[4/53] tt_e4_1785984310_1698417952_p78 ok delta=+2.406 crn=True 1045.708s
[5/53] tt_e4_1786045035_338139_p42 ok delta=+2.375 crn=True 1339.317s
[6/53] tt_e4_1786045035_338139_p38 ok delta=+0.250 crn=True 1354.082s
[7/53] tt_e4_1786045035_338139_p34 ok delta=-1.594 crn=True 1465.972s
[8/53] tt_e4_1786045035_338139_p50 ok delta=-1.500 crn=True 1258.212s
[9/53] tt_e4_1786113542_627623_p111 ok delta=+0.500 crn=True 528.183s
[10/53] tt_e4_1786045035_338139_p58 ok delta=-1.125 crn=True 1141.096s
[11/53] tt_e4_1786118143_1621601234_p139 ok delta=+0.000 crn=True 24.271s
[12/53] tt_e4_1786118143_1621601234_p115 ok delta=-1.312 crn=True 520.17s
[13/53] tt_e4_1786113542_627623_p83 ok delta=-3.938 crn=True 910.547s
[14/53] tt_e4_1786118143_1621601234_p119 ok delta=+0.812 crn=True 447.955s
[15/53] tt_e4_1786074812_935815_p46 ok delta=-1.562 crn=True 1405.541s
[16/53] tt_e4_1786242001_49628_p134 ok delta=+0.406 crn=True 177.613s
[17/53] tt_e4_1786076853_2116173857_p30 ok delta=+1.438 crn=True 1568.488s
[18/53] tt_e4_1786242001_49628_p110 ok delta=+0.781 crn=True 573.113s
[19/53] tt_e4_1786116818_134510_p42 ok delta=+0.750 crn=True 1484.738s
[20/53] tt_e4_1786142936_703591_p58 ok delta=-0.875 crn=True 1135.978s
[21/53] tt_e4_1786325073_523563_p94 ok delta=+0.531 crn=True 790.708s
[22/53] tt_e4_1786142936_703591_p22 ok delta=-1.781 crn=True 1495.372s
[23/53] tt_e4_1786243458_1382293676_p54 ok delta=-1.938 crn=True 1320.219s
[24/53] tt_e4_1786243458_1382293676_p30 ok delta=-0.031 crn=True 1480.168s
[25/53] tt_e4_1786329790_523563_p94 ok delta=+0.531 crn=True 698.219s
[26/53] tt_e4_1786329790_523563_p14 ok delta=-4.344 crn=True 1541.805s
[27/53] tt_e4_1786329790_523563_p18 ok delta=-3.219 crn=True 1492.936s
[28/53] tt_e4_1786329790_523563_p62 ok delta=-1.875 crn=True 1070.716s
[29/53] tt_e4_1786329790_523563_p2 ok delta=+2.281 crn=True 1566.653s
[30/53] tt_e4_1786417055_68387_p114 ok delta=+3.562 crn=True 475.904s
[31/53] tt_e4_1786367787_389099_p86 ok delta=+0.281 crn=True 848.452s
[32/53] tt_e4_1786367787_389099_p46 ok delta=-2.469 crn=True 1154.427s
[33/53] tt_e4_1786337185_638286_p50 ok delta=+0.594 crn=True 1301.937s
[34/53] tt_e4_1786417055_68387_p130 ok delta=+0.156 crn=True 279.368s
[35/53] tt_e4_1786418867_411846845_p134 ok delta=+0.000 crn=True 145.975s
[36/53] tt_e4_1786403231_207028_p10 ok delta=-4.031 crn=True 1489.091s
[37/53] tt_e4_1786417055_68387_p10 ok delta=+2.750 crn=True 1445.708s
[38/53] tt_e4_1786418867_411846845_p82 ok delta=+2.562 crn=True 828.209s
[39/53] tt_e4_1786501074_943197_p134 ok delta=+0.000 crn=True 202.699s
[40/53] tt_e4_1786417055_68387_p54 ok delta=+1.312 crn=True 1145.518s
[41/53] tt_e4_1786417055_68387_p34 ok delta=-1.062 crn=True 1318.83s
[42/53] tt_e4_1786418867_411846845_p10 ok delta=-0.719 crn=True 1444.499s
[43/53] tt_e4_1786454767_166575_p10 ok delta=+2.000 crn=True 1516.35s
[44/53] tt_e4_1786501074_943197_p98 ok delta=+2.438 crn=True 738.54s
[45/53] tt_e4_1786501074_943197_p34 ok delta=-3.656 crn=True 1286.437s
[46/53] tt_e4_1786501074_943197_p6 ok delta=+1.000 crn=True 1478.769s
[47/53] tt_e4_1786503336_446661_p10 ok delta=+2.500 crn=True 1463.277s
[48/53] tt_e4_1786503336_446661_p14 ok delta=-0.438 crn=True 1423.039s
[49/53] tt_e4_1786503336_446661_p74 ok delta=+0.125 crn=True 917.84s
[50/53] tt_e4_1786503336_446661_p98 ok delta=+4.844 crn=True 602.262s
[51/53] tt_e4_1786503336_446661_p22 ok delta=-3.969 crn=True 1331.914s
[52/53] tt_e4_1786503336_446661_p26 ok delta=+7.500 crn=True 1319.122s
[53/53] tt_e4_1786511848_634689_p2 ok delta=-0.062 crn=True 1303.717s

=== ORACLE-SCORE PILOT SUMMARY ===
{
  "n_positions": 53,
  "m_worlds": 32,
  "sd_delta_positions": 2.3167157592196523,
  "mean_delta_pts": -0.05306603773584906,
  "se_mean_delta": 0.3182253831952267,
  "z_pilot_observed": -0.16675614372123737,
  "mean_within_position_var": 166.75243457090687,
  "var_between_positions_est": 0.15615832867585056,
  "sd_delta_projected_by_m": {
    "8": 4.582598896918561,
    "16": 3.252412256980583,
    "32": 2.3167157592196523,
    "64": 1.6618258389031837
  },
  "median_crn_var_reduction": 1.6257984630201066,
  "n_positions_perfect_pairing": 3,
  "n_positions_identical_afterstates": 0,
  "assumed_effect_pts": 0.07,
  "implied_z_full_run": {
    "N=265_at_M=32": 0.4918676092188397,
    "N=53_at_M=32": 0.21996988202872556,
    "N=53_at_M=8": 0.11120495241080507,
    "N=53_at_M=16": 0.15668606928776516,
    "N=53_at_M=64": 0.306655294628215
  },
  "memo_power_fork": {
    "note": "memo \u00a74.2: sd ~0.5 pts => z ~2.2 (fund the full run); sd ~1.5 pts => z ~0.75 (do not). Read sd_delta_positions against this.",
    "z_if_sd_0.5": 2.279034883453959,
    "z_if_sd_1.5": 0.7596782944846531
  },
  "caveat": "The pilot's own mean_delta is a 20-position SCREEN, NOT a verdict on whether budget improves the move. The deliverable is the sd.",
  "schema": "carcassonne-oracle-score-pilot/v1",
  "oracle_policy": "clair-puct",
  "n_attempted": 53,
  "n_failed": 0,
  "crn_verified_all": true,
  "population_disagreements": 53,
  "wall_secs": 8817.2,
  "manifest": "/mnt/c/carc-shared/tiletie_pricing_20260812/clair-puct/fixed_v1/leg1/manifest.json"
}
