[pilot] population=3 positions | n=3 | M=32 | policy=clair-puct | oracle_sims=100 | W=1
[pilot] out -> /mnt/c/carc-shared/tiletie_pricing_20260812/clair-puct/app_aug2/leg1
[pilot] resume: 0 already done, 3 to go
[1/3] tt_e4_1785975832_66810_p2 ok delta=+2.719 crn=True 1654.699s
[2/3] tt_e4_1785975832_66810_p22 ok delta=-0.062 crn=True 1509.677s
[3/3] tt_e4_1785975832_66810_p34 ok delta=-0.812 crn=True 1385.181s

=== ORACLE-SCORE PILOT SUMMARY ===
{
  "n_positions": 3,
  "m_worlds": 32,
  "sd_delta_positions": 1.86044699490024,
  "mean_delta_pts": 0.6145833333333334,
  "se_mean_delta": 1.074129573318684,
  "z_pilot_observed": 0.5721687109260816,
  "mean_within_position_var": 324.52923387096774,
  "var_between_positions_est": 0.0,
  "sd_delta_projected_by_m": {
    "8": 6.369156477420772,
    "16": 4.503673735622451,
    "32": 3.184578238710386,
    "64": 2.2518368678112255
  },
  "median_crn_var_reduction": 1.1238165976073689,
  "n_positions_perfect_pairing": 0,
  "n_positions_identical_afterstates": 0,
  "assumed_effect_pts": 0.07,
  "implied_z_full_run": {
    "N=265_at_M=32": 0.6124965907927317,
    "N=3_at_M=32": 0.038072092265165926,
    "N=3_at_M=8": 0.019036046132582963,
    "N=3_at_M=16": 0.026921034614658734,
    "N=3_at_M=64": 0.05384206922931747
  },
  "memo_power_fork": {
    "note": "memo \u00a74.2: sd ~0.5 pts => z ~2.2 (fund the full run); sd ~1.5 pts => z ~0.75 (do not). Read sd_delta_positions against this.",
    "z_if_sd_0.5": 2.279034883453959,
    "z_if_sd_1.5": 0.7596782944846531
  },
  "caveat": "The pilot's own mean_delta is a 20-position SCREEN, NOT a verdict on whether budget improves the move. The deliverable is the sd.",
  "schema": "carcassonne-oracle-score-pilot/v1",
  "oracle_policy": "clair-puct",
  "n_attempted": 3,
  "n_failed": 0,
  "crn_verified_all": true,
  "population_disagreements": 3,
  "wall_secs": 4549.6,
  "manifest": "/mnt/c/carc-shared/tiletie_pricing_20260812/clair-puct/app_aug2/leg1/manifest.json"
}
