[build_positions] afterstate map: 1427 rid(s) from 3 file(s): ['/home/doctor/projects/carcassone/measurement/tiletie_pricing_20260812/census/afterstate_map_app_aug2.json', '/home/doctor/projects/carcassone/measurement/tiletie_pricing_20260812/census/afterstate_map_fixed_v1.json', '/home/doctor/projects/carcassone/measurement/tiletie_pricing_20260812/census/afterstate_map_walled.json']
[build_positions] afterstate dedupe: applied=True | dropped 374/1427 all-transposition positions (26.2%) | arm-deduped 54 | tie-set arm-playouts 177984 -> 120192 (32.5% saved)
[build_positions] 2607 census rows -> 1427 qualifying -> 340 sampled | e4=60 selfplay=280 | max_arms=5 mean_arms=3.04 | capped=66 | champ_pick_missing=0
[build_positions] 11 leg files -> measurement/tiletie_pricing_20260812/positions_stageA
{
  "afterstate_dedupe": {
    "applied": true,
    "design_ref": "DESIGN.md \u00a76 threat 3 (arms deduped by successor board key; all-transposition positions dropped as analytic zeros)",
    "dropped_index_path": "measurement/tiletie_pricing_20260812/positions_stageA/DROPPED_ALL_TRANSPOSITION.json",
    "dropped_pct": 26.20882971268395,
    "n_dropped_all_transposition": 374,
    "n_dropped_by_stratum": {
      "e4": 115,
      "selfplay": 259
    },
    "n_dropped_with_action_played_outside_tieset": 72,
    "n_positions_with_arm_dedupe": 54,
    "n_qualifying_before_drop": 1427,
    "savings_pct_full_supply": 32.47033441208198,
    "tieset_arm_playouts_full_supply_after": 120192,
    "tieset_arm_playouts_full_supply_before": 177984
  },
  "allow_missing_champ_picks": true,
  "cap_j": 4,
  "census_qualifying_n": 1427,
  "census_rows_n": 2607,
  "champ_pick_secs": 3851.456,
  "counts_by_profile_leg": {
    "app_aug2/leg1": 3,
    "app_aug2/leg2": 2,
    "app_aug2/leg3": 2,
    "fixed_v1/leg1": 53,
    "fixed_v1/leg2": 27,
    "fixed_v1/leg3": 14,
    "fixed_v1/leg4": 4,
    "walled/leg1": 284,
    "walled/leg2": 180,
    "walled/leg3": 97,
    "walled/leg4": 26
  },
  "counts_by_stratum": {
    "e4": 60,
    "selfplay": 280
  },
  "design_doc": "measurement/tiletie_pricing_20260812/DESIGN.md",
  "eta_by_workers": {
    "W=14": {
      "wall_hours": 1.5263225396825397,
      "wall_secs": 5494.761142857143
    },
    "W=22": {
      "wall_hours": 0.9712961616161616,
      "wall_secs": 3496.666181818182
    }
  },
  "files": {
    "app_aug2/leg1": {
      "n": 3,
      "path": "measurement/tiletie_pricing_20260812/positions_stageA/positions_app_aug2_leg1.jsonl"
    },
    "app_aug2/leg2": {
      "n": 2,
      "path": "measurement/tiletie_pricing_20260812/positions_stageA/positions_app_aug2_leg2.jsonl"
    },
    "app_aug2/leg3": {
      "n": 2,
      "path": "measurement/tiletie_pricing_20260812/positions_stageA/positions_app_aug2_leg3.jsonl"
    },
    "fixed_v1/leg1": {
      "n": 53,
      "path": "measurement/tiletie_pricing_20260812/positions_stageA/positions_fixed_v1_leg1.jsonl"
    },
    "fixed_v1/leg2": {
      "n": 27,
      "path": "measurement/tiletie_pricing_20260812/positions_stageA/positions_fixed_v1_leg2.jsonl"
    },
    "fixed_v1/leg3": {
      "n": 14,
      "path": "measurement/tiletie_pricing_20260812/positions_stageA/positions_fixed_v1_leg3.jsonl"
    },
    "fixed_v1/leg4": {
      "n": 4,
      "path": "measurement/tiletie_pricing_20260812/positions_stageA/positions_fixed_v1_leg4.jsonl"
    },
    "walled/leg1": {
      "n": 284,
      "path": "measurement/tiletie_pricing_20260812/positions_stageA/positions_walled_leg1.jsonl"
    },
    "walled/leg2": {
      "n": 180,
      "path": "measurement/tiletie_pricing_20260812/positions_stageA/positions_walled_leg2.jsonl"
    },
    "walled/leg3": {
      "n": 97,
      "path": "measurement/tiletie_pricing_20260812/positions_stageA/positions_walled_leg3.jsonl"
    },
    "walled/leg4": {
      "n": 26,
      "path": "measurement/tiletie_pricing_20260812/positions_stageA/positions_walled_leg4.jsonl"
    }
  },
  "formula": "DESIGN.md #7.1: oracle_worker_secs = n_positions*(A_bar-1)*2*M*c (summed per-position here, algebraically identical); champ_pick_secs = n_selfplay*t_champ; wall_hours = (oracle_worker_secs+champ_pick_secs)/(3600*W)",
  "generated_utc": "2026-08-13T02:44:58Z",
  "m_worlds": 32,
  "max_arms": 5,
  "mean_arms": 3.0352941176470587,
  "n_e4": 60,
  "n_positions": 340,
  "n_positions_capped": 66,
  "n_positions_champ_pick_missing": 0,
  "n_selfplay": 280,
  "oracle_worker_secs": 73075.2,
  "out_dir": "measurement/tiletie_pricing_20260812/positions_stageA",
  "playout_secs": 1.65,
  "sample_seed": 20260812,
  "schema": "carcassonne-tiletie-positions/v1",
  "t_champ_secs": 13.7552,
  "total_arm_playouts": 44288,
  "total_worker_secs": 76926.656
}
