[pilot] population=5 positions | n=5 | M=32 | policy=clair-puct | oracle_sims=100 | W=8
[pilot] out -> /mnt/c/carc-shared/tiletie_pricing_20260812/smoke/clair-puct/walled/leg1
[pilot] resume: 0 already done, 5 to go
[1/5] tt_sp_28000000009_p112 ok delta=-0.594 crn=True 51.11s
[2/5] tt_sp_28000000000_p118 ok delta=+0.094 crn=True 55.406s
[3/5] tt_sp_28000000010_p114 ok delta=+0.531 crn=True 64.051s
[4/5] tt_sp_28000000007_p53 ok delta=-0.812 crn=True 126.585s
[5/5] tt_sp_28000000002_p55 ok delta=+6.656 crn=True 143.391s

=== ORACLE-SCORE PILOT SUMMARY ===
{
  "n_positions": 5,
  "m_worlds": 32,
  "sd_delta_positions": 3.1107173609956917,
  "mean_delta_pts": 1.175,
  "se_mean_delta": 1.3911550955950238,
  "z_pilot_observed": 0.8446218568443873,
  "mean_within_position_var": 115.47419354838709,
  "var_between_positions_est": 6.0679939516129044,
  "sd_delta_projected_by_m": {
    "8": 4.527943036872404,
    "16": 3.644877370829792,
    "32": 3.1107173609956917,
    "64": 2.8057580483367506
  },
  "median_crn_var_reduction": 1.954443710162229,
  "n_positions_perfect_pairing": 0,
  "n_positions_identical_afterstates": 0,
  "assumed_effect_pts": 0.07,
  "implied_z_full_run": {
    "N=265_at_M=32": 0.3663198257787837,
    "N=5_at_M=32": 0.05031789785455924,
    "N=5_at_M=8": 0.03456862357815835,
    "N=5_at_M=16": 0.04294376531777554,
    "N=5_at_M=64": 0.055786976541962685
  },
  "memo_power_fork": {
    "note": "memo \u00a74.2: sd ~0.5 pts => z ~2.2 (fund the full run); sd ~1.5 pts => z ~0.75 (do not). Read sd_delta_positions against this.",
    "z_if_sd_0.5": 2.279034883453959,
    "z_if_sd_1.5": 0.7596782944846531
  },
  "caveat": "The pilot's own mean_delta is a 20-position SCREEN, NOT a verdict on whether budget improves the move. The deliverable is the sd.",
  "schema": "carcassonne-oracle-score-pilot/v1",
  "oracle_policy": "clair-puct",
  "n_attempted": 5,
  "n_failed": 0,
  "crn_verified_all": true,
  "population_disagreements": 5,
  "wall_secs": 143.5,
  "manifest": "/mnt/c/carc-shared/tiletie_pricing_20260812/smoke/clair-puct/walled/leg1/manifest.json"
}
