[pilot] population=5 positions | n=5 | M=32 | policy=clair-puct | oracle_sims=100 | W=8
[pilot] out -> /mnt/c/carc-shared/tiletie_pricing_20260812/smoke/clair-puct/fixed_v1/leg1
[pilot] resume: 5 already done, 0 to go

=== ORACLE-SCORE PILOT SUMMARY ===
{
  "n_positions": 5,
  "m_worlds": 32,
  "sd_delta_positions": 2.2568688555718075,
  "mean_delta_pts": -0.9,
  "se_mean_delta": 1.0093024354721432,
  "z_pilot_observed": -0.8917049720374326,
  "mean_within_position_var": 71.78346774193548,
  "var_between_positions_est": 2.850223664314516,
  "sd_delta_projected_by_m": {
    "8": 3.438481806270967,
    "16": 2.7086325698007627,
    "32": 2.2568688555718075,
    "64": 1.9929476530461752
  },
  "median_crn_var_reduction": 3.911986137667304,
  "n_positions_perfect_pairing": 2,
  "n_positions_identical_afterstates": 2,
  "assumed_effect_pts": 0.07,
  "implied_z_full_run": {
    "N=265_at_M=32": 0.504910792186136,
    "N=5_at_M=32": 0.06935483115846698,
    "N=5_at_M=8": 0.045521473500171404,
    "N=5_at_M=16": 0.057787372185552174,
    "N=5_at_M=64": 0.07853932248834573
  },
  "memo_power_fork": {
    "note": "memo \u00a74.2: sd ~0.5 pts => z ~2.2 (fund the full run); sd ~1.5 pts => z ~0.75 (do not). Read sd_delta_positions against this.",
    "z_if_sd_0.5": 2.279034883453959,
    "z_if_sd_1.5": 0.7596782944846531
  },
  "caveat": "The pilot's own mean_delta is a 20-position SCREEN, NOT a verdict on whether budget improves the move. The deliverable is the sd.",
  "schema": "carcassonne-oracle-score-pilot/v1",
  "oracle_policy": "clair-puct",
  "n_attempted": 5,
  "n_failed": 0,
  "crn_verified_all": true,
  "population_disagreements": 5,
  "wall_secs": 0.0,
  "manifest": "/mnt/c/carc-shared/tiletie_pricing_20260812/smoke/clair-puct/fixed_v1/leg1/manifest.json"
}
