[pilot] population=5 positions | n=5 | M=32 | policy=clair-puct | oracle_sims=100 | W=8
[pilot] out -> /mnt/c/carc-shared/tiletie_pricing_20260812/smoke/clair-puct/walled/leg2
[pilot] resume: 0 already done, 5 to go
[1/5] tt_sp_28000000009_p112 ok delta=-3.938 crn=True 38.963s
[2/5] tt_sp_28000000000_p118 ok delta=+0.156 crn=True 43.088s
[3/5] tt_sp_28000000010_p114 ok delta=+1.375 crn=True 48.837s
[4/5] tt_sp_28000000007_p53 ok delta=-1.594 crn=True 100.854s
[5/5] tt_sp_28000000002_p55 ok delta=+1.500 crn=True 115.743s

=== ORACLE-SCORE PILOT SUMMARY ===
{
  "n_positions": 5,
  "m_worlds": 32,
  "sd_delta_positions": 2.2890491680499134,
  "mean_delta_pts": -0.5,
  "se_mean_delta": 1.0236939087197892,
  "z_pilot_observed": -0.4884272493379294,
  "mean_within_position_var": 133.63427419354838,
  "var_between_positions_est": 1.063675025201614,
  "sd_delta_projected_by_m": {
    "8": 4.21520572444515,
    "16": 3.068520353899969,
    "32": 2.2890491680499134,
    "64": 1.7753057650657837
  },
  "median_crn_var_reduction": 1.479802678287267,
  "n_positions_perfect_pairing": 0,
  "n_positions_identical_afterstates": 0,
  "assumed_effect_pts": 0.07,
  "implied_z_full_run": {
    "N=265_at_M=32": 0.4978125667338798,
    "N=5_at_M=32": 0.06837981490731013,
    "N=5_at_M=8": 0.037133361609672975,
    "N=5_at_M=16": 0.051009848517396504,
    "N=5_at_M=64": 0.08816777453498852
  },
  "memo_power_fork": {
    "note": "memo \u00a74.2: sd ~0.5 pts => z ~2.2 (fund the full run); sd ~1.5 pts => z ~0.75 (do not). Read sd_delta_positions against this.",
    "z_if_sd_0.5": 2.279034883453959,
    "z_if_sd_1.5": 0.7596782944846531
  },
  "caveat": "The pilot's own mean_delta is a 20-position SCREEN, NOT a verdict on whether budget improves the move. The deliverable is the sd.",
  "schema": "carcassonne-oracle-score-pilot/v1",
  "oracle_policy": "clair-puct",
  "n_attempted": 5,
  "n_failed": 0,
  "crn_verified_all": true,
  "population_disagreements": 5,
  "wall_secs": 115.8,
  "manifest": "/mnt/c/carc-shared/tiletie_pricing_20260812/smoke/clair-puct/walled/leg2/manifest.json"
}
