[pilot] population=38 positions | n=38 | M=32 | policy=tier1-greedy | oracle_sims=100 | W=4
[pilot] out -> /mnt/c/carc-shared/tiletie_oof_20260814/chunk4/tier1-greedy/walled/leg3
[pilot] resume: 0 already done, 38 to go
[1/38] tt_sp_28000000017_p136 ok delta=-0.031 crn=True 29.22s
[2/38] tt_sp_28000000058_p124 ok delta=-0.062 crn=True 65.274s
[3/38] tt_sp_28000000062_p95 ok delta=+2.812 crn=True 164.069s
[4/38] tt_sp_28000000009_p6 ok delta=-2.188 crn=True 225.128s
[5/38] tt_sp_28000000044_p14 ok delta=-1.969 crn=True 259.68s
[6/38] tt_sp_28000000064_p76 ok delta=+0.094 crn=True 200.155s
[7/38] tt_sp_28000000090_p98 ok delta=+0.094 crn=True 140.297s
[8/38] tt_sp_28000000079_p62 ok delta=+5.500 crn=True 186.712s
[9/38] tt_sp_28000000105_p96 ok delta=+0.875 crn=True 149.842s
[10/38] tt_sp_28000000136_p126 ok delta=-1.406 crn=True 46.856s
[11/38] tt_sp_28000000098_p58 ok delta=+2.094 crn=True 207.9s
[12/38] tt_sp_28000000125_p94 ok delta=-0.875 crn=True 134.33s
[13/38] tt_sp_28000000111_p68 ok delta=-9.812 crn=True 181.698s
[14/38] tt_sp_28000000180_p94 ok delta=-11.875 crn=True 121.441s
[15/38] tt_sp_28000000181_p108 ok delta=+5.125 crn=True 101.722s
[16/38] tt_sp_28000000148_p60 ok delta=+6.625 crn=True 218.932s
[17/38] tt_sp_28000000215_p96 ok delta=-0.312 crn=True 151.575s
[18/38] tt_sp_28000000188_p4 ok delta=-3.344 crn=True 252.476s
[19/38] tt_sp_28000000189_p68 ok delta=+3.469 crn=True 218.659s
[20/38] tt_sp_28000000244_p128 ok delta=+1.125 crn=True 59.591s
[21/38] tt_sp_28000000260_p116 ok delta=-0.719 crn=True 80.403s
[22/38] tt_sp_28000000240_p48 ok delta=-7.875 crn=True 210.277s
[23/38] tt_sp_28000000312_p137 ok delta=+0.938 crn=True 20.499s
[24/38] tt_sp_28000000261_p75 ok delta=+7.062 crn=True 180.674s
[25/38] tt_sp_28000000334_p102 ok delta=-8.062 crn=True 117.972s
[26/38] tt_sp_28000000271_p52 ok delta=+2.844 crn=True 219.374s
[27/38] tt_sp_28000000356_p141 ok delta=+0.000 crn=True 0.569s
[28/38] tt_sp_28000000362_p142 ok delta=+0.000 crn=True 1.441s
[29/38] tt_sp_28000000356_p133 ok delta=+0.062 crn=True 39.525s
[30/38] tt_sp_28000000327_p65 ok delta=+0.750 crn=True 214.667s
[31/38] tt_sp_28000000351_p24 ok delta=+7.938 crn=True 253.377s
[32/38] tt_sp_28000000386_p70 ok delta=+0.625 crn=True 194.197s
[33/38] tt_sp_28000000401_p140 ok delta=+0.000 crn=True 8.716s
[34/38] tt_sp_28000000376_p2 ok delta=-2.906 crn=True 240.34s
[35/38] tt_sp_28000000392_p4 ok delta=+6.938 crn=True 227.554s
[36/38] tt_sp_28000000417_p101 ok delta=+5.250 crn=True 120.487s
[37/38] tt_sp_28000000398_p62 ok delta=+1.812 crn=True 210.52s
[38/38] tt_sp_28000000413_p60 ok delta=-0.812 crn=True 193.096s

=== ORACLE-SCORE PILOT SUMMARY ===
{
  "n_positions": 38,
  "m_worlds": 32,
  "sd_delta_positions": 4.419479697018993,
  "mean_delta_pts": 0.2574013157894737,
  "se_mean_delta": 0.7169342771089728,
  "z_pilot_observed": 0.3590305611100654,
  "mean_within_position_var": 248.96161396434636,
  "var_between_positions_est": 11.751750355977261,
  "sd_delta_projected_by_m": {
    "8": 6.547667684108637,
    "16": 5.22607416984766,
    "32": 4.419479697018993,
    "64": 3.9549684668996004
  },
  "median_crn_var_reduction": 1.7115218483174284,
  "n_positions_perfect_pairing": 3,
  "n_positions_identical_afterstates": 0,
  "assumed_effect_pts": 0.07,
  "implied_z_full_run": {
    "N=265_at_M=32": 0.25783972771627434,
    "N=38_at_M=32": 0.09763795962200886,
    "N=38_at_M=8": 0.06590270017140792,
    "N=38_at_M=16": 0.08256847610343174,
    "N=38_at_M=64": 0.10910554251424895
  },
  "memo_power_fork": {
    "note": "memo \u00a74.2: sd ~0.5 pts => z ~2.2 (fund the full run); sd ~1.5 pts => z ~0.75 (do not). Read sd_delta_positions against this.",
    "z_if_sd_0.5": 2.279034883453959,
    "z_if_sd_1.5": 0.7596782944846531
  },
  "caveat": "The pilot's own mean_delta is a 20-position SCREEN, NOT a verdict on whether budget improves the move. The deliverable is the sd.",
  "schema": "carcassonne-oracle-score-pilot/v1",
  "oracle_policy": "tier1-greedy",
  "n_attempted": 38,
  "n_failed": 0,
  "crn_verified_all": true,
  "population_disagreements": 38,
  "wall_secs": 1454.3,
  "manifest": "/mnt/c/carc-shared/tiletie_oof_20260814/chunk4/tier1-greedy/walled/leg3/manifest.json"
}
