[pilot] population=11 positions | n=11 | M=32 | policy=tier1-greedy | oracle_sims=100 | W=5
[pilot] out -> /mnt/c/carc-shared/tiletie_oof_20260814/pilot/tier1-greedy/walled/leg2
[pilot] resume: 0 already done, 11 to go
[1/11] tt_sp_28000000053_p126 ok delta=-0.688 crn=True 38.866s
[2/11] tt_sp_28000000020_p96 ok delta=+1.094 crn=True 133.124s
[3/11] tt_sp_28000000273_p44 ok delta=-9.719 crn=True 162.708s
[4/11] tt_sp_28000000298_p42 ok delta=+6.531 crn=True 163.949s
[5/11] tt_sp_28000000104_p36 ok delta=+2.188 crn=True 174.173s
[6/11] tt_sp_28000000383_p134 ok delta=-6.469 crn=True 25.069s
[7/11] tt_sp_28000000303_p16 ok delta=+5.344 crn=True 182.781s
[8/11] tt_sp_28000000316_p44 ok delta=+5.438 crn=True 166.814s
[9/11] tt_sp_28000000447_p36 ok delta=+6.906 crn=True 147.711s
[10/11] tt_sp_28000000394_p10 ok delta=+1.656 crn=True 172.799s
[11/11] tt_sp_28000000449_p40 ok delta=+3.281 crn=True 151.633s

=== ORACLE-SCORE PILOT SUMMARY ===
{
  "n_positions": 11,
  "m_worlds": 32,
  "sd_delta_positions": 5.317150371033512,
  "mean_delta_pts": 1.4147727272727273,
  "se_mean_delta": 1.603181157692469,
  "z_pilot_observed": 0.8824783902207742,
  "mean_within_position_var": 306.2474340175953,
  "var_between_positions_est": 18.701855755131962,
  "sd_delta_projected_by_m": {
    "8": 7.5486942584351215,
    "16": 6.151611202053627,
    "32": 5.317150371033512,
    "64": 4.846335926414603
  },
  "median_crn_var_reduction": 1.7532121278074428,
  "n_positions_perfect_pairing": 0,
  "n_positions_identical_afterstates": 0,
  "assumed_effect_pts": 0.07,
  "implied_z_full_run": {
    "N=265_at_M=32": 0.21430980171912795,
    "N=11_at_M=32": 0.04366318782136522,
    "N=11_at_M=8": 0.030755482653897628,
    "N=11_at_M=16": 0.037740313504756845,
    "N=11_at_M=64": 0.047905002634977566
  },
  "memo_power_fork": {
    "note": "memo \u00a74.2: sd ~0.5 pts => z ~2.2 (fund the full run); sd ~1.5 pts => z ~0.75 (do not). Read sd_delta_positions against this.",
    "z_if_sd_0.5": 2.279034883453959,
    "z_if_sd_1.5": 0.7596782944846531
  },
  "caveat": "The pilot's own mean_delta is a 20-position SCREEN, NOT a verdict on whether budget improves the move. The deliverable is the sd.",
  "schema": "carcassonne-oracle-score-pilot/v1",
  "oracle_policy": "tier1-greedy",
  "n_attempted": 11,
  "n_failed": 0,
  "crn_verified_all": true,
  "population_disagreements": 11,
  "wall_secs": 339.6,
  "manifest": "/mnt/c/carc-shared/tiletie_oof_20260814/pilot/tier1-greedy/walled/leg2/manifest.json"
}
