[pilot] population=2 positions | n=2 | M=32 | policy=tier1-greedy | oracle_sims=100 | W=1
[pilot] out -> /mnt/c/carc-shared/tiletie_oof_20260814/chunk2/tier1-greedy/app_aug2/leg1
[pilot] resume: 0 already done, 2 to go
[1/2] tt_e4_1785975832_66810_p2 ok delta=+7.094 crn=True 245.664s
[2/2] tt_e4_1785975832_66810_p22 ok delta=-8.000 crn=True 251.601s

=== ORACLE-SCORE PILOT SUMMARY ===
{
  "n_positions": 2,
  "m_worlds": 32,
  "sd_delta_positions": 10.67289297853445,
  "mean_delta_pts": -0.453125,
  "se_mean_delta": 7.546874999999999,
  "z_pilot_observed": -0.06004140786749483,
  "mean_within_position_var": 739.7212701612904,
  "var_between_positions_est": 90.79435483870967,
  "sd_delta_projected_by_m": {
    "8": 13.537337759281586,
    "16": 11.705850427191965,
    "32": 10.67289297853445,
    "64": 10.116941221781405
  },
  "median_crn_var_reduction": 1.1631995316205843,
  "n_positions_perfect_pairing": 0,
  "n_positions_identical_afterstates": 0,
  "assumed_effect_pts": 0.07,
  "implied_z_full_run": {
    "N=265_at_M=32": 0.10676743822118344,
    "N=2_at_M=32": 0.009275362318840581,
    "N=2_at_M=8": 0.007312733945656552,
    "N=2_at_M=16": 0.008456878035632297,
    "N=2_at_M=64": 0.009785067165655184
  },
  "memo_power_fork": {
    "note": "memo \u00a74.2: sd ~0.5 pts => z ~2.2 (fund the full run); sd ~1.5 pts => z ~0.75 (do not). Read sd_delta_positions against this.",
    "z_if_sd_0.5": 2.279034883453959,
    "z_if_sd_1.5": 0.7596782944846531
  },
  "caveat": "The pilot's own mean_delta is a 20-position SCREEN, NOT a verdict on whether budget improves the move. The deliverable is the sd.",
  "schema": "carcassonne-oracle-score-pilot/v1",
  "oracle_policy": "tier1-greedy",
  "n_attempted": 2,
  "n_failed": 0,
  "crn_verified_all": true,
  "population_disagreements": 2,
  "wall_secs": 497.4,
  "manifest": "/mnt/c/carc-shared/tiletie_oof_20260814/chunk2/tier1-greedy/app_aug2/leg1/manifest.json"
}
