[load] 314911 rows / 10067 groups  obs=(81,25,25) n_scalar=44  (memmap, low-RAM)
[tempo] appended 10 tempo scalars -> n_scalar=54: ['lockup_self', 'lockup_opp', 'lockup_diff', 'lockup_depth_self', 'lockup_depth_opp', 'lockup_depth_diff', 'open_city_delta_self', 'open_city_delta_opp', 'contested_open_count', 'closure_race_diff']
[split] train/val/test groups = 7033/1490/1544
[leaf-alone TEST] overall regret=0.0263 top1=0.477 (n=1544)
    [V4_listwise] ep1/40 train=3.3027 val=3.2949 (110s) *
    [V4_listwise] ep2/40 train=3.2975 val=3.2935 (109s) *
    [V4_listwise] ep3/40 train=3.2965 val=3.2935 (110s) *
    [V4_listwise] ep4/40 train=3.2974 val=3.2928 (109s) *
    [V4_listwise] ep5/40 train=3.2974 val=3.2934 (109s)
    [V4_listwise] ep6/40 train=3.2966 val=3.2925 (109s) *
    [V4_listwise] ep7/40 train=3.2971 val=3.2927 (109s)
    [V4_listwise] ep8/40 train=3.2970 val=3.2948 (109s)
    [V4_listwise] ep9/40 train=3.2973 val=3.2944 (109s)
    [V4_listwise] ep10/40 train=3.2970 val=3.2938 (109s)
    [V4_listwise] ep11/40 train=3.2965 val=3.2922 (109s) *
    [V4_listwise] ep12/40 train=3.2975 val=3.2927 (109s)
    [V4_listwise] ep13/40 train=3.2973 val=3.2924 (109s)
    [V4_listwise] ep14/40 train=3.2957 val=3.2925 (109s)
    [V4_listwise] ep15/40 train=3.2959 val=3.2949 (109s)
    [V4_listwise] ep16/40 train=3.2965 val=3.2929 (109s)
    [V4_listwise] ep17/40 train=3.2959 val=3.2925 (109s)
    [V4_listwise] early-stop ep17 (no val gain in 6 epochs)
    [V4_listwise] saved best model -> measurement/probe_5a/arms_retrain/all_three_s1/V4_listwise/ranknet_best.pt
  [V4_listwise       ] net-alone tau=+0.152 top1=0.285 | combined a*=0.25 regret 0.0263->0.0195 (+25.8%) beats_leaf=True
    (V4_listwise done in 1879s)

==== STEP-1 GATE (mode=both) ====
leaf-alone TEST regret=0.0263  best net-alone tau=+0.152
ANY variant beats leaf (leaf+a*net < leaf): True
-> measurement/probe_5a/arms_retrain/all_three_s1/stage5_offline_gate.json
