[load] 314911 rows / 10067 groups  obs=(81,25,25) n_scalar=44  (memmap, low-RAM)
[drop-bag] zeroed 32 bag scalars (mode -> farm-only)
[drop-farm] zeroing 3 farm planes at gather (mode -> bag-only)
[tempo] appended 10 tempo scalars -> n_scalar=54: ['lockup_self', 'lockup_opp', 'lockup_diff', 'lockup_depth_self', 'lockup_depth_opp', 'lockup_depth_diff', 'open_city_delta_self', 'open_city_delta_opp', 'contested_open_count', 'closure_race_diff']
[drop-tempo] zeroed 10 tempo scalars (arm excludes tempo)
[split] train/val/test groups = 7033/1490/1544
[leaf-alone TEST] overall regret=0.0263 top1=0.477 (n=1544)
    [V4_listwise] ep1/40 train=3.3128 val=3.3102 (110s) *
    [V4_listwise] ep2/40 train=3.3125 val=3.3102 (110s) *
    [V4_listwise] ep3/40 train=3.3125 val=3.3101 (110s) *
    [V4_listwise] ep4/40 train=3.3121 val=3.3102 (109s)
    [V4_listwise] ep5/40 train=3.3124 val=3.3100 (110s) *
    [V4_listwise] ep6/40 train=3.3123 val=3.3089 (109s) *
    [V4_listwise] ep7/40 train=3.3107 val=3.3080 (110s) *
    [V4_listwise] ep8/40 train=3.3085 val=3.3061 (110s) *
    [V4_listwise] ep9/40 train=3.3070 val=3.3056 (110s) *
    [V4_listwise] ep10/40 train=3.3059 val=3.3050 (110s) *
    [V4_listwise] ep11/40 train=3.3047 val=3.3041 (110s) *
    [V4_listwise] ep12/40 train=3.3021 val=3.3046 (110s)
    [V4_listwise] ep13/40 train=3.3010 val=3.3042 (110s)
    [V4_listwise] ep14/40 train=3.3029 val=3.3038 (110s) *
    [V4_listwise] ep15/40 train=3.3024 val=3.3042 (110s)
    [V4_listwise] ep16/40 train=3.3018 val=3.3047 (110s)
    [V4_listwise] ep17/40 train=3.3009 val=3.3047 (110s)
    [V4_listwise] ep18/40 train=3.2996 val=3.3052 (110s)
    [V4_listwise] ep19/40 train=3.3005 val=3.3051 (110s)
    [V4_listwise] ep20/40 train=3.2993 val=3.3051 (110s)
    [V4_listwise] early-stop ep20 (no val gain in 6 epochs)
    [V4_listwise] saved best model -> measurement/probe_5a/arms_retrain/none_s2/V4_listwise/ranknet_best.pt
  [V4_listwise       ] net-alone tau=+0.118 top1=0.231 | combined a*=0.0 regret 0.0263->0.0263 (+0.0%) beats_leaf=False
    (V4_listwise done in 2217s)

==== STEP-1 GATE (mode=both) ====
leaf-alone TEST regret=0.0263  best net-alone tau=+0.118
ANY variant beats leaf (leaf+a*net < leaf): False
-> measurement/probe_5a/arms_retrain/none_s2/stage5_offline_gate.json
