[1/40] s28000000136_p21 trunc=0/9482 4.347s
[2/40] s28000000224_p38 trunc=0/9275 6.091s
[3/40] s28000000120_p55 trunc=0/10527 7.326s
[4/40] s28000000148_p17 trunc=0/10482 3.82s
[5/40] s28000000043_p62 trunc=0/10323 7.062s
[6/40] s28000000044_p134 trunc=0/8891 13.279s
[7/40] s28000000192_p46 trunc=0/9971 7.395s
[8/40] s28000000056_p8 trunc=0/9873 1.827s
[9/40] s28000000397_p89 trunc=0/10338 10.383s
[10/40] s28000000430_p52 trunc=0/10042 9.024s
[11/40] s28000000364_p117 trunc=0/9749 15.834s
[12/40] s28000000218_p53 trunc=0/9558 9.416s
[13/40] s28000000444_p14 trunc=0/10435 3.169s
[14/40] s28000000407_p38 trunc=0/10155 6.118s
[15/40] s28000000214_p97 trunc=0/9765 14.725s
[16/40] s28000000314_p126 trunc=0/9228 20.482s
[17/40] s28000000046_p137 trunc=0/10279 34.997s
[18/40] s28000000153_p59 trunc=0/10058 7.633s
[19/40] s28000000128_p78 trunc=0/9348 9.689s
[20/40] s28000000112_p118 trunc=0/10378 14.82s
[21/40] s28000000147_p128 trunc=0/8073 14.329s
[22/40] s28000000098_p125 trunc=0/8941 19.361s
[23/40] s28000000123_p33 trunc=0/9980 8.36s
[24/40] s28000000180_p94 trunc=0/9458 11.255s
[25/40] s28000000408_p10 trunc=0/10133 3.49s
[26/40] s28000000021_p126 trunc=0/8409 13.969s
[27/40] s28000000420_p96 trunc=0/10313 15.704s
[28/40] s28000000315_p124 trunc=0/10739 14.747s
[29/40] s28000000184_p75 trunc=0/10387 12.984s
[30/40] s28000000200_p108 trunc=0/9141 10.076s
[31/40] s28000000377_p1 trunc=0/10717 2.052s
[32/40] s28000000353_p27 trunc=0/10595 6.827s
[33/40] s28000000359_p68 trunc=0/10461 9.675s
[34/40] s28000000363_p67 trunc=0/10263 9.159s
[35/40] s28000000439_p69 trunc=0/10753 11.096s
[36/40] s28000000191_p57 trunc=0/10633 9.681s
[37/40] s28000000431_p109 trunc=0/10876 18.876s
[38/40] s28000000263_p32 trunc=0/10121 6.761s
[39/40] s28000000285_p79 trunc=0/9975 10.136s
[40/40] s28000000137_p125 trunc=0/8747 17.918s
{
  "schema": "carcassonne-window-truncation-census/v1-summary",
  "n_rows": 40,
  "n_ok": 40,
  "n_skipped_forced": 0,
  "n_skipped_solver_region": 0,
  "n_censused_roots": 40,
  "roots_with_root_truncation": 0,
  "root_truncation_rate": 0.0,
  "nodes_censused": 396872,
  "nodes_truncated": 0,
  "node_truncation_rate": 0.0,
  "nodes_empty_mask": 0,
  "empty_mask_rate": 0.0,
  "visits_total": 2144073,
  "visits_through_truncated": 0,
  "visit_weighted_truncation_rate": 0.0,
  "roots_with_any_search_truncation": 0,
  "root_incidence_rate": 0.0,
  "dropped_hist": {
    "0": 396872
  },
  "by_depth": {
    "1": [
      4184,
      0,
      0
    ],
    "2": [
      19331,
      0,
      0
    ],
    "3": [
      68778,
      0,
      0
    ],
    "4": [
      88445,
      0,
      0
    ],
    "5": [
      91549,
      0,
      0
    ],
    "6": [
      60204,
      0,
      0
    ],
    "7": [
      34040,
      0,
      0
    ],
    "8": [
      17346,
      0,
      0
    ],
    "9": [
      7057,
      0,
      0
    ],
    "10": [
      3362,
      0,
      0
    ],
    "11": [
      1619,
      0,
      0
    ],
    "12": [
      373,
      0,
      0
    ],
    "13": [
      567,
      0,
      0
    ],
    "14": [
      16,
      0,
      0
    ],
    "15": [
      1,
      0,
      0
    ]
  },
  "by_node_phase": {
    "meeples": [
      242884,
      0,
      0
    ],
    "tiles": [
      153988,
      0,
      0
    ]
  },
  "by_k_bucket": {
    "early": [
      113865,
      0,
      0
    ],
    "late": [
      138292,
      0,
      0
    ],
    "mid": [
      144715,
      0,
      0
    ]
  },
  "n_pick_comparable": 40,
  "n_pick_changed": 0,
  "pick_change_rate": 0.0,
  "iso_control_n": 40,
  "iso_control_violations": 0,
  "digest_gate_fail": 0,
  "encode_collisions": 0,
  "world_errors": 0,
  "n_error_rows": 0,
  "secs_total": 433.9,
  "secs_per_root": 10.847,
  "wall_secs": 114.5,
  "workers": 4
}
