[1/40] e4_1786503336_446661_p111 trunc=None/None 0.0018155574798583984s
[2/40] e4_1786243458_1382293676_p34 trunc=0/10589 6.045s
[3/40] e4_1786501074_943197_p70 trunc=0/10035 9.523s
[4/40] e4_1786074812_935815_p62 trunc=0/10294 9.989s
[5/40] e4_1786116818_134510_p83 trunc=0/10288 12.212s
[6/40] e4_1786116818_134510_p63 trunc=0/10198 9.265s
[7/40] e4_1786076853_2116173857_p126 trunc=0/9526 16.472s
[8/40] e4_1786074812_935815_p78 trunc=0/10651 12.465s
[9/40] e4_1786337185_638286_p87 trunc=None/None 0.000354766845703125s
[10/40] e4_1786116818_134510_p87 trunc=0/10249 13.446s
[11/40] e4_1786417055_68387_p3 trunc=0/9517 2.512s
[12/40] e4_1786074812_935815_p7 trunc=0/10139 2.613s
[13/40] e4_1786403231_207028_p22 trunc=0/10321 5.172s
[14/40] e4_1786337185_638286_p47 trunc=0/10108 7.938s
[15/40] e4_1786367787_389099_p42 trunc=0/10202 6.736s
[16/40] e4_1786243458_1382293676_p7 trunc=0/10543 3.058s
[17/40] e4_1786503336_446661_p26 trunc=0/10312 4.783s
[18/40] e4_1786242001_49628_p139 trunc=0/1392 16.763s
[19/40] e4_1786454767_166575_p42 trunc=0/9411 7.028s
[20/40] e4_1786113542_627623_p27 trunc=0/9675 4.072s
[21/40] e4_1786454767_166575_p111 trunc=None/None 0.0005626678466796875s
[22/40] e4_1786418867_411846845_p18 trunc=0/10038 3.451s
[23/40] e4_1786418867_411846845_p110 trunc=0/10000 16.029s
[24/40] e4_1786329790_523563_p35 trunc=0/10512 7.505s
[25/40] e4_1786417055_68387_p99 trunc=0/10614 14.3s
[26/40] e4_1786243458_1382293676_p86 trunc=0/10326 13.907s
[27/40] e4_1786243458_1382293676_p106 trunc=0/10437 16.313s
[28/40] e4_1786329790_523563_p59 trunc=0/9648 9.532s
[29/40] e4_1786074812_935815_p55 trunc=0/10436 8.904s
[30/40] e4_1785982194_705585_p63 trunc=0/9942 11.671s
[31/40] e4_1786116818_134510_p86 trunc=0/10785 13.234s
[32/40] e4_1786367787_389099_p79 trunc=0/9727 11.258s
[33/40] e4_1786242001_49628_p19 trunc=0/10454 4.203s
[34/40] e4_1786418867_411846845_p114 trunc=0/9414 16.434s
[35/40] e4_1786325073_523563_p50 trunc=0/9723 7.377s
[36/40] e4_1786337185_638286_p135 trunc=None/None 0.0005433559417724609s
[37/40] e4_1786113542_627623_p63 trunc=0/10160 9.693s
[38/40] e4_1786142936_703591_p51 trunc=0/10382 7.514s
[39/40] e4_1786076853_2116173857_p91 trunc=0/11008 15.199s
[40/40] e4_1786329790_523563_p79 trunc=0/10264 13.76s
{
  "schema": "carcassonne-window-truncation-census/v1-summary",
  "n_rows": 40,
  "n_ok": 40,
  "n_skipped_forced": 4,
  "n_skipped_solver_region": 0,
  "n_censused_roots": 36,
  "roots_with_root_truncation": 0,
  "root_truncation_rate": 0.0,
  "nodes_censused": 357320,
  "nodes_truncated": 0,
  "node_truncation_rate": 0.0,
  "nodes_empty_mask": 0,
  "empty_mask_rate": 0.0,
  "visits_total": 1928470,
  "visits_through_truncated": 0,
  "visit_weighted_truncation_rate": 0.0,
  "roots_with_any_search_truncation": 0,
  "root_incidence_rate": 0.0,
  "dropped_hist": {
    "0": 357320
  },
  "by_depth": {
    "1": [
      3678,
      0,
      0
    ],
    "2": [
      19232,
      0,
      0
    ],
    "3": [
      64625,
      0,
      0
    ],
    "4": [
      66471,
      0,
      0
    ],
    "5": [
      72188,
      0,
      0
    ],
    "6": [
      68461,
      0,
      0
    ],
    "7": [
      35094,
      0,
      0
    ],
    "8": [
      15978,
      0,
      0
    ],
    "9": [
      8763,
      0,
      0
    ],
    "10": [
      2184,
      0,
      0
    ],
    "11": [
      558,
      0,
      0
    ],
    "12": [
      85,
      0,
      0
    ],
    "13": [
      2,
      0,
      0
    ],
    "14": [
      1,
      0,
      0
    ]
  },
  "by_node_phase": {
    "meeples": [
      209415,
      0,
      0
    ],
    "tiles": [
      147905,
      0,
      0
    ]
  },
  "by_k_bucket": {
    "early": [
      114730,
      0,
      0
    ],
    "late": [
      53588,
      0,
      0
    ],
    "mid": [
      189002,
      0,
      0
    ]
  },
  "n_pick_comparable": 36,
  "n_pick_changed": 0,
  "pick_change_rate": 0.0,
  "iso_control_n": 36,
  "iso_control_violations": 0,
  "digest_gate_fail": 0,
  "encode_collisions": 0,
  "world_errors": 0,
  "n_error_rows": 0,
  "secs_total": 350.4,
  "secs_per_root": 8.759,
  "wall_secs": 91.9,
  "workers": 4
}
