[pilot] population=3 positions | n=3 | M=32 | policy=tier1-greedy | oracle_sims=100 | W=1
[pilot] out -> /mnt/c/carc-shared/tiearb_20260816/chunk4/tier1-greedy/fixed_v1/leg3
[pilot] resume: 0 already done, 3 to go
[1/3] tt_e4_1786074812_935815_p46 ok delta=+2.125 crn=True 239.56s
[2/3] tt_e4_1786118143_1621601234_p115 ok delta=+2.844 crn=True 76.751s
[3/3] tt_e4_1786503336_446661_p10 ok delta=-2.562 crn=True 240.087s

=== ORACLE-SCORE PILOT SUMMARY ===
{
  "n_positions": 3,
  "m_worlds": 32,
  "sd_delta_positions": 2.935892734047573,
  "mean_delta_pts": 0.8020833333333334,
  "se_mean_delta": 1.6950384603142328,
  "z_pilot_observed": 0.4731947693886781,
  "mean_within_position_var": 269.32896505376345,
  "var_between_positions_est": 0.2029359879032242,
  "sd_delta_projected_by_m": {
    "8": 5.819712760920736,
    "16": 4.12746851032972,
    "32": 2.935892734047573,
    "64": 2.1002859488337005
  },
  "median_crn_var_reduction": 2.7309124767225326,
  "n_positions_perfect_pairing": 0,
  "n_positions_identical_afterstates": 0,
  "assumed_effect_pts": 0.07,
  "implied_z_full_run": {
    "N=265_at_M=32": 0.3881332000014803,
    "N=3_at_M=32": 0.041296998055739186,
    "N=3_at_M=8": 0.020833254408012997,
    "N=3_at_M=16": 0.029374798675359474,
    "N=3_at_M=64": 0.05772716643519354
  },
  "memo_power_fork": {
    "note": "memo \u00a74.2: sd ~0.5 pts => z ~2.2 (fund the full run); sd ~1.5 pts => z ~0.75 (do not). Read sd_delta_positions against this.",
    "z_if_sd_0.5": 2.279034883453959,
    "z_if_sd_1.5": 0.7596782944846531
  },
  "caveat": "The pilot's own mean_delta is a 20-position SCREEN, NOT a verdict on whether budget improves the move. The deliverable is the sd.",
  "schema": "carcassonne-oracle-score-pilot/v1",
  "oracle_policy": "tier1-greedy",
  "n_attempted": 3,
  "n_failed": 0,
  "crn_verified_all": true,
  "population_disagreements": 3,
  "wall_secs": 556.5,
  "manifest": "/mnt/c/carc-shared/tiearb_20260816/chunk4/tier1-greedy/fixed_v1/leg3/manifest.json"
}
