[pilot] population=7 positions | n=7 | M=32 | policy=tier1-greedy | oracle_sims=100 | W=2
[pilot] out -> /mnt/c/carc-shared/tiearb_20260816/chunk4/tier1-greedy/fixed_v1/leg1
[pilot] resume: 0 already done, 7 to go
[1/7] tt_e4_1786118143_1621601234_p115 ok delta=+0.562 crn=True 79.338s
[2/7] tt_e4_1786074812_935815_p46 ok delta=-1.531 crn=True 238.375s
[3/7] tt_e4_1786329790_523563_p14 ok delta=+6.562 crn=True 250.051s
[4/7] tt_e4_1786329790_523563_p18 ok delta=+2.031 crn=True 236.903s
[5/7] tt_e4_1786329790_523563_p62 ok delta=-3.125 crn=True 180.103s
[6/7] tt_e4_1786367787_389099_p86 ok delta=+0.500 crn=True 150.062s
[7/7] tt_e4_1786503336_446661_p10 ok delta=+8.938 crn=True 188.265s

=== ORACLE-SCORE PILOT SUMMARY ===
{
  "n_positions": 7,
  "m_worlds": 32,
  "sd_delta_positions": 4.320445363603265,
  "mean_delta_pts": 1.9910714285714286,
  "se_mean_delta": 1.6329748550194672,
  "z_pilot_observed": 1.2192909293436074,
  "mean_within_position_var": 358.5901497695853,
  "var_between_positions_est": 7.460305959581408,
  "sd_delta_projected_by_m": {
    "8": 7.230772758203619,
    "16": 5.465545747698073,
    "32": 4.320445363603265,
    "64": 3.614315571409223
  },
  "median_crn_var_reduction": 1.4699466927763274,
  "n_positions_perfect_pairing": 0,
  "n_positions_identical_afterstates": 0,
  "assumed_effect_pts": 0.07,
  "implied_z_full_run": {
    "N=265_at_M=32": 0.2637499946942087,
    "N=7_at_M=32": 0.04286655105853759,
    "N=7_at_M=8": 0.025613111899333463,
    "N=7_at_M=16": 0.03388547097104132,
    "N=7_at_M=64": 0.05124140051288073
  },
  "memo_power_fork": {
    "note": "memo \u00a74.2: sd ~0.5 pts => z ~2.2 (fund the full run); sd ~1.5 pts => z ~0.75 (do not). Read sd_delta_positions against this.",
    "z_if_sd_0.5": 2.279034883453959,
    "z_if_sd_1.5": 0.7596782944846531
  },
  "caveat": "The pilot's own mean_delta is a 20-position SCREEN, NOT a verdict on whether budget improves the move. The deliverable is the sd.",
  "schema": "carcassonne-oracle-score-pilot/v1",
  "oracle_policy": "tier1-greedy",
  "n_attempted": 7,
  "n_failed": 0,
  "crn_verified_all": true,
  "population_disagreements": 7,
  "wall_secs": 697.9,
  "manifest": "/mnt/c/carc-shared/tiearb_20260816/chunk4/tier1-greedy/fixed_v1/leg1/manifest.json"
}
