[pilot] population=3 positions | n=3 | M=32 | policy=tier1-greedy | oracle_sims=100 | W=1
[pilot] out -> /mnt/c/carc-shared/tiearb_20260816/chunk4/tier1-greedy/fixed_v1/leg2
[pilot] resume: 0 already done, 3 to go
[1/3] tt_e4_1786074812_935815_p46 ok delta=-0.188 crn=True 241.016s
[2/3] tt_e4_1786118143_1621601234_p115 ok delta=+1.906 crn=True 74.185s
[3/3] tt_e4_1786503336_446661_p10 ok delta=-2.781 crn=True 242.116s

=== ORACLE-SCORE PILOT SUMMARY ===
{
  "n_positions": 3,
  "m_worlds": 32,
  "sd_delta_positions": 2.3481902384247606,
  "mean_delta_pts": -0.3541666666666667,
  "se_mean_delta": 1.355728266262987,
  "z_pilot_observed": -0.26123720769126807,
  "mean_within_position_var": 353.00067204301075,
  "var_between_positions_est": 0.0,
  "sd_delta_projected_by_m": {
    "8": 6.642671450958292,
    "16": 4.697078028166891,
    "32": 3.321335725479146,
    "64": 2.3485390140834457
  },
  "median_crn_var_reduction": 2.2485693152178143,
  "n_positions_perfect_pairing": 0,
  "n_positions_identical_afterstates": 0,
  "assumed_effect_pts": 0.07,
  "implied_z_full_run": {
    "N=265_at_M=32": 0.4852747546090659,
    "N=3_at_M=32": 0.03650445680625389,
    "N=3_at_M=8": 0.018252228403126944,
    "N=3_at_M=16": 0.025812548951233544,
    "N=3_at_M=64": 0.05162509790246709
  },
  "memo_power_fork": {
    "note": "memo \u00a74.2: sd ~0.5 pts => z ~2.2 (fund the full run); sd ~1.5 pts => z ~0.75 (do not). Read sd_delta_positions against this.",
    "z_if_sd_0.5": 2.279034883453959,
    "z_if_sd_1.5": 0.7596782944846531
  },
  "caveat": "The pilot's own mean_delta is a 20-position SCREEN, NOT a verdict on whether budget improves the move. The deliverable is the sd.",
  "schema": "carcassonne-oracle-score-pilot/v1",
  "oracle_policy": "tier1-greedy",
  "n_attempted": 3,
  "n_failed": 0,
  "crn_verified_all": true,
  "population_disagreements": 3,
  "wall_secs": 557.4,
  "manifest": "/mnt/c/carc-shared/tiearb_20260816/chunk4/tier1-greedy/fixed_v1/leg2/manifest.json"
}
