[pilot] population=18 positions | n=18 | M=32 | policy=tier1-greedy | oracle_sims=100 | W=8
[pilot] out -> /mnt/c/carc-shared/tiearb_20260816/pilot/tier1-greedy/walled/leg1
[pilot] resume: 0 already done, 18 to go
[1/18] tt_sp_28000000053_p126 ok delta=-2.094 crn=True 38.566s
[2/18] tt_sp_28000000001_p104 ok delta=+1.406 crn=True 66.97s
[3/18] tt_sp_28000000064_p90 ok delta=+10.375 crn=True 126.228s
[4/18] tt_sp_28000000020_p96 ok delta=+2.906 crn=True 134.715s
[5/18] tt_sp_28000000067_p72 ok delta=-3.375 crn=True 145.812s
[6/18] tt_sp_28000000041_p78 ok delta=+2.062 crn=True 159.674s
[7/18] tt_sp_28000000057_p11 ok delta=+4.844 crn=True 170.078s
[8/18] tt_sp_28000000014_p18 ok delta=+8.781 crn=True 181.9s
[9/18] tt_sp_28000000383_p134 ok delta=-6.219 crn=True 25.537s
[10/18] tt_sp_28000000104_p36 ok delta=+6.906 crn=True 170.038s
[11/18] tt_sp_28000000225_p6 ok delta=+2.875 crn=True 154.135s
[12/18] tt_sp_28000000273_p44 ok delta=-12.812 crn=True 153.018s
[13/18] tt_sp_28000000298_p42 ok delta=+1.469 crn=True 148.557s
[14/18] tt_sp_28000000303_p16 ok delta=-1.062 crn=True 158.565s
[15/18] tt_sp_28000000316_p44 ok delta=+4.000 crn=True 162.853s
[16/18] tt_sp_28000000447_p36 ok delta=+11.875 crn=True 139.641s
[17/18] tt_sp_28000000394_p10 ok delta=+4.344 crn=True 155.127s
[18/18] tt_sp_28000000449_p40 ok delta=+3.031 crn=True 140.785s

=== ORACLE-SCORE PILOT SUMMARY ===
{
  "n_positions": 18,
  "m_worlds": 32,
  "sd_delta_positions": 5.940681122372452,
  "mean_delta_pts": 2.1840277777777777,
  "se_mean_delta": 1.4002319688321572,
  "z_pilot_observed": 1.5597614012479188,
  "mean_within_position_var": 348.78819444444446,
  "var_between_positions_est": 24.392061121323533,
  "sd_delta_projected_by_m": {
    "8": 8.245640389131646,
    "16": 6.796419886535948,
    "32": 5.940681122372452,
    "64": 5.462771884265165
  },
  "median_crn_var_reduction": 2.062543805400949,
  "n_positions_perfect_pairing": 0,
  "n_positions_identical_afterstates": 0,
  "assumed_effect_pts": 0.07,
  "implied_z_full_run": {
    "N=265_at_M=32": 0.19181595817954042,
    "N=18_at_M=32": 0.049991716771316454,
    "N=18_at_M=8": 0.03601719624952328,
    "N=18_at_M=16": 0.043697248412607935,
    "N=18_at_M=64": 0.05436522966550697
  },
  "memo_power_fork": {
    "note": "memo \u00a74.2: sd ~0.5 pts => z ~2.2 (fund the full run); sd ~1.5 pts => z ~0.75 (do not). Read sd_delta_positions against this.",
    "z_if_sd_0.5": 2.279034883453959,
    "z_if_sd_1.5": 0.7596782944846531
  },
  "caveat": "The pilot's own mean_delta is a 20-position SCREEN, NOT a verdict on whether budget improves the move. The deliverable is the sd.",
  "schema": "carcassonne-oracle-score-pilot/v1",
  "oracle_policy": "tier1-greedy",
  "n_attempted": 18,
  "n_failed": 0,
  "crn_verified_all": true,
  "population_disagreements": 18,
  "wall_secs": 349.6,
  "manifest": "/mnt/c/carc-shared/tiearb_20260816/pilot/tier1-greedy/walled/leg1/manifest.json"
}
