[pilot] population=28 positions | n=28 | M=32 | policy=tier1-greedy | oracle_sims=100 | W=8
[pilot] out -> /mnt/c/carc-shared/tiearb_20260816/chunk4/tier1-greedy/walled/leg2
[pilot] resume: 0 already done, 28 to go
[1/28] tt_sp_28000000036_p134 ok delta=-0.156 crn=True 30.532s
[2/28] tt_sp_28000000118_p93 ok delta=-0.469 crn=True 186.341s
[3/28] tt_sp_28000000082_p52 ok delta=+3.844 crn=True 215.218s
[4/28] tt_sp_28000000054_p8 ok delta=+6.500 crn=True 238.968s
[5/28] tt_sp_28000000144_p121 ok delta=-2.906 crn=True 57.184s
[6/28] tt_sp_28000000018_p37 ok delta=-2.750 crn=True 244.049s
[7/28] tt_sp_28000000082_p16 ok delta=-5.312 crn=True 251.497s
[8/28] tt_sp_28000000037_p24 ok delta=-7.469 crn=True 252.458s
[9/28] tt_sp_28000000112_p34 ok delta=+3.750 crn=True 260.754s
[10/28] tt_sp_28000000140_p10 ok delta=-3.688 crn=True 244.465s
[11/28] tt_sp_28000000291_p136 ok delta=-1.938 crn=True 27.879s
[12/28] tt_sp_28000000165_p67 ok delta=-1.812 crn=True 190.81s
[13/28] tt_sp_28000000268_p82 ok delta=-2.188 crn=True 164.686s
[14/28] tt_sp_28000000192_p74 ok delta=+5.312 crn=True 197.458s
[15/28] tt_sp_28000000232_p64 ok delta=+6.000 crn=True 196.744s
[16/28] tt_sp_28000000366_p136 ok delta=-0.250 crn=True 22.15s
[17/28] tt_sp_28000000268_p18 ok delta=-8.594 crn=True 217.304s
[18/28] tt_sp_28000000389_p142 ok delta=+0.000 crn=True 1.002s
[19/28] tt_sp_28000000230_p26 ok delta=+2.750 crn=True 230.24s
[20/28] tt_sp_28000000302_p46 ok delta=-0.781 crn=True 208.505s
[21/28] tt_sp_28000000320_p39 ok delta=-0.656 crn=True 210.82s
[22/28] tt_sp_28000000361_p108 ok delta=-0.031 crn=True 90.172s
[23/28] tt_sp_28000000343_p76 ok delta=+1.906 crn=True 190.925s
[24/28] tt_sp_28000000326_p40 ok delta=+6.531 crn=True 223.96s
[25/28] tt_sp_28000000437_p72 ok delta=-0.188 crn=True 160.905s
[26/28] tt_sp_28000000408_p10 ok delta=-1.000 crn=True 194.005s
[27/28] tt_sp_28000000388_p6 ok delta=+4.094 crn=True 201.095s
[28/28] tt_sp_28000000416_p44 ok delta=+5.562 crn=True 194.668s

=== ORACLE-SCORE PILOT SUMMARY ===
{
  "n_positions": 28,
  "m_worlds": 32,
  "sd_delta_positions": 4.024105682753077,
  "mean_delta_pts": 0.21651785714285715,
  "se_mean_delta": 0.7604844918576016,
  "z_pilot_observed": 0.2847104174524041,
  "mean_within_position_var": 324.5977822580645,
  "var_between_positions_est": 6.0497458504010915,
  "sd_delta_projected_by_m": {
    "8": 6.828211232281787,
    "16": 5.131969138793619,
    "32": 4.024105682753077,
    "64": 3.3349042262384914
  },
  "median_crn_var_reduction": 1.6160834078711988,
  "n_positions_perfect_pairing": 1,
  "n_positions_identical_afterstates": 0,
  "assumed_effect_pts": 0.07,
  "implied_z_full_run": {
    "N=265_at_M=32": 0.2831728417598076,
    "N=28_at_M=32": 0.09204658444646797,
    "N=28_at_M=8": 0.054246298327426556,
    "N=28_at_M=16": 0.07217603487695846,
    "N=28_at_M=64": 0.11106921171371405
  },
  "memo_power_fork": {
    "note": "memo \u00a74.2: sd ~0.5 pts => z ~2.2 (fund the full run); sd ~1.5 pts => z ~0.75 (do not). Read sd_delta_positions against this.",
    "z_if_sd_0.5": 2.279034883453959,
    "z_if_sd_1.5": 0.7596782944846531
  },
  "caveat": "The pilot's own mean_delta is a 20-position SCREEN, NOT a verdict on whether budget improves the move. The deliverable is the sd.",
  "schema": "carcassonne-oracle-score-pilot/v1",
  "oracle_policy": "tier1-greedy",
  "n_attempted": 28,
  "n_failed": 0,
  "crn_verified_all": true,
  "population_disagreements": 28,
  "wall_secs": 668.8,
  "manifest": "/mnt/c/carc-shared/tiearb_20260816/chunk4/tier1-greedy/walled/leg2/manifest.json"
}
