[head-to-head] opponent=fair-champion
[head-to-head] candidate frozen leaf: curve125 leaf_hash=a36d2e15a3b3d71d frozen_config_hash=6dfffd57051690f2 (champ_env dialect)
[head-to-head] opponent  frozen leaf: curve125 leaf_hash=a36d2e15a3b3d71d frozen_config_hash=6dfffd57051690f2 (champ_env dialect)
[head-to-head] BOTH SIDES curve125: YES | env DEFAULT_CONFIG (unmoved, no rung in play) leaf_hash=42af12fce22e1a0f
[tiearb] TIE ARBITER LIVE on the candidate: {'enabled': True, 'B': 64, 'J': 4, 'mode': 'argmax', 'salt': 'tiearb2-deploy-v1', 'eps': 0.0} (leaf hash does NOT move; gates = manifest cand_tiearb + summary tiearb_phi + the two-sided J13 control)
[backend] engine=rust (from --backend rust) rust_threads=1 workers=30 [FARM: threads=1 per worker]
fair-puct[fair_fair_c1.5_tau5_float_kd8_s1376_vs_fairchamp-k8x1376_k2-leafa36d2e15]: info=fair n=1500 paired=True K=2 k_dets=8 sims=1376 | 380 cached, 1120 to play, 30 workers, out=/mnt/c/carc-shared/tiearb_widening_20260817_b64_cell/b64_WIDE_B64J4_deploy11008
  10/1120 played (87.5s/game, ~1619 min left)
  20/1120 played (52.0s/game, ~953 min left)
  30/1120 played (47.3s/game, ~859 min left)
  40/1120 played (47.2s/game, ~850 min left)
  50/1120 played (41.2s/game, ~734 min left)
  60/1120 played (44.0s/game, ~778 min left)
  70/1120 played (41.2s/game, ~721 min left)
  80/1120 played (38.2s/game, ~662 min left)
  90/1120 played (39.3s/game, ~675 min left)
  100/1120 played (39.8s/game, ~677 min left)
  110/1120 played (37.8s/game, ~636 min left)
  120/1120 played (38.5s/game, ~642 min left)
  130/1120 played (38.2s/game, ~630 min left)
  140/1120 played (36.5s/game, ~597 min left)
  150/1120 played (36.6s/game, ~592 min left)
  160/1120 played (36.9s/game, ~590 min left)
  170/1120 played (36.3s/game, ~575 min left)
  180/1120 played (36.3s/game, ~568 min left)
  190/1120 played (36.0s/game, ~558 min left)
  200/1120 played (35.7s/game, ~548 min left)
  210/1120 played (35.6s/game, ~540 min left)
  220/1120 played (35.5s/game, ~532 min left)
  230/1120 played (35.7s/game, ~530 min left)
  240/1120 played (35.0s/game, ~514 min left)
  250/1120 played (35.2s/game, ~510 min left)
  260/1120 played (35.4s/game, ~507 min left)
  270/1120 played (35.2s/game, ~499 min left)
  280/1120 played (35.0s/game, ~489 min left)
  290/1120 played (35.1s/game, ~486 min left)
  300/1120 played (34.9s/game, ~477 min left)
  310/1120 played (35.2s/game, ~476 min left)
  320/1120 played (35.1s/game, ~468 min left)
  330/1120 played (34.9s/game, ~460 min left)
  340/1120 played (35.1s/game, ~456 min left)
  350/1120 played (34.8s/game, ~446 min left)
  360/1120 played (34.9s/game, ~442 min left)
  370/1120 played (34.9s/game, ~436 min left)
  380/1120 played (35.0s/game, ~431 min left)
  390/1120 played (34.8s/game, ~424 min left)
  400/1120 played (35.0s/game, ~420 min left)
  410/1120 played (34.8s/game, ~412 min left)
  420/1120 played (34.7s/game, ~405 min left)
  430/1120 played (34.9s/game, ~401 min left)
  440/1120 played (34.6s/game, ~392 min left)
  450/1120 played (34.6s/game, ~386 min left)
  460/1120 played (34.4s/game, ~378 min left)
  470/1120 played (34.4s/game, ~373 min left)
  480/1120 played (34.3s/game, ~366 min left)
  490/1120 played (34.2s/game, ~360 min left)
  500/1120 played (34.4s/game, ~356 min left)
  510/1120 played (34.2s/game, ~348 min left)
  520/1120 played (34.2s/game, ~342 min left)
  530/1120 played (34.1s/game, ~335 min left)
  540/1120 played (34.0s/game, ~328 min left)
  550/1120 played (33.9s/game, ~322 min left)
  560/1120 played (34.1s/game, ~318 min left)
  570/1120 played (34.0s/game, ~311 min left)
  580/1120 played (34.1s/game, ~307 min left)
  590/1120 played (34.1s/game, ~301 min left)
  600/1120 played (34.0s/game, ~295 min left)
  610/1120 played (33.7s/game, ~287 min left)
  620/1120 played (33.6s/game, ~280 min left)

=== FAIR-PUCT[fair] (K=2, k_dets=8, sims=1376, total~11008) vs FAIR PRODUCTION CHAMPION (FairHeuristicPriorAgent, heuristic priors, curve125 leaf, k8x1376) ===
games: 1500   candidate: 872W / 29D / 599L   winrate 0.591 (z=+7.05)
avg score diff (candidate - opponent): +5.38
ELO: +63.9  (+/- 9.1 1sigma)
PAIRED: 750 decks   mean seat-balanced margin +5.38   z = +10.88
prefix ms/move: candidate 11651  opponent 1763  (ratio 6.61x)
fair endgame: candidate latched 1500/1500 games, 1.38s solver/game, timeouts=0
fair endgame: opponent  latched 1500/1500 games, 1.35s solver/game, timeouts=0
tie-arbiter: 1500 games, mode(s) argmax — phi 17.41 fired tile plies/game (offline prior 22.96; 26113/51700 of tile plies), pick-change 0.583, mean arms 3.27, 5464192 playouts, 679.8s/game
[summary.json] wrote /mnt/c/carc-shared/tiearb_widening_20260817_b64_cell/b64_WIDE_B64J4_deploy11008/summary.json
