[denial primary Doctor] 2026-08-12_01:34:16 clock-skew guard OK (-1s)
[denial primary Doctor] 2026-08-12_01:34:16 START cells_file=/mnt/c/carc-shared/night_chain_20260812/d1_cells.tsv n=200 band=121000000000 W=30 sims=2750 out_root=/mnt/c/carc-shared/night_chain_20260812
[denial primary Doctor] 2026-08-12_01:34:16 cell d1_denial_d1_s5_o3 start (0/200 cached) hash=effeca41772e3e78
[denial primary Doctor] 2026-08-12_01:42:24 cell d1_denial_d1_s5_o3 pass 1 rc=0 records=200/200
[denial primary Doctor] 2026-08-12_01:42:25 cell d1_denial_d1_s5_o3 aggregate rc=0
[denial primary Doctor] 2026-08-12_01:42:25 cell d1_denial_d1_s5_o3 END records=200/200 in 488s after 1 pass(es)
[denial primary Doctor] 2026-08-12_01:42:25 cell d1_denial_d4_s5_o3 start (0/200 cached) hash=451b61ccfa10b29e
[denial primary Doctor] 2026-08-12_01:50:43 cell d1_denial_d4_s5_o3 pass 1 rc=0 records=200/200
[denial primary Doctor] 2026-08-12_01:50:43 cell d1_denial_d4_s5_o3 aggregate rc=0
[denial primary Doctor] 2026-08-12_01:50:43 cell d1_denial_d4_s5_o3 END records=200/200 in 498s after 1 pass(es)
[denial primary Doctor] 2026-08-12_01:50:43 ALL CELLS PROCESSED
{
  "label": "d1_denial_d1_s5_o3_n200_b121000000000",
  "dir": "/mnt/c/carc-shared/night_chain_20260812/d1_denial_d1_s5_o3",
  "adjudicated": false,
  "expected_rules_profile": "fixed_v1",
  "note": "Extract only. No verdict, no promotion, no governance touch. The orchestrating session reads this and closes out.",
  "records_on_disk": 200,
  "n": 200,
  "n_paired": 100,
  "W": 93,
  "D": 1,
  "L": 106,
  "elo": -22.615198760895478,
  "elo_sig_1sigma": 24.61946953471757,
  "paired_z": -1.5863957022077821,
  "paired_mean_margin": -1.625,
  "cand_prefix_ms_per_move": 490.5482748622789,
  "champ_prefix_ms_per_move": 536.5771656397246,
  "ms_ratio_cand_over_opp": 0.9142175744236738,
  "ms_ratio_caveat": "Ratio only. NEVER quote an absolute ms/move from a shared-tenancy run; a ratio of two arms sharing one process pool is first-order insensitive to contention, an absolute is not. Also: `champ_prefix_*` is the CANDIDATE's cost in this harness -- read the emitter, not the field name.",
  "wiring": {
    "code_rev": "20ca5b187-dirty",
    "rules_profile": "fixed_v1",
    "r9_env_ok": true,
    "cand_leaf_hash": "effeca41772e3e78",
    "opp_leaf_hash": "a36d2e15a3b3d71d",
    "opp_leaf_hash_field": "champ_leaf_hash",
    "cand_leaf_json": "{\"denial_dose\": 1.0, \"denial_size_min\": 5.0, \"denial_open_max\": 3}",
    "cand_curve_drift_allowed": null,
    "cand_k_dets": null,
    "cand_sims_per_det": null,
    "cand_total_sims": null,
    "opp_k_dets": null,
    "opp_sims_per_det": null,
    "opp_total_sims": null,
    "band_seed_start": null,
    "n_decks": null,
    "paired": true
  },
  "expected_cand_leaf_hash": "effeca41772e3e78",
  "wiring_gate_failures": [],
  "wiring_gates_clean": true
}
{
  "label": "d1_denial_d4_s5_o3_n200_b121000000000",
  "dir": "/mnt/c/carc-shared/night_chain_20260812/d1_denial_d4_s5_o3",
  "adjudicated": false,
  "expected_rules_profile": "fixed_v1",
  "note": "Extract only. No verdict, no promotion, no governance touch. The orchestrating session reads this and closes out.",
  "records_on_disk": 200,
  "n": 200,
  "n_paired": 100,
  "W": 40,
  "D": 4,
  "L": 156,
  "elo": -230.16311862260886,
  "elo_sig_1sigma": 30.158248247662492,
  "paired_z": -11.005492768935271,
  "paired_mean_margin": -11.75,
  "cand_prefix_ms_per_move": 445.4845981010364,
  "champ_prefix_ms_per_move": 573.1158222802059,
  "ms_ratio_cand_over_opp": 0.7773029129236491,
  "ms_ratio_caveat": "Ratio only. NEVER quote an absolute ms/move from a shared-tenancy run; a ratio of two arms sharing one process pool is first-order insensitive to contention, an absolute is not. Also: `champ_prefix_*` is the CANDIDATE's cost in this harness -- read the emitter, not the field name.",
  "wiring": {
    "code_rev": "20ca5b187-dirty",
    "rules_profile": "fixed_v1",
    "r9_env_ok": true,
    "cand_leaf_hash": "451b61ccfa10b29e",
    "opp_leaf_hash": "a36d2e15a3b3d71d",
    "opp_leaf_hash_field": "champ_leaf_hash",
    "cand_leaf_json": "{\"denial_dose\": 4.0, \"denial_size_min\": 5.0, \"denial_open_max\": 3}",
    "cand_curve_drift_allowed": null,
    "cand_k_dets": null,
    "cand_sims_per_det": null,
    "cand_total_sims": null,
    "opp_k_dets": null,
    "opp_sims_per_det": null,
    "opp_total_sims": null,
    "band_seed_start": null,
    "n_decks": null,
    "paired": true
  },
  "expected_cand_leaf_hash": "451b61ccfa10b29e",
  "wiring_gate_failures": [],
  "wiring_gates_clean": true
}
