[chain 2026-07-17 07:31:45] overnight chain START (pid=1776196)
[chain 2026-07-17 07:31:45] step 1: SKIP_WAIT=1 — not waiting for stage-1 (late start / restart)
[chain 2026-07-17 07:31:45] step 1: sanity OK — /mnt/c/carc-shared/distill_flywheel_sighted_20260716/ckpt/iter_03.pt present (30083965 bytes)
[chain 2026-07-17 07:31:45] HH1: START -> /mnt/c/carc-shared/distill_flywheel_sighted_20260716/logs/hh1_vs_champion.log
[chain 2026-07-17 09:21:31] HH1: DONE rc=0
[chain 2026-07-17 09:21:31] HH2: START -> /mnt/c/carc-shared/distill_flywheel_sighted_20260716/logs/hh2_rep_ab.log
[chain 2026-07-17 09:37:42] !!!!!!!!!!!!!!!!!!!!!!!!!!!!!!!!!!!!!!!!!!!!!!!!!!!!!!!!!!!!!!
[chain 2026-07-17 09:37:42] !! HH2 FAILED rc=143 — see /mnt/c/carc-shared/distill_flywheel_sighted_20260716/logs/hh2_rep_ab.log
[chain 2026-07-17 09:37:42] !! CONTINUING ANYWAY (step 4 is unconditional)
[chain 2026-07-17 09:37:42] !!!!!!!!!!!!!!!!!!!!!!!!!!!!!!!!!!!!!!!!!!!!!!!!!!!!!!!!!!!!!!
    |   k=  3: max|dpriors|=0.00e+00  max|dvalue|=0.00e+00  OK
    |   k=  8: max|dpriors|=0.00e+00  max|dvalue|=0.00e+00  OK
    |   k= 37: max|dpriors|=2.10e-05  max|dvalue|=1.50e-05  OK
    | [export] OK -> /tmp/carc_fairnvnO_Doctor.ts.pt  (n_scalar=10, C=78, device=cuda)
    | [export] Note: load this on the SAME device family in Rust (cuda).
    | [fair-nvn-orch] start carc-orch CAND (W=28 fwd=2 max_batch=16) shm=fairnvnCDoctor n_ch=81 n_scalar=42
    | [fair-nvn-orch] start carc-orch OPP  (W=28 fwd=2 max_batch=16) shm=fairnvnODoctor n_ch=78 n_scalar=10
    | [fair-nvn-orch] BOTH servers READY | CAND shm='fairnvnCDoctor' 81ch/42sc | OPP shm='fairnvnODoctor' 78ch/10sc | client W=28
    | [head-to-head] opponent=net
    | [head-to-head] candidate frozen leaf: curve125 leaf_hash=a36d2e15a3b3d71d frozen_config_hash=6dfffd57051690f2 (champ_env dialect)
    | [head-to-head] opponent  frozen leaf: curve125 leaf_hash=a36d2e15a3b3d71d frozen_config_hash=6dfffd57051690f2 (champ_env dialect)
    | [head-to-head] BOTH SIDES curve125: YES | env DEFAULT_CONFIG (unmoved, no rung in play) leaf_hash=42af12fce22e1a0f
    | [head-to-head] opp_net=/mnt/c/carc-shared/distill_flywheel_20260715/ckpt/iter_02.pt
    | [head-to-head] opponent rep=NON-SIGHTED 78ch/10sc (inferred from ITS OWN checkpoint) | priors=net_policy_head value=frozen_v29_curve125_leaf
    | [fair-netprior] net=/mnt/c/carc-shared/distill_flywheel_sighted_20260716/ckpt/iter_03.pt
    | [fair-netprior] rep=SIGHTED 81ch/42sc (inferred from the checkpoint) | priors=net_policy_head value=frozen_v29_curve125_leaf
    | fair-puct[fair_fair-netprior_c1.5_tau5_float_kd4_s688_vs_net-iter_02_k2-leafa36d2e15]: info=fair-netprior n=100 paired=True K=2 k_dets=4 sims=688 | 0 cached, 100 to play, 28 workers, out=/mnt/c/carc-shared/distill_flywheel_sighted_20260716/hh2_rep_ab
    |   [orch] candidate SHM eval-server 'fairnvnCDoctor': 28 CPU workers attach to /dev/shm/carc_fairnvnCDoctor (81ch/42-scalar sighted PRIORS)
    |   [orch] opponent  SHM eval-server 'fairnvnODoctor': 28 CPU workers attach to /dev/shm/carc_fairnvnODoctor (78ch/10-scalar non-sighted PRIORS)
    | Terminated
[chain 2026-07-17 09:37:44] step 4: launching stage-2 flywheel (UNCONDITIONAL) -> /mnt/c/carc-shared/distill_flywheel_sighted_20260716/logs/stage2_launch.log
[chain 2026-07-17 09:37:49] step 4: flywheel LAUNCHED pid=1820075 (detached; it owns the box from here)
[chain 2026-07-17 09:37:49] overnight chain COMPLETE
