=== DISTILL STAGE-2 (fair-NET-prior flywheel) @ Fri Jul 17 12:29:12 EDT 2026 — TAG=distill_flywheel_sighted_20260716 iters 4..11 ===
    gen (LOCAL): net-priors FairHeuristicPriorAgent k_dets=4 x sims=688 via orch distill_stage2 (81/42) · 450 games
    champ (LAPTOP): net-free fair champion k_dets=4 x sims=688 · 0 games (25% anchor)
    train: window 12 · aux_weight 0 · warm iter N <- iter_(N-1)
  bundle tip: a0e6c4d

########## DISTILL STAGE-2 ITER 4 -> iter_04 @ Fri Jul 17 12:29:21 EDT 2026 (net/warm = iter_03.pt) ##########
[it4] gen net_seed=700450000 (+champ) -> /mnt/c/carc-shared/distill_flywheel_sighted_20260716/iter_04 @ Fri Jul 17 12:29:21 EDT 2026
[it4] orch READY ([carc-orch] SHM /dev/shm/carc_distill_stage2 (28 slots x 1721880B = 48212640B), n_ch=81 n_scalar=42 READY)
[it4] gen STALLED 12/450 — heal 1: kill+clean+relaunch (orch too) @ Fri Jul 17 12:45:29 EDT 2026
scripts/distill_flywheel/run_distill_stage2.sh: line 284: 1894807 Killed                  nohup nice -n 19 "$PY" -u "$GEN" --games "$NET_GAMES" --k-dets "$NET_KDETS" --sims "$NET_SIMS" --c-puct "$CPUCT" --tau-p "$TAUP" --value-norm "$VALUE_NORM" --sighted --net-ckpt "$prev" --shm-eval-server "$SHM_NAME" --workers "$W_LOCAL_NET" --batch-size "$NET_BATCH" --seed-start "$seed" --out "$OUT/iter_${nn}" --shared-claim --claim-host 5800x > "$OUT/logs/gen_local_it${nn}.log" 2>&1
scripts/distill_flywheel/run_distill_stage2.sh: line 329: 1894737 Killed                  nice -n 19 "$RUN_SERVER" --model "$ts" --transport shm --shm-name "$SHM_NAME" --workers "$ORCH_WORKERS" --forwarders "$FORWARDERS" --max-batch "$MAX_BATCH" --batch-timeout-ms "$BATCH_TIMEOUT_MS" --watchdog-secs "$WATCHDOG_SECS" --n-ch "$NCH" --n-scalar "$NSCALAR" --device cuda > "$OUT/logs/orch_it${nn}.log" 2>&1
[it4] orch READY ([carc-orch] SHM /dev/shm/carc_distill_stage2 (28 slots x 1721880B = 48212640B), n_ch=81 n_scalar=42 READY)
[it4] gen STALLED 12/450 — heal 2: kill+clean+relaunch (orch too) @ Fri Jul 17 13:00:37 EDT 2026
scripts/distill_flywheel/run_distill_stage2.sh: line 284: 1900999 Killed                  nohup nice -n 19 "$PY" -u "$GEN" --games "$NET_GAMES" --k-dets "$NET_KDETS" --sims "$NET_SIMS" --c-puct "$CPUCT" --tau-p "$TAUP" --value-norm "$VALUE_NORM" --sighted --net-ckpt "$prev" --shm-eval-server "$SHM_NAME" --workers "$W_LOCAL_NET" --batch-size "$NET_BATCH" --seed-start "$seed" --out "$OUT/iter_${nn}" --shared-claim --claim-host 5800x > "$OUT/logs/gen_local_it${nn}.log" 2>&1
scripts/distill_flywheel/run_distill_stage2.sh: line 329: 1900929 Killed                  nice -n 19 "$RUN_SERVER" --model "$ts" --transport shm --shm-name "$SHM_NAME" --workers "$ORCH_WORKERS" --forwarders "$FORWARDERS" --max-batch "$MAX_BATCH" --batch-timeout-ms "$BATCH_TIMEOUT_MS" --watchdog-secs "$WATCHDOG_SECS" --n-ch "$NCH" --n-scalar "$NSCALAR" --device cuda > "$OUT/logs/orch_it${nn}.log" 2>&1
[it4] orch READY ([carc-orch] SHM /dev/shm/carc_distill_stage2 (28 slots x 1721880B = 48212640B), n_ch=81 n_scalar=42 READY)
[it4] gen STALLED 12/450 — heal 3: kill+clean+relaunch (orch too) @ Fri Jul 17 13:15:44 EDT 2026
scripts/distill_flywheel/run_distill_stage2.sh: line 284: 1906494 Killed                  nohup nice -n 19 "$PY" -u "$GEN" --games "$NET_GAMES" --k-dets "$NET_KDETS" --sims "$NET_SIMS" --c-puct "$CPUCT" --tau-p "$TAUP" --value-norm "$VALUE_NORM" --sighted --net-ckpt "$prev" --shm-eval-server "$SHM_NAME" --workers "$W_LOCAL_NET" --batch-size "$NET_BATCH" --seed-start "$seed" --out "$OUT/iter_${nn}" --shared-claim --claim-host 5800x > "$OUT/logs/gen_local_it${nn}.log" 2>&1
scripts/distill_flywheel/run_distill_stage2.sh: line 329: 1906424 Killed                  nice -n 19 "$RUN_SERVER" --model "$ts" --transport shm --shm-name "$SHM_NAME" --workers "$ORCH_WORKERS" --forwarders "$FORWARDERS" --max-batch "$MAX_BATCH" --batch-timeout-ms "$BATCH_TIMEOUT_MS" --watchdog-secs "$WATCHDOG_SECS" --n-ch "$NCH" --n-scalar "$NSCALAR" --device cuda > "$OUT/logs/orch_it${nn}.log" 2>&1
[it4] orch READY ([carc-orch] SHM /dev/shm/carc_distill_stage2 (28 slots x 1721880B = 48212640B), n_ch=81 n_scalar=42 READY)
[it4] gen STALLED 12/450 — heal 4: kill+clean+relaunch (orch too) @ Fri Jul 17 13:30:52 EDT 2026
scripts/distill_flywheel/run_distill_stage2.sh: line 284: 1912321 Killed                  nohup nice -n 19 "$PY" -u "$GEN" --games "$NET_GAMES" --k-dets "$NET_KDETS" --sims "$NET_SIMS" --c-puct "$CPUCT" --tau-p "$TAUP" --value-norm "$VALUE_NORM" --sighted --net-ckpt "$prev" --shm-eval-server "$SHM_NAME" --workers "$W_LOCAL_NET" --batch-size "$NET_BATCH" --seed-start "$seed" --out "$OUT/iter_${nn}" --shared-claim --claim-host 5800x > "$OUT/logs/gen_local_it${nn}.log" 2>&1
scripts/distill_flywheel/run_distill_stage2.sh: line 329: 1912257 Killed                  nice -n 19 "$RUN_SERVER" --model "$ts" --transport shm --shm-name "$SHM_NAME" --workers "$ORCH_WORKERS" --forwarders "$FORWARDERS" --max-batch "$MAX_BATCH" --batch-timeout-ms "$BATCH_TIMEOUT_MS" --watchdog-secs "$WATCHDOG_SECS" --n-ch "$NCH" --n-scalar "$NSCALAR" --device cuda > "$OUT/logs/orch_it${nn}.log" 2>&1
[it4] orch READY ([carc-orch] SHM /dev/shm/carc_distill_stage2 (28 slots x 1721880B = 48212640B), n_ch=81 n_scalar=42 READY)
[it4] gen STALLED 0/450 — heal 5: kill+clean+relaunch (orch too) @ Fri Jul 17 13:52:59 EDT 2026
scripts/distill_flywheel/run_distill_stage2.sh: line 284: 1917966 Killed                  nohup nice -n 19 "$PY" -u "$GEN" --games "$NET_GAMES" --k-dets "$NET_KDETS" --sims "$NET_SIMS" --c-puct "$CPUCT" --tau-p "$TAUP" --value-norm "$VALUE_NORM" --sighted --net-ckpt "$prev" --shm-eval-server "$SHM_NAME" --workers "$W_LOCAL_NET" --batch-size "$NET_BATCH" --seed-start "$seed" --out "$OUT/iter_${nn}" --shared-claim --claim-host 5800x > "$OUT/logs/gen_local_it${nn}.log" 2>&1
scripts/distill_flywheel/run_distill_stage2.sh: line 329: 1917895 Killed                  nice -n 19 "$RUN_SERVER" --model "$ts" --transport shm --shm-name "$SHM_NAME" --workers "$ORCH_WORKERS" --forwarders "$FORWARDERS" --max-batch "$MAX_BATCH" --batch-timeout-ms "$BATCH_TIMEOUT_MS" --watchdog-secs "$WATCHDOG_SECS" --n-ch "$NCH" --n-scalar "$NSCALAR" --device cuda > "$OUT/logs/orch_it${nn}.log" 2>&1
[it4] orch READY ([carc-orch] SHM /dev/shm/carc_distill_stage2 (28 slots x 1721880B = 48212640B), n_ch=81 n_scalar=42 READY)
