[fair-nvn-orch] CAND iter_03.pt: 81ch/42sc (sighted)
[fair-nvn-orch] OPP  = fair-champion (net-free heuristic priors) -> ONE server only
[fair-nvn-orch] exporting -> TorchScript (parity-gated)
[export] torch.jit.script unavailable (RuntimeError); tracing instead
[export] loading /mnt/c/carc-shared/distill_flywheel_sighted_20260716/ckpt/iter_03.pt on cuda
[export] tracing... (n_ch=81, n_scalar=42)
[export] fp-parity vs eager Python eval path:
  k=  1: max|dpriors|=0.00e+00  max|dvalue|=0.00e+00  OK
  k=  3: max|dpriors|=0.00e+00  max|dvalue|=0.00e+00  OK
  k=  8: max|dpriors|=0.00e+00  max|dvalue|=0.00e+00  OK
  k= 37: max|dpriors|=2.34e-05  max|dvalue|=1.65e-04  OK
[export] OK -> /tmp/carc_fairnvnC_Doctor.ts.pt  (n_scalar=42, C=81, device=cuda)
[export] Note: load this on the SAME device family in Rust (cuda).
[fair-nvn-orch] start carc-orch CAND (W=20 fwd=2 max_batch=16) shm=fairnvnCDoctor n_ch=81 n_scalar=42
[fair-nvn-orch] server READY | CAND shm='fairnvnCDoctor' 81ch/42sc | OPP fair-champion (net-free, no server) | client W=20
[head-to-head] opponent=fair-champion
[head-to-head] candidate frozen leaf: curve125 leaf_hash=a36d2e15a3b3d71d frozen_config_hash=6dfffd57051690f2 (champ_env dialect)
[head-to-head] opponent  frozen leaf: curve125 leaf_hash=a36d2e15a3b3d71d frozen_config_hash=6dfffd57051690f2 (champ_env dialect)
[head-to-head] BOTH SIDES curve125: YES | env DEFAULT_CONFIG (unmoved, no rung in play) leaf_hash=42af12fce22e1a0f
[warn] --opp-sims: ASYMMETRIC search budgets — candidate k4x250 (total 1000) vs opponent fair-champion k4x688 (total 2752). This is an equal-WALL-CLOCK deployability check, NOT the single-variable prior swap the symmetric head-to-head is: the two sides search different sims budgets. diff/elo stay candidate-minus-opponent.
[fair-netprior] net=/mnt/c/carc-shared/distill_flywheel_sighted_20260716/ckpt/iter_03.pt
[fair-netprior] rep=SIGHTED 81ch/42sc (inferred from the checkpoint) | priors=net_policy_head value=frozen_v29_curve125_leaf
fair-puct[fair_fair-netprior_c1.5_tau5_float_kd4_s250_vs_fairchamp_k2-leafa36d2e15]: info=fair-netprior n=20 paired=True K=2 k_dets=4 sims=250 | 0 cached, 20 to play, 20 workers, out=/mnt/c/carc-shared/distill_flywheel_sighted_20260716/wc_bench_w20_s250
  [orch] candidate SHM eval-server 'fairnvnCDoctor': 20 CPU workers attach to /dev/shm/carc_fairnvnCDoctor (81ch/42-scalar sighted PRIORS)
  10/20 played (107.8s/game, ~18 min left)
  20/20 played (65.1s/game, ~0 min left)

=== FAIR-PUCT[fair-netprior] (K=2, k_dets=4, sims=250, total~1000) vs FAIR PRODUCTION CHAMPION (FairHeuristicPriorAgent, heuristic priors, curve125 leaf, k4x688) ===
games: 20   candidate: 10W / 1D / 9L   winrate 0.525 (z=+0.22)
avg score diff (candidate - opponent): +0.05
ELO: +17.4  (+/- 77.8 1sigma)
PAIRED: 10 decks   mean seat-balanced margin +0.05   z = +0.01
prefix ms/move: candidate 9264  opponent 5409  (ratio 1.71x)
fair endgame: candidate latched 20/20 games, 36.06s solver/game, timeouts=0
fair endgame: opponent  latched 20/20 games, 18.57s solver/game, timeouts=0
  POWER NOTE: |elo|<=35 at n=20 (1σ≈±78); a >=35-elo verdict needs n>=400.
[summary.json] wrote /mnt/c/carc-shared/distill_flywheel_sighted_20260716/wc_bench_w20_s250/summary.json
