[fair-nvn-orch] CAND iter_03.pt: 81ch/42sc (sighted)
[fair-nvn-orch] OPP  = fair-champion (net-free heuristic priors) -> ONE server only
[fair-nvn-orch] exporting -> TorchScript (parity-gated)
[export] torch.jit.script unavailable (RuntimeError); tracing instead
[export] loading /mnt/c/carc-shared/distill_flywheel_sighted_20260716/ckpt/iter_03.pt on cuda
[export] tracing... (n_ch=81, n_scalar=42)
[export] fp-parity vs eager Python eval path:
  k=  1: max|dpriors|=0.00e+00  max|dvalue|=0.00e+00  OK
  k=  3: max|dpriors|=0.00e+00  max|dvalue|=0.00e+00  OK
  k=  8: max|dpriors|=0.00e+00  max|dvalue|=0.00e+00  OK
  k= 37: max|dpriors|=2.34e-05  max|dvalue|=1.65e-04  OK
[export] OK -> /tmp/carc_fairnvnC_Doctor.ts.pt  (n_scalar=42, C=81, device=cuda)
[export] Note: load this on the SAME device family in Rust (cuda).
[fair-nvn-orch] start carc-orch CAND (W=32 fwd=2 max_batch=16) shm=fairnvnCDoctor n_ch=81 n_scalar=42
[fair-nvn-orch] server READY | CAND shm='fairnvnCDoctor' 81ch/42sc | OPP fair-champion (net-free, no server) | client W=32
[head-to-head] opponent=fair-champion
[head-to-head] candidate frozen leaf: curve125 leaf_hash=a36d2e15a3b3d71d frozen_config_hash=6dfffd57051690f2 (champ_env dialect)
[head-to-head] opponent  frozen leaf: curve125 leaf_hash=a36d2e15a3b3d71d frozen_config_hash=6dfffd57051690f2 (champ_env dialect)
[head-to-head] BOTH SIDES curve125: YES | env DEFAULT_CONFIG (unmoved, no rung in play) leaf_hash=42af12fce22e1a0f
[warn] --opp-sims: ASYMMETRIC search budgets — candidate k4x154 (total 616) vs opponent fair-champion k4x688 (total 2752). This is an equal-WALL-CLOCK deployability check, NOT the single-variable prior swap the symmetric head-to-head is: the two sides search different sims budgets. diff/elo stay candidate-minus-opponent.
[fair-netprior] net=/mnt/c/carc-shared/distill_flywheel_sighted_20260716/ckpt/iter_03.pt
[fair-netprior] rep=SIGHTED 81ch/42sc (inferred from the checkpoint) | priors=net_policy_head value=frozen_v29_curve125_leaf
fair-puct[fair_fair-netprior_c1.5_tau5_float_kd4_s154_vs_fairchamp_k2-leafa36d2e15]: info=fair-netprior n=10 paired=True K=2 k_dets=4 sims=154 | 0 cached, 10 to play, 32 workers, out=/mnt/c/carc-shared/distill_flywheel_sighted_20260716/wc_smoke_w32
  [orch] candidate SHM eval-server 'fairnvnCDoctor': 32 CPU workers attach to /dev/shm/carc_fairnvnCDoctor (81ch/42-scalar sighted PRIORS)
  10/10 played (62.0s/game, ~0 min left)

=== FAIR-PUCT[fair-netprior] (K=2, k_dets=4, sims=154, total~616) vs FAIR PRODUCTION CHAMPION (FairHeuristicPriorAgent, heuristic priors, curve125 leaf, k4x688) ===
games: 10   candidate: 5W / 0D / 5L   winrate 0.500 (z=+0.00)
avg score diff (candidate - opponent): +2.80
ELO: +0.0  (+/- 109.9 1sigma)
PAIRED: 5 decks   mean seat-balanced margin +2.80   z = +2.59
prefix ms/move: candidate 1709  opponent 4170  (ratio 0.41x)
fair endgame: candidate latched 10/10 games, 22.13s solver/game, timeouts=0
fair endgame: opponent  latched 10/10 games, 32.07s solver/game, timeouts=0
  POWER NOTE: |elo|<=35 at n=10 (1σ≈±110); a >=35-elo verdict needs n>=400.
[summary.json] wrote /mnt/c/carc-shared/distill_flywheel_sighted_20260716/wc_smoke_w32/summary.json
