[load] 314911 rows / 10067 groups  obs=(81,25,25) n_scalar=44  (memmap, low-RAM)
[tempo] appended 10 tempo scalars -> n_scalar=54: ['lockup_self', 'lockup_opp', 'lockup_diff', 'lockup_depth_self', 'lockup_depth_opp', 'lockup_depth_diff', 'open_city_delta_self', 'open_city_delta_opp', 'contested_open_count', 'closure_race_diff']
[split] train/val/test groups = 7033/1490/1544
[leaf-alone TEST] overall regret=0.0263 top1=0.477 (n=1544)
    [V4_listwise] ep1/40 train=3.3030 val=3.2946 (622s) *
    [V4_listwise] ep2/40 train=3.2988 val=3.2943 (624s) *
    [V4_listwise] ep3/40 train=3.2968 val=3.2952 (620s)
    [V4_listwise] ep4/40 train=3.2977 val=3.2936 (619s) *
    [V4_listwise] ep5/40 train=3.2977 val=3.2938 (617s)
    [V4_listwise] ep6/40 train=3.2969 val=3.2937 (615s)
    [V4_listwise] ep7/40 train=3.2974 val=3.2939 (613s)
    [V4_listwise] ep8/40 train=3.2975 val=3.2947 (612s)
    [V4_listwise] ep9/40 train=3.2976 val=3.2940 (612s)
    [V4_listwise] ep10/40 train=3.2974 val=3.2942 (611s)
    [V4_listwise] early-stop ep10 (no val gain in 6 epochs)
    [V4_listwise] saved best model -> measurement/capacity_probe/f256b8_s1/V4_listwise/ranknet_best.pt
  [V4_listwise       ] net-alone tau=+0.099 top1=0.246 | combined a*=0.25 regret 0.0263->0.0215 (+18.2%) beats_leaf=True
    (V4_listwise done in 6236s)

==== STEP-1 GATE (mode=both) ====
leaf-alone TEST regret=0.0263  best net-alone tau=+0.099
ANY variant beats leaf (leaf+a*net < leaf): True
-> measurement/capacity_probe/f256b8_s1/stage5_offline_gate.json
