[load] 314911 rows / 10067 groups  obs=(81,25,25) n_scalar=44  (memmap, low-RAM)
[tempo] appended 10 tempo scalars -> n_scalar=54: ['lockup_self', 'lockup_opp', 'lockup_diff', 'lockup_depth_self', 'lockup_depth_opp', 'lockup_depth_diff', 'open_city_delta_self', 'open_city_delta_opp', 'contested_open_count', 'closure_race_diff']
[split] train/val/test groups = 7033/1490/1544
[leaf-alone TEST] overall regret=0.0263 top1=0.477 (n=1544)
    [V4_listwise] ep1/40 train=3.2990 val=3.2951 (629s) *
    [V4_listwise] ep2/40 train=3.2981 val=3.2945 (629s) *
    [V4_listwise] ep3/40 train=3.2961 val=3.2933 (615s) *
    [V4_listwise] ep4/40 train=3.2971 val=3.2935 (592s)
    [V4_listwise] ep5/40 train=3.2982 val=3.2948 (591s)
    [V4_listwise] ep6/40 train=3.2975 val=3.2941 (592s)
    [V4_listwise] ep7/40 train=3.2975 val=3.2936 (594s)
    [V4_listwise] ep8/40 train=3.2980 val=3.2937 (592s)
    [V4_listwise] ep9/40 train=3.2968 val=3.2935 (592s)
    [V4_listwise] early-stop ep9 (no val gain in 6 epochs)
    [V4_listwise] saved best model -> measurement/capacity_probe/f256b8_s0/V4_listwise/ranknet_best.pt
  [V4_listwise       ] net-alone tau=+0.116 top1=0.251 | combined a*=0.25 regret 0.0263->0.0212 (+19.4%) beats_leaf=True
    (V4_listwise done in 5498s)

==== STEP-1 GATE (mode=both) ====
leaf-alone TEST regret=0.0263  best net-alone tau=+0.116
ANY variant beats leaf (leaf+a*net < leaf): True
-> measurement/capacity_probe/f256b8_s0/stage5_offline_gate.json
