[pilot] population=9 positions | n=9 | M=128 | policy=clair-puct | oracle_sims=100 | W=1
[pilot] out -> /mnt/c/carc-shared/tiearb_widening_20260817/chunks/s1/chunk13/clair-puct/walled/leg5
[pilot] resume: 0 already done, 9 to go
[1/9] tt_sp_135000000002_p116 ok delta=+0.055 crn=True 336.109s
[2/9] tt_sp_135000000016_p124 ok delta=+0.117 crn=True 140.128s
[3/9] tt_sp_135000000074_p49 ok delta=-1.445 crn=True 712.898s
[4/9] tt_sp_135000000169_p68 ok delta=-0.094 crn=True 631.149s
[5/9] tt_sp_135000000233_p70 ok delta=-2.500 crn=True 593.579s
[6/9] tt_sp_135000000233_p98 ok delta=-0.711 crn=True 418.543s
[7/9] tt_sp_135000000291_p8 ok delta=+2.312 crn=True 515.468s
[8/9] tt_sp_135000000314_p79 ok delta=-0.172 crn=True 289.823s
[9/9] tt_sp_135000000346_p72 ok delta=+0.148 crn=True 337.922s

=== ORACLE-SCORE PILOT SUMMARY ===
{
  "n_positions": 9,
  "m_worlds": 128,
  "sd_delta_positions": 1.3079995800747393,
  "mean_delta_pts": -0.2543402777777778,
  "se_mean_delta": 0.4359998600249131,
  "z_pilot_observed": -0.5833494482389163,
  "mean_within_position_var": 126.67940042650919,
  "var_between_positions_est": 0.7211800856435912,
  "sd_delta_projected_by_m": {
    "8": 4.0689194067906085,
    "16": 2.9391567859337506,
    "32": 2.163310275705268,
    "64": 1.6433337206142267
  },
  "median_crn_var_reduction": 1.6603283300026068,
  "n_positions_perfect_pairing": 0,
  "n_positions_identical_afterstates": 0,
  "assumed_effect_pts": 0.07,
  "implied_z_full_run": {
    "N=265_at_M=128": 0.8711909843746796,
    "N=9_at_M=128": 0.1605505102593386,
    "N=9_at_M=8": 0.05161075435643468,
    "N=9_at_M=16": 0.07144906355626225,
    "N=9_at_M=32": 0.09707345375204544,
    "N=9_at_M=64": 0.1277890165373766
  },
  "memo_power_fork": {
    "note": "memo \u00a74.2: sd ~0.5 pts => z ~2.2 (fund the full run); sd ~1.5 pts => z ~0.75 (do not). Read sd_delta_positions against this.",
    "z_if_sd_0.5": 2.279034883453959,
    "z_if_sd_1.5": 0.7596782944846531
  },
  "caveat": "The pilot's own mean_delta is a 20-position SCREEN, NOT a verdict on whether budget improves the move. The deliverable is the sd.",
  "schema": "carcassonne-oracle-score-pilot/v1",
  "oracle_policy": "clair-puct",
  "n_attempted": 9,
  "n_failed": 0,
  "crn_verified_all": true,
  "population_disagreements": 9,
  "wall_secs": 3975.7,
  "manifest": "/mnt/c/carc-shared/tiearb_widening_20260817/chunks/s1/chunk13/clair-puct/walled/leg5/manifest.json"
}
