[pilot] population=20 positions | n=20 | M=128 | policy=clair-puct | oracle_sims=100 | W=3
[pilot] out -> /mnt/c/carc-shared/tiearb_widening_20260817/chunks/s1/chunk13/clair-puct/walled/leg3
[pilot] resume: 0 already done, 20 to go
[1/20] tt_sp_135000000016_p124 ok delta=+0.039 crn=True 142.959s
[2/20] tt_sp_135000000002_p116 ok delta=+0.031 crn=True 335.292s
[3/20] tt_sp_135000000031_p4 ok delta=-0.734 crn=True 839.684s
[4/20] tt_sp_135000000048_p14 ok delta=+0.102 crn=True 809.525s
[5/20] tt_sp_135000000088_p136 ok delta=-2.188 crn=True 71.23s
[6/20] tt_sp_135000000052_p10 ok delta=-0.336 crn=True 834.327s
[7/20] tt_sp_135000000150_p136 ok delta=+0.219 crn=True 66.433s
[8/20] tt_sp_135000000160_p136 ok delta=-0.430 crn=True 99.955s
[9/20] tt_sp_135000000074_p49 ok delta=+0.727 crn=True 692.394s
[10/20] tt_sp_135000000092_p14 ok delta=+1.531 crn=True 762.471s
[11/20] tt_sp_135000000169_p68 ok delta=-0.359 crn=True 608.276s
[12/20] tt_sp_135000000233_p70 ok delta=-1.883 crn=True 577.847s
[13/20] tt_sp_135000000233_p98 ok delta=+0.000 crn=True 472.581s
[14/20] tt_sp_135000000256_p72 ok delta=+0.289 crn=True 558.7s
[15/20] tt_sp_135000000278_p114 ok delta=-3.164 crn=True 263.383s
[16/20] tt_sp_135000000269_p24 ok delta=+0.641 crn=True 729.595s
[17/20] tt_sp_135000000271_p22 ok delta=+1.938 crn=True 675.028s
[18/20] tt_sp_135000000314_p79 ok delta=-1.336 crn=True 331.906s
[19/20] tt_sp_135000000291_p8 ok delta=+0.508 crn=True 522.399s
[20/20] tt_sp_135000000346_p72 ok delta=-1.328 crn=True 368.429s

=== ORACLE-SCORE PILOT SUMMARY ===
{
  "n_positions": 20,
  "m_worlds": 128,
  "sd_delta_positions": 1.2279827513206847,
  "mean_delta_pts": -0.28671875,
  "se_mean_delta": 0.2745852907150271,
  "z_pilot_observed": -1.0441883075869691,
  "mean_within_position_var": 142.80402928149607,
  "var_between_positions_est": 0.3922851587794305,
  "sd_delta_projected_by_m": {
    "8": 4.271157784367892,
    "16": 3.052464084780185,
    "32": 2.2033862743119244,
    "64": 1.6197524861233603
  },
  "median_crn_var_reduction": 1.4371164012656132,
  "n_positions_perfect_pairing": 0,
  "n_positions_identical_afterstates": 0,
  "assumed_effect_pts": 0.07,
  "implied_z_full_run": {
    "N=265_at_M=128": 0.9279588337062866,
    "N=20_at_M=128": 0.25492989743812655,
    "N=20_at_M=8": 0.07329383100659678,
    "N=20_at_M=16": 0.10255633093632747,
    "N=20_at_M=32": 0.14207654849249254,
    "N=20_at_M=64": 0.1932699715122578
  },
  "memo_power_fork": {
    "note": "memo \u00a74.2: sd ~0.5 pts => z ~2.2 (fund the full run); sd ~1.5 pts => z ~0.75 (do not). Read sd_delta_positions against this.",
    "z_if_sd_0.5": 2.279034883453959,
    "z_if_sd_1.5": 0.7596782944846531
  },
  "caveat": "The pilot's own mean_delta is a 20-position SCREEN, NOT a verdict on whether budget improves the move. The deliverable is the sd.",
  "schema": "carcassonne-oracle-score-pilot/v1",
  "oracle_policy": "clair-puct",
  "n_attempted": 20,
  "n_failed": 0,
  "crn_verified_all": true,
  "population_disagreements": 20,
  "wall_secs": 3302.4,
  "manifest": "/mnt/c/carc-shared/tiearb_widening_20260817/chunks/s1/chunk13/clair-puct/walled/leg3/manifest.json"
}
