[pilot] population=2 positions | n=2 | M=128 | policy=clair-puct | oracle_sims=100 | W=1
[pilot] out -> /mnt/c/carc-shared/tiearb_widening_20260817/chunks/s1/chunk13/clair-puct/walled/leg8
[pilot] resume: 0 already done, 2 to go
[1/2] tt_sp_135000000002_p116 ok delta=+0.164 crn=True 328.221s
[2/2] tt_sp_135000000346_p72 ok delta=+0.758 crn=True 629.328s

=== ORACLE-SCORE PILOT SUMMARY ===
{
  "n_positions": 2,
  "m_worlds": 128,
  "sd_delta_positions": 0.4198446513295126,
  "mean_delta_pts": 0.4609375,
  "se_mean_delta": 0.296875,
  "z_pilot_observed": 1.5526315789473684,
  "mean_within_position_var": 58.208845964566926,
  "var_between_positions_est": 0.0,
  "sd_delta_projected_by_m": {
    "8": 2.697425762754346,
    "16": 1.9073680485908935,
    "32": 1.348712881377173,
    "64": 0.9536840242954467
  },
  "median_crn_var_reduction": 23.07344090710859,
  "n_positions_perfect_pairing": 0,
  "n_positions_identical_afterstates": 0,
  "assumed_effect_pts": 0.07,
  "implied_z_full_run": {
    "N=265_at_M=128": 2.7141406663595578,
    "N=2_at_M=128": 0.23578947368421055,
    "N=2_at_M=8": 0.03669978641600603,
    "N=2_at_M=16": 0.05190133568571161,
    "N=2_at_M=32": 0.07339957283201207,
    "N=2_at_M=64": 0.10380267137142322
  },
  "memo_power_fork": {
    "note": "memo \u00a74.2: sd ~0.5 pts => z ~2.2 (fund the full run); sd ~1.5 pts => z ~0.75 (do not). Read sd_delta_positions against this.",
    "z_if_sd_0.5": 2.279034883453959,
    "z_if_sd_1.5": 0.7596782944846531
  },
  "caveat": "The pilot's own mean_delta is a 20-position SCREEN, NOT a verdict on whether budget improves the move. The deliverable is the sd.",
  "schema": "carcassonne-oracle-score-pilot/v1",
  "oracle_policy": "clair-puct",
  "n_attempted": 2,
  "n_failed": 0,
  "crn_verified_all": true,
  "population_disagreements": 2,
  "wall_secs": 957.6,
  "manifest": "/mnt/c/carc-shared/tiearb_widening_20260817/chunks/s1/chunk13/clair-puct/walled/leg8/manifest.json"
}
