[pilot] population=4 positions | n=4 | M=128 | policy=clair-puct | oracle_sims=100 | W=1
[pilot] out -> /mnt/c/carc-shared/tiearb_widening_20260817/chunks/s1/chunk13/clair-puct/walled/leg7
[pilot] resume: 0 already done, 4 to go
[1/4] tt_sp_135000000002_p116 ok delta=-0.055 crn=True 327.645s
[2/4] tt_sp_135000000016_p124 ok delta=+0.047 crn=True 142.016s
[3/4] tt_sp_135000000233_p98 ok delta=-0.062 crn=True 517.621s
[4/4] tt_sp_135000000346_p72 ok delta=-0.602 crn=True 597.789s

=== ORACLE-SCORE PILOT SUMMARY ===
{
  "n_positions": 4,
  "m_worlds": 128,
  "sd_delta_positions": 0.29332443686201237,
  "mean_delta_pts": -0.16796875,
  "se_mean_delta": 0.14666221843100619,
  "z_pilot_observed": -1.1452762122169655,
  "mean_within_position_var": 41.788416584645674,
  "var_between_positions_est": 0.0,
  "sd_delta_projected_by_m": {
    "8": 2.285509149638371,
    "16": 1.6160990181731918,
    "32": 1.1427545748191854,
    "64": 0.8080495090865959
  },
  "median_crn_var_reduction": 12.678137651821862,
  "n_positions_perfect_pairing": 0,
  "n_positions_identical_afterstates": 0,
  "assumed_effect_pts": 0.07,
  "implied_z_full_run": {
    "N=265_at_M=128": 3.8848363740762553,
    "N=4_at_M=128": 0.4772872028587913,
    "N=4_at_M=8": 0.061255497499168525,
    "N=4_at_M=16": 0.08662835533323533,
    "N=4_at_M=32": 0.12251099499833705,
    "N=4_at_M=64": 0.17325671066647066
  },
  "memo_power_fork": {
    "note": "memo \u00a74.2: sd ~0.5 pts => z ~2.2 (fund the full run); sd ~1.5 pts => z ~0.75 (do not). Read sd_delta_positions against this.",
    "z_if_sd_0.5": 2.279034883453959,
    "z_if_sd_1.5": 0.7596782944846531
  },
  "caveat": "The pilot's own mean_delta is a 20-position SCREEN, NOT a verdict on whether budget improves the move. The deliverable is the sd.",
  "schema": "carcassonne-oracle-score-pilot/v1",
  "oracle_policy": "clair-puct",
  "n_attempted": 4,
  "n_failed": 0,
  "crn_verified_all": true,
  "population_disagreements": 4,
  "wall_secs": 1585.2,
  "manifest": "/mnt/c/carc-shared/tiearb_widening_20260817/chunks/s1/chunk13/clair-puct/walled/leg7/manifest.json"
}
