[pilot] population=2 positions | n=2 | M=128 | policy=clair-puct | oracle_sims=100 | W=1
[pilot] out -> /mnt/c/carc-shared/tiearb_widening_20260817/chunks/s1/chunk12/clair-puct/walled/leg10
[pilot] resume: 0 already done, 2 to go
[1/2] tt_sp_135000000163_p68 ok delta=+1.078 crn=True 680.425s
[2/2] tt_sp_135000000231_p72 ok delta=+0.992 crn=True 474.498s

=== ORACLE-SCORE PILOT SUMMARY ===
{
  "n_positions": 2,
  "m_worlds": 128,
  "sd_delta_positions": 0.060766989008218926,
  "mean_delta_pts": 1.03515625,
  "se_mean_delta": 0.04296874999999999,
  "z_pilot_observed": 24.090909090909093,
  "mean_within_position_var": 122.85909817913385,
  "var_between_positions_est": 0.0,
  "sd_delta_projected_by_m": {
    "8": 3.918850248783657,
    "16": 2.771045585369513,
    "32": 1.9594251243918286,
    "64": 1.3855227926847564
  },
  "median_crn_var_reduction": 1.5973838216800185,
  "n_positions_perfect_pairing": 0,
  "n_positions_identical_afterstates": 0,
  "assumed_effect_pts": 0.07,
  "implied_z_full_run": {
    "N=265_at_M=128": 18.752244603938763,
    "N=2_at_M=128": 1.6290909090909094,
    "N=2_at_M=8": 0.025261222828517872,
    "N=2_at_M=16": 0.03572476392621881,
    "N=2_at_M=32": 0.050522445657035744,
    "N=2_at_M=64": 0.07144952785243762
  },
  "memo_power_fork": {
    "note": "memo \u00a74.2: sd ~0.5 pts => z ~2.2 (fund the full run); sd ~1.5 pts => z ~0.75 (do not). Read sd_delta_positions against this.",
    "z_if_sd_0.5": 2.279034883453959,
    "z_if_sd_1.5": 0.7596782944846531
  },
  "caveat": "The pilot's own mean_delta is a 20-position SCREEN, NOT a verdict on whether budget improves the move. The deliverable is the sd.",
  "schema": "carcassonne-oracle-score-pilot/v1",
  "oracle_policy": "clair-puct",
  "n_attempted": 2,
  "n_failed": 0,
  "crn_verified_all": true,
  "population_disagreements": 2,
  "wall_secs": 1155.0,
  "manifest": "/mnt/c/carc-shared/tiearb_widening_20260817/chunks/s1/chunk12/clair-puct/walled/leg10/manifest.json"
}
