[pilot] population=5 positions | n=5 | M=128 | policy=clair-puct | oracle_sims=100 | W=2
[pilot] out -> /mnt/c/carc-shared/tiearb_widening_20260817/chunks/s1/chunk13/clair-puct/walled/leg6
[pilot] resume: 0 already done, 5 to go
[1/5] tt_sp_135000000016_p124 ok delta=+0.102 crn=True 144.793s
[2/5] tt_sp_135000000002_p116 ok delta=+0.266 crn=True 327.149s
[3/5] tt_sp_135000000169_p68 ok delta=-0.727 crn=True 667.343s
[4/5] tt_sp_135000000233_p98 ok delta=-0.523 crn=True 512.74s
[5/5] tt_sp_135000000346_p72 ok delta=+0.344 crn=True 609.846s

=== ORACLE-SCORE PILOT SUMMARY ===
{
  "n_positions": 5,
  "m_worlds": 128,
  "sd_delta_positions": 0.485488890594445,
  "mean_delta_pts": -0.1078125,
  "se_mean_delta": 0.21711723233802746,
  "z_pilot_observed": -0.4965635331614208,
  "mean_within_position_var": 45.87540600393701,
  "var_between_positions_est": 0.0,
  "sd_delta_projected_by_m": {
    "8": 2.3946661041765562,
    "16": 1.6932846409408144,
    "32": 1.1973330520882781,
    "64": 0.8466423204704072
  },
  "median_crn_var_reduction": 7.6755852842809364,
  "n_positions_perfect_pairing": 0,
  "n_positions_identical_afterstates": 0,
  "assumed_effect_pts": 0.07,
  "implied_z_full_run": {
    "N=265_at_M=128": 2.347154515382886,
    "N=5_at_M=128": 0.32240646790770516,
    "N=5_at_M=8": 0.0653639178138402,
    "N=5_at_M=16": 0.09243853906217316,
    "N=5_at_M=32": 0.1307278356276804,
    "N=5_at_M=64": 0.1848770781243463
  },
  "memo_power_fork": {
    "note": "memo \u00a74.2: sd ~0.5 pts => z ~2.2 (fund the full run); sd ~1.5 pts => z ~0.75 (do not). Read sd_delta_positions against this.",
    "z_if_sd_0.5": 2.279034883453959,
    "z_if_sd_1.5": 0.7596782944846531
  },
  "caveat": "The pilot's own mean_delta is a 20-position SCREEN, NOT a verdict on whether budget improves the move. The deliverable is the sd.",
  "schema": "carcassonne-oracle-score-pilot/v1",
  "oracle_policy": "clair-puct",
  "n_attempted": 5,
  "n_failed": 0,
  "crn_verified_all": true,
  "population_disagreements": 5,
  "wall_secs": 1422.1,
  "manifest": "/mnt/c/carc-shared/tiearb_widening_20260817/chunks/s1/chunk13/clair-puct/walled/leg6/manifest.json"
}
