[cp primary Doctor 2026-08-09_23:32:05] clock-skew guard OK (0s)
[cp primary Doctor 2026-08-09_23:32:05] start: W=14 budget=k8x1376 band=115000000000 n=200 cells=[b0p0 bm0p3 b0p3 bm0p6 b0p6]
[cp primary Doctor 2026-08-09_23:32:05] === cell b0p0 -> /mnt/c/carc-shared/curvephase_ladder/cp_b0p0 ===
[head-to-head] opponent=fair-champion
[head-to-head] candidate frozen leaf: curve125 leaf_hash=a36d2e15a3b3d71d frozen_config_hash=6dfffd57051690f2 (champ_env dialect)
[head-to-head] opponent  frozen leaf: curve125 leaf_hash=a36d2e15a3b3d71d frozen_config_hash=6dfffd57051690f2 (champ_env dialect)
[head-to-head] BOTH SIDES curve125: YES | env DEFAULT_CONFIG (unmoved, no rung in play) leaf_hash=a36d2e15a3b3d71d
[backend] engine=rust (from --backend rust) rust_threads=1 workers=14 [FARM: threads=1 per worker]
fair-puct[fair_fair_c1.5_tau5_float_kd8_s1376_vs_fairchamp_k2-leafa36d2e15]: info=fair n=200 paired=True K=2 k_dets=8 sims=1376 | 0 cached, 200 to play, 14 workers, out=/mnt/c/carc-shared/curvephase_ladder/cp_b0p0
  10/200 played (23.4s/game, ~74 min left)
  20/200 played (20.5s/game, ~61 min left)
  30/200 played (16.4s/game, ~47 min left)
  40/200 played (15.8s/game, ~42 min left)
  50/200 played (15.9s/game, ~40 min left)
  60/200 played (15.4s/game, ~36 min left)
  70/200 played (14.9s/game, ~32 min left)
  80/200 played (14.9s/game, ~30 min left)
  90/200 played (14.8s/game, ~27 min left)
  100/200 played (14.2s/game, ~24 min left)
  110/200 played (14.5s/game, ~22 min left)
  120/200 played (14.4s/game, ~19 min left)
  130/200 played (14.2s/game, ~17 min left)
  140/200 played (14.6s/game, ~15 min left)
  150/200 played (14.2s/game, ~12 min left)
  160/200 played (14.3s/game, ~10 min left)
  170/200 played (14.3s/game, ~7 min left)
  180/200 played (14.1s/game, ~5 min left)
  190/200 played (14.1s/game, ~2 min left)
  200/200 played (14.2s/game, ~0 min left)

=== FAIR-PUCT[fair] (K=2, k_dets=8, sims=1376, total~11008) vs FAIR PRODUCTION CHAMPION (FairHeuristicPriorAgent, heuristic priors, curve125 leaf, k8x1376) ===
games: 200   candidate: 91W / 2D / 107L   winrate 0.460 (z=-1.13)
avg score diff (candidate - opponent): -0.26
ELO: -27.9  (+/- 24.6 1sigma)
PAIRED: 100 decks   mean seat-balanced margin -0.26   z = -0.22
prefix ms/move: candidate 1385  opponent 1368  (ratio 1.01x)
fair endgame: candidate latched 200/200 games, 1.05s solver/game, timeouts=0
fair endgame: opponent  latched 200/200 games, 1.27s solver/game, timeouts=0
  POWER NOTE: |elo|<=35 at n=200 (1σ≈±25); a >=35-elo verdict needs n>=400.
[summary.json] wrote /mnt/c/carc-shared/curvephase_ladder/cp_b0p0/summary.json
[cp primary Doctor 2026-08-10_00:19:28] cell b0p0 done rc=0 in 2843s
[cp primary Doctor 2026-08-10_00:19:28] === cell bm0p3 -> /mnt/c/carc-shared/curvephase_ladder/cp_bm0p3 ===
[head-to-head] opponent=fair-champion
[head-to-head] candidate frozen leaf: PRE-REGISTERED SHAPE (NOT curve125) leaf_hash=721398648b145b20 frozen_config_hash=f7460337e517c902 (champ_env dialect)
[head-to-head] opponent  frozen leaf: curve125 leaf_hash=a36d2e15a3b3d71d frozen_config_hash=6dfffd57051690f2 (champ_env dialect)
[head-to-head] BOTH SIDES curve125: NO | env DEFAULT_CONFIG (unmoved, no rung in play) leaf_hash=a36d2e15a3b3d71d
[backend] engine=rust (from --backend rust) rust_threads=1 workers=14 [FARM: threads=1 per worker]
fair-puct[fair_fair_c1.5_tau5_float_kd8_s1376_vs_fairchamp_k2-leaf72139864]: info=fair n=200 paired=True K=2 k_dets=8 sims=1376 | 0 cached, 200 to play, 14 workers, out=/mnt/c/carc-shared/curvephase_ladder/cp_bm0p3
  10/200 played (21.2s/game, ~67 min left)
  20/200 played (18.4s/game, ~55 min left)
  30/200 played (16.7s/game, ~47 min left)
  40/200 played (16.3s/game, ~44 min left)
  50/200 played (15.4s/game, ~39 min left)
  60/200 played (15.1s/game, ~35 min left)
  70/200 played (15.3s/game, ~33 min left)
  80/200 played (15.1s/game, ~30 min left)
  90/200 played (14.5s/game, ~27 min left)
  100/200 played (14.4s/game, ~24 min left)
  110/200 played (14.4s/game, ~22 min left)
  120/200 played (14.4s/game, ~19 min left)
  130/200 played (14.4s/game, ~17 min left)
  140/200 played (14.5s/game, ~14 min left)
  150/200 played (14.2s/game, ~12 min left)
  160/200 played (14.2s/game, ~9 min left)
  170/200 played (14.1s/game, ~7 min left)
  180/200 played (14.2s/game, ~5 min left)
  190/200 played (14.2s/game, ~2 min left)
  200/200 played (14.0s/game, ~0 min left)

=== FAIR-PUCT[fair] (K=2, k_dets=8, sims=1376, total~11008) vs FAIR PRODUCTION CHAMPION (FairHeuristicPriorAgent, heuristic priors, curve125 leaf, k8x1376) ===
games: 200   candidate: 96W / 3D / 101L   winrate 0.487 (z=-0.35)
avg score diff (candidate - opponent): -0.34
ELO: -8.7  (+/- 24.6 1sigma)
PAIRED: 100 decks   mean seat-balanced margin -0.34   z = -0.29
prefix ms/move: candidate 1380  opponent 1365  (ratio 1.01x)
fair endgame: candidate latched 200/200 games, 1.09s solver/game, timeouts=0
fair endgame: opponent  latched 200/200 games, 1.04s solver/game, timeouts=0
  POWER NOTE: |elo|<=35 at n=200 (1σ≈±25); a >=35-elo verdict needs n>=400.
[summary.json] wrote /mnt/c/carc-shared/curvephase_ladder/cp_bm0p3/summary.json
[cp primary Doctor 2026-08-10_01:06:18] cell bm0p3 done rc=0 in 2810s
[cp primary Doctor 2026-08-10_01:06:18] === cell b0p3 -> /mnt/c/carc-shared/curvephase_ladder/cp_b0p3 ===
[head-to-head] opponent=fair-champion
[head-to-head] candidate frozen leaf: PRE-REGISTERED SHAPE (NOT curve125) leaf_hash=0283a702b8f5af51 frozen_config_hash=12e9636cf4ddace6 (champ_env dialect)
[head-to-head] opponent  frozen leaf: curve125 leaf_hash=a36d2e15a3b3d71d frozen_config_hash=6dfffd57051690f2 (champ_env dialect)
[head-to-head] BOTH SIDES curve125: NO | env DEFAULT_CONFIG (unmoved, no rung in play) leaf_hash=a36d2e15a3b3d71d
[backend] engine=rust (from --backend rust) rust_threads=1 workers=14 [FARM: threads=1 per worker]
fair-puct[fair_fair_c1.5_tau5_float_kd8_s1376_vs_fairchamp_k2-leaf0283a702]: info=fair n=200 paired=True K=2 k_dets=8 sims=1376 | 0 cached, 200 to play, 14 workers, out=/mnt/c/carc-shared/curvephase_ladder/cp_b0p3
  10/200 played (22.8s/game, ~72 min left)
