[cs helper laptop-wsl 2026-08-09_04:40:57] clock-skew guard OK (-1s)
[cs helper laptop-wsl 2026-08-09_04:40:57] start: W=22 backend=rust profile=fixed_v1 r9=1
[cs helper laptop-wsl 2026-08-09_04:40:57] budget=k8x1376=11008 band=110000000000 n=400 cells=[C3_hoard] out=/mnt/carc-shared/curveshape_probe
[cs helper laptop-wsl 2026-08-09_04:40:57] === cell C3_hoard -> /mnt/carc-shared/curveshape_probe/cs_C3_hoard ===
[head-to-head] opponent=fair-champion
[head-to-head] candidate frozen leaf: PRE-REGISTERED SHAPE (NOT curve125) leaf_hash=bbcb9b134769b4fe frozen_config_hash=43f4c3193a9dca63 (champ_env dialect)
[head-to-head] opponent  frozen leaf: curve125 leaf_hash=a36d2e15a3b3d71d frozen_config_hash=6dfffd57051690f2 (champ_env dialect)
[head-to-head] BOTH SIDES curve125: NO | env DEFAULT_CONFIG (unmoved, no rung in play) leaf_hash=a36d2e15a3b3d71d
[backend] engine=rust (from --backend rust) rust_threads=1 workers=22 [FARM: threads=1 per worker]
fair-puct[fair_fair_c1.5_tau5_float_kd8_s1376_vs_fairchamp_k2-leafbbcb9b13]: info=fair n=400 paired=True K=2 k_dets=8 sims=1376 | 0 cached, 400 to play, 22 workers, out=/mnt/carc-shared/curveshape_probe/cs_C3_hoard
  10/400 played (22.5s/game, ~146 min left)
  20/400 played (14.8s/game, ~94 min left)
  30/400 played (15.8s/game, ~98 min left)
  40/400 played (13.5s/game, ~81 min left)
  50/400 played (13.8s/game, ~81 min left)
  60/400 played (13.1s/game, ~74 min left)
  70/400 played (12.9s/game, ~71 min left)
  80/400 played (12.8s/game, ~68 min left)
  90/400 played (12.3s/game, ~63 min left)
  100/400 played (12.2s/game, ~61 min left)
  110/400 played (12.1s/game, ~58 min left)
  120/400 played (11.9s/game, ~56 min left)
  130/400 played (12.0s/game, ~54 min left)
  140/400 played (11.9s/game, ~51 min left)
  150/400 played (11.6s/game, ~48 min left)
  160/400 played (11.9s/game, ~47 min left)
  170/400 played (11.6s/game, ~44 min left)
  180/400 played (11.3s/game, ~41 min left)

=== FAIR-PUCT[fair] (K=2, k_dets=8, sims=1376, total~11008) vs FAIR PRODUCTION CHAMPION (FairHeuristicPriorAgent, heuristic priors, curve125 leaf, k8x1376) ===
games: 398   candidate: 199W / 3D / 196L   winrate 0.504 (z=+0.15)
avg score diff (candidate - opponent): +0.38
ELO: +2.6  (+/- 17.4 1sigma)
PAIRED: 198 decks   mean seat-balanced margin +0.31   z = +0.36
prefix ms/move: candidate 1827  opponent 1816  (ratio 1.01x)
fair endgame: candidate latched 398/398 games, 1.40s solver/game, timeouts=0
fair endgame: opponent  latched 398/398 games, 1.73s solver/game, timeouts=0
  POWER NOTE: |elo|<=35 at n=398 (1σ≈±17); a >=35-elo verdict needs n>=400.
[summary.json] wrote /mnt/carc-shared/curveshape_probe/cs_C3_hoard/summary.json
[cs helper laptop-wsl 2026-08-09_05:14:55] cell C3_hoard done rc=0 in 2038s
[cs helper laptop-wsl 2026-08-09_05:14:55] launcher finished
