[cs helper laptop-wsl 2026-08-09_03:33:33] clock-skew guard OK (0s)
[cs helper laptop-wsl 2026-08-09_03:33:33] start: W=22 backend=rust profile=fixed_v1 r9=1
[cs helper laptop-wsl 2026-08-09_03:33:33] budget=k8x1376=11008 band=110000000000 n=400 cells=[C1_flattop] out=/mnt/carc-shared/curveshape_probe
[cs helper laptop-wsl 2026-08-09_03:33:33] === cell C1_flattop -> /mnt/carc-shared/curveshape_probe/cs_C1_flattop ===
[head-to-head] opponent=fair-champion
[head-to-head] candidate frozen leaf: PRE-REGISTERED SHAPE (NOT curve125) leaf_hash=f450d276cba6db38 frozen_config_hash=037c6c70d6d039b9 (champ_env dialect)
[head-to-head] opponent  frozen leaf: curve125 leaf_hash=a36d2e15a3b3d71d frozen_config_hash=6dfffd57051690f2 (champ_env dialect)
[head-to-head] BOTH SIDES curve125: NO | env DEFAULT_CONFIG (unmoved, no rung in play) leaf_hash=a36d2e15a3b3d71d
[backend] engine=rust (from --backend rust) rust_threads=1 workers=22 [FARM: threads=1 per worker]
fair-puct[fair_fair_c1.5_tau5_float_kd8_s1376_vs_fairchamp_k2-leaff450d276]: info=fair n=400 paired=True K=2 k_dets=8 sims=1376 | 0 cached, 400 to play, 22 workers, out=/mnt/carc-shared/curveshape_probe/cs_C1_flattop
  10/400 played (24.0s/game, ~156 min left)
  20/400 played (14.4s/game, ~92 min left)
  30/400 played (15.5s/game, ~95 min left)
  40/400 played (13.0s/game, ~78 min left)
  50/400 played (13.3s/game, ~78 min left)
  60/400 played (12.6s/game, ~71 min left)
  70/400 played (13.1s/game, ~72 min left)
  80/400 played (12.6s/game, ~67 min left)
  90/400 played (12.9s/game, ~67 min left)
  100/400 played (12.6s/game, ~63 min left)
  110/400 played (12.0s/game, ~58 min left)
  120/400 played (12.3s/game, ~57 min left)
  130/400 played (12.0s/game, ~54 min left)
  140/400 played (12.1s/game, ~52 min left)
  150/400 played (11.9s/game, ~50 min left)
  160/400 played (12.0s/game, ~48 min left)
  170/400 played (11.7s/game, ~45 min left)

=== FAIR-PUCT[fair] (K=2, k_dets=8, sims=1376, total~11008) vs FAIR PRODUCTION CHAMPION (FairHeuristicPriorAgent, heuristic priors, curve125 leaf, k8x1376) ===
games: 398   candidate: 198W / 1D / 199L   winrate 0.499 (z=-0.05)
avg score diff (candidate - opponent): +0.23
ELO: -0.9  (+/- 17.4 1sigma)
PAIRED: 198 decks   mean seat-balanced margin +0.21   z = +0.23
prefix ms/move: candidate 1887  opponent 1803  (ratio 1.05x)
fair endgame: candidate latched 398/398 games, 1.47s solver/game, timeouts=0
fair endgame: opponent  latched 397/398 games, 1.57s solver/game, timeouts=0
  POWER NOTE: |elo|<=35 at n=398 (1σ≈±17); a >=35-elo verdict needs n>=400.
[summary.json] wrote /mnt/carc-shared/curveshape_probe/cs_C1_flattop/summary.json
[cs helper laptop-wsl 2026-08-09_04:08:07] cell C1_flattop done rc=0 in 2074s
[cs helper laptop-wsl 2026-08-09_04:08:07] launcher finished
