[cs primary Doctor 2026-08-09_04:08:31] clock-skew guard OK (0s)
[cs primary Doctor 2026-08-09_04:08:31] start: W=30 backend=rust profile=fixed_v1 r9=1
[cs primary Doctor 2026-08-09_04:08:31] budget=k8x1376=11008 band=110000000000 n=400 cells=[C2_broadlow] out=/mnt/c/carc-shared/curveshape_probe
[cs primary Doctor 2026-08-09_04:08:31] === cell C2_broadlow -> /mnt/c/carc-shared/curveshape_probe/cs_C2_broadlow ===
[head-to-head] opponent=fair-champion
[head-to-head] candidate frozen leaf: PRE-REGISTERED SHAPE (NOT curve125) leaf_hash=3a344be3c0aab7d3 frozen_config_hash=d442a1ebc7ca4135 (champ_env dialect)
[head-to-head] opponent  frozen leaf: curve125 leaf_hash=a36d2e15a3b3d71d frozen_config_hash=6dfffd57051690f2 (champ_env dialect)
[head-to-head] BOTH SIDES curve125: NO | env DEFAULT_CONFIG (unmoved, no rung in play) leaf_hash=a36d2e15a3b3d71d
[backend] engine=rust (from --backend rust) rust_threads=1 workers=30 [FARM: threads=1 per worker]
fair-puct[fair_fair_c1.5_tau5_float_kd8_s1376_vs_fairchamp_k2-leaf3a344be3]: info=fair n=400 paired=True K=2 k_dets=8 sims=1376 | 0 cached, 400 to play, 30 workers, out=/mnt/c/carc-shared/curveshape_probe/cs_C2_broadlow
  10/400 played (21.2s/game, ~138 min left)
  20/400 played (12.8s/game, ~81 min left)
  30/400 played (11.2s/game, ~69 min left)
  40/400 played (11.5s/game, ~69 min left)
  50/400 played (10.4s/game, ~61 min left)
  60/400 played (10.1s/game, ~57 min left)
  70/400 played (10.3s/game, ~57 min left)
  80/400 played (9.8s/game, ~52 min left)
  90/400 played (9.6s/game, ~49 min left)
  100/400 played (9.7s/game, ~48 min left)
  110/400 played (9.5s/game, ~46 min left)
  120/400 played (9.0s/game, ~42 min left)
  130/400 played (9.4s/game, ~42 min left)
  140/400 played (9.2s/game, ~40 min left)
  150/400 played (9.0s/game, ~38 min left)
  160/400 played (9.2s/game, ~37 min left)
  170/400 played (9.0s/game, ~34 min left)
  180/400 played (8.9s/game, ~32 min left)
  190/400 played (9.0s/game, ~32 min left)
  200/400 played (8.9s/game, ~30 min left)
  210/400 played (8.7s/game, ~28 min left)
  220/400 played (8.6s/game, ~26 min left)

=== FAIR-PUCT[fair] (K=2, k_dets=8, sims=1376, total~11008) vs FAIR PRODUCTION CHAMPION (FairHeuristicPriorAgent, heuristic priors, curve125 leaf, k8x1376) ===
games: 400   candidate: 167W / 12D / 221L   winrate 0.432 (z=-2.70)
avg score diff (candidate - opponent): -1.88
ELO: -47.2  (+/- 17.5 1sigma)
PAIRED: 200 decks   mean seat-balanced margin -1.88   z = -2.07
prefix ms/move: candidate 1660  opponent 1754  (ratio 0.95x)
fair endgame: candidate latched 400/400 games, 1.00s solver/game, timeouts=0
fair endgame: opponent  latched 400/400 games, 1.11s solver/game, timeouts=0
[summary.json] wrote /mnt/c/carc-shared/curveshape_probe/cs_C2_broadlow/summary.json
[cs primary Doctor 2026-08-09_04:40:57] cell C2_broadlow done rc=0 in 1946s
[cs primary Doctor 2026-08-09_04:40:57] launcher finished
