[cs helper laptop-wsl 2026-08-09_02:56:31] clock-skew guard OK (0s)
[cs helper laptop-wsl 2026-08-09_02:56:31] start: W=22 backend=rust profile=fixed_v1 r9=1
[cs helper laptop-wsl 2026-08-09_02:56:31] budget=k8x1376=11008 band=110000000000 n=400 cells=[C0_identity] out=/mnt/carc-shared/curveshape_probe
[cs helper laptop-wsl 2026-08-09_02:56:31] === cell C0_identity -> /mnt/carc-shared/curveshape_probe/cs_C0_identity ===
[head-to-head] opponent=fair-champion
[head-to-head] candidate frozen leaf: curve125 leaf_hash=a36d2e15a3b3d71d frozen_config_hash=6dfffd57051690f2 (champ_env dialect)
[head-to-head] opponent  frozen leaf: curve125 leaf_hash=a36d2e15a3b3d71d frozen_config_hash=6dfffd57051690f2 (champ_env dialect)
[head-to-head] BOTH SIDES curve125: YES | env DEFAULT_CONFIG (unmoved, no rung in play) leaf_hash=a36d2e15a3b3d71d
[backend] engine=rust (from --backend rust) rust_threads=1 workers=22 [FARM: threads=1 per worker]
fair-puct[fair_fair_c1.5_tau5_float_kd8_s1376_vs_fairchamp_k2-leafa36d2e15]: info=fair n=400 paired=True K=2 k_dets=8 sims=1376 | 2 cached, 398 to play, 22 workers, out=/mnt/carc-shared/curveshape_probe/cs_C0_identity
  10/398 played (22.5s/game, ~146 min left)
  20/398 played (12.9s/game, ~81 min left)
  30/398 played (13.9s/game, ~85 min left)
  40/398 played (12.6s/game, ~75 min left)
  50/398 played (11.6s/game, ~68 min left)
  60/398 played (12.5s/game, ~70 min left)
  70/398 played (11.4s/game, ~62 min left)
  80/398 played (12.2s/game, ~64 min left)
  90/398 played (11.8s/game, ~61 min left)
  100/398 played (12.0s/game, ~60 min left)
  110/398 played (11.5s/game, ~55 min left)
  120/398 played (11.5s/game, ~53 min left)
  130/398 played (11.5s/game, ~52 min left)
  140/398 played (11.4s/game, ~49 min left)
  150/398 played (11.5s/game, ~47 min left)
  160/398 played (11.3s/game, ~45 min left)
  170/398 played (11.4s/game, ~43 min left)
  180/398 played (11.1s/game, ~40 min left)

=== FAIR-PUCT[fair] (K=2, k_dets=8, sims=1376, total~11008) vs FAIR PRODUCTION CHAMPION (FairHeuristicPriorAgent, heuristic priors, curve125 leaf, k8x1376) ===
games: 392   candidate: 181W / 3D / 208L   winrate 0.466 (z=-1.36)
avg score diff (candidate - opponent): -1.32
ELO: -24.0  (+/- 17.6 1sigma)
PAIRED: 194 decks   mean seat-balanced margin -1.26   z = -1.37
prefix ms/move: candidate 1839  opponent 1831  (ratio 1.00x)
fair endgame: candidate latched 392/392 games, 1.45s solver/game, timeouts=0
fair endgame: opponent  latched 392/392 games, 1.42s solver/game, timeouts=0
  POWER NOTE: |elo|<=35 at n=392 (1σ≈±18); a >=35-elo verdict needs n>=400.
[summary.json] wrote /mnt/carc-shared/curveshape_probe/cs_C0_identity/summary.json
[cs helper laptop-wsl 2026-08-09_03:30:19] cell C0_identity done rc=0 in 2028s
[cs helper laptop-wsl 2026-08-09_03:30:19] launcher finished
