[cs primary Doctor 2026-08-09_02:52:53] clock-skew guard OK (0s)
[cs primary Doctor 2026-08-09_02:52:53] start: W=30 backend=rust profile=fixed_v1 r9=1
[cs primary Doctor 2026-08-09_02:52:53] budget=k8x1376=11008 band=110000000000 n=400 cells=[C0_identity] out=/mnt/c/carc-shared/curveshape_probe
[cs primary Doctor 2026-08-09_02:52:53] === cell C0_identity -> /mnt/c/carc-shared/curveshape_probe/cs_C0_identity ===
[head-to-head] opponent=fair-champion
[head-to-head] candidate frozen leaf: curve125 leaf_hash=a36d2e15a3b3d71d frozen_config_hash=6dfffd57051690f2 (champ_env dialect)
[head-to-head] opponent  frozen leaf: curve125 leaf_hash=a36d2e15a3b3d71d frozen_config_hash=6dfffd57051690f2 (champ_env dialect)
[head-to-head] BOTH SIDES curve125: YES | env DEFAULT_CONFIG (unmoved, no rung in play) leaf_hash=a36d2e15a3b3d71d
[backend] engine=rust (from --backend rust) rust_threads=1 workers=30 [FARM: threads=1 per worker]
fair-puct[fair_fair_c1.5_tau5_float_kd8_s1376_vs_fairchamp_k2-leafa36d2e15]: info=fair n=400 paired=True K=2 k_dets=8 sims=1376 | 0 cached, 400 to play, 30 workers, out=/mnt/c/carc-shared/curveshape_probe/cs_C0_identity
  10/400 played (28.1s/game, ~183 min left)
  20/400 played (16.0s/game, ~101 min left)
  30/400 played (14.1s/game, ~87 min left)
  40/400 played (13.8s/game, ~83 min left)
  50/400 played (12.9s/game, ~75 min left)
  60/400 played (12.1s/game, ~69 min left)
  70/400 played (12.0s/game, ~66 min left)
  80/400 played (11.3s/game, ~60 min left)
  90/400 played (11.3s/game, ~58 min left)
  100/400 played (11.0s/game, ~55 min left)
  110/400 played (10.5s/game, ~51 min left)
  120/400 played (10.6s/game, ~49 min left)
  130/400 played (10.4s/game, ~47 min left)
  140/400 played (10.2s/game, ~44 min left)
  150/400 played (10.3s/game, ~43 min left)
  160/400 played (10.3s/game, ~41 min left)
  170/400 played (10.1s/game, ~39 min left)
  180/400 played (10.0s/game, ~37 min left)
  190/400 played (10.0s/game, ~35 min left)
  200/400 played (9.9s/game, ~33 min left)
  210/400 played (9.7s/game, ~31 min left)
  220/400 played (9.9s/game, ~30 min left)
  230/400 played (9.7s/game, ~27 min left)
  240/400 played (9.4s/game, ~25 min left)

=== FAIR-PUCT[fair] (K=2, k_dets=8, sims=1376, total~11008) vs FAIR PRODUCTION CHAMPION (FairHeuristicPriorAgent, heuristic priors, curve125 leaf, k8x1376) ===
games: 400   candidate: 186W / 3D / 211L   winrate 0.469 (z=-1.25)
avg score diff (candidate - opponent): -1.22
ELO: -21.7  (+/- 17.4 1sigma)
PAIRED: 200 decks   mean seat-balanced margin -1.22   z = -1.33
prefix ms/move: candidate 1862  opponent 1856  (ratio 1.00x)
fair endgame: candidate latched 400/400 games, 1.45s solver/game, timeouts=0
fair endgame: opponent  latched 400/400 games, 1.42s solver/game, timeouts=0
  POWER NOTE: |elo|<=35 at n=400 (1σ≈±17); a >=35-elo verdict needs n>=400.
[summary.json] wrote /mnt/c/carc-shared/curveshape_probe/cs_C0_identity/summary.json
[cs primary Doctor 2026-08-09_03:31:20] cell C0_identity done rc=0 in 2307s
[cs primary Doctor 2026-08-09_03:31:20] launcher finished
