[head-to-head] opponent=fair-champion
[head-to-head] candidate frozen leaf: curve125 leaf_hash=a36d2e15a3b3d71d frozen_config_hash=6dfffd57051690f2 (champ_env dialect)
[head-to-head] opponent  frozen leaf: curve125 leaf_hash=a36d2e15a3b3d71d frozen_config_hash=6dfffd57051690f2 (champ_env dialect)
[head-to-head] BOTH SIDES curve125: YES | env DEFAULT_CONFIG (unmoved, no rung in play) leaf_hash=a36d2e15a3b3d71d
[tiearb] TIE ARBITER LIVE on the candidate: {'enabled': True, 'B': 16, 'J': 4, 'mode': 'random', 'salt': 'tiearb2-deploy-v1', 'eps': 0.0} (leaf hash does NOT move; gates = manifest cand_tiearb + summary tiearb_phi + the two-sided J13 control)
[backend] engine=rust (from --backend rust) rust_threads=1 workers=30 [FARM: threads=1 per worker]
fair-puct[fair_fair_c1.5_tau5_float_kd8_s1376_vs_fairchamp-k8x1376_k2-leafa36d2e15]: info=fair n=30 paired=True K=2 k_dets=8 sims=1376 | 0 cached, 30 to play, 30 workers, out=/mnt/c/carc-shared/tiearb2_stage2_20260817_SMOKE/tiearb_RND_B16J4_deploy11008_Doctor
  10/30 played (42.8s/game, ~14 min left)
  20/30 played (24.8s/game, ~4 min left)
  30/30 played (18.3s/game, ~0 min left)

=== FAIR-PUCT[fair] (K=2, k_dets=8, sims=1376, total~11008) vs FAIR PRODUCTION CHAMPION (FairHeuristicPriorAgent, heuristic priors, curve125 leaf, k8x1376) ===
games: 30   candidate: 8W / 1D / 21L   winrate 0.283 (z=-2.37)
avg score diff (candidate - opponent): -9.80
ELO: -161.2  (+/- 70.4 1sigma)
PAIRED: 15 decks   mean seat-balanced margin -9.80   z = -2.09
prefix ms/move: candidate 4650  opponent 1983  (ratio 2.34x)
fair endgame: candidate latched 30/30 games, 0.66s solver/game, timeouts=0
fair endgame: opponent  latched 30/30 games, 1.35s solver/game, timeouts=0
tie-arbiter: 30 games, mode(s) random — phi 18.80 fired tile plies/game (offline prior 22.96; 564/1035 of tile plies), pick-change 0.661, mean arms 3.25, 29312 playouts, 189.8s/game
[summary.json] wrote /mnt/c/carc-shared/tiearb2_stage2_20260817_SMOKE/tiearb_RND_B16J4_deploy11008_Doctor/summary.json
