[carc-orch] device=Cuda(0) cuda_available=true transport=shm
[carc-orch] batcher: 4 forwarder(s), watchdog=30s
[carc-orch] max_batch=32 timeout=2ms forwarders=4
[carc-orch] forwarder-0 CUDA stream=0x7ab788001010 (0x0=default)
[carc-orch] forwarder-2 CUDA stream=0x7ab78800c190 (0x0=default)
[carc-orch] forwarder-3 CUDA stream=0x7ab78801a750 (0x0=default)
[carc-orch] forwarder-1 CUDA stream=0x7ab78800bfd0 (0x0=default)
[carc-orch] SHM /dev/shm/carc_fbsmoke (28 slots x 1721880B = 48212640B), n_ch=81 n_scalar=42 READY
[carc-orch] 4 batches, 42 examples, avg_batch=10.5, fwd_busy=0%, examples/s=1 | per-batch ms: h2d=12.34 cmp=169.24 d2h=3.74
[carc-orch] 875 batches, 17628 examples, avg_batch=20.2, fwd_busy=63%, examples/s=3501 | per-batch ms: h2d=2.16 cmp=10.23 d2h=2.00
[carc-orch] 1987 batches, 41128 examples, avg_batch=21.1, fwd_busy=41%, examples/s=4659 | per-batch ms: h2d=2.23 cmp=2.77 d2h=2.29
[carc-orch] 3090 batches, 63991 examples, avg_batch=20.7, fwd_busy=40%, examples/s=4570 | per-batch ms: h2d=2.23 cmp=2.71 d2h=2.27
[carc-orch] 4221 batches, 86953 examples, avg_batch=20.3, fwd_busy=39%, examples/s=4585 | per-batch ms: h2d=2.04 cmp=2.68 d2h=2.04
[carc-orch] 5364 batches, 110208 examples, avg_batch=20.3, fwd_busy=38%, examples/s=4642 | per-batch ms: h2d=2.14 cmp=2.63 d2h=1.86
[carc-orch] 6421 batches, 132446 examples, avg_batch=21.0, fwd_busy=40%, examples/s=4429 | per-batch ms: h2d=2.29 cmp=2.71 d2h=2.44
[carc-orch] 7537 batches, 155129 examples, avg_batch=20.3, fwd_busy=38%, examples/s=4536 | per-batch ms: h2d=2.08 cmp=2.53 d2h=2.14
[carc-orch] 8652 batches, 177600 examples, avg_batch=20.2, fwd_busy=38%, examples/s=4481 | per-batch ms: h2d=2.13 cmp=2.55 d2h=2.15
[carc-orch] 9756 batches, 200466 examples, avg_batch=20.7, fwd_busy=38%, examples/s=4569 | per-batch ms: h2d=2.12 cmp=2.57 d2h=2.05
[carc-orch] 10942 batches, 223506 examples, avg_batch=19.4, fwd_busy=37%, examples/s=4599 | per-batch ms: h2d=1.95 cmp=2.46 d2h=1.79
[carc-orch] 12077 batches, 246204 examples, avg_batch=20.0, fwd_busy=38%, examples/s=4525 | per-batch ms: h2d=2.07 cmp=2.61 d2h=1.90
[carc-orch] 13195 batches, 268344 examples, avg_batch=19.8, fwd_busy=38%, examples/s=4420 | per-batch ms: h2d=2.05 cmp=2.67 d2h=2.06
[carc-orch] 14271 batches, 290047 examples, avg_batch=20.2, fwd_busy=38%, examples/s=4335 | per-batch ms: h2d=2.09 cmp=2.61 d2h=2.29
[carc-orch] 15394 batches, 312318 examples, avg_batch=19.8, fwd_busy=37%, examples/s=4443 | per-batch ms: h2d=2.08 cmp=2.52 d2h=1.99
[carc-orch] 16526 batches, 334532 examples, avg_batch=19.6, fwd_busy=38%, examples/s=4422 | per-batch ms: h2d=1.99 cmp=2.57 d2h=2.04
[carc-orch] 17688 batches, 357185 examples, avg_batch=19.5, fwd_busy=36%, examples/s=4528 | per-batch ms: h2d=1.93 cmp=2.49 d2h=1.73
[carc-orch] 18836 batches, 379785 examples, avg_batch=19.7, fwd_busy=37%, examples/s=4514 | per-batch ms: h2d=1.94 cmp=2.57 d2h=1.79
[carc-orch] 19981 batches, 402068 examples, avg_batch=19.5, fwd_busy=36%, examples/s=4453 | per-batch ms: h2d=1.90 cmp=2.53 d2h=1.74
[carc-orch] 21122 batches, 424455 examples, avg_batch=19.6, fwd_busy=36%, examples/s=4473 | per-batch ms: h2d=1.97 cmp=2.52 d2h=1.75
[carc-orch] 22253 batches, 446606 examples, avg_batch=19.6, fwd_busy=37%, examples/s=4420 | per-batch ms: h2d=2.00 cmp=2.58 d2h=1.88
[carc-orch] 23387 batches, 468605 examples, avg_batch=19.4, fwd_busy=35%, examples/s=4388 | per-batch ms: h2d=1.90 cmp=2.50 d2h=1.65
[carc-orch] 24497 batches, 490252 examples, avg_batch=19.5, fwd_busy=36%, examples/s=4325 | per-batch ms: h2d=1.93 cmp=2.53 d2h=1.93
[carc-orch] 25610 batches, 512184 examples, avg_batch=19.7, fwd_busy=35%, examples/s=4382 | per-batch ms: h2d=1.94 cmp=2.44 d2h=1.88
[carc-orch] 26755 batches, 533992 examples, avg_batch=19.0, fwd_busy=35%, examples/s=4347 | per-batch ms: h2d=1.86 cmp=2.48 d2h=1.76
[carc-orch] 27912 batches, 555931 examples, avg_batch=19.0, fwd_busy=36%, examples/s=4381 | per-batch ms: h2d=1.85 cmp=2.47 d2h=1.78
[carc-orch] 29004 batches, 577591 examples, avg_batch=19.8, fwd_busy=36%, examples/s=4330 | per-batch ms: h2d=2.02 cmp=2.49 d2h=2.02
[carc-orch] 30137 batches, 599313 examples, avg_batch=19.2, fwd_busy=35%, examples/s=4333 | per-batch ms: h2d=1.89 cmp=2.54 d2h=1.75
[carc-orch] 31244 batches, 620504 examples, avg_batch=19.1, fwd_busy=35%, examples/s=4237 | per-batch ms: h2d=1.93 cmp=2.47 d2h=1.83
[carc-orch] 32362 batches, 642215 examples, avg_batch=19.4, fwd_busy=35%, examples/s=4340 | per-batch ms: h2d=1.93 cmp=2.51 d2h=1.79
[carc-orch] 33558 batches, 664262 examples, avg_batch=18.4, fwd_busy=34%, examples/s=4389 | per-batch ms: h2d=1.74 cmp=2.49 d2h=1.46
[carc-orch] 34655 batches, 685309 examples, avg_batch=19.2, fwd_busy=35%, examples/s=4195 | per-batch ms: h2d=1.94 cmp=2.51 d2h=1.84
[carc-orch] 35739 batches, 706271 examples, avg_batch=19.3, fwd_busy=35%, examples/s=4184 | per-batch ms: h2d=1.95 cmp=2.53 d2h=1.95
[carc-orch] 36895 batches, 727867 examples, avg_batch=18.7, fwd_busy=34%, examples/s=4311 | per-batch ms: h2d=1.78 cmp=2.41 d2h=1.57
[carc-orch] 38079 batches, 749572 examples, avg_batch=18.3, fwd_busy=34%, examples/s=4338 | per-batch ms: h2d=1.73 cmp=2.48 d2h=1.49
[carc-orch] 39240 batches, 770988 examples, avg_batch=18.4, fwd_busy=34%, examples/s=4280 | per-batch ms: h2d=1.74 cmp=2.50 d2h=1.56
[carc-orch] 40425 batches, 792701 examples, avg_batch=18.3, fwd_busy=34%, examples/s=4335 | per-batch ms: h2d=1.71 cmp=2.48 d2h=1.44
[carc-orch] 41591 batches, 814527 examples, avg_batch=18.7, fwd_busy=34%, examples/s=4355 | per-batch ms: h2d=1.74 cmp=2.42 d2h=1.54
[carc-orch] 42734 batches, 835767 examples, avg_batch=18.6, fwd_busy=33%, examples/s=4240 | per-batch ms: h2d=1.77 cmp=2.38 d2h=1.64
[carc-orch] 43907 batches, 857295 examples, avg_batch=18.4, fwd_busy=32%, examples/s=4294 | per-batch ms: h2d=1.66 cmp=2.39 d2h=1.44
[carc-orch] 45044 batches, 878456 examples, avg_batch=18.6, fwd_busy=34%, examples/s=4226 | per-batch ms: h2d=1.76 cmp=2.46 d2h=1.69
[carc-orch] 46208 batches, 899951 examples, avg_batch=18.5, fwd_busy=34%, examples/s=4295 | per-batch ms: h2d=1.75 cmp=2.51 d2h=1.47
[carc-orch] 47376 batches, 920860 examples, avg_batch=17.9, fwd_busy=34%, examples/s=4167 | per-batch ms: h2d=1.71 cmp=2.55 d2h=1.42
[carc-orch] 48565 batches, 942398 examples, avg_batch=18.1, fwd_busy=34%, examples/s=4294 | per-batch ms: h2d=1.71 cmp=2.43 d2h=1.46
[carc-orch] 49702 batches, 963676 examples, avg_batch=18.7, fwd_busy=33%, examples/s=4253 | per-batch ms: h2d=1.78 cmp=2.44 d2h=1.57
[carc-orch] 50805 batches, 984316 examples, avg_batch=18.7, fwd_busy=33%, examples/s=4111 | per-batch ms: h2d=1.81 cmp=2.40 d2h=1.67
[carc-orch] 51992 batches, 1005633 examples, avg_batch=18.0, fwd_busy=33%, examples/s=4256 | per-batch ms: h2d=1.65 cmp=2.54 d2h=1.38
[carc-orch] 53170 batches, 1027202 examples, avg_batch=18.3, fwd_busy=33%, examples/s=4302 | per-batch ms: h2d=1.65 cmp=2.44 d2h=1.38
[carc-orch] 54356 batches, 1048543 examples, avg_batch=18.0, fwd_busy=32%, examples/s=4260 | per-batch ms: h2d=1.61 cmp=2.42 d2h=1.35
[carc-orch] 55512 batches, 1069269 examples, avg_batch=17.9, fwd_busy=32%, examples/s=4139 | per-batch ms: h2d=1.68 cmp=2.41 d2h=1.44
[carc-orch] 56713 batches, 1090654 examples, avg_batch=17.8, fwd_busy=33%, examples/s=4274 | per-batch ms: h2d=1.63 cmp=2.35 d2h=1.42
[carc-orch] 57885 batches, 1111813 examples, avg_batch=18.1, fwd_busy=32%, examples/s=4216 | per-batch ms: h2d=1.64 cmp=2.33 d2h=1.38
[carc-orch] 59061 batches, 1132818 examples, avg_batch=17.9, fwd_busy=32%, examples/s=4198 | per-batch ms: h2d=1.61 cmp=2.37 d2h=1.34
[carc-orch] 60235 batches, 1153906 examples, avg_batch=18.0, fwd_busy=32%, examples/s=4211 | per-batch ms: h2d=1.62 cmp=2.38 d2h=1.35
[carc-orch] 61428 batches, 1175041 examples, avg_batch=17.7, fwd_busy=33%, examples/s=4207 | per-batch ms: h2d=1.66 cmp=2.44 d2h=1.33
[carc-orch] 62641 batches, 1196214 examples, avg_batch=17.5, fwd_busy=33%, examples/s=4224 | per-batch ms: h2d=1.58 cmp=2.40 d2h=1.32
[carc-orch] 63831 batches, 1217505 examples, avg_batch=17.9, fwd_busy=33%, examples/s=4255 | per-batch ms: h2d=1.64 cmp=2.38 d2h=1.42
[carc-orch] 64988 batches, 1238533 examples, avg_batch=18.2, fwd_busy=32%, examples/s=4201 | per-batch ms: h2d=1.68 cmp=2.41 d2h=1.39
[carc-orch] 66203 batches, 1259664 examples, avg_batch=17.4, fwd_busy=32%, examples/s=4216 | per-batch ms: h2d=1.56 cmp=2.37 d2h=1.25
[carc-orch] 67423 batches, 1280830 examples, avg_batch=17.3, fwd_busy=32%, examples/s=4230 | per-batch ms: h2d=1.57 cmp=2.37 d2h=1.27
[carc-orch] 68606 batches, 1301753 examples, avg_batch=17.7, fwd_busy=31%, examples/s=4182 | per-batch ms: h2d=1.59 cmp=2.36 d2h=1.27
[carc-orch] 69808 batches, 1323190 examples, avg_batch=17.8, fwd_busy=32%, examples/s=4276 | per-batch ms: h2d=1.60 cmp=2.42 d2h=1.29
[carc-orch] 70993 batches, 1344164 examples, avg_batch=17.7, fwd_busy=32%, examples/s=4181 | per-batch ms: h2d=1.61 cmp=2.44 d2h=1.31
[carc-orch] 72178 batches, 1364933 examples, avg_batch=17.5, fwd_busy=32%, examples/s=4153 | per-batch ms: h2d=1.62 cmp=2.47 d2h=1.32
[carc-orch] 73396 batches, 1386367 examples, avg_batch=17.6, fwd_busy=33%, examples/s=4272 | per-batch ms: h2d=1.63 cmp=2.39 d2h=1.31
[carc-orch] 74647 batches, 1408182 examples, avg_batch=17.4, fwd_busy=32%, examples/s=4354 | per-batch ms: h2d=1.57 cmp=2.37 d2h=1.19
[carc-orch] 75871 batches, 1429561 examples, avg_batch=17.5, fwd_busy=32%, examples/s=4274 | per-batch ms: h2d=1.58 cmp=2.36 d2h=1.22
[carc-orch] 77104 batches, 1450882 examples, avg_batch=17.3, fwd_busy=32%, examples/s=4245 | per-batch ms: h2d=1.51 cmp=2.37 d2h=1.20
[carc-orch] 78331 batches, 1472100 examples, avg_batch=17.3, fwd_busy=32%, examples/s=4239 | per-batch ms: h2d=1.53 cmp=2.39 d2h=1.20
[carc-orch] 79581 batches, 1493507 examples, avg_batch=17.1, fwd_busy=31%, examples/s=4272 | per-batch ms: h2d=1.50 cmp=2.33 d2h=1.14
[carc-orch] 80770 batches, 1514238 examples, avg_batch=17.4, fwd_busy=31%, examples/s=4143 | per-batch ms: h2d=1.58 cmp=2.48 d2h=1.13
[carc-orch] 81980 batches, 1535042 examples, avg_batch=17.2, fwd_busy=31%, examples/s=4156 | per-batch ms: h2d=1.51 cmp=2.37 d2h=1.13
[carc-orch] 83158 batches, 1555455 examples, avg_batch=17.3, fwd_busy=31%, examples/s=4079 | per-batch ms: h2d=1.58 cmp=2.37 d2h=1.21
[carc-orch] 84349 batches, 1576058 examples, avg_batch=17.3, fwd_busy=31%, examples/s=4110 | per-batch ms: h2d=1.54 cmp=2.34 d2h=1.26
[carc-orch] 85573 batches, 1596293 examples, avg_batch=16.5, fwd_busy=30%, examples/s=4040 | per-batch ms: h2d=1.47 cmp=2.32 d2h=1.12
[carc-orch] 86789 batches, 1617045 examples, avg_batch=17.1, fwd_busy=30%, examples/s=4149 | per-batch ms: h2d=1.50 cmp=2.31 d2h=1.14
[carc-orch] 87995 batches, 1637582 examples, avg_batch=17.0, fwd_busy=31%, examples/s=4092 | per-batch ms: h2d=1.52 cmp=2.36 d2h=1.14
[carc-orch] 89166 batches, 1657549 examples, avg_batch=17.1, fwd_busy=30%, examples/s=3988 | per-batch ms: h2d=1.57 cmp=2.37 d2h=1.19
[carc-orch] 90335 batches, 1677825 examples, avg_batch=17.3, fwd_busy=30%, examples/s=4041 | per-batch ms: h2d=1.55 cmp=2.39 d2h=1.19
[carc-orch] 91512 batches, 1698294 examples, avg_batch=17.4, fwd_busy=31%, examples/s=4090 | per-batch ms: h2d=1.56 cmp=2.34 d2h=1.26
[carc-orch] 92697 batches, 1718525 examples, avg_batch=17.1, fwd_busy=30%, examples/s=4042 | per-batch ms: h2d=1.49 cmp=2.31 d2h=1.14
[carc-orch] 93892 batches, 1738517 examples, avg_batch=16.7, fwd_busy=30%, examples/s=3987 | per-batch ms: h2d=1.47 cmp=2.34 d2h=1.10
[carc-orch] 94986 batches, 1757321 examples, avg_batch=17.2, fwd_busy=31%, examples/s=3581 | per-batch ms: h2d=2.79 cmp=2.32 d2h=1.64
[carc-orch] 96160 batches, 1776413 examples, avg_batch=16.3, fwd_busy=35%, examples/s=3806 | per-batch ms: h2d=1.55 cmp=2.53 d2h=1.01
[carc-orch] 97314 batches, 1796220 examples, avg_batch=17.2, fwd_busy=30%, examples/s=3946 | per-batch ms: h2d=1.56 cmp=2.33 d2h=1.22
[carc-orch] 98447 batches, 1815721 examples, avg_batch=17.2, fwd_busy=29%, examples/s=3890 | per-batch ms: h2d=1.54 cmp=2.33 d2h=1.22
[carc-orch] 99636 batches, 1835645 examples, avg_batch=16.8, fwd_busy=30%, examples/s=3981 | per-batch ms: h2d=1.51 cmp=2.32 d2h=1.16
[carc-orch] 100838 batches, 1856281 examples, avg_batch=17.2, fwd_busy=30%, examples/s=4119 | per-batch ms: h2d=1.48 cmp=2.35 d2h=1.16
[carc-orch] 102025 batches, 1876050 examples, avg_batch=16.7, fwd_busy=29%, examples/s=3949 | per-batch ms: h2d=1.46 cmp=2.31 d2h=1.09
[carc-orch] 103174 batches, 1895590 examples, avg_batch=17.0, fwd_busy=29%, examples/s=3901 | per-batch ms: h2d=1.53 cmp=2.39 d2h=1.13
[carc-orch] 104349 batches, 1915330 examples, avg_batch=16.8, fwd_busy=30%, examples/s=3946 | per-batch ms: h2d=1.55 cmp=2.30 d2h=1.25
[carc-orch] 105504 batches, 1934888 examples, avg_batch=16.9, fwd_busy=30%, examples/s=3910 | per-batch ms: h2d=1.51 cmp=2.33 d2h=1.21
[carc-orch] 106690 batches, 1954704 examples, avg_batch=16.7, fwd_busy=29%, examples/s=3949 | per-batch ms: h2d=1.49 cmp=2.34 d2h=1.11
[carc-orch] 107875 batches, 1973973 examples, avg_batch=16.3, fwd_busy=31%, examples/s=3795 | per-batch ms: h2d=2.06 cmp=2.37 d2h=1.07
[carc-orch] 109033 batches, 1993025 examples, avg_batch=16.5, fwd_busy=31%, examples/s=3809 | per-batch ms: h2d=1.57 cmp=2.43 d2h=1.10
[carc-orch] 110199 batches, 2012053 examples, avg_batch=16.3, fwd_busy=29%, examples/s=3794 | per-batch ms: h2d=1.55 cmp=2.39 d2h=1.07
[carc-orch] 111401 batches, 2031458 examples, avg_batch=16.1, fwd_busy=29%, examples/s=3872 | per-batch ms: h2d=1.42 cmp=2.29 d2h=1.01
[carc-orch] 112616 batches, 2050980 examples, avg_batch=16.1, fwd_busy=29%, examples/s=3894 | per-batch ms: h2d=1.40 cmp=2.30 d2h=1.05
[carc-orch] 113834 batches, 2070734 examples, avg_batch=16.2, fwd_busy=30%, examples/s=3941 | per-batch ms: h2d=1.47 cmp=2.32 d2h=1.05
[carc-orch] 115044 batches, 2090889 examples, avg_batch=16.7, fwd_busy=29%, examples/s=4022 | per-batch ms: h2d=1.46 cmp=2.30 d2h=1.06
[carc-orch] 116242 batches, 2110556 examples, avg_batch=16.4, fwd_busy=30%, examples/s=3924 | per-batch ms: h2d=1.46 cmp=2.31 d2h=1.12
[carc-orch] 117421 batches, 2129845 examples, avg_batch=16.4, fwd_busy=28%, examples/s=3851 | per-batch ms: h2d=1.41 cmp=2.30 d2h=1.02
[carc-orch] 118599 batches, 2149205 examples, avg_batch=16.4, fwd_busy=28%, examples/s=3865 | per-batch ms: h2d=1.43 cmp=2.30 d2h=1.03
[carc-orch] 119766 batches, 2168374 examples, avg_batch=16.4, fwd_busy=29%, examples/s=3830 | per-batch ms: h2d=1.45 cmp=2.36 d2h=1.11
[carc-orch] 120952 batches, 2188000 examples, avg_batch=16.5, fwd_busy=29%, examples/s=3916 | per-batch ms: h2d=1.41 cmp=2.30 d2h=1.05
[carc-orch] 122142 batches, 2207515 examples, avg_batch=16.4, fwd_busy=29%, examples/s=3898 | per-batch ms: h2d=1.46 cmp=2.30 d2h=1.05
[carc-orch] 123315 batches, 2226957 examples, avg_batch=16.6, fwd_busy=28%, examples/s=3884 | per-batch ms: h2d=1.47 cmp=2.29 d2h=1.04
[carc-orch] 124487 batches, 2246650 examples, avg_batch=16.8, fwd_busy=29%, examples/s=3933 | per-batch ms: h2d=1.48 cmp=2.37 d2h=1.10
[carc-orch] 125658 batches, 2266419 examples, avg_batch=16.9, fwd_busy=29%, examples/s=3940 | per-batch ms: h2d=1.46 cmp=2.32 d2h=1.09
[carc-orch] 126812 batches, 2285812 examples, avg_batch=16.8, fwd_busy=29%, examples/s=3873 | per-batch ms: h2d=1.48 cmp=2.33 d2h=1.12
[carc-orch] 128005 batches, 2305242 examples, avg_batch=16.3, fwd_busy=29%, examples/s=3883 | per-batch ms: h2d=1.42 cmp=2.26 d2h=1.06
[carc-orch] 129191 batches, 2324766 examples, avg_batch=16.5, fwd_busy=29%, examples/s=3904 | per-batch ms: h2d=1.44 cmp=2.24 d2h=1.07
[carc-orch] 130399 batches, 2344358 examples, avg_batch=16.2, fwd_busy=28%, examples/s=3909 | per-batch ms: h2d=1.39 cmp=2.25 d2h=1.01
[carc-orch] 131566 batches, 2363730 examples, avg_batch=16.6, fwd_busy=29%, examples/s=3871 | per-batch ms: h2d=1.45 cmp=2.33 d2h=1.10
[carc-orch] 132748 batches, 2382988 examples, avg_batch=16.3, fwd_busy=28%, examples/s=3847 | per-batch ms: h2d=1.40 cmp=2.27 d2h=1.03
[carc-orch] 133889 batches, 2402024 examples, avg_batch=16.7, fwd_busy=28%, examples/s=3794 | per-batch ms: h2d=1.47 cmp=2.32 d2h=1.14
[carc-orch] 135032 batches, 2421074 examples, avg_batch=16.7, fwd_busy=28%, examples/s=3800 | per-batch ms: h2d=1.47 cmp=2.33 d2h=1.13
[carc-orch] 136196 batches, 2440533 examples, avg_batch=16.7, fwd_busy=29%, examples/s=3872 | per-batch ms: h2d=1.48 cmp=2.31 d2h=1.14
[carc-orch] 137344 batches, 2459779 examples, avg_batch=16.8, fwd_busy=29%, examples/s=3844 | per-batch ms: h2d=1.47 cmp=2.38 d2h=1.15
[carc-orch] 138534 batches, 2479265 examples, avg_batch=16.4, fwd_busy=28%, examples/s=3888 | per-batch ms: h2d=1.39 cmp=2.28 d2h=1.03
[carc-orch] 139711 batches, 2498463 examples, avg_batch=16.3, fwd_busy=29%, examples/s=3828 | per-batch ms: h2d=1.42 cmp=2.34 d2h=1.09
[carc-orch] 140891 batches, 2517981 examples, avg_batch=16.5, fwd_busy=29%, examples/s=3896 | per-batch ms: h2d=1.44 cmp=2.30 d2h=1.06
[carc-orch] 142072 batches, 2537012 examples, avg_batch=16.1, fwd_busy=28%, examples/s=3800 | per-batch ms: h2d=1.41 cmp=2.22 d2h=1.03
[carc-orch] 143242 batches, 2556150 examples, avg_batch=16.4, fwd_busy=28%, examples/s=3816 | per-batch ms: h2d=1.38 cmp=2.22 d2h=1.06
[carc-orch] 144379 batches, 2574915 examples, avg_batch=16.5, fwd_busy=28%, examples/s=3748 | per-batch ms: h2d=1.43 cmp=2.27 d2h=1.09
[carc-orch] 145521 batches, 2593763 examples, avg_batch=16.5, fwd_busy=28%, examples/s=3762 | per-batch ms: h2d=1.47 cmp=2.34 d2h=1.07
[carc-orch] 146706 batches, 2612761 examples, avg_batch=16.0, fwd_busy=28%, examples/s=3796 | per-batch ms: h2d=1.39 cmp=2.27 d2h=0.97
[carc-orch] 147868 batches, 2631909 examples, avg_batch=16.5, fwd_busy=28%, examples/s=3822 | per-batch ms: h2d=1.42 cmp=2.28 d2h=1.06
[carc-orch] 149054 batches, 2650956 examples, avg_batch=16.1, fwd_busy=28%, examples/s=3808 | per-batch ms: h2d=1.38 cmp=2.28 d2h=0.99
[carc-orch] 150211 batches, 2669708 examples, avg_batch=16.2, fwd_busy=27%, examples/s=3737 | per-batch ms: h2d=1.38 cmp=2.25 d2h=1.00
[carc-orch] 151378 batches, 2688582 examples, avg_batch=16.2, fwd_busy=27%, examples/s=3768 | per-batch ms: h2d=1.36 cmp=2.28 d2h=1.00
[carc-orch] 152558 batches, 2707873 examples, avg_batch=16.3, fwd_busy=28%, examples/s=3849 | per-batch ms: h2d=1.40 cmp=2.32 d2h=1.02
[carc-orch] 153741 batches, 2726913 examples, avg_batch=16.1, fwd_busy=28%, examples/s=3799 | per-batch ms: h2d=1.37 cmp=2.29 d2h=1.00
[carc-orch] 154915 batches, 2745169 examples, avg_batch=15.6, fwd_busy=27%, examples/s=3642 | per-batch ms: h2d=1.37 cmp=2.37 d2h=0.90
[carc-orch] 156059 batches, 2763879 examples, avg_batch=16.4, fwd_busy=27%, examples/s=3731 | per-batch ms: h2d=1.39 cmp=2.24 d2h=1.02
[carc-orch] 157205 batches, 2782129 examples, avg_batch=15.9, fwd_busy=28%, examples/s=3640 | per-batch ms: h2d=1.46 cmp=2.42 d2h=0.94
[carc-orch] 158388 batches, 2800538 examples, avg_batch=15.6, fwd_busy=27%, examples/s=3673 | per-batch ms: h2d=1.38 cmp=2.32 d2h=0.89
[carc-orch] 159554 batches, 2819161 examples, avg_batch=16.0, fwd_busy=27%, examples/s=3714 | per-batch ms: h2d=1.39 cmp=2.29 d2h=0.96
[carc-orch] 160720 batches, 2838070 examples, avg_batch=16.2, fwd_busy=27%, examples/s=3767 | per-batch ms: h2d=1.40 cmp=2.26 d2h=1.00
[carc-orch] 161907 batches, 2856782 examples, avg_batch=15.8, fwd_busy=28%, examples/s=3740 | per-batch ms: h2d=1.35 cmp=2.25 d2h=1.00
[carc-orch] 163066 batches, 2875375 examples, avg_batch=16.0, fwd_busy=27%, examples/s=3703 | per-batch ms: h2d=1.38 cmp=2.31 d2h=0.99
[carc-orch] 164210 batches, 2893683 examples, avg_batch=16.0, fwd_busy=27%, examples/s=3652 | per-batch ms: h2d=1.40 cmp=2.39 d2h=0.91
[carc-orch] 165332 batches, 2911422 examples, avg_batch=15.8, fwd_busy=27%, examples/s=3544 | per-batch ms: h2d=1.45 cmp=2.35 d2h=0.94
[carc-orch] 166469 batches, 2929139 examples, avg_batch=15.6, fwd_busy=27%, examples/s=3542 | per-batch ms: h2d=1.39 cmp=2.48 d2h=0.85
[carc-orch] 167608 batches, 2946774 examples, avg_batch=15.5, fwd_busy=27%, examples/s=3522 | per-batch ms: h2d=1.42 cmp=2.36 d2h=0.87
[carc-orch] 168761 batches, 2964848 examples, avg_batch=15.7, fwd_busy=27%, examples/s=3606 | per-batch ms: h2d=1.38 cmp=2.31 d2h=0.91
[carc-orch] 169862 batches, 2981706 examples, avg_batch=15.3, fwd_busy=28%, examples/s=3371 | per-batch ms: h2d=1.62 cmp=2.65 d2h=0.80
[carc-orch] 170973 batches, 2999390 examples, avg_batch=15.9, fwd_busy=28%, examples/s=3526 | per-batch ms: h2d=1.54 cmp=2.46 d2h=0.97
[carc-orch] 172024 batches, 3014815 examples, avg_batch=14.7, fwd_busy=27%, examples/s=3084 | per-batch ms: h2d=1.53 cmp=2.95 d2h=0.65
[carc-orch] 173194 batches, 3033120 examples, avg_batch=15.6, fwd_busy=27%, examples/s=3654 | per-batch ms: h2d=1.32 cmp=2.26 d2h=0.91
[carc-orch] 174345 batches, 3051259 examples, avg_batch=15.8, fwd_busy=27%, examples/s=3620 | per-batch ms: h2d=1.42 cmp=2.36 d2h=0.94
[carc-orch] 175494 batches, 3069684 examples, avg_batch=16.0, fwd_busy=27%, examples/s=3661 | per-batch ms: h2d=1.39 cmp=2.31 d2h=0.93
[carc-orch] 176537 batches, 3085363 examples, avg_batch=15.0, fwd_busy=30%, examples/s=3127 | per-batch ms: h2d=1.83 cmp=2.93 d2h=0.86
[carc-orch] 177586 batches, 3101385 examples, avg_batch=15.3, fwd_busy=29%, examples/s=3203 | per-batch ms: h2d=1.79 cmp=2.81 d2h=0.85
[carc-orch] 178621 batches, 3117157 examples, avg_batch=15.2, fwd_busy=29%, examples/s=3147 | per-batch ms: h2d=1.82 cmp=2.86 d2h=0.86
[carc-orch] 179686 batches, 3133301 examples, avg_batch=15.2, fwd_busy=30%, examples/s=3228 | per-batch ms: h2d=1.82 cmp=2.81 d2h=0.88
[carc-orch] 180745 batches, 3149508 examples, avg_batch=15.3, fwd_busy=29%, examples/s=3231 | per-batch ms: h2d=1.74 cmp=2.82 d2h=0.86
[carc-orch] 181823 batches, 3165949 examples, avg_batch=15.3, fwd_busy=29%, examples/s=3271 | per-batch ms: h2d=1.71 cmp=2.68 d2h=0.87
[carc-orch] 182885 batches, 3182154 examples, avg_batch=15.3, fwd_busy=29%, examples/s=3230 | per-batch ms: h2d=1.76 cmp=2.77 d2h=0.92
[carc-orch] 183970 batches, 3198579 examples, avg_batch=15.1, fwd_busy=29%, examples/s=3276 | per-batch ms: h2d=1.68 cmp=2.65 d2h=0.93
[carc-orch] 185022 batches, 3214897 examples, avg_batch=15.5, fwd_busy=29%, examples/s=3256 | per-batch ms: h2d=1.76 cmp=2.83 d2h=0.92
[carc-orch] 186096 batches, 3231340 examples, avg_batch=15.3, fwd_busy=29%, examples/s=3281 | per-batch ms: h2d=1.69 cmp=2.68 d2h=0.92
[carc-orch] 187145 batches, 3247252 examples, avg_batch=15.2, fwd_busy=28%, examples/s=3180 | per-batch ms: h2d=1.71 cmp=2.70 d2h=0.89
[carc-orch] 188210 batches, 3263535 examples, avg_batch=15.3, fwd_busy=28%, examples/s=3249 | per-batch ms: h2d=1.65 cmp=2.65 d2h=0.88
[carc-orch] 189278 batches, 3280532 examples, avg_batch=15.9, fwd_busy=28%, examples/s=3384 | per-batch ms: h2d=1.59 cmp=2.53 d2h=1.01
[carc-orch] 190356 batches, 3296890 examples, avg_batch=15.2, fwd_busy=29%, examples/s=3266 | per-batch ms: h2d=1.71 cmp=2.78 d2h=0.90
[carc-orch] 191427 batches, 3313052 examples, avg_batch=15.1, fwd_busy=29%, examples/s=3229 | per-batch ms: h2d=1.71 cmp=2.77 d2h=0.88
[carc-orch] 192470 batches, 3329259 examples, avg_batch=15.5, fwd_busy=28%, examples/s=3230 | per-batch ms: h2d=1.71 cmp=2.69 d2h=0.90
[carc-orch] 193534 batches, 3345407 examples, avg_batch=15.2, fwd_busy=28%, examples/s=3222 | per-batch ms: h2d=1.66 cmp=2.63 d2h=0.86
[carc-orch] 194621 batches, 3361522 examples, avg_batch=14.8, fwd_busy=28%, examples/s=3205 | per-batch ms: h2d=1.59 cmp=2.66 d2h=0.86
[carc-orch] 195688 batches, 3377744 examples, avg_batch=15.2, fwd_busy=28%, examples/s=3239 | per-batch ms: h2d=1.68 cmp=2.62 d2h=0.92
[carc-orch] 196756 batches, 3393675 examples, avg_batch=14.9, fwd_busy=28%, examples/s=3182 | per-batch ms: h2d=1.65 cmp=2.71 d2h=0.85
[carc-orch] 197785 batches, 3409511 examples, avg_batch=15.4, fwd_busy=28%, examples/s=3164 | per-batch ms: h2d=1.75 cmp=2.74 d2h=0.92
[carc-orch] 198854 batches, 3425757 examples, avg_batch=15.2, fwd_busy=28%, examples/s=3242 | per-batch ms: h2d=1.64 cmp=2.64 d2h=0.85
[carc-orch] 199929 batches, 3441920 examples, avg_batch=15.0, fwd_busy=28%, examples/s=3226 | per-batch ms: h2d=1.69 cmp=2.69 d2h=0.85
[carc-orch] 200961 batches, 3457854 examples, avg_batch=15.4, fwd_busy=27%, examples/s=3173 | per-batch ms: h2d=1.71 cmp=2.68 d2h=0.89
[carc-orch] 202036 batches, 3473877 examples, avg_batch=14.9, fwd_busy=27%, examples/s=3201 | per-batch ms: h2d=1.51 cmp=2.61 d2h=0.82
[carc-orch] 203123 batches, 3490338 examples, avg_batch=15.1, fwd_busy=27%, examples/s=3284 | per-batch ms: h2d=1.51 cmp=2.50 d2h=0.89
[carc-orch] 204213 batches, 3506722 examples, avg_batch=15.0, fwd_busy=28%, examples/s=3271 | per-batch ms: h2d=1.58 cmp=2.62 d2h=0.87
[carc-orch] 205244 batches, 3522190 examples, avg_batch=15.0, fwd_busy=28%, examples/s=3087 | per-batch ms: h2d=1.72 cmp=2.73 d2h=0.86
[carc-orch] 206310 batches, 3538103 examples, avg_batch=14.9, fwd_busy=28%, examples/s=3182 | per-batch ms: h2d=1.69 cmp=2.65 d2h=0.85
[carc-orch] 207389 batches, 3553950 examples, avg_batch=14.7, fwd_busy=29%, examples/s=3162 | per-batch ms: h2d=1.71 cmp=2.74 d2h=0.84
[carc-orch] 208429 batches, 3569404 examples, avg_batch=14.9, fwd_busy=28%, examples/s=3089 | per-batch ms: h2d=1.75 cmp=2.73 d2h=0.83
[carc-orch] 209464 batches, 3585003 examples, avg_batch=15.1, fwd_busy=28%, examples/s=3110 | per-batch ms: h2d=1.75 cmp=2.70 d2h=0.86
[carc-orch] 210498 batches, 3600638 examples, avg_batch=15.1, fwd_busy=28%, examples/s=3122 | per-batch ms: h2d=1.76 cmp=2.75 d2h=0.93
[carc-orch] 211515 batches, 3615900 examples, avg_batch=15.0, fwd_busy=28%, examples/s=3049 | per-batch ms: h2d=1.81 cmp=2.78 d2h=0.88
[carc-orch] 212595 batches, 3631204 examples, avg_batch=14.2, fwd_busy=27%, examples/s=3056 | per-batch ms: h2d=1.53 cmp=2.61 d2h=0.74
[carc-orch] 213613 batches, 3645626 examples, avg_batch=14.2, fwd_busy=25%, examples/s=2879 | per-batch ms: h2d=1.56 cmp=2.61 d2h=0.75
[carc-orch] 214673 batches, 3660864 examples, avg_batch=14.4, fwd_busy=25%, examples/s=3047 | per-batch ms: h2d=1.51 cmp=2.49 d2h=0.75
[carc-orch] 215734 batches, 3676254 examples, avg_batch=14.5, fwd_busy=25%, examples/s=3076 | per-batch ms: h2d=1.38 cmp=2.46 d2h=0.81
[carc-orch] 216796 batches, 3691383 examples, avg_batch=14.2, fwd_busy=26%, examples/s=3026 | per-batch ms: h2d=1.49 cmp=2.58 d2h=0.81
[carc-orch] 217766 batches, 3705108 examples, avg_batch=14.1, fwd_busy=25%, examples/s=2731 | per-batch ms: h2d=1.59 cmp=2.84 d2h=0.75
[carc-orch] 218738 batches, 3718615 examples, avg_batch=13.9, fwd_busy=24%, examples/s=2700 | per-batch ms: h2d=1.55 cmp=2.61 d2h=0.73
[carc-orch] 219699 batches, 3731725 examples, avg_batch=13.6, fwd_busy=23%, examples/s=2619 | per-batch ms: h2d=1.45 cmp=2.56 d2h=0.69
[carc-orch] 220693 batches, 3745082 examples, avg_batch=13.4, fwd_busy=22%, examples/s=2666 | per-batch ms: h2d=1.37 cmp=2.43 d2h=0.68
[carc-orch] 221664 batches, 3758052 examples, avg_batch=13.4, fwd_busy=22%, examples/s=2586 | per-batch ms: h2d=1.40 cmp=2.46 d2h=0.62
[carc-orch] 222610 batches, 3770790 examples, avg_batch=13.5, fwd_busy=21%, examples/s=2545 | per-batch ms: h2d=1.37 cmp=2.43 d2h=0.66
[carc-orch] 223555 batches, 3783751 examples, avg_batch=13.7, fwd_busy=23%, examples/s=2589 | per-batch ms: h2d=1.46 cmp=2.58 d2h=0.71
[carc-orch] 224524 batches, 3796786 examples, avg_batch=13.5, fwd_busy=22%, examples/s=2602 | per-batch ms: h2d=1.38 cmp=2.51 d2h=0.69
[carc-orch] 225447 batches, 3809586 examples, avg_batch=13.9, fwd_busy=22%, examples/s=2560 | per-batch ms: h2d=1.45 cmp=2.62 d2h=0.70
[carc-orch] 226413 batches, 3822662 examples, avg_batch=13.5, fwd_busy=22%, examples/s=2607 | per-batch ms: h2d=1.35 cmp=2.42 d2h=0.70
[carc-orch] 227385 batches, 3835666 examples, avg_batch=13.4, fwd_busy=21%, examples/s=2594 | per-batch ms: h2d=1.29 cmp=2.43 d2h=0.64
[carc-orch] 228347 batches, 3848580 examples, avg_batch=13.4, fwd_busy=21%, examples/s=2575 | per-batch ms: h2d=1.31 cmp=2.47 d2h=0.65
[carc-orch] 229311 batches, 3861556 examples, avg_batch=13.5, fwd_busy=21%, examples/s=2590 | per-batch ms: h2d=1.27 cmp=2.40 d2h=0.66
[carc-orch] 230266 batches, 3874135 examples, avg_batch=13.2, fwd_busy=18%, examples/s=2511 | per-batch ms: h2d=1.07 cmp=2.11 d2h=0.62
[carc-orch] 231255 batches, 3887136 examples, avg_batch=13.1, fwd_busy=18%, examples/s=2597 | per-batch ms: h2d=0.99 cmp=2.04 d2h=0.62
[carc-orch] 232154 batches, 3898113 examples, avg_batch=12.2, fwd_busy=16%, examples/s=2193 | per-batch ms: h2d=0.91 cmp=2.03 d2h=0.56
[carc-orch] 232944 batches, 3907004 examples, avg_batch=11.3, fwd_busy=13%, examples/s=1778 | per-batch ms: h2d=0.87 cmp=1.92 d2h=0.46
[carc-orch] 233707 batches, 3914724 examples, avg_batch=10.1, fwd_busy=12%, examples/s=1541 | per-batch ms: h2d=0.78 cmp=1.89 d2h=0.42
[carc-orch] 234324 batches, 3920489 examples, avg_batch=9.3, fwd_busy=9%, examples/s=1151 | per-batch ms: h2d=0.73 cmp=1.83 d2h=0.35
[carc-orch] 234903 batches, 3925937 examples, avg_batch=9.4, fwd_busy=8%, examples/s=1090 | per-batch ms: h2d=0.72 cmp=1.84 d2h=0.33
[carc-orch] 235472 batches, 3930777 examples, avg_batch=8.5, fwd_busy=8%, examples/s=967 | per-batch ms: h2d=0.67 cmp=1.84 d2h=0.27
[carc-orch] 235991 batches, 3934626 examples, avg_batch=7.4, fwd_busy=7%, examples/s=767 | per-batch ms: h2d=0.62 cmp=1.85 d2h=0.30
[carc-orch] 236443 batches, 3938402 examples, avg_batch=8.4, fwd_busy=6%, examples/s=750 | per-batch ms: h2d=0.69 cmp=1.81 d2h=0.29
[carc-orch] 236795 batches, 3941257 examples, avg_batch=8.1, fwd_busy=6%, examples/s=563 | per-batch ms: h2d=0.77 cmp=1.88 d2h=0.59
[carc-orch] 237019 batches, 3943007 examples, avg_batch=7.8, fwd_busy=6%, examples/s=348 | per-batch ms: h2d=1.52 cmp=1.91 d2h=2.06
[carc-orch] 237239 batches, 3944708 examples, avg_batch=7.7, fwd_busy=6%, examples/s=340 | per-batch ms: h2d=1.46 cmp=1.83 d2h=2.05
[carc-orch] 237447 batches, 3946357 examples, avg_batch=7.9, fwd_busy=6%, examples/s=329 | per-batch ms: h2d=1.59 cmp=2.17 d2h=2.10
[carc-orch] 237659 batches, 3948002 examples, avg_batch=7.8, fwd_busy=7%, examples/s=325 | per-batch ms: h2d=1.50 cmp=2.80 d2h=1.97
[carc-orch] 237903 batches, 3949839 examples, avg_batch=7.5, fwd_busy=7%, examples/s=367 | per-batch ms: h2d=1.42 cmp=2.42 d2h=2.04
[carc-orch] 238143 batches, 3951612 examples, avg_batch=7.4, fwd_busy=7%, examples/s=351 | per-batch ms: h2d=1.49 cmp=2.63 d2h=1.95
[carc-orch] 238351 batches, 3953178 examples, avg_batch=7.5, fwd_busy=6%, examples/s=310 | per-batch ms: h2d=1.54 cmp=2.62 d2h=1.92
[carc-orch] 238554 batches, 3954562 examples, avg_batch=6.8, fwd_busy=0%, examples/s=6 | per-batch ms: h2d=1.42 cmp=2.36 d2h=1.89
[carc-orch] 239656 batches, 3979492 examples, avg_batch=22.6, fwd_busy=63%, examples/s=4985 | per-batch ms: h2d=4.33 cmp=3.80 d2h=3.25
[carc-orch] 240836 batches, 4006716 examples, avg_batch=23.1, fwd_busy=64%, examples/s=5423 | per-batch ms: h2d=4.01 cmp=3.43 d2h=3.30
[carc-orch] 241981 batches, 4033344 examples, avg_batch=23.3, fwd_busy=62%, examples/s=5320 | per-batch ms: h2d=4.13 cmp=3.55 d2h=3.08
[carc-orch] 243090 batches, 4058986 examples, avg_batch=23.1, fwd_busy=60%, examples/s=5127 | per-batch ms: h2d=3.94 cmp=3.80 d2h=2.93
[carc-orch] 244252 batches, 4085807 examples, avg_batch=23.1, fwd_busy=61%, examples/s=5360 | per-batch ms: h2d=3.83 cmp=3.46 d2h=3.12
[carc-orch] 245384 batches, 4111617 examples, avg_batch=22.8, fwd_busy=58%, examples/s=5160 | per-batch ms: h2d=3.76 cmp=3.50 d2h=2.87
[carc-orch] 246552 batches, 4138439 examples, avg_batch=23.0, fwd_busy=61%, examples/s=5341 | per-batch ms: h2d=3.84 cmp=3.46 d2h=3.02
[carc-orch] 247692 batches, 4164243 examples, avg_batch=22.6, fwd_busy=61%, examples/s=5153 | per-batch ms: h2d=3.89 cmp=3.54 d2h=3.20
[carc-orch] 248850 batches, 4190708 examples, avg_batch=22.9, fwd_busy=59%, examples/s=5284 | per-batch ms: h2d=3.76 cmp=3.43 d2h=2.98
[carc-orch] 250013 batches, 4216915 examples, avg_batch=22.5, fwd_busy=59%, examples/s=5238 | per-batch ms: h2d=3.68 cmp=3.42 d2h=2.89
[carc-orch] 251166 batches, 4243345 examples, avg_batch=22.9, fwd_busy=59%, examples/s=5276 | per-batch ms: h2d=3.79 cmp=3.51 d2h=2.82
[carc-orch] 252317 batches, 4269758 examples, avg_batch=22.9, fwd_busy=60%, examples/s=5264 | per-batch ms: h2d=3.86 cmp=3.43 d2h=3.01
[carc-orch] 253487 batches, 4296279 examples, avg_batch=22.7, fwd_busy=60%, examples/s=5280 | per-batch ms: h2d=3.76 cmp=3.48 d2h=2.93
[carc-orch] 254663 batches, 4322628 examples, avg_batch=22.4, fwd_busy=60%, examples/s=5264 | per-batch ms: h2d=3.71 cmp=3.39 d2h=2.95
[carc-orch] 255804 batches, 4347940 examples, avg_batch=22.2, fwd_busy=58%, examples/s=5044 | per-batch ms: h2d=3.70 cmp=3.36 d2h=2.95
[carc-orch] 257010 batches, 4375011 examples, avg_batch=22.4, fwd_busy=60%, examples/s=5405 | per-batch ms: h2d=3.56 cmp=3.42 d2h=2.82
[carc-orch] 258201 batches, 4401886 examples, avg_batch=22.6, fwd_busy=58%, examples/s=5366 | per-batch ms: h2d=3.59 cmp=3.38 d2h=2.68
[carc-orch] 259366 batches, 4427501 examples, avg_batch=22.0, fwd_busy=59%, examples/s=5102 | per-batch ms: h2d=3.65 cmp=3.41 d2h=3.01
[carc-orch] 260520 batches, 4453442 examples, avg_batch=22.5, fwd_busy=58%, examples/s=5171 | per-batch ms: h2d=3.68 cmp=3.44 d2h=2.85
[carc-orch] 261653 batches, 4478801 examples, avg_batch=22.4, fwd_busy=57%, examples/s=5066 | per-batch ms: h2d=3.60 cmp=3.38 d2h=2.97
[carc-orch] 262844 batches, 4505320 examples, avg_batch=22.3, fwd_busy=58%, examples/s=5300 | per-batch ms: h2d=3.56 cmp=3.41 d2h=2.66
[carc-orch] 264051 batches, 4531967 examples, avg_batch=22.1, fwd_busy=57%, examples/s=5323 | per-batch ms: h2d=3.50 cmp=3.40 d2h=2.40
[carc-orch] 265221 batches, 4557866 examples, avg_batch=22.1, fwd_busy=58%, examples/s=5166 | per-batch ms: h2d=3.69 cmp=3.46 d2h=2.64
[carc-orch] 266381 batches, 4583690 examples, avg_batch=22.3, fwd_busy=57%, examples/s=5155 | per-batch ms: h2d=3.69 cmp=3.47 d2h=2.63
[carc-orch] 267531 batches, 4608834 examples, avg_batch=21.9, fwd_busy=56%, examples/s=5014 | per-batch ms: h2d=3.64 cmp=3.45 d2h=2.60
[carc-orch] 268669 batches, 4634339 examples, avg_batch=22.4, fwd_busy=57%, examples/s=5093 | per-batch ms: h2d=3.64 cmp=3.37 d2h=2.82
[carc-orch] 269838 batches, 4659996 examples, avg_batch=21.9, fwd_busy=57%, examples/s=5128 | per-batch ms: h2d=3.61 cmp=3.36 d2h=2.69
[carc-orch] 270997 batches, 4685770 examples, avg_batch=22.2, fwd_busy=57%, examples/s=5130 | per-batch ms: h2d=3.58 cmp=3.43 d2h=2.79
[carc-orch] 272160 batches, 4711247 examples, avg_batch=21.9, fwd_busy=57%, examples/s=5090 | per-batch ms: h2d=3.58 cmp=3.48 d2h=2.57
[carc-orch] 273323 batches, 4736390 examples, avg_batch=21.6, fwd_busy=55%, examples/s=5019 | per-batch ms: h2d=3.43 cmp=3.30 d2h=2.62
[carc-orch] 274523 batches, 4762404 examples, avg_batch=21.7, fwd_busy=56%, examples/s=5202 | per-batch ms: h2d=3.42 cmp=3.40 d2h=2.48
[carc-orch] 275699 batches, 4788054 examples, avg_batch=21.8, fwd_busy=57%, examples/s=5113 | per-batch ms: h2d=3.58 cmp=3.40 d2h=2.62
[carc-orch] 276878 batches, 4813641 examples, avg_batch=21.7, fwd_busy=57%, examples/s=5097 | per-batch ms: h2d=3.42 cmp=3.37 d2h=2.82
[carc-orch] 278047 batches, 4838717 examples, avg_batch=21.5, fwd_busy=56%, examples/s=5009 | per-batch ms: h2d=3.46 cmp=3.36 d2h=2.60
[carc-orch] 279225 batches, 4864615 examples, avg_batch=22.0, fwd_busy=54%, examples/s=5174 | per-batch ms: h2d=3.34 cmp=3.30 d2h=2.37
[carc-orch] 280385 batches, 4890296 examples, avg_batch=22.1, fwd_busy=55%, examples/s=5135 | per-batch ms: h2d=3.49 cmp=3.30 d2h=2.61
[carc-orch] 281588 batches, 4916394 examples, avg_batch=21.7, fwd_busy=55%, examples/s=5208 | per-batch ms: h2d=3.36 cmp=3.39 d2h=2.22
[carc-orch] 282762 batches, 4941780 examples, avg_batch=21.6, fwd_busy=55%, examples/s=5073 | per-batch ms: h2d=3.39 cmp=3.42 d2h=2.39
[carc-orch] 283941 batches, 4967368 examples, avg_batch=21.7, fwd_busy=54%, examples/s=5107 | per-batch ms: h2d=3.31 cmp=3.29 d2h=2.47
[carc-orch] 285111 batches, 4992632 examples, avg_batch=21.6, fwd_busy=54%, examples/s=5047 | per-batch ms: h2d=3.40 cmp=3.33 d2h=2.42
[carc-orch] 286260 batches, 5017623 examples, avg_batch=21.8, fwd_busy=56%, examples/s=4986 | per-batch ms: h2d=3.49 cmp=3.31 d2h=2.75
[carc-orch] 287411 batches, 5041932 examples, avg_batch=21.1, fwd_busy=55%, examples/s=4861 | per-batch ms: h2d=3.47 cmp=3.48 d2h=2.51
[carc-orch] 288627 batches, 5066895 examples, avg_batch=20.5, fwd_busy=53%, examples/s=4977 | per-batch ms: h2d=3.05 cmp=3.73 d2h=1.92
[carc-orch] 289813 batches, 5092424 examples, avg_batch=21.5, fwd_busy=54%, examples/s=5086 | per-batch ms: h2d=3.33 cmp=3.42 d2h=2.32
[carc-orch] 291009 batches, 5118001 examples, avg_batch=21.4, fwd_busy=55%, examples/s=5112 | per-batch ms: h2d=3.31 cmp=3.37 d2h=2.37
[carc-orch] 292210 batches, 5143961 examples, avg_batch=21.6, fwd_busy=54%, examples/s=5173 | per-batch ms: h2d=3.18 cmp=3.34 d2h=2.38
[carc-orch] 293398 batches, 5169544 examples, avg_batch=21.5, fwd_busy=54%, examples/s=5107 | per-batch ms: h2d=3.29 cmp=3.34 d2h=2.34
[carc-orch] 294560 batches, 5194723 examples, avg_batch=21.7, fwd_busy=55%, examples/s=5030 | per-batch ms: h2d=3.36 cmp=3.34 d2h=2.62
[carc-orch] 295729 batches, 5219748 examples, avg_batch=21.4, fwd_busy=52%, examples/s=5002 | per-batch ms: h2d=3.21 cmp=3.37 d2h=2.24
[carc-orch] 296890 batches, 5244580 examples, avg_batch=21.4, fwd_busy=54%, examples/s=4961 | per-batch ms: h2d=3.34 cmp=3.41 d2h=2.38
[carc-orch] 298079 batches, 5269664 examples, avg_batch=21.1, fwd_busy=53%, examples/s=4998 | per-batch ms: h2d=3.14 cmp=3.35 d2h=2.42
[carc-orch] 299274 batches, 5295247 examples, avg_batch=21.4, fwd_busy=53%, examples/s=5092 | per-batch ms: h2d=3.21 cmp=3.32 d2h=2.28
[carc-orch] 300471 batches, 5321016 examples, avg_batch=21.5, fwd_busy=54%, examples/s=5153 | per-batch ms: h2d=3.25 cmp=3.34 d2h=2.28
[carc-orch] 301648 batches, 5345717 examples, avg_batch=21.0, fwd_busy=53%, examples/s=4920 | per-batch ms: h2d=3.30 cmp=3.42 d2h=2.21
[carc-orch] 302850 batches, 5370938 examples, avg_batch=21.0, fwd_busy=53%, examples/s=5029 | per-batch ms: h2d=3.17 cmp=3.52 d2h=2.06
[carc-orch] 304022 batches, 5395678 examples, avg_batch=21.1, fwd_busy=54%, examples/s=4946 | per-batch ms: h2d=3.37 cmp=3.51 d2h=2.23
[carc-orch] 305202 batches, 5420670 examples, avg_batch=21.2, fwd_busy=54%, examples/s=4984 | per-batch ms: h2d=3.27 cmp=3.41 d2h=2.34
[carc-orch] 306395 batches, 5445836 examples, avg_batch=21.1, fwd_busy=54%, examples/s=5030 | per-batch ms: h2d=3.23 cmp=3.44 d2h=2.25
[carc-orch] 307618 batches, 5471086 examples, avg_batch=20.6, fwd_busy=53%, examples/s=5037 | per-batch ms: h2d=3.04 cmp=3.33 d2h=2.16
[carc-orch] 308830 batches, 5496177 examples, avg_batch=20.7, fwd_busy=53%, examples/s=5015 | per-batch ms: h2d=3.09 cmp=3.24 d2h=2.24
[carc-orch] 310018 batches, 5521388 examples, avg_batch=21.2, fwd_busy=53%, examples/s=5031 | per-batch ms: h2d=3.25 cmp=3.39 d2h=2.23
[carc-orch] 311208 batches, 5546462 examples, avg_batch=21.1, fwd_busy=55%, examples/s=5010 | per-batch ms: h2d=3.30 cmp=3.39 d2h=2.40
[carc-orch] 312423 batches, 5571526 examples, avg_batch=20.6, fwd_busy=51%, examples/s=4991 | per-batch ms: h2d=3.05 cmp=3.30 d2h=1.98
[carc-orch] 313616 batches, 5596649 examples, avg_batch=21.1, fwd_busy=51%, examples/s=5014 | per-batch ms: h2d=3.10 cmp=3.35 d2h=2.06
[carc-orch] 314845 batches, 5622175 examples, avg_batch=20.8, fwd_busy=53%, examples/s=5088 | per-batch ms: h2d=3.00 cmp=3.36 d2h=2.11
[carc-orch] 316043 batches, 5647480 examples, avg_batch=21.1, fwd_busy=54%, examples/s=5046 | per-batch ms: h2d=3.25 cmp=3.42 d2h=2.23
[carc-orch] 317236 batches, 5672682 examples, avg_batch=21.1, fwd_busy=51%, examples/s=5026 | per-batch ms: h2d=3.16 cmp=3.24 d2h=2.10
[carc-orch] 318437 batches, 5697862 examples, avg_batch=21.0, fwd_busy=50%, examples/s=5019 | per-batch ms: h2d=3.01 cmp=3.25 d2h=2.03
[carc-orch] 319630 batches, 5722579 examples, avg_batch=20.7, fwd_busy=52%, examples/s=4929 | per-batch ms: h2d=3.06 cmp=3.37 d2h=2.19
[carc-orch] 320821 batches, 5747083 examples, avg_batch=20.6, fwd_busy=51%, examples/s=4887 | per-batch ms: h2d=3.06 cmp=3.24 d2h=2.25
[carc-orch] 322034 batches, 5772610 examples, avg_batch=21.0, fwd_busy=52%, examples/s=5082 | per-batch ms: h2d=3.04 cmp=3.35 d2h=2.18
[carc-orch] 323262 batches, 5797428 examples, avg_batch=20.2, fwd_busy=52%, examples/s=4944 | per-batch ms: h2d=2.92 cmp=3.50 d2h=1.93
[carc-orch] 324486 batches, 5822553 examples, avg_batch=20.5, fwd_busy=52%, examples/s=5017 | per-batch ms: h2d=2.98 cmp=3.28 d2h=2.07
[carc-orch] 325677 batches, 5847413 examples, avg_batch=20.9, fwd_busy=50%, examples/s=4956 | per-batch ms: h2d=3.02 cmp=3.32 d2h=2.05
[carc-orch] 326890 batches, 5872430 examples, avg_batch=20.6, fwd_busy=50%, examples/s=4993 | per-batch ms: h2d=2.89 cmp=3.23 d2h=2.04
[carc-orch] 328099 batches, 5897368 examples, avg_batch=20.6, fwd_busy=51%, examples/s=4986 | per-batch ms: h2d=2.98 cmp=3.26 d2h=2.15
[carc-orch] 329290 batches, 5922107 examples, avg_batch=20.8, fwd_busy=51%, examples/s=4929 | per-batch ms: h2d=3.09 cmp=3.21 d2h=2.23
[carc-orch] 330503 batches, 5947306 examples, avg_batch=20.8, fwd_busy=52%, examples/s=5030 | per-batch ms: h2d=3.01 cmp=3.34 d2h=2.05
[carc-orch] 331740 batches, 5972437 examples, avg_batch=20.3, fwd_busy=51%, examples/s=5014 | per-batch ms: h2d=2.93 cmp=3.38 d2h=1.88
[carc-orch] 332925 batches, 5997050 examples, avg_batch=20.8, fwd_busy=51%, examples/s=4906 | per-batch ms: h2d=3.07 cmp=3.26 d2h=2.21
[carc-orch] 334150 batches, 6022165 examples, avg_batch=20.5, fwd_busy=52%, examples/s=5019 | per-batch ms: h2d=3.00 cmp=3.38 d2h=1.99
[carc-orch] 335384 batches, 6047558 examples, avg_batch=20.6, fwd_busy=52%, examples/s=5070 | per-batch ms: h2d=2.98 cmp=3.30 d2h=2.01
[carc-orch] 336599 batches, 6072254 examples, avg_batch=20.3, fwd_busy=52%, examples/s=4934 | per-batch ms: h2d=2.96 cmp=3.45 d2h=1.99
[carc-orch] 337818 batches, 6097440 examples, avg_batch=20.7, fwd_busy=50%, examples/s=5028 | per-batch ms: h2d=2.90 cmp=3.28 d2h=2.01
[carc-orch] 339014 batches, 6122212 examples, avg_batch=20.7, fwd_busy=51%, examples/s=4950 | per-batch ms: h2d=2.95 cmp=3.30 d2h=2.12
[carc-orch] 340241 batches, 6147281 examples, avg_batch=20.4, fwd_busy=52%, examples/s=5011 | per-batch ms: h2d=2.99 cmp=3.23 d2h=2.20
[carc-orch] 341457 batches, 6172003 examples, avg_batch=20.3, fwd_busy=52%, examples/s=4941 | per-batch ms: h2d=3.03 cmp=3.38 d2h=2.09
[carc-orch] 342682 batches, 6197090 examples, avg_batch=20.5, fwd_busy=51%, examples/s=5011 | per-batch ms: h2d=2.95 cmp=3.28 d2h=1.95
[carc-orch] 343902 batches, 6221919 examples, avg_batch=20.4, fwd_busy=50%, examples/s=4958 | per-batch ms: h2d=2.89 cmp=3.30 d2h=1.85
[carc-orch] 345105 batches, 6246769 examples, avg_batch=20.7, fwd_busy=51%, examples/s=4968 | per-batch ms: h2d=3.02 cmp=3.19 d2h=2.10
[carc-orch] 346339 batches, 6272115 examples, avg_batch=20.5, fwd_busy=50%, examples/s=5048 | per-batch ms: h2d=2.84 cmp=3.24 d2h=1.93
[carc-orch] 347559 batches, 6297176 examples, avg_batch=20.5, fwd_busy=51%, examples/s=5001 | per-batch ms: h2d=3.00 cmp=3.33 d2h=1.95
[carc-orch] 348788 batches, 6322526 examples, avg_batch=20.6, fwd_busy=51%, examples/s=5057 | per-batch ms: h2d=2.98 cmp=3.28 d2h=1.92
[carc-orch] 350016 batches, 6347871 examples, avg_batch=20.6, fwd_busy=52%, examples/s=5035 | per-batch ms: h2d=3.03 cmp=3.42 d2h=1.90
[carc-orch] 351228 batches, 6373272 examples, avg_batch=21.0, fwd_busy=51%, examples/s=5073 | per-batch ms: h2d=3.04 cmp=3.26 d2h=2.08
[carc-orch] 352446 batches, 6398324 examples, avg_batch=20.6, fwd_busy=52%, examples/s=5005 | per-batch ms: h2d=3.00 cmp=3.33 d2h=2.04
[carc-orch] 353671 batches, 6422731 examples, avg_batch=19.9, fwd_busy=51%, examples/s=4864 | per-batch ms: h2d=2.98 cmp=3.43 d2h=1.88
[carc-orch] 354894 batches, 6447633 examples, avg_batch=20.4, fwd_busy=52%, examples/s=4969 | per-batch ms: h2d=2.98 cmp=3.34 d2h=2.02
[carc-orch] 356127 batches, 6472727 examples, avg_batch=20.4, fwd_busy=51%, examples/s=5004 | per-batch ms: h2d=2.96 cmp=3.36 d2h=1.95
[carc-orch] 357342 batches, 6497387 examples, avg_batch=20.3, fwd_busy=51%, examples/s=4924 | per-batch ms: h2d=2.99 cmp=3.30 d2h=2.02
[carc-orch] 358584 batches, 6522701 examples, avg_batch=20.4, fwd_busy=51%, examples/s=5056 | per-batch ms: h2d=2.89 cmp=3.19 d2h=2.00
[carc-orch] 359778 batches, 6547284 examples, avg_batch=20.6, fwd_busy=50%, examples/s=4898 | per-batch ms: h2d=2.96 cmp=3.33 d2h=1.98
[carc-orch] 361010 batches, 6572140 examples, avg_batch=20.2, fwd_busy=49%, examples/s=4966 | per-batch ms: h2d=2.76 cmp=3.25 d2h=1.83
[carc-orch] 362246 batches, 6596521 examples, avg_batch=19.7, fwd_busy=49%, examples/s=4874 | per-batch ms: h2d=2.71 cmp=3.20 d2h=1.86
[carc-orch] 363489 batches, 6621302 examples, avg_batch=19.9, fwd_busy=47%, examples/s=4945 | per-batch ms: h2d=2.60 cmp=3.21 d2h=1.73
[carc-orch] 364678 batches, 6645792 examples, avg_batch=20.6, fwd_busy=48%, examples/s=4886 | per-batch ms: h2d=2.84 cmp=3.23 d2h=2.00
[carc-orch] 365898 batches, 6670430 examples, avg_batch=20.2, fwd_busy=47%, examples/s=4922 | per-batch ms: h2d=2.73 cmp=3.16 d2h=1.77
[carc-orch] 367134 batches, 6695118 examples, avg_batch=20.0, fwd_busy=49%, examples/s=4923 | per-batch ms: h2d=2.71 cmp=3.23 d2h=1.86
[carc-orch] 368363 batches, 6719974 examples, avg_batch=20.2, fwd_busy=48%, examples/s=4962 | per-batch ms: h2d=2.72 cmp=3.24 d2h=1.83
[carc-orch] 369592 batches, 6744632 examples, avg_batch=20.1, fwd_busy=49%, examples/s=4928 | per-batch ms: h2d=2.72 cmp=3.22 d2h=1.90
[carc-orch] 370809 batches, 6769042 examples, avg_batch=20.1, fwd_busy=49%, examples/s=4873 | per-batch ms: h2d=2.79 cmp=3.24 d2h=1.93
[carc-orch] 372019 batches, 6793575 examples, avg_batch=20.3, fwd_busy=48%, examples/s=4894 | per-batch ms: h2d=2.74 cmp=3.27 d2h=1.87
[carc-orch] 373249 batches, 6817859 examples, avg_batch=19.7, fwd_busy=48%, examples/s=4853 | per-batch ms: h2d=2.70 cmp=3.21 d2h=1.87
[carc-orch] 374461 batches, 6841970 examples, avg_batch=19.9, fwd_busy=47%, examples/s=4814 | per-batch ms: h2d=2.69 cmp=3.13 d2h=1.90
[carc-orch] 375677 batches, 6865969 examples, avg_batch=19.7, fwd_busy=48%, examples/s=4792 | per-batch ms: h2d=2.73 cmp=3.28 d2h=1.86
[carc-orch] 376892 batches, 6890308 examples, avg_batch=20.0, fwd_busy=49%, examples/s=4865 | per-batch ms: h2d=2.75 cmp=3.26 d2h=1.94
[carc-orch] 378099 batches, 6913996 examples, avg_batch=19.6, fwd_busy=47%, examples/s=4724 | per-batch ms: h2d=2.59 cmp=3.43 d2h=1.69
[carc-orch] 379321 batches, 6938405 examples, avg_batch=20.0, fwd_busy=47%, examples/s=4871 | per-batch ms: h2d=2.61 cmp=3.22 d2h=1.74
[carc-orch] 380529 batches, 6962533 examples, avg_batch=20.0, fwd_busy=48%, examples/s=4804 | per-batch ms: h2d=2.74 cmp=3.23 d2h=1.91
[carc-orch] 381742 batches, 6986848 examples, avg_batch=20.0, fwd_busy=47%, examples/s=4849 | per-batch ms: h2d=2.68 cmp=3.25 d2h=1.82
[carc-orch] 382960 batches, 7011003 examples, avg_batch=19.8, fwd_busy=47%, examples/s=4825 | per-batch ms: h2d=2.71 cmp=3.15 d2h=1.80
[carc-orch] 384191 batches, 7035276 examples, avg_batch=19.7, fwd_busy=47%, examples/s=4847 | per-batch ms: h2d=2.61 cmp=3.23 d2h=1.69
[carc-orch] 385397 batches, 7059266 examples, avg_batch=19.9, fwd_busy=46%, examples/s=4798 | per-batch ms: h2d=2.61 cmp=3.31 d2h=1.65
[carc-orch] 386595 batches, 7083323 examples, avg_batch=20.1, fwd_busy=46%, examples/s=4800 | per-batch ms: h2d=2.72 cmp=3.25 d2h=1.67
[carc-orch] 387787 batches, 7106822 examples, avg_batch=19.7, fwd_busy=47%, examples/s=4681 | per-batch ms: h2d=2.74 cmp=3.36 d2h=1.68
[carc-orch] 388986 batches, 7130126 examples, avg_batch=19.4, fwd_busy=48%, examples/s=4650 | per-batch ms: h2d=2.71 cmp=3.41 d2h=1.75
[carc-orch] 390195 batches, 7153417 examples, avg_batch=19.3, fwd_busy=47%, examples/s=4652 | per-batch ms: h2d=2.68 cmp=3.41 d2h=1.64
[carc-orch] 391390 batches, 7177051 examples, avg_batch=19.8, fwd_busy=48%, examples/s=4720 | per-batch ms: h2d=2.84 cmp=3.44 d2h=1.71
[carc-orch] 392572 batches, 7200378 examples, avg_batch=19.7, fwd_busy=48%, examples/s=4650 | per-batch ms: h2d=2.88 cmp=3.44 d2h=1.72
[carc-orch] 393809 batches, 7223995 examples, avg_batch=19.1, fwd_busy=46%, examples/s=4711 | per-batch ms: h2d=2.52 cmp=3.33 d2h=1.54
[carc-orch] 395024 batches, 7248009 examples, avg_batch=19.8, fwd_busy=47%, examples/s=4782 | per-batch ms: h2d=2.66 cmp=3.24 d2h=1.70
[carc-orch] 396265 batches, 7272007 examples, avg_batch=19.3, fwd_busy=46%, examples/s=4787 | per-batch ms: h2d=2.48 cmp=3.19 d2h=1.65
[carc-orch] 396497 batches, 7276588 examples, avg_batch=19.7, fwd_busy=1%, examples/s=131 | per-batch ms: h2d=2.69 cmp=3.13 d2h=1.92
[carc-orch] 397451 batches, 7300402 examples, avg_batch=25.0, fwd_busy=88%, examples/s=4756 | per-batch ms: h2d=8.83 cmp=6.14 d2h=3.34
[carc-orch] 398432 batches, 7325129 examples, avg_batch=25.2, fwd_busy=89%, examples/s=4929 | per-batch ms: h2d=9.46 cmp=4.96 d2h=3.48
[carc-orch] 399391 batches, 7350305 examples, avg_batch=26.3, fwd_busy=85%, examples/s=5028 | per-batch ms: h2d=9.27 cmp=5.11 d2h=3.16
[carc-orch] 400382 batches, 7376072 examples, avg_batch=26.0, fwd_busy=85%, examples/s=5153 | per-batch ms: h2d=8.88 cmp=4.78 d2h=3.32
[carc-orch] 401375 batches, 7401927 examples, avg_batch=26.0, fwd_busy=86%, examples/s=5134 | per-batch ms: h2d=8.96 cmp=4.79 d2h=3.44
[carc-orch] 402365 batches, 7427446 examples, avg_batch=25.8, fwd_busy=86%, examples/s=5095 | per-batch ms: h2d=8.69 cmp=4.68 d2h=3.80
[carc-orch] 403351 batches, 7453185 examples, avg_batch=26.1, fwd_busy=86%, examples/s=5137 | per-batch ms: h2d=8.95 cmp=4.61 d2h=3.78
[carc-orch] 404336 batches, 7478858 examples, avg_batch=26.1, fwd_busy=85%, examples/s=5122 | per-batch ms: h2d=8.70 cmp=4.64 d2h=3.63
[carc-orch] 405326 batches, 7504483 examples, avg_batch=25.9, fwd_busy=82%, examples/s=5116 | per-batch ms: h2d=8.47 cmp=4.55 d2h=3.45
[carc-orch] 406316 batches, 7529939 examples, avg_batch=25.7, fwd_busy=85%, examples/s=5085 | per-batch ms: h2d=8.76 cmp=4.73 d2h=3.48
[carc-orch] 407333 batches, 7555597 examples, avg_batch=25.2, fwd_busy=86%, examples/s=5115 | per-batch ms: h2d=8.63 cmp=4.71 d2h=3.50
[carc-orch] 408315 batches, 7580755 examples, avg_batch=25.6, fwd_busy=86%, examples/s=5023 | per-batch ms: h2d=8.92 cmp=4.82 d2h=3.68
[carc-orch] 409288 batches, 7606269 examples, avg_batch=26.2, fwd_busy=83%, examples/s=5102 | per-batch ms: h2d=8.77 cmp=4.70 d2h=3.44
[carc-orch] 410293 batches, 7631855 examples, avg_batch=25.5, fwd_busy=86%, examples/s=5116 | per-batch ms: h2d=8.78 cmp=4.65 d2h=3.54
[carc-orch] 411281 batches, 7657306 examples, avg_batch=25.8, fwd_busy=85%, examples/s=5081 | per-batch ms: h2d=8.80 cmp=4.73 d2h=3.59
[carc-orch] 412244 batches, 7681687 examples, avg_batch=25.3, fwd_busy=81%, examples/s=4873 | per-batch ms: h2d=8.35 cmp=4.73 d2h=3.49
[carc-orch] 413248 batches, 7707728 examples, avg_batch=25.9, fwd_busy=85%, examples/s=5199 | per-batch ms: h2d=8.59 cmp=4.51 d2h=3.70
[carc-orch] 414208 batches, 7732482 examples, avg_batch=25.8, fwd_busy=85%, examples/s=4939 | per-batch ms: h2d=9.04 cmp=4.82 d2h=3.71
[carc-orch] 415199 batches, 7757884 examples, avg_batch=25.6, fwd_busy=85%, examples/s=5066 | per-batch ms: h2d=8.68 cmp=4.61 d2h=3.74
[carc-orch] 416212 batches, 7783506 examples, avg_batch=25.3, fwd_busy=85%, examples/s=5114 | per-batch ms: h2d=8.41 cmp=4.57 d2h=3.70
[carc-orch] 417188 batches, 7809100 examples, avg_batch=26.2, fwd_busy=82%, examples/s=5118 | per-batch ms: h2d=8.59 cmp=4.53 d2h=3.58
[carc-orch] 418186 batches, 7834547 examples, avg_batch=25.5, fwd_busy=86%, examples/s=5075 | per-batch ms: h2d=8.59 cmp=4.49 d2h=3.96
[carc-orch] 419168 batches, 7859407 examples, avg_batch=25.3, fwd_busy=82%, examples/s=4961 | per-batch ms: h2d=8.38 cmp=4.66 d2h=3.56
[carc-orch] 420136 batches, 7884630 examples, avg_batch=26.1, fwd_busy=83%, examples/s=5033 | per-batch ms: h2d=8.87 cmp=4.70 d2h=3.56
[carc-orch] 421119 batches, 7909602 examples, avg_batch=25.4, fwd_busy=86%, examples/s=4989 | per-batch ms: h2d=8.79 cmp=4.62 d2h=3.82
[carc-orch] 422081 batches, 7933986 examples, avg_batch=25.3, fwd_busy=82%, examples/s=4867 | per-batch ms: h2d=8.45 cmp=5.35 d2h=3.17
[carc-orch] 423058 batches, 7958831 examples, avg_batch=25.4, fwd_busy=83%, examples/s=4959 | per-batch ms: h2d=8.58 cmp=4.70 d2h=3.65
[carc-orch] 424024 batches, 7983241 examples, avg_batch=25.3, fwd_busy=83%, examples/s=4870 | per-batch ms: h2d=8.66 cmp=4.90 d2h=3.48
[carc-orch] 425009 batches, 8008306 examples, avg_batch=25.4, fwd_busy=84%, examples/s=4989 | per-batch ms: h2d=8.73 cmp=4.81 d2h=3.45
[carc-orch] 425991 batches, 8033253 examples, avg_batch=25.4, fwd_busy=83%, examples/s=4988 | per-batch ms: h2d=8.42 cmp=4.81 d2h=3.38
[carc-orch] 426956 batches, 8057709 examples, avg_batch=25.3, fwd_busy=81%, examples/s=4883 | per-batch ms: h2d=8.40 cmp=4.81 d2h=3.39
[carc-orch] 427928 batches, 8082288 examples, avg_batch=25.3, fwd_busy=84%, examples/s=4891 | per-batch ms: h2d=8.91 cmp=4.92 d2h=3.35
[carc-orch] 428800 batches, 8104981 examples, avg_batch=26.0, fwd_busy=78%, examples/s=4522 | per-batch ms: h2d=9.44 cmp=5.10 d2h=3.12
[carc-orch] 429736 batches, 8128591 examples, avg_batch=25.2, fwd_busy=83%, examples/s=4705 | per-batch ms: h2d=9.21 cmp=5.08 d2h=3.31
[carc-orch] 430772 batches, 8154813 examples, avg_batch=25.3, fwd_busy=82%, examples/s=5233 | per-batch ms: h2d=7.63 cmp=4.66 d2h=3.45
[carc-orch] 431846 batches, 8181661 examples, avg_batch=25.0, fwd_busy=85%, examples/s=5339 | per-batch ms: h2d=7.56 cmp=4.67 d2h=3.49
[carc-orch] 432918 batches, 8208401 examples, avg_batch=24.9, fwd_busy=85%, examples/s=5338 | per-batch ms: h2d=7.49 cmp=4.84 d2h=3.40
[carc-orch] 433976 batches, 8234841 examples, avg_batch=25.0, fwd_busy=82%, examples/s=5286 | per-batch ms: h2d=7.19 cmp=4.61 d2h=3.46
[carc-orch] 435071 batches, 8261832 examples, avg_batch=24.6, fwd_busy=85%, examples/s=5383 | per-batch ms: h2d=7.26 cmp=4.63 d2h=3.47
[carc-orch] 436152 batches, 8288650 examples, avg_batch=24.8, fwd_busy=84%, examples/s=5361 | per-batch ms: h2d=7.13 cmp=4.48 d2h=3.70
[carc-orch] 437224 batches, 8315473 examples, avg_batch=25.0, fwd_busy=84%, examples/s=5362 | per-batch ms: h2d=7.36 cmp=4.65 d2h=3.42
[carc-orch] 438305 batches, 8342532 examples, avg_batch=25.0, fwd_busy=84%, examples/s=5405 | per-batch ms: h2d=7.40 cmp=4.51 d2h=3.56
[carc-orch] 439368 batches, 8369240 examples, avg_batch=25.1, fwd_busy=84%, examples/s=5336 | per-batch ms: h2d=7.51 cmp=4.66 d2h=3.41
[carc-orch] 440427 batches, 8395796 examples, avg_batch=25.1, fwd_busy=83%, examples/s=5284 | per-batch ms: h2d=7.43 cmp=4.71 d2h=3.42
[carc-orch] 441502 batches, 8422589 examples, avg_batch=24.9, fwd_busy=80%, examples/s=5337 | per-batch ms: h2d=6.92 cmp=4.58 d2h=3.19
[carc-orch] 442594 batches, 8449887 examples, avg_batch=25.0, fwd_busy=82%, examples/s=5439 | per-batch ms: h2d=6.99 cmp=4.65 d2h=3.29
[carc-orch] 443658 batches, 8476447 examples, avg_batch=25.0, fwd_busy=83%, examples/s=5302 | per-batch ms: h2d=7.27 cmp=4.79 d2h=3.40
[carc-orch] 444761 batches, 8503709 examples, avg_batch=24.7, fwd_busy=83%, examples/s=5449 | per-batch ms: h2d=6.94 cmp=4.60 d2h=3.31
[carc-orch] 445860 batches, 8530985 examples, avg_batch=24.8, fwd_busy=84%, examples/s=5442 | per-batch ms: h2d=7.03 cmp=4.53 d2h=3.52
[carc-orch] 446932 batches, 8558069 examples, avg_batch=25.3, fwd_busy=82%, examples/s=5397 | per-batch ms: h2d=7.19 cmp=4.62 d2h=3.38
[carc-orch] 448025 batches, 8585084 examples, avg_batch=24.7, fwd_busy=83%, examples/s=5399 | per-batch ms: h2d=6.77 cmp=4.57 d2h=3.64
[carc-orch] 449126 batches, 8611620 examples, avg_batch=24.1, fwd_busy=82%, examples/s=5281 | per-batch ms: h2d=6.80 cmp=4.58 d2h=3.39
[carc-orch] 450239 batches, 8639147 examples, avg_batch=24.7, fwd_busy=83%, examples/s=5495 | per-batch ms: h2d=6.79 cmp=4.51 d2h=3.46
[carc-orch] 451351 batches, 8666365 examples, avg_batch=24.5, fwd_busy=85%, examples/s=5432 | per-batch ms: h2d=7.01 cmp=4.60 d2h=3.55
[carc-orch] 452412 batches, 8693014 examples, avg_batch=25.1, fwd_busy=83%, examples/s=5326 | per-batch ms: h2d=7.35 cmp=4.64 d2h=3.44
[carc-orch] 453493 batches, 8720075 examples, avg_batch=25.0, fwd_busy=80%, examples/s=5396 | per-batch ms: h2d=7.02 cmp=4.55 d2h=3.18
[carc-orch] 454570 batches, 8746935 examples, avg_batch=24.9, fwd_busy=80%, examples/s=5354 | per-batch ms: h2d=6.97 cmp=4.63 d2h=3.16
[carc-orch] 455682 batches, 8773702 examples, avg_batch=24.1, fwd_busy=83%, examples/s=5340 | per-batch ms: h2d=6.75 cmp=4.63 d2h=3.43
[carc-orch] 456743 batches, 8799923 examples, avg_batch=24.7, fwd_busy=78%, examples/s=5228 | per-batch ms: h2d=6.82 cmp=4.58 d2h=3.21
[carc-orch] 457811 batches, 8826423 examples, avg_batch=24.8, fwd_busy=82%, examples/s=5297 | per-batch ms: h2d=7.35 cmp=4.57 d2h=3.30
[carc-orch] 458885 batches, 8853112 examples, avg_batch=24.9, fwd_busy=80%, examples/s=5323 | per-batch ms: h2d=7.07 cmp=4.68 d2h=3.08
[carc-orch] 459957 batches, 8879489 examples, avg_batch=24.6, fwd_busy=82%, examples/s=5275 | per-batch ms: h2d=7.09 cmp=4.58 d2h=3.41
[carc-orch] 461014 batches, 8905588 examples, avg_batch=24.7, fwd_busy=80%, examples/s=5210 | per-batch ms: h2d=7.05 cmp=4.71 d2h=3.23
[carc-orch] 462081 batches, 8931994 examples, avg_batch=24.7, fwd_busy=80%, examples/s=5273 | per-batch ms: h2d=6.91 cmp=4.71 d2h=3.23
[carc-orch] 463155 batches, 8958883 examples, avg_batch=25.0, fwd_busy=80%, examples/s=5363 | per-batch ms: h2d=6.92 cmp=4.49 d2h=3.29
[carc-orch] 464203 batches, 8984674 examples, avg_batch=24.6, fwd_busy=78%, examples/s=5137 | per-batch ms: h2d=7.08 cmp=4.69 d2h=3.02
[carc-orch] 465270 batches, 9011139 examples, avg_batch=24.8, fwd_busy=81%, examples/s=5271 | per-batch ms: h2d=7.08 cmp=4.63 d2h=3.37
[carc-orch] 466342 batches, 9037461 examples, avg_batch=24.6, fwd_busy=82%, examples/s=5241 | per-batch ms: h2d=7.27 cmp=4.54 d2h=3.35
[carc-orch] 467430 batches, 9064275 examples, avg_batch=24.6, fwd_busy=82%, examples/s=5355 | per-batch ms: h2d=7.00 cmp=4.48 d2h=3.44
[carc-orch] 468492 batches, 9090278 examples, avg_batch=24.5, fwd_busy=81%, examples/s=5196 | per-batch ms: h2d=6.90 cmp=4.80 d2h=3.28
[carc-orch] 469565 batches, 9116767 examples, avg_batch=24.7, fwd_busy=80%, examples/s=5288 | per-batch ms: h2d=6.84 cmp=4.57 d2h=3.31
[carc-orch] 470642 batches, 9142672 examples, avg_batch=24.1, fwd_busy=83%, examples/s=5167 | per-batch ms: h2d=7.19 cmp=4.80 d2h=3.27
[carc-orch] 471695 batches, 9168225 examples, avg_batch=24.3, fwd_busy=80%, examples/s=5103 | per-batch ms: h2d=7.11 cmp=4.77 d2h=3.19
[carc-orch] 472752 batches, 9194450 examples, avg_batch=24.8, fwd_busy=78%, examples/s=5233 | per-batch ms: h2d=6.88 cmp=4.76 d2h=2.90
[carc-orch] 473795 batches, 9219919 examples, avg_batch=24.4, fwd_busy=80%, examples/s=5079 | per-batch ms: h2d=7.23 cmp=4.88 d2h=3.07
[carc-orch] 474873 batches, 9245625 examples, avg_batch=23.8, fwd_busy=80%, examples/s=5139 | per-batch ms: h2d=6.72 cmp=4.84 d2h=3.07
[carc-orch] 475913 batches, 9270836 examples, avg_batch=24.2, fwd_busy=78%, examples/s=5041 | per-batch ms: h2d=7.02 cmp=5.11 d2h=2.61
[carc-orch] 476962 batches, 9296410 examples, avg_batch=24.4, fwd_busy=78%, examples/s=5102 | per-batch ms: h2d=6.92 cmp=4.82 d2h=3.03
[carc-orch] 478042 batches, 9322580 examples, avg_batch=24.2, fwd_busy=80%, examples/s=5232 | per-batch ms: h2d=6.93 cmp=4.72 d2h=3.07
[carc-orch] 479102 batches, 9348527 examples, avg_batch=24.5, fwd_busy=80%, examples/s=5178 | per-batch ms: h2d=6.95 cmp=4.68 d2h=3.32
[carc-orch] 480220 batches, 9375627 examples, avg_batch=24.2, fwd_busy=79%, examples/s=5405 | per-batch ms: h2d=6.24 cmp=4.72 d2h=3.02
[carc-orch] 481347 batches, 9402723 examples, avg_batch=24.0, fwd_busy=79%, examples/s=5404 | per-batch ms: h2d=6.16 cmp=4.56 d2h=3.21
[carc-orch] 482470 batches, 9429923 examples, avg_batch=24.2, fwd_busy=80%, examples/s=5433 | per-batch ms: h2d=6.25 cmp=4.67 d2h=3.16
[carc-orch] 483581 batches, 9456862 examples, avg_batch=24.2, fwd_busy=79%, examples/s=5376 | per-batch ms: h2d=6.30 cmp=4.75 d2h=3.07
[carc-orch] 484691 batches, 9483996 examples, avg_batch=24.4, fwd_busy=77%, examples/s=5420 | per-batch ms: h2d=6.29 cmp=4.69 d2h=2.81
[carc-orch] 485821 batches, 9511416 examples, avg_batch=24.3, fwd_busy=79%, examples/s=5471 | per-batch ms: h2d=6.16 cmp=4.73 d2h=3.03
[carc-orch] 486957 batches, 9538450 examples, avg_batch=23.8, fwd_busy=79%, examples/s=5379 | per-batch ms: h2d=6.01 cmp=4.77 d2h=3.10
[carc-orch] 488088 batches, 9565411 examples, avg_batch=23.8, fwd_busy=77%, examples/s=5376 | per-batch ms: h2d=5.95 cmp=4.74 d2h=2.88
[carc-orch] 489215 batches, 9592561 examples, avg_batch=24.1, fwd_busy=79%, examples/s=5421 | per-batch ms: h2d=6.16 cmp=4.63 d2h=2.98
[carc-orch] 490327 batches, 9619839 examples, avg_batch=24.5, fwd_busy=77%, examples/s=5447 | per-batch ms: h2d=6.23 cmp=4.64 d2h=2.90
[carc-orch] 491442 batches, 9646443 examples, avg_batch=23.9, fwd_busy=77%, examples/s=5311 | per-batch ms: h2d=6.09 cmp=4.73 d2h=2.84
[carc-orch] 492570 batches, 9673547 examples, avg_batch=24.0, fwd_busy=78%, examples/s=5389 | per-batch ms: h2d=6.19 cmp=4.74 d2h=2.80
[carc-orch] 493698 batches, 9700764 examples, avg_batch=24.1, fwd_busy=79%, examples/s=5428 | per-batch ms: h2d=6.08 cmp=4.67 d2h=3.03
[carc-orch] 494824 batches, 9727879 examples, avg_batch=24.1, fwd_busy=76%, examples/s=5414 | per-batch ms: h2d=5.86 cmp=4.61 d2h=2.86
[carc-orch] 495958 batches, 9754999 examples, avg_batch=23.9, fwd_busy=77%, examples/s=5422 | per-batch ms: h2d=5.89 cmp=4.65 d2h=2.96
[carc-orch] 497067 batches, 9781971 examples, avg_batch=24.3, fwd_busy=78%, examples/s=5375 | per-batch ms: h2d=6.18 cmp=4.70 d2h=3.05
[carc-orch] 498196 batches, 9808719 examples, avg_batch=23.7, fwd_busy=77%, examples/s=5335 | per-batch ms: h2d=5.90 cmp=4.74 d2h=2.81
[carc-orch] 499344 batches, 9836070 examples, avg_batch=23.8, fwd_busy=76%, examples/s=5460 | per-batch ms: h2d=5.65 cmp=4.75 d2h=2.66
[carc-orch] 500504 batches, 9863645 examples, avg_batch=23.8, fwd_busy=79%, examples/s=5482 | per-batch ms: h2d=5.94 cmp=4.78 d2h=2.79
[carc-orch] 501656 batches, 9891240 examples, avg_batch=24.0, fwd_busy=78%, examples/s=5514 | per-batch ms: h2d=5.70 cmp=4.68 d2h=2.96
[carc-orch] 502780 batches, 9917890 examples, avg_batch=23.7, fwd_busy=77%, examples/s=5309 | per-batch ms: h2d=5.91 cmp=4.69 d2h=3.08
[carc-orch] 503889 batches, 9943739 examples, avg_batch=23.3, fwd_busy=76%, examples/s=5167 | per-batch ms: h2d=5.81 cmp=5.04 d2h=2.71
[carc-orch] 505017 batches, 9971029 examples, avg_batch=24.2, fwd_busy=78%, examples/s=5430 | per-batch ms: h2d=6.04 cmp=4.69 d2h=2.92
[carc-orch] 506158 batches, 9997904 examples, avg_batch=23.6, fwd_busy=77%, examples/s=5370 | per-batch ms: h2d=5.71 cmp=4.73 d2h=2.97
[carc-orch] 507280 batches, 10024350 examples, avg_batch=23.6, fwd_busy=76%, examples/s=5272 | per-batch ms: h2d=5.78 cmp=4.93 d2h=2.64
[carc-orch] 508427 batches, 10051012 examples, avg_batch=23.2, fwd_busy=77%, examples/s=5330 | per-batch ms: h2d=5.64 cmp=4.85 d2h=2.76
[carc-orch] 509584 batches, 10077871 examples, avg_batch=23.2, fwd_busy=78%, examples/s=5362 | per-batch ms: h2d=5.51 cmp=4.76 d2h=3.00
[carc-orch] 510698 batches, 10103804 examples, avg_batch=23.3, fwd_busy=75%, examples/s=5182 | per-batch ms: h2d=5.73 cmp=4.85 d2h=2.81
[carc-orch] 511774 batches, 10129355 examples, avg_batch=23.7, fwd_busy=74%, examples/s=5089 | per-batch ms: h2d=6.24 cmp=4.99 d2h=2.49
[carc-orch] 512892 batches, 10155062 examples, avg_batch=23.0, fwd_busy=77%, examples/s=5131 | per-batch ms: h2d=5.90 cmp=4.95 d2h=2.71
[carc-orch] 514011 batches, 10181856 examples, avg_batch=23.9, fwd_busy=73%, examples/s=5350 | per-batch ms: h2d=5.67 cmp=4.60 d2h=2.64
[carc-orch] 515139 batches, 10208089 examples, avg_batch=23.3, fwd_busy=76%, examples/s=5243 | per-batch ms: h2d=5.67 cmp=4.91 d2h=2.71
[carc-orch] 516249 batches, 10234541 examples, avg_batch=23.8, fwd_busy=75%, examples/s=5277 | per-batch ms: h2d=5.94 cmp=4.86 d2h=2.67
[carc-orch] 517357 batches, 10260782 examples, avg_batch=23.7, fwd_busy=76%, examples/s=5245 | per-batch ms: h2d=6.01 cmp=4.75 d2h=2.76
[carc-orch] 518489 batches, 10287212 examples, avg_batch=23.3, fwd_busy=75%, examples/s=5278 | per-batch ms: h2d=5.68 cmp=4.72 d2h=2.78
[carc-orch] 519616 batches, 10313705 examples, avg_batch=23.5, fwd_busy=75%, examples/s=5278 | per-batch ms: h2d=5.63 cmp=4.83 d2h=2.69
[carc-orch] 520732 batches, 10339426 examples, avg_batch=23.0, fwd_busy=76%, examples/s=5127 | per-batch ms: h2d=5.88 cmp=4.91 d2h=2.76
[carc-orch] 521558 batches, 10358687 examples, avg_batch=23.3, fwd_busy=32%, examples/s=2252 | per-batch ms: h2d=5.72 cmp=4.79 d2h=2.70
[carc-orch] 522603 batches, 10383436 examples, avg_batch=23.7, fwd_busy=68%, examples/s=4943 | per-batch ms: h2d=5.49 cmp=4.38 d2h=3.06
[carc-orch] 523717 batches, 10410413 examples, avg_batch=24.2, fwd_busy=70%, examples/s=5391 | per-batch ms: h2d=5.29 cmp=4.19 d2h=2.90
[carc-orch] 524816 batches, 10437006 examples, avg_batch=24.2, fwd_busy=69%, examples/s=5311 | per-batch ms: h2d=5.06 cmp=4.06 d2h=3.27
[carc-orch] 525873 batches, 10462493 examples, avg_batch=24.1, fwd_busy=67%, examples/s=5096 | per-batch ms: h2d=5.29 cmp=4.18 d2h=3.05
[carc-orch] 526879 batches, 10486881 examples, avg_batch=24.2, fwd_busy=67%, examples/s=4861 | per-batch ms: h2d=5.66 cmp=4.77 d2h=2.80
[carc-orch] 527907 batches, 10511547 examples, avg_batch=24.0, fwd_busy=70%, examples/s=4923 | per-batch ms: h2d=5.79 cmp=4.26 d2h=3.33
[carc-orch] 528961 batches, 10537006 examples, avg_batch=24.2, fwd_busy=69%, examples/s=5080 | per-batch ms: h2d=5.63 cmp=4.22 d2h=3.03
[carc-orch] 530006 batches, 10561746 examples, avg_batch=23.7, fwd_busy=68%, examples/s=4944 | per-batch ms: h2d=5.57 cmp=4.24 d2h=2.99
[carc-orch] 531105 batches, 10588370 examples, avg_batch=24.2, fwd_busy=68%, examples/s=5309 | per-batch ms: h2d=5.26 cmp=4.05 d2h=2.97
[carc-orch] 532260 batches, 10615940 examples, avg_batch=23.9, fwd_busy=70%, examples/s=5494 | per-batch ms: h2d=4.75 cmp=3.95 d2h=3.21
[carc-orch] 533415 batches, 10643098 examples, avg_batch=23.5, fwd_busy=68%, examples/s=5425 | per-batch ms: h2d=4.60 cmp=4.03 d2h=2.99
[carc-orch] 534561 batches, 10670693 examples, avg_batch=24.1, fwd_busy=69%, examples/s=5507 | per-batch ms: h2d=4.78 cmp=4.02 d2h=3.20
[carc-orch] 535711 batches, 10698427 examples, avg_batch=24.1, fwd_busy=68%, examples/s=5545 | per-batch ms: h2d=4.73 cmp=3.98 d2h=2.95
[carc-orch] 536827 batches, 10725669 examples, avg_batch=24.4, fwd_busy=67%, examples/s=5441 | per-batch ms: h2d=4.76 cmp=4.04 d2h=2.97
[carc-orch] 537974 batches, 10753375 examples, avg_batch=24.2, fwd_busy=66%, examples/s=5528 | per-batch ms: h2d=4.57 cmp=3.98 d2h=2.82
[carc-orch] 539069 batches, 10779515 examples, avg_batch=23.9, fwd_busy=67%, examples/s=5224 | per-batch ms: h2d=4.91 cmp=4.20 d2h=2.96
[carc-orch] 540242 batches, 10807581 examples, avg_batch=23.9, fwd_busy=68%, examples/s=5605 | per-batch ms: h2d=4.62 cmp=3.96 d2h=2.91
[carc-orch] 541415 batches, 10835170 examples, avg_batch=23.5, fwd_busy=67%, examples/s=5493 | per-batch ms: h2d=4.45 cmp=3.91 d2h=2.90
[carc-orch] 542599 batches, 10863270 examples, avg_batch=23.7, fwd_busy=68%, examples/s=5617 | per-batch ms: h2d=4.49 cmp=3.97 d2h=2.92
[carc-orch] 543740 batches, 10890369 examples, avg_batch=23.8, fwd_busy=69%, examples/s=5412 | per-batch ms: h2d=4.80 cmp=4.11 d2h=3.06
[carc-orch] 544923 batches, 10917741 examples, avg_batch=23.1, fwd_busy=66%, examples/s=5460 | per-batch ms: h2d=4.41 cmp=3.98 d2h=2.67
[carc-orch] 546041 batches, 10943565 examples, avg_batch=23.1, fwd_busy=67%, examples/s=5165 | per-batch ms: h2d=4.73 cmp=4.57 d2h=2.57
[carc-orch] 547179 batches, 10970287 examples, avg_batch=23.5, fwd_busy=66%, examples/s=5341 | per-batch ms: h2d=4.53 cmp=4.09 d2h=2.78
[carc-orch] 548306 batches, 10996560 examples, avg_batch=23.3, fwd_busy=64%, examples/s=5242 | per-batch ms: h2d=4.56 cmp=4.07 d2h=2.57
[carc-orch] 549492 batches, 11024572 examples, avg_batch=23.6, fwd_busy=68%, examples/s=5595 | per-batch ms: h2d=4.55 cmp=3.98 d2h=2.81
[carc-orch] 550652 batches, 11051454 examples, avg_batch=23.2, fwd_busy=66%, examples/s=5346 | per-batch ms: h2d=4.39 cmp=4.12 d2h=2.76
[carc-orch] 551828 batches, 11078719 examples, avg_batch=23.2, fwd_busy=65%, examples/s=5452 | per-batch ms: h2d=4.24 cmp=4.04 d2h=2.66
[carc-orch] 553020 batches, 11106551 examples, avg_batch=23.3, fwd_busy=64%, examples/s=5561 | per-batch ms: h2d=4.08 cmp=3.84 d2h=2.62
[carc-orch] 554169 batches, 11132695 examples, avg_batch=22.8, fwd_busy=64%, examples/s=5222 | per-batch ms: h2d=4.42 cmp=4.29 d2h=2.25
[carc-orch] 555339 batches, 11160301 examples, avg_batch=23.6, fwd_busy=66%, examples/s=5514 | per-batch ms: h2d=4.37 cmp=3.98 d2h=2.76
[carc-orch] 556513 batches, 11187167 examples, avg_batch=22.9, fwd_busy=64%, examples/s=5370 | per-batch ms: h2d=4.25 cmp=4.07 d2h=2.50
[carc-orch] 557708 batches, 11215094 examples, avg_batch=23.4, fwd_busy=62%, examples/s=5580 | per-batch ms: h2d=3.94 cmp=3.87 d2h=2.39
[carc-orch] 558884 batches, 11242302 examples, avg_batch=23.1, fwd_busy=64%, examples/s=5419 | per-batch ms: h2d=4.26 cmp=4.05 d2h=2.50
[carc-orch] 560073 batches, 11269320 examples, avg_batch=22.7, fwd_busy=62%, examples/s=5388 | per-batch ms: h2d=3.94 cmp=3.89 d2h=2.43
[carc-orch] 561269 batches, 11297180 examples, avg_batch=23.3, fwd_busy=65%, examples/s=5557 | per-batch ms: h2d=4.10 cmp=3.80 d2h=2.76
[carc-orch] 562410 batches, 11323258 examples, avg_batch=22.9, fwd_busy=66%, examples/s=5214 | per-batch ms: h2d=4.57 cmp=4.32 d2h=2.60
[carc-orch] 563578 batches, 11349187 examples, avg_batch=22.2, fwd_busy=60%, examples/s=5184 | per-batch ms: h2d=3.99 cmp=4.06 d2h=2.10
[carc-orch] 564712 batches, 11375235 examples, avg_batch=23.0, fwd_busy=63%, examples/s=5199 | per-batch ms: h2d=4.23 cmp=4.40 d2h=2.42
[carc-orch] 565859 batches, 11401909 examples, avg_batch=23.3, fwd_busy=64%, examples/s=5327 | per-batch ms: h2d=4.38 cmp=4.00 d2h=2.58
[carc-orch] 567044 batches, 11428708 examples, avg_batch=22.6, fwd_busy=63%, examples/s=5335 | per-batch ms: h2d=4.07 cmp=3.91 d2h=2.50
[carc-orch] 568256 batches, 11455958 examples, avg_batch=22.5, fwd_busy=59%, examples/s=5446 | per-batch ms: h2d=3.62 cmp=3.80 d2h=2.14
[carc-orch] 569451 batches, 11483233 examples, avg_batch=22.8, fwd_busy=62%, examples/s=5442 | per-batch ms: h2d=3.95 cmp=3.93 d2h=2.36
[carc-orch] 570636 batches, 11510010 examples, avg_batch=22.6, fwd_busy=62%, examples/s=5351 | per-batch ms: h2d=4.13 cmp=4.05 d2h=2.21
[carc-orch] 571775 batches, 11535423 examples, avg_batch=22.3, fwd_busy=59%, examples/s=5077 | per-batch ms: h2d=4.02 cmp=4.09 d2h=2.06
[carc-orch] 572920 batches, 11560558 examples, avg_batch=22.0, fwd_busy=63%, examples/s=5021 | per-batch ms: h2d=4.19 cmp=4.57 d2h=2.12
[carc-orch] 574114 batches, 11587186 examples, avg_batch=22.3, fwd_busy=58%, examples/s=5321 | per-batch ms: h2d=3.57 cmp=3.91 d2h=2.18
[carc-orch] 575337 batches, 11614141 examples, avg_batch=22.0, fwd_busy=59%, examples/s=5387 | per-batch ms: h2d=3.64 cmp=3.85 d2h=2.07
[carc-orch] 576478 batches, 11639720 examples, avg_batch=22.4, fwd_busy=60%, examples/s=5106 | per-batch ms: h2d=4.11 cmp=4.19 d2h=2.14
[carc-orch] 577643 batches, 11665910 examples, avg_batch=22.5, fwd_busy=61%, examples/s=5224 | per-batch ms: h2d=4.17 cmp=4.12 d2h=2.12
[carc-orch] 578939 batches, 11695258 examples, avg_batch=22.6, fwd_busy=65%, examples/s=5867 | per-batch ms: h2d=3.76 cmp=3.74 d2h=2.41
[carc-orch] 579979 batches, 11714273 examples, avg_batch=18.3, fwd_busy=60%, examples/s=3796 | per-batch ms: h2d=4.27 cmp=6.24 d2h=0.95
[carc-orch] 581385 batches, 11744862 examples, avg_batch=21.8, fwd_busy=72%, examples/s=6116 | per-batch ms: h2d=3.77 cmp=4.26 d2h=2.04
[carc-orch] 582624 batches, 11772652 examples, avg_batch=22.4, fwd_busy=59%, examples/s=5556 | per-batch ms: h2d=3.52 cmp=3.69 d2h=2.13
[carc-orch] 583865 batches, 11800071 examples, avg_batch=22.1, fwd_busy=57%, examples/s=5477 | per-batch ms: h2d=3.37 cmp=3.68 d2h=2.04
[carc-orch] 585074 batches, 11826529 examples, avg_batch=21.9, fwd_busy=60%, examples/s=5276 | per-batch ms: h2d=3.75 cmp=4.10 d2h=2.05
[carc-orch] 586234 batches, 11852156 examples, avg_batch=22.1, fwd_busy=60%, examples/s=5106 | per-batch ms: h2d=4.15 cmp=4.08 d2h=2.01
[carc-orch] 587442 batches, 11878495 examples, avg_batch=21.8, fwd_busy=54%, examples/s=5247 | per-batch ms: h2d=3.26 cmp=3.75 d2h=1.88
[carc-orch] 588828 batches, 11906803 examples, avg_batch=20.4, fwd_busy=144%, examples/s=5654 | per-batch ms: h2d=6.90 cmp=8.39 d2h=5.38
