[load] measurement/utility_calibration_20260721/margins_windowaudit.npz: 201482 positions / 1400 games
[load] corr(raw,leaf) = 0.7864

=== [leaf] n_pos=201482 (valid 200082)  n_games=1400   margin range [-81.1,80.1]  sd=13.49
[leaf][sanity] P(win|m>0,t1-5)=0.925 (n=6836)  P(win|m<0,t1-5)=0.089  P(win|m>15,t1-5)=0.995 (n=3336)  draws=3166 (1.57%)
[leaf][globalT] T*=19.00  logloss 0.5614  |  T=15 logloss 0.5666  (dLL15 = +0.0052)  brier 0.1910->0.1892
[leaf][globalT] bootstrap-by-game 95% CI = [18.00, 21.00] (n_boot=200, 76s)
[leaf][stageT] band     T   [95% CI]      n_games   L      L@15
    60-72  T= 40.36  [ 27.1, 70.0]  ng= 1400  L=0.6889  L@15=0.6998
    45-59  T= 36.25  [ 31.2, 45.5]  ng= 1400  L=0.6699  L@15=0.7063
    30-44  T= 25.54  [ 23.0, 29.2]  ng= 1400  L=0.6086  L@15=0.6348
    15-29  T= 17.50  [ 16.0, 19.3]  ng= 1400  L=0.4871  L@15=0.4897
     6-14  T= 11.30  [ 10.7, 12.7]  ng= 1400  L=0.3322  L@15=0.3409
      1-5  T=  6.88  [  6.0,  7.4]  ng= 1400  L=0.1990  L@15=0.2479
[leaf][oos] 2-fold-by-game:
      M0_tanh15            logloss=0.5666  brier=0.1910
      M1_globalT           logloss=0.5616  brier=0.1893
      M2_stageT            logloss=0.5469  brier=0.1850
      M3_isotonic          logloss=0.5483  brier=0.1851
      M4_global_isotonic   logloss=0.5611  brier=0.1890
[leaf][GAP] dLL15 in-sample=+0.0052  OOS=+0.0050  | global-isotonic OOS=+0.0055  | mean|p_emp-tanh15| 0.0397 -> 0.0149 @T*

=== [raw] n_pos=201482 (valid 200082)  n_games=1400   margin range [-80.0,68.0]  sd=14.01
[raw][sanity] P(win|m>0,t1-5)=0.783 (n=6719)  P(win|m<0,t1-5)=0.231  P(win|m>15,t1-5)=0.908 (n=3365)  draws=3166 (1.57%)
[raw][globalT] T*=30.05  logloss 0.6184  |  T=15 logloss 0.6613  (dLL15 = +0.0429)  brier 0.2244->0.2125
[raw][globalT] bootstrap-by-game 95% CI = [27.12, 33.25] (n_boot=200, 74s)
[raw][stageT] band     T   [95% CI]      n_games   L      L@15
    60-72  T= 63.86  [ 35.3, 70.0]  ng= 1400  L=0.6919  L@15=0.7040
    45-59  T= 61.85  [ 45.5, 70.0]  ng= 1400  L=0.6852  L@15=0.7494
    30-44  T= 35.63  [ 31.2, 43.5]  ng= 1400  L=0.6416  L@15=0.7082
    15-29  T= 28.07  [ 25.1, 31.2]  ng= 1400  L=0.5720  L@15=0.6234
     6-14  T= 24.53  [ 23.0, 27.1]  ng= 1400  L=0.5034  L@15=0.5376
      1-5  T= 22.52  [ 21.0, 25.1]  ng= 1400  L=0.4617  L@15=0.4866
[raw][oos] 2-fold-by-game:
      M0_tanh15            logloss=0.6613  brier=0.2244
      M1_globalT           logloss=0.6184  brier=0.2125
      M2_stageT            logloss=0.6150  brier=0.2112
      M3_isotonic          logloss=0.6197  brier=0.2118
      M4_global_isotonic   logloss=0.6181  brier=0.2123
[raw][GAP] dLL15 in-sample=+0.0429  OOS=+0.0429  | global-isotonic OOS=+0.0432  | mean|p_emp-tanh15| 0.0970 -> 0.0191 @T*

=== SIDE BY SIDE (identical sample) ===
  leaf  T*= 19.00 [18.00,21.00]   L@15=0.5666 L@T*=0.5614  dLL15_oos=+0.0050  dLL_globiso_oos=+0.0055  mean|gap|@15=0.0397
  raw   T*= 30.05 [27.12,33.25]   L@15=0.6613 L@T*=0.6184  dLL15_oos=+0.0429  dLL_globiso_oos=+0.0432  mean|gap|@15=0.0970

[done] wrote calibration_stats_windowaudit.json in 228s
