[bare-net-orch] OPP iter_02.pt: 78ch/12sc (non-sighted)
[bare-net-orch] exporting -> TorchScript (parity-gated)
[export] torch.jit.script unavailable (RuntimeError); tracing instead
[export] loading /mnt/c/carc-shared/rod_v2_flywheel/ckpt/iter_02.pt on cuda
[export] tracing... (n_ch=78, n_scalar=12)
[export] fp-parity vs eager Python eval path:
  k=  1: max|dpriors|=0.00e+00  max|dvalue|=0.00e+00  OK
  k=  3: max|dpriors|=0.00e+00  max|dvalue|=0.00e+00  OK
  k=  8: max|dpriors|=0.00e+00  max|dvalue|=0.00e+00  OK
  k= 37: max|dpriors|=4.00e-05  max|dvalue|=2.68e-07  OK
[export] OK -> /tmp/carc_barenet_Doctor.ts.pt  (n_scalar=12, C=78, device=cuda)
[export] Note: load this on the SAME device family in Rust (cuda).
[bare-net-orch] start carc-orch (W=16 fwd=2 max_batch=16) shm=barenetDoctor n_ch=78 n_scalar=12
[bare-net-orch] WARNING: carc-orch pid 782997 has no VRAM allocation visible to
[bare-net-orch]          nvidia-smi. On WSL2 --query-compute-apps is often empty
[bare-net-orch]          even for a live CUDA process; check total used-memory
[bare-net-orch]          delta or the log below instead of trusting this line.
[bare-net-orch] server READY | shm='barenetDoctor' 78ch/12sc | client W=16
[bare-net-orch] ⚠️ anchor rows on record were net-on-CPU; this cell is net-on-GPU.
[bare-net-orch]    Same weights/leaf/knobs; float reduction order differs. Disclose it.
[bare-net] ⚠️ BLIND (candidate) vs SIGHTED (opponent) — the asymmetry is the measurement; see the module docstring. Do NOT symmetrise.
[bare-net] candidate frozen leaf: curve125 leaf_hash=a36d2e15a3b3d71d frozen_config_hash=6dfffd57051690f2 (champ_env dialect)
[bare-net] opponent  frozen leaf: v2.9 Bmild_cap8 curve100 + residual_scale=0.25 (the rod_v2 ANCHOR leaf, NOT curve125) leaf_hash=4bc26f12badbb10b
[bare-net] PER-SIDE LEAVES DIFFER (required): YES | env DEFAULT_CONFIG (unmoved) leaf_hash=42af12fce22e1a0f
[bare-net] endgame: candidate exact-K<=2 marginalized tail; opponent BARE (no tail) — one-sided by design
[bare-net] opp_net=/mnt/c/carc-shared/rod_v2_flywheel/ckpt/iter_02.pt
[bare-net] opponent rep=NON-SIGHTED 78ch/12sc (inferred from ITS OWN checkpoint) | agent=BARE NeuralMCTS sims=200 c_puct=3 fair_chance=False (CLAIRVOYANT — descends the TRUE deck) | priors+value=net, value replaced by the v2.9 curve100 leaf + net residual (residual_scale=0.25)
[bare-net] candidate = OFF production config (sims=344 (production 688)), BLIND (fair PIMC k4x344 = 1376 total) with the exact-K<=2 tail.
[bare-net] INTERPRETATION: a candidate WIN is a conservative LOWER BOUND on the lineage gap (we are handicapped on information, leaf and endgame). A candidate LOSS is UNINTERPRETABLE — it confounds lineage strength with the cost of blindness. Do not report a loss as 'the net is stronger'.
fair-puct[fair_fair_c1.5_tau5_float_kd4_s344_vs_sightedbare-iter_02_k2-leafa36d2e15]: info=fair n=200 paired=True K=2 k_dets=4 sims=344 | 0 cached, 200 to play, 16 workers, out=/mnt/c/carc-shared/classical_search/blind_k4x1376_vs_sighted_rodv2_it02_b68e9
  [orch] opponent  SHM eval-server 'barenetDoctor': 16 CPU workers attach to /dev/shm/carc_barenetDoctor (78ch/12-scalar non-sighted PRIORS+VALUE)
  [orch] ⚠️ bare-net TRANSPORT NOTE: The anchor rows on record were played net-on-CPU (fp32). This cell served the SAME weights from the GPU via carc-orch SHM. Weights, leaf, search knobs and clairvoyance are identical; only float reduction order differs, which can flip a near-tied argmax. See scripts/classical_search/bare_net_gpu_divergence.py.
  10/200 played (25.4s/game, ~80 min left)
  20/200 played (23.3s/game, ~70 min left)
  30/200 played (19.6s/game, ~55 min left)
  40/200 played (18.2s/game, ~49 min left)
  50/200 played (18.4s/game, ~46 min left)
  60/200 played (17.8s/game, ~42 min left)
  70/200 played (17.5s/game, ~38 min left)
  80/200 played (17.3s/game, ~35 min left)
  90/200 played (17.5s/game, ~32 min left)
  100/200 played (16.8s/game, ~28 min left)

=== FAIR-PUCT[fair] (K=2, k_dets=4, sims=344, total~1376) vs SIGHTED (CLAIRVOYANT) bare NeuralMCTS anchor (iter_02.pt, non-sighted-rep, sims=200, c_puct=3, v2.9 curve100 leaf + residual_scale=0.25, NO exact tail) ===
games: 200   candidate: 127W / 5D / 68L   winrate 0.647 (z=+4.17)
avg score diff (candidate - opponent): +6.58
ELO: +105.6  (+/- 25.7 1sigma)
PAIRED: 100 decks   mean seat-balanced margin +6.58   z = +4.92
prefix ms/move: candidate 1745  opponent 1266  (ratio 1.38x)
fair endgame: candidate latched 200/200 games, 17.21s solver/game, timeouts=0
  ⚠️ BLIND vs SIGHTED (deliberate): candidate is blind (fair PIMC) on the curve125 leaf with an exact-K tail; opponent is CLAIRVOYANT bare NeuralMCTS on the curve100+rs0.25 anchor leaf with no tail. A candidate WIN is a conservative LOWER BOUND on the lineage gap; a candidate LOSS is UNINTERPRETABLE (blindness confound), NOT evidence the opponent is stronger.
[summary.json] wrote /mnt/c/carc-shared/classical_search/blind_k4x1376_vs_sighted_rodv2_it02_b68e9/summary.json
