[2026-07-27_16:43:27] === blind curve TOP START on Doctor (OW=40 n=200 band=70000000000) ===
[2026-07-27_16:43:27] --- RUNG 2x_k4optimal : k4x1376 = 5504 sims
[bare-net-orch] OPP iter_02.pt: 78ch/12sc (non-sighted)
[bare-net-orch] exporting -> TorchScript (parity-gated)
[export] torch.jit.script unavailable (RuntimeError); tracing instead
[export] loading /mnt/c/carc-shared/rod_v2_flywheel/ckpt/iter_02.pt on cuda
[export] tracing... (n_ch=78, n_scalar=12)
[export] fp-parity vs eager Python eval path:
  k=  1: max|dpriors|=0.00e+00  max|dvalue|=0.00e+00  OK
  k=  3: max|dpriors|=0.00e+00  max|dvalue|=0.00e+00  OK
  k=  8: max|dpriors|=0.00e+00  max|dvalue|=0.00e+00  OK
  k= 37: max|dpriors|=4.00e-05  max|dvalue|=2.68e-07  OK
[export] OK -> /tmp/carc_barenet_Doctor.ts.pt  (n_scalar=12, C=78, device=cuda)
[export] Note: load this on the SAME device family in Rust (cuda).
[bare-net-orch] start carc-orch (W=40 fwd=2 max_batch=40) shm=barenetDoctor n_ch=78 n_scalar=12
[bare-net-orch] WARNING: carc-orch pid 929941 has no VRAM allocation visible to
[bare-net-orch]          nvidia-smi. On WSL2 --query-compute-apps is often empty
[bare-net-orch]          even for a live CUDA process; check total used-memory
[bare-net-orch]          delta or the log below instead of trusting this line.
[bare-net-orch] server READY | shm='barenetDoctor' 78ch/12sc | client W=40
[bare-net-orch] ⚠️ anchor rows on record were net-on-CPU; this cell is net-on-GPU.
[bare-net-orch]    Same weights/leaf/knobs; float reduction order differs. Disclose it.
[bare-net] ⚠️ BLIND (candidate) vs SIGHTED (opponent) — the asymmetry is the measurement; see the module docstring. Do NOT symmetrise.
[bare-net] candidate frozen leaf: curve125 leaf_hash=a36d2e15a3b3d71d frozen_config_hash=6dfffd57051690f2 (champ_env dialect)
[bare-net] opponent  frozen leaf: v2.9 Bmild_cap8 curve100 + residual_scale=0.25 (the rod_v2 ANCHOR leaf, NOT curve125) leaf_hash=4bc26f12badbb10b
[bare-net] PER-SIDE LEAVES DIFFER (required): YES | env DEFAULT_CONFIG (unmoved) leaf_hash=42af12fce22e1a0f
[bare-net] endgame: candidate exact-K<=2 marginalized tail; opponent BARE (no tail) — one-sided by design
[bare-net] opp_net=/mnt/c/carc-shared/rod_v2_flywheel/ckpt/iter_02.pt
[bare-net] opponent rep=NON-SIGHTED 78ch/12sc (inferred from ITS OWN checkpoint) | agent=BARE NeuralMCTS sims=200 c_puct=3 fair_chance=False (CLAIRVOYANT — descends the TRUE deck) | priors+value=net, value replaced by the v2.9 curve100 leaf + net residual (residual_scale=0.25)
[bare-net] candidate = OFF production config (sims=1376 (production 688)), BLIND (fair PIMC k4x1376 = 5504 total) with the exact-K<=2 tail.
[bare-net] INTERPRETATION: a candidate WIN is a conservative LOWER BOUND on the lineage gap (we are handicapped on information, leaf and endgame). A candidate LOSS is UNINTERPRETABLE — it confounds lineage strength with the cost of blindness. Do not report a loss as 'the net is stronger'.
fair-puct[fair_fair_c1.5_tau5_float_kd4_s1376_vs_sightedbare-iter_02_k2-leafa36d2e15]: info=fair n=200 paired=True K=2 k_dets=4 sims=1376 | 0 cached, 200 to play, 40 workers, out=/mnt/c/carc-shared/classical_search/blindcurve_k4x1376_5504_vs_sighted_rodv2_b70e9
  [orch] opponent  SHM eval-server 'barenetDoctor': 40 CPU workers attach to /dev/shm/carc_barenetDoctor (78ch/12-scalar non-sighted PRIORS+VALUE)
  [orch] ⚠️ bare-net TRANSPORT NOTE: The anchor rows on record were played net-on-CPU (fp32). This cell served the SAME weights from the GPU via carc-orch SHM. Weights, leaf, search knobs and clairvoyance are identical; only float reduction order differs, which can flip a near-tied argmax. See scripts/classical_search/bare_net_gpu_divergence.py.
  10/200 played (110.1s/game, ~349 min left)
  20/200 played (55.0s/game, ~165 min left)
  30/200 played (44.0s/game, ~125 min left)
  40/200 played (36.6s/game, ~98 min left)
  50/200 played (31.4s/game, ~79 min left)
  60/200 played (32.9s/game, ~77 min left)
  70/200 played (41.3s/game, ~90 min left)
  80/200 played (39.2s/game, ~78 min left)
  90/200 played (36.3s/game, ~67 min left)
  100/200 played (34.1s/game, ~57 min left)
  110/200 played (35.1s/game, ~53 min left)
  120/200 played (33.0s/game, ~44 min left)

=== FAIR-PUCT[fair] (K=2, k_dets=4, sims=1376, total~5504) vs SIGHTED (CLAIRVOYANT) bare NeuralMCTS anchor (iter_02.pt, non-sighted-rep, sims=200, c_puct=3, v2.9 curve100 leaf + residual_scale=0.25, NO exact tail) ===
games: 200   candidate: 126W / 1D / 73L   winrate 0.632 (z=+3.75)
avg score diff (candidate - opponent): +8.01
ELO: +94.3  (+/- 25.5 1sigma)
PAIRED: 100 decks   mean seat-balanced margin +8.01   z = +5.66
prefix ms/move: candidate 12129  opponent 3458  (ratio 3.51x)
fair endgame: candidate latched 200/200 games, 27.91s solver/game, timeouts=0
  ⚠️ BLIND vs SIGHTED (deliberate): candidate is blind (fair PIMC) on the curve125 leaf with an exact-K tail; opponent is CLAIRVOYANT bare NeuralMCTS on the curve100+rs0.25 anchor leaf with no tail. A candidate WIN is a conservative LOWER BOUND on the lineage gap; a candidate LOSS is UNINTERPRETABLE (blindness confound), NOT evidence the opponent is stronger.
[summary.json] wrote /mnt/c/carc-shared/classical_search/blindcurve_k4x1376_5504_vs_sighted_rodv2_b70e9/summary.json
[2026-07-27_17:51:29] --- RUNG 2x_k4optimal exited rc=0
[2026-07-27_17:51:29] --- RUNG 4x_k8optimal : k8x1376 = 11008 sims
[bare-net-orch] OPP iter_02.pt: 78ch/12sc (non-sighted)
[bare-net-orch] exporting -> TorchScript (parity-gated)
[export] torch.jit.script unavailable (RuntimeError); tracing instead
[export] loading /mnt/c/carc-shared/rod_v2_flywheel/ckpt/iter_02.pt on cuda
[export] tracing... (n_ch=78, n_scalar=12)
[export] fp-parity vs eager Python eval path:
  k=  1: max|dpriors|=0.00e+00  max|dvalue|=0.00e+00  OK
  k=  3: max|dpriors|=0.00e+00  max|dvalue|=0.00e+00  OK
  k=  8: max|dpriors|=0.00e+00  max|dvalue|=0.00e+00  OK
  k= 37: max|dpriors|=4.00e-05  max|dvalue|=2.68e-07  OK
[export] OK -> /tmp/carc_barenet_Doctor.ts.pt  (n_scalar=12, C=78, device=cuda)
[export] Note: load this on the SAME device family in Rust (cuda).
[bare-net-orch] start carc-orch (W=40 fwd=2 max_batch=40) shm=barenetDoctor n_ch=78 n_scalar=12
[bare-net-orch] GPU CONFIRMED: carc-orch pid 964412 holds [N/A] MiB VRAM
[bare-net-orch] server READY | shm='barenetDoctor' 78ch/12sc | client W=40
[bare-net-orch] ⚠️ anchor rows on record were net-on-CPU; this cell is net-on-GPU.
[bare-net-orch]    Same weights/leaf/knobs; float reduction order differs. Disclose it.
[bare-net] ⚠️ BLIND (candidate) vs SIGHTED (opponent) — the asymmetry is the measurement; see the module docstring. Do NOT symmetrise.
[bare-net] candidate frozen leaf: curve125 leaf_hash=a36d2e15a3b3d71d frozen_config_hash=6dfffd57051690f2 (champ_env dialect)
[bare-net] opponent  frozen leaf: v2.9 Bmild_cap8 curve100 + residual_scale=0.25 (the rod_v2 ANCHOR leaf, NOT curve125) leaf_hash=4bc26f12badbb10b
[bare-net] PER-SIDE LEAVES DIFFER (required): YES | env DEFAULT_CONFIG (unmoved) leaf_hash=42af12fce22e1a0f
[bare-net] endgame: candidate exact-K<=2 marginalized tail; opponent BARE (no tail) — one-sided by design
[bare-net] opp_net=/mnt/c/carc-shared/rod_v2_flywheel/ckpt/iter_02.pt
[bare-net] opponent rep=NON-SIGHTED 78ch/12sc (inferred from ITS OWN checkpoint) | agent=BARE NeuralMCTS sims=200 c_puct=3 fair_chance=False (CLAIRVOYANT — descends the TRUE deck) | priors+value=net, value replaced by the v2.9 curve100 leaf + net residual (residual_scale=0.25)
[bare-net] candidate = OFF production config (k_dets=8 (production 4); sims=1376 (production 688)), BLIND (fair PIMC k8x1376 = 11008 total) with the exact-K<=2 tail.
[bare-net] INTERPRETATION: a candidate WIN is a conservative LOWER BOUND on the lineage gap (we are handicapped on information, leaf and endgame). A candidate LOSS is UNINTERPRETABLE — it confounds lineage strength with the cost of blindness. Do not report a loss as 'the net is stronger'.
fair-puct[fair_fair_c1.5_tau5_float_kd8_s1376_vs_sightedbare-iter_02_k2-leafa36d2e15]: info=fair n=200 paired=True K=2 k_dets=8 sims=1376 | 0 cached, 200 to play, 40 workers, out=/mnt/c/carc-shared/classical_search/blindcurve_k8x1376_11008_vs_sighted_rodv2_b70e9
  [orch] opponent  SHM eval-server 'barenetDoctor': 40 CPU workers attach to /dev/shm/carc_barenetDoctor (78ch/12-scalar non-sighted PRIORS+VALUE)
  [orch] ⚠️ bare-net TRANSPORT NOTE: The anchor rows on record were played net-on-CPU (fp32). This cell served the SAME weights from the GPU via carc-orch SHM. Weights, leaf, search knobs and clairvoyance are identical; only float reduction order differs, which can flip a near-tied argmax. See scripts/classical_search/bare_net_gpu_divergence.py.
/usr/lib/python3.12/multiprocessing/resource_tracker.py:254: UserWarning: resource_tracker: There appear to be 9 leaked semaphore objects to clean up at shutdown
  warnings.warn('resource_tracker: There appear to be %d '
