puct-priors[rr_ab17600_vs_puctchamp2750_k2]: n=100 paired=True | 0 cached, 100 to play, 30 workers, out=/mnt/c/carc-shared/classical_search/c6_s1_ab_screen
  10/100 played (93.5s/game, ~140 min left)
  20/100 played (48.6s/game, ~65 min left)
  30/100 played (39.6s/game, ~46 min left)
  40/100 played (47.2s/game, ~47 min left)
  50/100 played (40.1s/game, ~33 min left)
  60/100 played (36.3s/game, ~24 min left)
  70/100 played (40.7s/game, ~20 min left)
  80/100 played (37.6s/game, ~13 min left)
  90/100 played (35.2s/game, ~6 min left)
  100/100 played (35.1s/game, ~0 min left)

=== ID-alpha-beta(cand ab17600) vs opponent(PUCT-champion flags-OFF s2750) ===
games: 100   candidate: 53W / 4D / 43L   winrate 0.550 (z=+1.00)
avg score diff (cand - champ): +5.71
ELO: +34.9  (+/- 34.9 1sigma)
PAIRED: 50 decks   mean seat-balanced margin +5.71   z = +2.94
prefix ms/move: candidate 6486  champion 6636  (ratio 0.98x)
exact endgame: latched 100/100 games, 26.32s solver/game, timeouts cand=0 champ=0
  POWER NOTE: |elo|<=35 at n=100 (1σ≈±35); a >=35-elo verdict needs n>=400.
ab telemetry: median depth 6 (p10 4, min 2), 15977 steps/move, cross-parent hit frac 0.0011
