[head-to-head] opponent=fair-champion
[head-to-head] candidate frozen leaf: curve125 leaf_hash=a36d2e15a3b3d71d frozen_config_hash=6dfffd57051690f2 (champ_env dialect)
[head-to-head] opponent  frozen leaf: curve125 leaf_hash=a36d2e15a3b3d71d frozen_config_hash=6dfffd57051690f2 (champ_env dialect)
[head-to-head] BOTH SIDES curve125: YES | env DEFAULT_CONFIG (unmoved, no rung in play) leaf_hash=42af12fce22e1a0f
[warn] --opp-sims: ASYMMETRIC search budgets — candidate k4x2752 (total 11008) vs opponent fair-champion k4x688 (total 2752). This is an equal-WALL-CLOCK / whole-config deployability check, NOT the single-variable prior swap the symmetric head-to-head is: the two sides search different budgets. diff/elo stay candidate-minus-opponent.
fair-puct[fair_fair_c1.5_tau5_float_kd4_s2752_vs_fairchamp-k4x688_k2-leafa36d2e15]: info=fair n=400 paired=True K=2 k_dets=4 sims=2752 | 0 cached, 400 to play, 16 workers, out=/mnt/c/carc-shared/classical_search/cl060_budget_k4x2752_vs_deploy_k4x688
  10/400 played (147.7s/game, ~960 min left)
  20/400 played (130.0s/game, ~823 min left)
  30/400 played (102.2s/game, ~630 min left)
  40/400 played (102.1s/game, ~612 min left)
  50/400 played (97.4s/game, ~568 min left)
  60/400 played (96.8s/game, ~549 min left)
  70/400 played (95.7s/game, ~526 min left)
  80/400 played (92.2s/game, ~492 min left)
  90/400 played (94.0s/game, ~486 min left)
  100/400 played (94.4s/game, ~472 min left)
  110/400 played (92.1s/game, ~445 min left)
  120/400 played (93.3s/game, ~436 min left)
  130/400 played (91.8s/game, ~413 min left)
  140/400 played (91.4s/game, ~396 min left)
  150/400 played (93.8s/game, ~391 min left)
  160/400 played (92.2s/game, ~369 min left)
  170/400 played (92.6s/game, ~355 min left)
  180/400 played (92.4s/game, ~339 min left)
  190/400 played (91.3s/game, ~320 min left)

=== FAIR-PUCT[fair] (K=2, k_dets=4, sims=2752, total~11008) vs FAIR PRODUCTION CHAMPION (FairHeuristicPriorAgent, heuristic priors, curve125 leaf, k4x688) ===
games: 400   candidate: 211W / 10D / 179L   winrate 0.540 (z=+1.60)
avg score diff (candidate - opponent): +2.24
ELO: +27.9  (+/- 17.4 1sigma)
PAIRED: 200 decks   mean seat-balanced margin +2.24   z = +2.24
prefix ms/move: candidate 15315  opponent 3761  (ratio 4.07x)
fair endgame: candidate latched 400/400 games, 16.91s solver/game, timeouts=0
fair endgame: opponent  latched 400/400 games, 14.48s solver/game, timeouts=0
  POWER NOTE: |elo|<=35 at n=400 (1σ≈±17); a >=35-elo verdict needs n>=400.
[summary.json] wrote /mnt/c/carc-shared/classical_search/cl060_budget_k4x2752_vs_deploy_k4x688/summary.json
