[head-to-head] opponent=fair-champion
[head-to-head] candidate frozen leaf: curve125 leaf_hash=a36d2e15a3b3d71d frozen_config_hash=6dfffd57051690f2 (champ_env dialect)
[head-to-head] opponent  frozen leaf: curve125 leaf_hash=a36d2e15a3b3d71d frozen_config_hash=6dfffd57051690f2 (champ_env dialect)
[head-to-head] BOTH SIDES curve125: YES | env DEFAULT_CONFIG (unmoved, no rung in play) leaf_hash=a36d2e15a3b3d71d
[warn] --opp-sims/--opp-k-dets: ASYMMETRIC search budgets — candidate k16x1376 (total 22016) vs opponent fair-champion k4x688 (total 2752). This is an equal-WALL-CLOCK / whole-config deployability check, NOT the single-variable prior swap the symmetric head-to-head is: the two sides search different budgets. diff/elo stay candidate-minus-opponent.
fair-puct[fair_fair_c1.5_tau5_float_kd16_s1376_vs_fairchamp-k4x688_k2-leafa36d2e15]: info=fair n=200 paired=True K=2 k_dets=16 sims=1376 | 0 cached, 200 to play, 16 workers, out=/mnt/c/carc-shared/classical_search/curve_k16x1376_22016_vs_deploy_k4x688
  10/200 played (268.5s/game, ~850 min left)
  20/200 played (227.2s/game, ~681 min left)
  30/200 played (169.6s/game, ~480 min left)
  40/200 played (178.6s/game, ~476 min left)
  50/200 played (178.2s/game, ~445 min left)
  60/200 played (165.0s/game, ~385 min left)
  70/200 played (164.9s/game, ~357 min left)
  80/200 played (165.0s/game, ~330 min left)
  90/200 played (162.1s/game, ~297 min left)
  100/200 played (162.4s/game, ~271 min left)

=== FAIR-PUCT[fair] (K=2, k_dets=16, sims=1376, total~22016) vs FAIR PRODUCTION CHAMPION (FairHeuristicPriorAgent, heuristic priors, curve125 leaf, k4x688) ===
games: 200   candidate: 107W / 8D / 85L   winrate 0.555 (z=+1.56)
avg score diff (candidate - opponent): +3.37
ELO: +38.4  (+/- 24.7 1sigma)
PAIRED: 100 decks   mean seat-balanced margin +3.37   z = +2.73
prefix ms/move: candidate 29578  opponent 3725  (ratio 7.94x)
fair endgame: candidate latched 200/200 games, 18.40s solver/game, timeouts=0
fair endgame: opponent  latched 200/200 games, 16.30s solver/game, timeouts=0
[summary.json] wrote /mnt/c/carc-shared/classical_search/curve_k16x1376_22016_vs_deploy_k4x688/summary.json
[2026-07-23_20:56:18] local curve-k16 cell exited (pool exhausted on this box)
