puct-priors[rr_puct2750-oracle3_vs_puctchamp2750_k2]: n=200 paired=True | 59 cached, 141 to play, 26 workers, out=/mnt/c/carc-shared/classical_search/f2_oracle_prior_screen
  10/141 played (224.1s/game, ~489 min left)
  20/141 played (122.9s/game, ~248 min left)
  30/141 played (144.3s/game, ~267 min left)
  40/141 played (116.8s/game, ~197 min left)
  50/141 played (98.3s/game, ~149 min left)
  60/141 played (112.9s/game, ~152 min left)
  70/141 played (102.1s/game, ~121 min left)
  80/141 played (109.9s/game, ~112 min left)
  90/141 played (102.8s/game, ~87 min left)
  100/141 played (94.9s/game, ~65 min left)
  110/141 played (103.4s/game, ~53 min left)
  120/141 played (98.1s/game, ~34 min left)
  130/141 played (95.3s/game, ~17 min left)
  140/141 played (93.9s/game, ~2 min left)
  141/141 played (93.4s/game, ~0 min left)

=== PUCT-heur-priors(cand s2750-oracle3) vs opponent(PUCT-champion flags-OFF s2750) ===
games: 199   candidate: 119W / 5D / 75L   winrate 0.611 (z=+3.12)
avg score diff (cand - champ): +4.45
ELO: +78.1  (+/- 25.3 1sigma)
PAIRED: 99 decks   mean seat-balanced margin +4.40   z = +3.87
prefix ms/move: candidate 27487  champion 6498  (ratio 4.23x)
exact endgame: latched 199/199 games, 22.14s solver/game, timeouts cand=0 champ=0
game_timeouts: 1 game(s) ABANDONED by the wall watchdog (>3600s) — excluded from the stats above
oracle-prior: 199 games — pre 20820 + main 6646 ms/move (total 27466, 4.13x main-only; leaf ratio 2.98x)
[results.csv] appended row exp_id=f2_oracle_prior_screen
