[pilot] population=237 disagreements | sampled n=237 | M=32 | policy=clair-puct | oracle_sims=100 | W=16
[pilot] out -> /mnt/c/carc-shared/oracle_22016_20260729/score
[pilot] resume: 0 already done, 237 to go
[1/237] s28000000008_p124_r2 ok delta=-0.219 crn=True 382.497s
[2/237] s28000000002_p115_r1 ok delta=+0.094 crn=True 401.827s
[3/237] s28000000002_p115_r3 ok delta=-0.750 crn=True 407.914s
[4/237] s28000000001_p104_r3 ok delta=-0.875 crn=True 621.731s
[5/237] s28000000001_p104_r2 ok delta=+0.656 crn=True 628.344s
[6/237] s28000000020_p96_r3 ok delta=-0.906 crn=True 647.669s
[7/237] s28000000003_p80_r1 ok delta=+1.375 crn=True 782.362s
[8/237] s28000000035_p120_r1 ok delta=+0.688 crn=True 369.646s
[9/237] s28000000033_p111_r2 ok delta=-0.875 crn=True 634.549s
[10/237] s28000000015_p42_r1 ok delta=+1.312 crn=True 1193.538s
[11/237] s28000000022_p52_r3 ok delta=-0.312 crn=True 1201.493s
[12/237] s28000000015_p42_r2 ok delta=+0.312 crn=True 1205.597s
[13/237] s28000000009_p47_r1 ok delta=+0.000 crn=True 1211.992s
[14/237] s28000000015_p42_r3 ok delta=-1.406 crn=True 1217.317s
[15/237] s28000000011_p24_r3 ok delta=-0.938 crn=True 1432.878s
[16/237] s28000000044_p134_r3 ok delta=+0.000 crn=True 233.667s
[17/237] s28000000019_p35_r2 ok delta=+0.000 crn=True 1448.718s
[18/237] s28000000024_p6_r2 ok delta=-2.250 crn=True 1557.831s
[19/237] s28000000004_p1_r1 ok delta=+0.000 crn=True 1666.152s
[20/237] s28000000055_p114_r3 ok delta=+0.344 crn=True 520.01s
[21/237] s28000000027_p15_r2 ok delta=+5.812 crn=True 1479.914s
[22/237] s28000000055_p118_r2 ok delta=+0.344 crn=True 469.166s
[23/237] s28000000055_p118_r1 ok delta=+0.688 crn=True 482.305s
[24/237] s28000000038_p63_r1 ok delta=-2.906 crn=True 1160.904s
[25/237] s28000000058_p124_r2 ok delta=+0.438 crn=True 301.969s
[26/237] s28000000029_p11_r1 ok delta=+0.000 crn=True 1584.578s
[27/237] s28000000058_p124_r3 ok delta=-0.531 crn=True 291.276s
[28/237] s28000000046_p86_r2 ok delta=-0.375 crn=True 837.595s
[29/237] s28000000040_p60_r1 ok delta=-5.156 crn=True 1023.711s
[30/237] s28000000035_p25_r2 ok delta=-1.281 crn=True 1442.878s
[31/237] s28000000037_p24_r1 ok delta=+8.031 crn=True 1494.73s
[32/237] s28000000038_p63_r3 ok delta=-0.250 crn=True 1182.846s
[33/237] s28000000043_p62_r2 ok delta=-10.844 crn=True 1094.263s
[34/237] s28000000051_p52_r1 ok delta=+5.250 crn=True 1202.46s
[35/237] s28000000074_p103_r3 ok delta=+0.000 crn=True 511.435s
[36/237] s28000000056_p68_r3 ok delta=-2.500 crn=True 1137.188s
[37/237] s28000000062_p96_r1 ok delta=+0.000 crn=True 744.817s
[38/237] s28000000062_p96_r3 ok delta=+1.281 crn=True 750.211s
[39/237] s28000000073_p76_r2 ok delta=-0.250 crn=True 874.749s
[40/237] s28000000077_p110_r1 ok delta=+0.000 crn=True 693.119s
[41/237] s28000000077_p110_r3 ok delta=+0.719 crn=True 676.865s
[42/237] s28000000075_p82_r1 ok delta=+1.344 crn=True 824.048s
[43/237] s28000000073_p76_r3 ok delta=-1.531 crn=True 916.436s
[44/237] s28000000075_p82_r3 ok delta=+1.562 crn=True 848.724s
[45/237] s28000000056_p8_r1 ok delta=-2.094 crn=True 1618.811s
[46/237] s28000000063_p51_r1 ok delta=+0.688 crn=True 1298.516s
[47/237] s28000000076_p52_r2 ok delta=+0.062 crn=True 1304.855s
[48/237] s28000000076_p52_r1 ok delta=+1.531 crn=True 1316.303s
[49/237] s28000000091_p88_r1 ok delta=-8.219 crn=True 901.724s
[50/237] s28000000088_p76_r3 ok delta=+4.219 crn=True 1027.976s
[51/237] s28000000091_p88_r2 ok delta=-4.625 crn=True 909.287s
[52/237] s28000000090_p52_r1 ok delta=+3.000 crn=True 1120.574s
[53/237] s28000000078_p17_r1 ok delta=+0.000 crn=True 1500.667s
[54/237] s28000000083_p8_r1 ok delta=-3.125 crn=True 1573.021s
[55/237] s28000000100_p66_r1 ok delta=-1.688 crn=True 1157.278s
[56/237] s28000000100_p66_r3 ok delta=-6.562 crn=True 1184.332s
[57/237] s28000000100_p66_r2 ok delta=-0.625 crn=True 1201.009s
[58/237] s28000000083_p8_r3 ok delta=-0.688 crn=True 1592.099s
[59/237] s28000000099_p49_r3 ok delta=+3.938 crn=True 1261.07s
[60/237] s28000000100_p86_r2 ok delta=-0.250 crn=True 977.379s
[61/237] s28000000100_p86_r1 ok delta=+2.312 crn=True 1033.806s
[62/237] s28000000109_p133_r1 ok delta=+1.375 crn=True 219.161s
[63/237] s28000000109_p133_r2 ok delta=+2.312 crn=True 216.118s
[64/237] s28000000109_p133_r3 ok delta=+2.312 crn=True 227.235s
[65/237] s28000000104_p91_r3 ok delta=+0.000 crn=True 759.549s
[66/237] s28000000092_p1_r3 ok delta=+0.000 crn=True 1577.436s
[67/237] s28000000108_p93_r1 ok delta=+6.406 crn=True 825.607s
[68/237] s28000000117_p130_r3 ok delta=+1.062 crn=True 335.897s
[69/237] s28000000110_p98_r3 ok delta=+2.688 crn=True 586.658s
[70/237] s28000000117_p124_r3 ok delta=-0.125 crn=True 380.815s
[71/237] s28000000104_p30_r3 ok delta=-0.719 crn=True 1337.009s
[72/237] s28000000112_p118_r3 ok delta=+2.750 crn=True 570.9s
[73/237] s28000000101_p29_r2 ok delta=+0.000 crn=True 1407.149s
[74/237] s28000000108_p93_r2 ok delta=+4.000 crn=True 819.075s
[75/237] s28000000105_p10_r2 ok delta=+5.375 crn=True 1528.165s
[76/237] s28000000113_p80_r2 ok delta=-0.719 crn=True 939.405s
[77/237] s28000000105_p10_r3 ok delta=-5.969 crn=True 1516.793s
[78/237] s28000000105_p16_r2 ok delta=+0.125 crn=True 1525.895s
[79/237] s28000000113_p66_r3 ok delta=-0.688 crn=True 1063.807s
[80/237] s28000000113_p66_r2 ok delta=-1.844 crn=True 1103.42s
[81/237] s28000000125_p94_r3 ok delta=+2.000 crn=True 744.051s
[82/237] s28000000111_p33_r2 ok delta=+2.312 crn=True 1330.942s
[83/237] s28000000133_p74_r3 ok delta=+2.344 crn=True 947.511s
[84/237] s28000000131_p52_r1 ok delta=-4.156 crn=True 1088.104s
[85/237] s28000000154_p104_r2 ok delta=+0.656 crn=True 627.928s
[86/237] s28000000122_p5_r2 ok delta=+0.000 crn=True 1626.428s
[87/237] s28000000134_p49_r3 ok delta=+3.938 crn=True 1277.599s
[88/237] s28000000126_p30_r1 ok delta=+3.312 crn=True 1424.202s
[89/237] s28000000130_p7_r2 ok delta=+0.000 crn=True 1564.03s
[90/237] s28000000129_p8_r3 ok delta=+1.406 crn=True 1585.1s
[91/237] s28000000138_p24_r1 ok delta=+7.438 crn=True 1488.789s
[92/237] s28000000161_p132_r2 ok delta=-0.188 crn=True 282.874s
[93/237] s28000000161_p132_r3 ok delta=-0.250 crn=True 278.427s
[94/237] s28000000147_p41_r1 ok delta=+0.000 crn=True 1236.891s
[95/237] s28000000153_p59_r1 ok delta=+0.000 crn=True 1146.543s
[96/237] s28000000153_p59_r2 ok delta=+0.000 crn=True 1152.678s
[97/237] s28000000147_p41_r3 ok delta=+5.844 crn=True 1254.409s
[98/237] s28000000157_p48_r3 ok delta=+1.219 crn=True 1217.754s
[99/237] s28000000175_p135_r2 ok delta=+0.188 crn=True 267.686s
[100/237] s28000000159_p39_r2 ok delta=-2.312 crn=True 1231.865s
[101/237] s28000000163_p108_r1 ok delta=-0.406 crn=True 677.101s
[102/237] s28000000160_p68_r1 ok delta=+0.000 crn=True 1031.553s
[103/237] s28000000154_p16_r2 ok delta=-5.656 crn=True 1543.118s
[104/237] s28000000160_p68_r3 ok delta=+3.438 crn=True 1057.25s
[105/237] s28000000159_p39_r3 ok delta=-0.438 crn=True 1286.389s
[106/237] s28000000187_p133_r1 ok delta=-4.594 crn=True 191.731s
[107/237] s28000000176_p92_r2 ok delta=+0.406 crn=True 664.285s
[108/237] s28000000180_p94_r2 ok delta=+5.219 crn=True 535.014s
[109/237] s28000000166_p69_r1 ok delta=+5.156 crn=True 936.507s
[110/237] s28000000175_p86_r3 ok delta=-1.000 crn=True 831.67s
[111/237] s28000000180_p94_r3 ok delta=+0.406 crn=True 544.023s
[112/237] s28000000165_p46_r2 ok delta=+0.781 crn=True 1235.884s
[113/237] s28000000165_p46_r3 ok delta=-2.406 crn=True 1312.143s
[114/237] s28000000200_p108_r2 ok delta=+0.531 crn=True 550.128s
[115/237] s28000000169_p18_r1 ok delta=-2.656 crn=True 1478.964s
[116/237] s28000000169_p18_r3 ok delta=+2.625 crn=True 1479.671s
[117/237] s28000000201_p108_r2 ok delta=-4.781 crn=True 589.157s
[118/237] s28000000169_p5_r3 ok delta=+0.000 crn=True 1492.044s
[119/237] s28000000185_p69_r1 ok delta=+1.906 crn=True 1084.212s
[120/237] s28000000204_p112_r3 ok delta=+3.969 crn=True 493.064s
[121/237] s28000000180_p24_r1 ok delta=-3.250 crn=True 1434.151s
[122/237] s28000000195_p79_r2 ok delta=+0.062 crn=True 911.558s
[123/237] s28000000192_p74_r3 ok delta=-0.312 crn=True 1076.243s
[124/237] s28000000177_p3_r3 ok delta=-1.688 crn=True 1665.935s
[125/237] s28000000195_p61_r3 ok delta=-2.719 crn=True 1144.949s
[126/237] s28000000203_p96_r1 ok delta=+0.375 crn=True 816.408s
[127/237] s28000000187_p34_r1 ok delta=-0.844 crn=True 1359.102s
[128/237] s28000000207_p111_r1 ok delta=-1.469 crn=True 600.005s
[129/237] s28000000188_p19_r3 ok delta=-2.969 crn=True 1476.837s
[130/237] s28000000216_p102_r2 ok delta=-0.031 crn=True 715.776s
[131/237] s28000000223_p102_r1 ok delta=-0.062 crn=True 748.811s
[132/237] s28000000223_p102_r3 ok delta=+0.094 crn=True 736.015s
[133/237] s28000000242_p133_r1 ok delta=+1.562 crn=True 202.833s
[134/237] s28000000202_p7_r1 ok delta=+2.000 crn=True 1584.496s
[135/237] s28000000215_p68_r2 ok delta=-0.406 crn=True 1084.409s
[136/237] s28000000229_p92_r2 ok delta=+1.125 crn=True 782.566s
[137/237] s28000000212_p58_r2 ok delta=+2.469 crn=True 1270.1s
[138/237] s28000000246_p126_r1 ok delta=+10.938 crn=True 320.27s
[139/237] s28000000210_p15_r3 ok delta=+0.719 crn=True 1547.971s
[140/237] s28000000235_p80_r1 ok delta=-1.781 crn=True 977.063s
[141/237] s28000000235_p80_r3 ok delta=-1.906 crn=True 900.084s
[142/237] s28000000211_p9_r1 ok delta=-4.281 crn=True 1562.595s
[143/237] s28000000230_p68_r2 ok delta=-0.062 crn=True 1104.74s
[144/237] s28000000226_p36_r1 ok delta=+2.594 crn=True 1419.564s
[145/237] s28000000226_p36_r3 ok delta=-0.781 crn=True 1497.236s
[146/237] s28000000256_p114_r1 ok delta=-0.656 crn=True 463.664s
[147/237] s28000000256_p114_r2 ok delta=-0.844 crn=True 454.551s
[148/237] s28000000228_p2_r2 ok delta=-0.844 crn=True 1610.138s
[149/237] s28000000228_p2_r3 ok delta=+1.875 crn=True 1629.166s
[150/237] s28000000249_p62_r1 ok delta=+1.344 crn=True 1120.276s
[151/237] s28000000243_p43_r1 ok delta=+0.000 crn=True 1277.835s
[152/237] s28000000255_p70_r1 ok delta=+2.781 crn=True 963.639s
[153/237] s28000000250_p23_r2 ok delta=-1.750 crn=True 1462.538s
[154/237] s28000000255_p70_r2 ok delta=-1.844 crn=True 996.906s
[155/237] s28000000253_p25_r1 ok delta=+0.000 crn=True 1541.939s
[156/237] s28000000260_p62_r3 ok delta=+0.031 crn=True 1275.62s
[157/237] s28000000253_p9_r1 ok delta=+0.000 crn=True 1587.238s
[158/237] s28000000253_p9_r2 ok delta=+0.000 crn=True 1620.136s
[159/237] s28000000267_p74_r3 ok delta=+1.531 crn=True 891.146s
[160/237] s28000000282_p114_r1 ok delta=-3.844 crn=True 406.453s
[161/237] s28000000262_p26_r3 ok delta=-7.688 crn=True 1401.874s
[162/237] s28000000268_p74_r2 ok delta=+1.781 crn=True 1100.198s
[163/237] s28000000280_p85_r1 ok delta=+3.062 crn=True 847.211s
[164/237] s28000000269_p82_r1 ok delta=-3.000 crn=True 1092.342s
[165/237] s28000000262_p6_r2 ok delta=+1.969 crn=True 1508.481s
[166/237] s28000000288_p115_r1 ok delta=+15.188 crn=True 443.07s
[167/237] s28000000286_p100_r3 ok delta=+4.969 crn=True 696.37s
[168/237] s28000000280_p85_r2 ok delta=+0.312 crn=True 852.909s
[169/237] s28000000262_p6_r3 ok delta=+0.156 crn=True 1592.337s
[170/237] s28000000277_p25_r2 ok delta=-4.719 crn=True 1368.151s
[171/237] s28000000321_p127_r1 ok delta=-0.562 crn=True 218.303s
[172/237] s28000000265_p4_r2 ok delta=-2.156 crn=True 1593.727s
[173/237] s28000000278_p23_r3 ok delta=-2.531 crn=True 1343.051s
[174/237] s28000000309_p101_r3 ok delta=+0.000 crn=True 621.682s
[175/237] s28000000317_p115_r2 ok delta=-2.938 crn=True 600.526s
[176/237] s28000000322_p114_r1 ok delta=-0.344 crn=True 455.684s
[177/237] s28000000309_p99_r3 ok delta=+7.188 crn=True 677.719s
[178/237] s28000000319_p76_r1 ok delta=-1.812 crn=True 833.988s
[179/237] s28000000299_p55_r1 ok delta=+0.969 crn=True 1167.338s
[180/237] s28000000302_p46_r3 ok delta=+1.594 crn=True 1164.758s
[181/237] s28000000290_p28_r3 ok delta=+3.875 crn=True 1471.221s
[182/237] s28000000293_p29_r1 ok delta=-2.812 crn=True 1440.634s
[183/237] s28000000298_p8_r1 ok delta=-1.219 crn=True 1535.006s
[184/237] s28000000298_p8_r2 ok delta=+4.969 crn=True 1542.933s
[185/237] s28000000354_p133_r1 ok delta=+0.000 crn=True 234.038s
[186/237] s28000000339_p88_r3 ok delta=+0.750 crn=True 759.29s
[187/237] s28000000352_p118_r3 ok delta=-4.406 crn=True 429.578s
[188/237] s28000000324_p54_r1 ok delta=+0.625 crn=True 1228.615s
[189/237] s28000000333_p75_r3 ok delta=+1.312 crn=True 1045.003s
[190/237] s28000000357_p131_r1 ok delta=-1.469 crn=True 219.82s
[191/237] s28000000362_p122_r1 ok delta=+2.062 crn=True 382.482s
[192/237] s28000000325_p32_r2 ok delta=+1.656 crn=True 1358.185s
[193/237] s28000000357_p108_r1 ok delta=+1.812 crn=True 532.119s
[194/237] s28000000362_p122_r3 ok delta=+1.125 crn=True 372.173s
[195/237] s28000000338_p41_r1 ok delta=+2.938 crn=True 1332.512s
[196/237] s28000000347_p53_r3 ok delta=-1.531 crn=True 1123.583s
[197/237] s28000000347_p46_r3 ok delta=+1.188 crn=True 1179.058s
[198/237] s28000000338_p41_r2 ok delta=+2.375 crn=True 1331.61s
[199/237] s28000000328_p8_r2 ok delta=+6.562 crn=True 1566.498s
[200/237] s28000000376_p122_r2 ok delta=-0.312 crn=True 578.366s
[201/237] s28000000404_p124_r2 ok delta=-0.031 crn=True 338.938s
[202/237] s28000000404_p124_r3 ok delta=-0.094 crn=True 324.334s
[203/237] s28000000394_p121_r1 ok delta=-1.625 crn=True 457.411s
[204/237] s28000000380_p94_r1 ok delta=-3.750 crn=True 870.991s
[205/237] s28000000380_p94_r3 ok delta=-0.781 crn=True 902.623s
[206/237] s28000000351_p24_r1 ok delta=+0.781 crn=True 1549.697s
[207/237] s28000000381_p68_r3 ok delta=-7.094 crn=True 1085.458s
[208/237] s28000000406_p92_r1 ok delta=-3.031 crn=True 821.416s
[209/237] s28000000353_p27_r2 ok delta=+0.406 crn=True 1620.347s
[210/237] s28000000387_p80_r2 ok delta=-0.031 crn=True 1079.285s
[211/237] s28000000413_p107_r3 ok delta=-1.188 crn=True 627.886s
[212/237] s28000000415_p112_r2 ok delta=-2.125 crn=True 471.704s
[213/237] s28000000415_p112_r3 ok delta=-0.250 crn=True 502.108s
[214/237] s28000000387_p1_r3 ok delta=-0.750 crn=True 1622.497s
[215/237] s28000000394_p10_r1 ok delta=+1.844 crn=True 1522.374s
[216/237] s28000000413_p69_r3 ok delta=-0.969 crn=True 1027.208s
[217/237] s28000000394_p10_r3 ok delta=+2.562 crn=True 1584.946s
[218/237] s28000000407_p38_r2 ok delta=+0.594 crn=True 1397.822s
[219/237] s28000000431_p109_r2 ok delta=-0.750 crn=True 533.564s
[220/237] s28000000428_p103_r1 ok delta=-0.875 crn=True 608.652s
[221/237] s28000000408_p10_r1 ok delta=-0.125 crn=True 1494.821s
[222/237] s28000000408_p10_r2 ok delta=-2.594 crn=True 1529.772s
[223/237] s28000000408_p10_r3 ok delta=-5.156 crn=True 1505.217s
[224/237] s28000000441_p120_r2 ok delta=-0.312 crn=True 296.544s
[225/237] s28000000421_p52_r1 ok delta=-1.094 crn=True 1256.057s
[226/237] s28000000421_p52_r3 ok delta=-2.625 crn=True 1221.029s
[227/237] s28000000425_p48_r2 ok delta=-4.156 crn=True 1255.387s
[228/237] s28000000418_p5_r2 ok delta=-1.219 crn=True 1545.714s
[229/237] s28000000439_p79_r3 ok delta=+0.000 crn=True 903.244s
[230/237] s28000000423_p3_r2 ok delta=+1.875 crn=True 1514.168s
[231/237] s28000000432_p18_r2 ok delta=+0.969 crn=True 1434.225s
[232/237] s28000000432_p46_r1 ok delta=-0.562 crn=True 1245.488s
[233/237] s28000000438_p65_r2 ok delta=+6.688 crn=True 1065.415s
[234/237] s28000000441_p59_r3 ok delta=+0.656 crn=True 998.885s
[235/237] s28000000433_p14_r1 ok delta=-2.250 crn=True 1282.358s
[236/237] s28000000437_p9_r3 ok delta=-2.156 crn=True 1341.169s
[237/237] s28000000437_p9_r1 ok delta=-2.469 crn=True 1381.467s

=== ORACLE-SCORE PILOT SUMMARY ===
{
  "n_positions": 237,
  "m_worlds": 32,
  "sd_delta_positions": 2.94951347752451,
  "mean_delta_pts": 0.10535337552742616,
  "se_mean_delta": 0.19159148869535142,
  "z_pilot_observed": 0.5498854685290743,
  "mean_within_position_var": 156.30913553150947,
  "var_between_positions_est": 3.814969268739059,
  "sd_delta_projected_by_m": {
    "8": 4.832557419232361,
    "16": 3.685687214002078,
    "32": 2.94951347752451,
    "64": 2.5014594762695825
  },
  "median_crn_var_reduction": 1.4853018389716797,
  "n_positions_perfect_pairing": 23,
  "n_positions_identical_afterstates": 0,
  "assumed_effect_pts": 0.07,
  "implied_z_full_run": {
    "N=265_at_M=32": 0.38634081532774084,
    "N=237_at_M=32": 0.3653606977881289,
    "N=237_at_M=8": 0.22299503322922243,
    "N=237_at_M=16": 0.2923840900524225,
    "N=237_at_M=64": 0.4308030221984331
  },
  "memo_power_fork": {
    "note": "memo \u00a74.2: sd ~0.5 pts => z ~2.2 (fund the full run); sd ~1.5 pts => z ~0.75 (do not). Read sd_delta_positions against this.",
    "z_if_sd_0.5": 2.279034883453959,
    "z_if_sd_1.5": 0.7596782944846531
  },
  "caveat": "The pilot's own mean_delta is a 20-position SCREEN, NOT a verdict on whether budget improves the move. The deliverable is the sd.",
  "schema": "carcassonne-oracle-score-pilot/v1",
  "oracle_policy": "clair-puct",
  "n_attempted": 237,
  "n_failed": 0,
  "crn_verified_all": true,
  "population_disagreements": 237,
  "wall_secs": 15624.6,
  "manifest": "/mnt/c/carc-shared/oracle_22016_20260729/score/manifest.json"
}
