[agree] carcassonne_ai.fair_agent -> /home/doctor/projects/carc-pinned-c72053a/src/carcassonne_ai/fair_agent.py
[agree] carcassonne_ai.mcts       -> /home/doctor/projects/carc-pinned-c72053a/src/carcassonne_ai/mcts.py
[agree] isolation VERIFIED against /home/doctor/projects/carc-pinned-c72053a/src
[agree] roots=40 salts=[1] jobs=40 todo=40 levels=(86, 172, 344, 516, 688, 1376, 2752) (totals [344, 688, 1376, 2064, 2752, 5504, 11008]) workers=4
         s28000000000_p66_r1 74.148s agreeQ_all=False BE=True PARITY=True [1/40 49/h]
         s28000000000_p75_r1 92.584s agreeQ_all=False BE=True PARITY=True [2/40 78/h]
        s28000000001_p104_r1 96.59s agreeQ_all=False BE=True PARITY=True [3/40 112/h]
        s28000000001_p102_r1 106.562s agreeQ_all=False BE=True PARITY=True [4/40 135/h]
         s28000000002_p67_r1 72.751s agreeQ_all=False BE=True PARITY=True [5/40 122/h]
        s28000000002_p115_r1 106.274s agreeQ_all=False BE=True PARITY=True [6/40 109/h]
          s28000000004_p1_r1 68.179s agreeQ_all=False BE=True PARITY=True [7/40 117/h]
         s28000000003_p80_r1 146.131s agreeQ_all=False BE=True PARITY=True [8/40 114/h]
         s28000000003_p66_r1 169.39s agreeQ_all=True BE=True PARITY=True [9/40 122/h]
         s28000000005_p19_r1 94.449s agreeQ_all=True BE=True PARITY=True [10/40 116/h]
         s28000000004_p44_r1 125.607s agreeQ_all=True BE=True PARITY=True [11/40 122/h]
         s28000000006_p90_r1 126.829s agreeQ_all=False BE=True PARITY=True [12/40 110/h]
          s28000000007_p3_r1 74.913s agreeQ_all=True BE=True PARITY=True [13/40 117/h]
         s28000000005_p91_r1 197.535s agreeQ_all=False BE=True PARITY=True [14/40 112/h]
        s28000000006_p108_r1 181.652s agreeQ_all=True BE=True PARITY=True [15/40 110/h]
         s28000000008_p15_r1 91.858s agreeQ_all=True BE=True PARITY=True [16/40 117/h]
         s28000000007_p53_r1 138.696s agreeQ_all=False BE=True PARITY=True [17/40 115/h]
        s28000000008_p124_r1 136.412s agreeQ_all=False BE=True PARITY=True [18/40 110/h]
         s28000000010_p48_r1 102.748s agreeQ_all=True BE=True PARITY=True [19/40 108/h]
         s28000000009_p47_r1 150.805s agreeQ_all=False BE=True PARITY=True [20/40 112/h]
        s28000000009_p137_r1 201.166s agreeQ_all=True BE=True PARITY=True [21/40 109/h]
         s28000000010_p69_r1 137.631s agreeQ_all=False BE=True PARITY=True [22/40 109/h]
         s28000000011_p24_r1 94.26s agreeQ_all=True BE=True PARITY=True [23/40 114/h]
        s28000000011_p109_r1 157.382s agreeQ_all=True BE=True PARITY=True [24/40 108/h]
         s28000000013_p20_r1 112.787s agreeQ_all=True BE=True PARITY=True [25/40 107/h]
         s28000000012_p69_r1 154.692s agreeQ_all=True BE=True PARITY=True [26/40 110/h]
         s28000000012_p71_r1 168.14s agreeQ_all=True BE=True PARITY=True [27/40 109/h]
          s28000000014_p7_r1 78.872s agreeQ_all=False BE=True PARITY=True [28/40 110/h]
        s28000000013_p126_r1 211.65s agreeQ_all=False BE=True PARITY=True [29/40 103/h]
         s28000000014_p45_r1 165.639s agreeQ_all=True BE=True PARITY=True [30/40 107/h]
         s28000000015_p42_r1 143.717s agreeQ_all=True BE=True PARITY=True [31/40 108/h]
         s28000000016_p34_r1 118.942s agreeQ_all=True BE=True PARITY=True [32/40 102/h]
        s28000000015_p131_r1 218.221s agreeQ_all=True BE=True PARITY=True [33/40 104/h]
         s28000000016_p45_r1 133.996s agreeQ_all=True BE=True PARITY=True [34/40 107/h]
         s28000000017_p73_r1 139.362s agreeQ_all=True BE=True PARITY=True [35/40 107/h]
         s28000000018_p83_r1 106.856s agreeQ_all=False BE=True PARITY=True [36/40 104/h]
         s28000000018_p93_r1 140.724s agreeQ_all=False BE=True PARITY=True [37/40 103/h]
         s28000000019_p30_r1 136.311s agreeQ_all=False BE=True PARITY=True [38/40 104/h]
        s28000000017_p136_r1 184.892s agreeQ_all=False BE=True PARITY=True [39/40 107/h]
         s28000000019_p35_r1 136.78s agreeQ_all=False BE=True PARITY=True [40/40 104/h]
[agree] done=40 elapsed=1382s
