[pilot] population=628 disagreements | sampled n=30 | M=32 | policy=tier1-greedy | oracle_sims=100 | W=16
[pilot] out -> /mnt/c/carc-shared/classical_search/oracle_score_pilot_t1greedy
[pilot] resume: 0 already done, 30 to go
[1/30] s28000000021_p126_r3 ok delta=+1.469 crn=True 26.092s
[2/30] s28000000055_p118_r1 ok delta=+5.094 crn=True 60.324s
[3/30] s28000000055_p118_r3 ok delta=+3.625 crn=True 61.219s
[4/30] s28000000001_p102_r2 ok delta=+0.062 crn=True 64.399s
[5/30] s28000000057_p112_r2 ok delta=-0.594 crn=True 66.336s
[6/30] s28000000074_p103_r3 ok delta=+3.219 crn=True 80.574s
[7/30] s28000000074_p103_r1 ok delta=+3.312 crn=True 83.087s
[8/30] s28000000060_p100_r1 ok delta=-9.188 crn=True 85.978s
[9/30] s28000000027_p94_r3 ok delta=-12.094 crn=True 89.339s
[10/30] s28000000011_p109_r3 ok delta=+1.688 crn=True 93.608s
[11/30] s28000000062_p89_r1 ok delta=+1.875 crn=True 118.363s
[12/30] s28000000040_p58_r2 ok delta=-3.781 crn=True 127.262s
[13/30] s28000000079_p68_r1 ok delta=+6.188 crn=True 110.278s
[14/30] s28000000022_p52_r3 ok delta=-10.875 crn=True 137.619s
[15/30] s28000000009_p47_r2 ok delta=+7.375 crn=True 147.089s
[16/30] s28000000093_p98_r2 ok delta=+0.781 crn=True 95.154s
[17/30] s28000000097_p116_r3 ok delta=+3.531 crn=True 77.494s
[18/30] s28000000024_p6_r1 ok delta=-0.750 crn=True 166.279s
[19/30] s28000000027_p15_r1 ok delta=-3.188 crn=True 171.209s
[20/30] s28000000127_p119_r1 ok delta=+2.500 crn=True 41.853s
[21/30] s28000000110_p94_r2 ok delta=+0.844 crn=True 94.535s
[22/30] s28000000084_p11_r1 ok delta=-2.438 crn=True 143.843s
[23/30] s28000000110_p98_r1 ok delta=+2.562 crn=True 86.829s
[24/30] s28000000125_p94_r3 ok delta=+0.375 crn=True 80.968s
[25/30] s28000000101_p29_r2 ok delta=+0.000 crn=True 141.053s
[26/30] s28000000095_p18_r3 ok delta=+2.094 crn=True 158.737s
[27/30] s28000000095_p18_r2 ok delta=+6.562 crn=True 160.719s
[28/30] s28000000105_p10_r2 ok delta=-2.875 crn=True 137.732s
[29/30] s28000000105_p10_r1 ok delta=+11.656 crn=True 146.519s
[30/30] s28000000128_p78_r2 ok delta=-0.250 crn=True 116.648s

=== ORACLE-SCORE PILOT SUMMARY ===
{
  "n_positions": 30,
  "m_worlds": 32,
  "sd_delta_positions": 5.08041134427945,
  "mean_delta_pts": 0.6260416666666667,
  "se_mean_delta": 0.9275519648889998,
  "z_pilot_observed": 0.6749397234489015,
  "mean_within_position_var": 259.1640120967742,
  "var_between_positions_est": 17.711704049059136,
  "sd_delta_projected_by_m": {
    "8": 7.07864433074271,
    "16": 5.8231825323535515,
    "32": 5.08041134427945,
    "64": 4.664883893310876
  },
  "median_crn_var_reduction": 2.31645921702246,
  "n_positions_perfect_pairing": 1,
  "n_positions_identical_afterstates": 0,
  "assumed_effect_pts": 0.07,
  "implied_z_full_run": {
    "N=265_at_M=32": 0.22429629502541712,
    "N=628_at_M=32": 0.3452860119358365,
    "N=628_at_M=8": 0.24781510273673812,
    "N=628_at_M=16": 0.30124334284792575,
    "N=628_at_M=64": 0.3760425794466673
  },
  "memo_power_fork": {
    "note": "memo \u00a74.2: sd ~0.5 pts => z ~2.2 (fund the full run); sd ~1.5 pts => z ~0.75 (do not). Read sd_delta_positions against this.",
    "z_if_sd_0.5": 2.279034883453959,
    "z_if_sd_1.5": 0.7596782944846531
  },
  "caveat": "The pilot's own mean_delta is a 20-position SCREEN, NOT a verdict on whether budget improves the move. The deliverable is the sd.",
  "schema": "carcassonne-oracle-score-pilot/v1",
  "oracle_policy": "tier1-greedy",
  "n_attempted": 30,
  "n_failed": 0,
  "crn_verified_all": true,
  "population_disagreements": 628,
  "wall_secs": 254.5,
  "manifest": "/mnt/c/carc-shared/classical_search/oracle_score_pilot_t1greedy/manifest.json"
}
