[2026-07-26_23:06:54] === pareto curve queue START on Doctor ===
[2026-07-26_23:06:54] share=/mnt/c/carc-shared W=16 n=400 rev=0bfdc00
[2026-07-26_23:06:54] --- CELL pareto_k4x344_1376_vs_deploy : k4x344 = 1376 sims vs deploy 2752, band 60000000000
[head-to-head] opponent=fair-champion
[head-to-head] candidate frozen leaf: curve125 leaf_hash=a36d2e15a3b3d71d frozen_config_hash=6dfffd57051690f2 (champ_env dialect)
[head-to-head] opponent  frozen leaf: curve125 leaf_hash=a36d2e15a3b3d71d frozen_config_hash=6dfffd57051690f2 (champ_env dialect)
[head-to-head] BOTH SIDES curve125: YES | env DEFAULT_CONFIG (unmoved, no rung in play) leaf_hash=42af12fce22e1a0f
[warn] --opp-sims: ASYMMETRIC search budgets — candidate k4x344 (total 1376) vs opponent fair-champion k4x688 (total 2752). This is an equal-WALL-CLOCK / whole-config deployability check, NOT the single-variable prior swap the symmetric head-to-head is: the two sides search different budgets. diff/elo stay candidate-minus-opponent.
fair-puct[fair_fair_c1.5_tau5_float_kd4_s344_vs_fairchamp-k4x688_k2-leafa36d2e15]: info=fair n=400 paired=True K=2 k_dets=4 sims=344 | 0 cached, 400 to play, 16 workers, out=/mnt/c/carc-shared/classical_search/pareto_k4x344_1376_vs_deploy
  10/400 played (45.9s/game, ~298 min left)
  20/400 played (41.4s/game, ~262 min left)
  30/400 played (37.2s/game, ~229 min left)
  40/400 played (36.2s/game, ~217 min left)
  50/400 played (32.8s/game, ~192 min left)
  60/400 played (32.1s/game, ~182 min left)
  70/400 played (32.8s/game, ~180 min left)
  80/400 played (31.6s/game, ~168 min left)
  90/400 played (31.2s/game, ~161 min left)
  100/400 played (31.4s/game, ~157 min left)
  110/400 played (31.2s/game, ~151 min left)
  120/400 played (31.1s/game, ~145 min left)
  130/400 played (30.9s/game, ~139 min left)
  140/400 played (31.1s/game, ~135 min left)
  150/400 played (31.1s/game, ~130 min left)
  160/400 played (30.7s/game, ~123 min left)
  170/400 played (30.9s/game, ~118 min left)
  180/400 played (30.5s/game, ~112 min left)
  190/400 played (30.1s/game, ~105 min left)

=== FAIR-PUCT[fair] (K=2, k_dets=4, sims=344, total~1376) vs FAIR PRODUCTION CHAMPION (FairHeuristicPriorAgent, heuristic priors, curve125 leaf, k4x688) ===
games: 400   candidate: 196W / 9D / 195L   winrate 0.501 (z=+0.05)
avg score diff (candidate - opponent): -1.03
ELO: +0.9  (+/- 17.4 1sigma)
PAIRED: 200 decks   mean seat-balanced margin -1.03   z = -1.26
prefix ms/move: candidate 1928  opponent 3813  (ratio 0.51x)
fair endgame: candidate latched 400/400 games, 23.83s solver/game, timeouts=0
fair endgame: opponent  latched 400/400 games, 28.19s solver/game, timeouts=0
  POWER NOTE: |elo|<=35 at n=400 (1σ≈±17); a >=35-elo verdict needs n>=400.
[summary.json] wrote /mnt/c/carc-shared/classical_search/pareto_k4x344_1376_vs_deploy/summary.json
[2026-07-27_00:46:03] --- CELL pareto_k4x344_1376_vs_deploy exited rc=0
[2026-07-27_00:46:03] --- CELL pareto_k2x688_1376_vs_deploy : k2x688 = 1376 sims vs deploy 2752, band 60000000000
[head-to-head] opponent=fair-champion
[head-to-head] candidate frozen leaf: curve125 leaf_hash=a36d2e15a3b3d71d frozen_config_hash=6dfffd57051690f2 (champ_env dialect)
[head-to-head] opponent  frozen leaf: curve125 leaf_hash=a36d2e15a3b3d71d frozen_config_hash=6dfffd57051690f2 (champ_env dialect)
[head-to-head] BOTH SIDES curve125: YES | env DEFAULT_CONFIG (unmoved, no rung in play) leaf_hash=42af12fce22e1a0f
[warn] --opp-k-dets: ASYMMETRIC search budgets — candidate k2x688 (total 1376) vs opponent fair-champion k4x688 (total 2752). This is an equal-WALL-CLOCK / whole-config deployability check, NOT the single-variable prior swap the symmetric head-to-head is: the two sides search different budgets. diff/elo stay candidate-minus-opponent.
fair-puct[fair_fair_c1.5_tau5_float_kd2_s688_vs_fairchamp-k4x688_k2-leafa36d2e15]: info=fair n=400 paired=True K=2 k_dets=2 sims=688 | 0 cached, 400 to play, 16 workers, out=/mnt/c/carc-shared/classical_search/pareto_k2x688_1376_vs_deploy
  10/400 played (46.8s/game, ~304 min left)
  20/400 played (41.1s/game, ~260 min left)
  30/400 played (35.7s/game, ~220 min left)
  40/400 played (33.3s/game, ~200 min left)
  50/400 played (33.4s/game, ~195 min left)
  60/400 played (32.8s/game, ~186 min left)
  70/400 played (31.1s/game, ~171 min left)
  80/400 played (31.1s/game, ~166 min left)
  90/400 played (31.5s/game, ~163 min left)
  100/400 played (31.4s/game, ~157 min left)
  110/400 played (31.6s/game, ~153 min left)
  120/400 played (30.7s/game, ~143 min left)
  130/400 played (31.2s/game, ~140 min left)
  140/400 played (31.2s/game, ~135 min left)
  150/400 played (31.0s/game, ~129 min left)
  160/400 played (31.1s/game, ~124 min left)
  170/400 played (30.9s/game, ~119 min left)
  180/400 played (30.5s/game, ~112 min left)

=== FAIR-PUCT[fair] (K=2, k_dets=2, sims=688, total~1376) vs FAIR PRODUCTION CHAMPION (FairHeuristicPriorAgent, heuristic priors, curve125 leaf, k4x688) ===
games: 399   candidate: 184W / 12D / 203L   winrate 0.476 (z=-0.95)
avg score diff (candidate - opponent): -2.37
ELO: -16.6  (+/- 17.4 1sigma)
PAIRED: 199 decks   mean seat-balanced margin -2.32   z = -2.72
prefix ms/move: candidate 1908  opponent 3827  (ratio 0.50x)
fair endgame: candidate latched 399/399 games, 25.39s solver/game, timeouts=0
fair endgame: opponent  latched 399/399 games, 26.81s solver/game, timeouts=0
  POWER NOTE: |elo|<=35 at n=399 (1σ≈±17); a >=35-elo verdict needs n>=400.
[summary.json] wrote /mnt/c/carc-shared/classical_search/pareto_k2x688_1376_vs_deploy/summary.json
[2026-07-27_02:22:54] --- CELL pareto_k2x688_1376_vs_deploy exited rc=0
[2026-07-27_02:22:54] --- CELL pareto_k4x172_688_vs_deploy : k4x172 = 688 sims vs deploy 2752, band 62000000000
[head-to-head] opponent=fair-champion
[head-to-head] candidate frozen leaf: curve125 leaf_hash=a36d2e15a3b3d71d frozen_config_hash=6dfffd57051690f2 (champ_env dialect)
[head-to-head] opponent  frozen leaf: curve125 leaf_hash=a36d2e15a3b3d71d frozen_config_hash=6dfffd57051690f2 (champ_env dialect)
[head-to-head] BOTH SIDES curve125: YES | env DEFAULT_CONFIG (unmoved, no rung in play) leaf_hash=42af12fce22e1a0f
[warn] --opp-sims: ASYMMETRIC search budgets — candidate k4x172 (total 688) vs opponent fair-champion k4x688 (total 2752). This is an equal-WALL-CLOCK / whole-config deployability check, NOT the single-variable prior swap the symmetric head-to-head is: the two sides search different budgets. diff/elo stay candidate-minus-opponent.
fair-puct[fair_fair_c1.5_tau5_float_kd4_s172_vs_fairchamp-k4x688_k2-leafa36d2e15]: info=fair n=400 paired=True K=2 k_dets=4 sims=172 | 0 cached, 400 to play, 16 workers, out=/mnt/c/carc-shared/classical_search/pareto_k4x172_688_vs_deploy
  10/400 played (38.2s/game, ~248 min left)
  20/400 played (35.5s/game, ~225 min left)
  30/400 played (28.7s/game, ~177 min left)
  40/400 played (28.7s/game, ~172 min left)
  50/400 played (28.8s/game, ~168 min left)
  60/400 played (27.7s/game, ~157 min left)
  70/400 played (27.7s/game, ~152 min left)
  80/400 played (28.3s/game, ~151 min left)
  90/400 played (26.9s/game, ~139 min left)
  100/400 played (27.3s/game, ~137 min left)
  110/400 played (27.0s/game, ~130 min left)
  120/400 played (26.6s/game, ~124 min left)
  130/400 played (26.1s/game, ~118 min left)
  140/400 played (26.4s/game, ~114 min left)
  150/400 played (26.5s/game, ~110 min left)
  160/400 played (26.6s/game, ~106 min left)
  170/400 played (26.5s/game, ~101 min left)
  180/400 played (26.1s/game, ~96 min left)
  190/400 played (26.1s/game, ~91 min left)

=== FAIR-PUCT[fair] (K=2, k_dets=4, sims=172, total~688) vs FAIR PRODUCTION CHAMPION (FairHeuristicPriorAgent, heuristic priors, curve125 leaf, k4x688) ===
games: 399   candidate: 167W / 13D / 219L   winrate 0.435 (z=-2.60)
avg score diff (candidate - opponent): -4.86
ELO: -45.5  (+/- 17.5 1sigma)
PAIRED: 199 decks   mean seat-balanced margin -4.89   z = -6.24
prefix ms/move: candidate 969  opponent 3900  (ratio 0.25x)
fair endgame: candidate latched 399/399 games, 26.24s solver/game, timeouts=0
fair endgame: opponent  latched 399/399 games, 25.68s solver/game, timeouts=0
[summary.json] wrote /mnt/c/carc-shared/classical_search/pareto_k4x172_688_vs_deploy/summary.json
[2026-07-27_03:47:15] --- CELL pareto_k4x172_688_vs_deploy exited rc=0
[2026-07-27_03:47:15] --- CELL pareto_k2x344_688_vs_deploy : k2x344 = 688 sims vs deploy 2752, band 62000000000
[head-to-head] opponent=fair-champion
[head-to-head] candidate frozen leaf: curve125 leaf_hash=a36d2e15a3b3d71d frozen_config_hash=6dfffd57051690f2 (champ_env dialect)
[head-to-head] opponent  frozen leaf: curve125 leaf_hash=a36d2e15a3b3d71d frozen_config_hash=6dfffd57051690f2 (champ_env dialect)
[head-to-head] BOTH SIDES curve125: YES | env DEFAULT_CONFIG (unmoved, no rung in play) leaf_hash=42af12fce22e1a0f
[warn] --opp-sims/--opp-k-dets: ASYMMETRIC search budgets — candidate k2x344 (total 688) vs opponent fair-champion k4x688 (total 2752). This is an equal-WALL-CLOCK / whole-config deployability check, NOT the single-variable prior swap the symmetric head-to-head is: the two sides search different budgets. diff/elo stay candidate-minus-opponent.
fair-puct[fair_fair_c1.5_tau5_float_kd2_s344_vs_fairchamp-k4x688_k2-leafa36d2e15]: info=fair n=400 paired=True K=2 k_dets=2 sims=344 | 0 cached, 400 to play, 16 workers, out=/mnt/c/carc-shared/classical_search/pareto_k2x344_688_vs_deploy
  10/400 played (37.6s/game, ~244 min left)
  20/400 played (36.4s/game, ~230 min left)
  30/400 played (29.0s/game, ~179 min left)
  40/400 played (29.1s/game, ~174 min left)
  50/400 played (28.2s/game, ~165 min left)
  60/400 played (27.7s/game, ~157 min left)
  70/400 played (27.5s/game, ~151 min left)
  80/400 played (27.8s/game, ~148 min left)
  90/400 played (26.9s/game, ~139 min left)
  100/400 played (27.2s/game, ~136 min left)
  110/400 played (27.5s/game, ~133 min left)
  120/400 played (27.2s/game, ~127 min left)
  130/400 played (27.4s/game, ~123 min left)
  140/400 played (27.1s/game, ~118 min left)
  150/400 played (27.2s/game, ~113 min left)
  160/400 played (26.6s/game, ~107 min left)
  170/400 played (26.9s/game, ~103 min left)
  180/400 played (26.7s/game, ~98 min left)
  190/400 played (26.3s/game, ~92 min left)

=== FAIR-PUCT[fair] (K=2, k_dets=2, sims=344, total~688) vs FAIR PRODUCTION CHAMPION (FairHeuristicPriorAgent, heuristic priors, curve125 leaf, k4x688) ===
games: 400   candidate: 176W / 5D / 219L   winrate 0.446 (z=-2.15)
avg score diff (candidate - opponent): -2.69
ELO: -37.5  (+/- 17.5 1sigma)
PAIRED: 200 decks   mean seat-balanced margin -2.69   z = -3.28
prefix ms/move: candidate 985  opponent 3911  (ratio 0.25x)
fair endgame: candidate latched 400/400 games, 21.32s solver/game, timeouts=0
fair endgame: opponent  latched 400/400 games, 25.83s solver/game, timeouts=0
[summary.json] wrote /mnt/c/carc-shared/classical_search/pareto_k2x344_688_vs_deploy/summary.json
[2026-07-27_05:11:44] --- CELL pareto_k2x344_688_vs_deploy exited rc=0
[2026-07-27_05:11:44] --- CELL pareto_k4x1376_5504_vs_deploy : k4x1376 = 5504 sims vs deploy 2752, band 64000000000
[head-to-head] opponent=fair-champion
[head-to-head] candidate frozen leaf: curve125 leaf_hash=a36d2e15a3b3d71d frozen_config_hash=6dfffd57051690f2 (champ_env dialect)
[head-to-head] opponent  frozen leaf: curve125 leaf_hash=a36d2e15a3b3d71d frozen_config_hash=6dfffd57051690f2 (champ_env dialect)
[head-to-head] BOTH SIDES curve125: YES | env DEFAULT_CONFIG (unmoved, no rung in play) leaf_hash=42af12fce22e1a0f
[warn] --opp-sims: ASYMMETRIC search budgets — candidate k4x1376 (total 5504) vs opponent fair-champion k4x688 (total 2752). This is an equal-WALL-CLOCK / whole-config deployability check, NOT the single-variable prior swap the symmetric head-to-head is: the two sides search different budgets. diff/elo stay candidate-minus-opponent.
fair-puct[fair_fair_c1.5_tau5_float_kd4_s1376_vs_fairchamp-k4x688_k2-leafa36d2e15]: info=fair n=400 paired=True K=2 k_dets=4 sims=1376 | 0 cached, 400 to play, 16 workers, out=/mnt/c/carc-shared/classical_search/pareto_k4x1376_5504_vs_deploy
  10/400 played (89.2s/game, ~580 min left)
  20/400 played (82.8s/game, ~525 min left)
  30/400 played (62.9s/game, ~388 min left)
  40/400 played (68.3s/game, ~410 min left)
  50/400 played (68.0s/game, ~396 min left)
  60/400 played (61.0s/game, ~346 min left)
  70/400 played (61.6s/game, ~339 min left)
  80/400 played (60.5s/game, ~323 min left)
  90/400 played (57.9s/game, ~299 min left)
  100/400 played (59.0s/game, ~295 min left)
  110/400 played (58.4s/game, ~282 min left)
  120/400 played (57.7s/game, ~269 min left)
  130/400 played (58.7s/game, ~264 min left)
  140/400 played (57.3s/game, ~248 min left)
  150/400 played (57.4s/game, ~239 min left)
  160/400 played (57.2s/game, ~229 min left)
  170/400 played (56.4s/game, ~216 min left)
  180/400 played (56.7s/game, ~208 min left)
  190/400 played (56.1s/game, ~196 min left)

=== FAIR-PUCT[fair] (K=2, k_dets=4, sims=1376, total~5504) vs FAIR PRODUCTION CHAMPION (FairHeuristicPriorAgent, heuristic priors, curve125 leaf, k4x688) ===
games: 400   candidate: 203W / 8D / 189L   winrate 0.517 (z=+0.70)
avg score diff (candidate - opponent): +1.16
ELO: +12.2  (+/- 17.4 1sigma)
PAIRED: 200 decks   mean seat-balanced margin +1.16   z = +1.23
prefix ms/move: candidate 7580  opponent 3789  (ratio 2.00x)
fair endgame: candidate latched 400/400 games, 20.95s solver/game, timeouts=0
fair endgame: opponent  latched 400/400 games, 18.94s solver/game, timeouts=0
  POWER NOTE: |elo|<=35 at n=400 (1σ≈±17); a >=35-elo verdict needs n>=400.
[summary.json] wrote /mnt/c/carc-shared/classical_search/pareto_k4x1376_5504_vs_deploy/summary.json
[2026-07-27_08:10:45] --- CELL pareto_k4x1376_5504_vs_deploy exited rc=0
[2026-07-27_08:10:45] === pareto curve queue DONE on Doctor ===
