[head-to-head] opponent=fair-champion
[head-to-head] candidate frozen leaf: curve125 leaf_hash=a36d2e15a3b3d71d frozen_config_hash=6dfffd57051690f2 (champ_env dialect)
[head-to-head] opponent  frozen leaf: curve125 leaf_hash=a36d2e15a3b3d71d frozen_config_hash=6dfffd57051690f2 (champ_env dialect)
[head-to-head] BOTH SIDES curve125: YES | env DEFAULT_CONFIG (unmoved, no rung in play) leaf_hash=42af12fce22e1a0f
[tiearb] TIE ARBITER LIVE on the candidate: {'enabled': True, 'B': 32, 'J': 4, 'mode': 'argmax', 'salt': 'tiearb2-deploy-v1', 'eps': 0.0} (leaf hash does NOT move; gates = manifest cand_tiearb + summary tiearb_phi + the two-sided J13 control)
[backend] engine=rust (from --backend rust) rust_threads=1 workers=30 [FARM: threads=1 per worker]
fair-puct[fair_fair_c1.5_tau5_float_kd8_s1376_vs_fairchamp-k8x1376_k2-leafa36d2e15]: info=fair n=3000 paired=True K=2 k_dets=8 sims=1376 | 0 cached, 3000 to play, 30 workers, out=/mnt/c/carc-shared/tiearb_widening_20260817_b32v64_cell/b32v64_B32J4_deploy11008
  10/3000 played (53.1s/game, ~2648 min left)
  20/3000 played (29.7s/game, ~1476 min left)
  30/3000 played (23.7s/game, ~1172 min left)
  40/3000 played (27.1s/game, ~1335 min left)
  50/3000 played (24.1s/game, ~1186 min left)
  60/3000 played (24.8s/game, ~1217 min left)
  70/3000 played (24.3s/game, ~1188 min left)
  80/3000 played (22.8s/game, ~1108 min left)
  90/3000 played (22.5s/game, ~1093 min left)
  100/3000 played (23.0s/game, ~1112 min left)
  110/3000 played (22.0s/game, ~1058 min left)
  120/3000 played (22.7s/game, ~1088 min left)
  130/3000 played (22.1s/game, ~1058 min left)
  140/3000 played (22.0s/game, ~1049 min left)
  150/3000 played (21.9s/game, ~1039 min left)
  160/3000 played (21.8s/game, ~1033 min left)
  170/3000 played (21.7s/game, ~1023 min left)
  180/3000 played (21.3s/game, ~1000 min left)
  190/3000 played (21.7s/game, ~1015 min left)
  200/3000 played (21.5s/game, ~1001 min left)
  210/3000 played (21.3s/game, ~990 min left)
  220/3000 played (21.4s/game, ~993 min left)
  230/3000 played (21.5s/game, ~994 min left)
  240/3000 played (21.2s/game, ~976 min left)
  250/3000 played (21.0s/game, ~963 min left)
  260/3000 played (21.4s/game, ~977 min left)
  270/3000 played (21.1s/game, ~959 min left)
  280/3000 played (20.9s/game, ~948 min left)
  290/3000 played (21.1s/game, ~953 min left)
  300/3000 played (21.0s/game, ~944 min left)
  310/3000 played (20.8s/game, ~934 min left)
  320/3000 played (21.1s/game, ~941 min left)
  330/3000 played (20.7s/game, ~922 min left)
  340/3000 played (20.9s/game, ~927 min left)
  350/3000 played (21.0s/game, ~929 min left)
  360/3000 played (20.8s/game, ~915 min left)
  370/3000 played (20.8s/game, ~911 min left)
  380/3000 played (20.8s/game, ~909 min left)
  390/3000 played (20.8s/game, ~906 min left)
  400/3000 played (20.8s/game, ~903 min left)
  410/3000 played (20.7s/game, ~893 min left)
  420/3000 played (20.8s/game, ~895 min left)
  430/3000 played (20.8s/game, ~891 min left)
  440/3000 played (20.7s/game, ~883 min left)
  450/3000 played (20.8s/game, ~886 min left)
  460/3000 played (20.7s/game, ~878 min left)
  470/3000 played (20.8s/game, ~875 min left)
  480/3000 played (20.9s/game, ~877 min left)
  490/3000 played (20.8s/game, ~871 min left)
  500/3000 played (20.8s/game, ~867 min left)
  510/3000 played (20.9s/game, ~866 min left)
  520/3000 played (20.8s/game, ~861 min left)
  530/3000 played (20.7s/game, ~854 min left)
  540/3000 played (21.0s/game, ~860 min left)
  550/3000 played (20.8s/game, ~850 min left)
  560/3000 played (20.7s/game, ~841 min left)
  570/3000 played (20.9s/game, ~845 min left)
  580/3000 played (20.8s/game, ~840 min left)
  590/3000 played (20.7s/game, ~832 min left)
  600/3000 played (20.8s/game, ~833 min left)
  610/3000 played (20.9s/game, ~831 min left)
  620/3000 played (20.7s/game, ~820 min left)
  630/3000 played (20.9s/game, ~824 min left)
  640/3000 played (20.8s/game, ~818 min left)
  650/3000 played (20.7s/game, ~812 min left)
  660/3000 played (20.8s/game, ~811 min left)
  670/3000 played (20.8s/game, ~809 min left)
  680/3000 played (20.7s/game, ~800 min left)
  690/3000 played (20.8s/game, ~802 min left)
  700/3000 played (20.9s/game, ~801 min left)
  710/3000 played (20.8s/game, ~796 min left)
  720/3000 played (20.9s/game, ~794 min left)
  730/3000 played (20.8s/game, ~786 min left)
  740/3000 played (20.8s/game, ~784 min left)
  750/3000 played (20.9s/game, ~782 min left)
  760/3000 played (20.9s/game, ~779 min left)
  770/3000 played (20.8s/game, ~775 min left)
  780/3000 played (20.9s/game, ~774 min left)
  790/3000 played (20.8s/game, ~766 min left)
  800/3000 played (20.9s/game, ~765 min left)
  810/3000 played (20.9s/game, ~761 min left)
  820/3000 played (20.8s/game, ~754 min left)
  830/3000 played (20.9s/game, ~754 min left)
  840/3000 played (20.9s/game, ~751 min left)
  850/3000 played (20.8s/game, ~746 min left)
  860/3000 played (20.9s/game, ~744 min left)
  870/3000 played (20.9s/game, ~741 min left)
  880/3000 played (20.9s/game, ~737 min left)
  890/3000 played (20.9s/game, ~734 min left)
  900/3000 played (20.8s/game, ~729 min left)
  910/3000 played (20.9s/game, ~727 min left)
  920/3000 played (20.8s/game, ~720 min left)
  930/3000 played (20.9s/game, ~719 min left)
  940/3000 played (20.8s/game, ~714 min left)
  950/3000 played (20.8s/game, ~712 min left)
  960/3000 played (20.9s/game, ~710 min left)
  970/3000 played (20.8s/game, ~705 min left)
  980/3000 played (20.9s/game, ~702 min left)
  990/3000 played (20.8s/game, ~698 min left)
  1000/3000 played (20.9s/game, ~697 min left)
  1010/3000 played (20.9s/game, ~692 min left)
  1020/3000 played (20.8s/game, ~687 min left)
  1030/3000 played (20.9s/game, ~686 min left)
  1040/3000 played (20.8s/game, ~680 min left)
  1050/3000 played (20.8s/game, ~677 min left)
  1060/3000 played (20.8s/game, ~674 min left)
  1070/3000 played (20.8s/game, ~670 min left)
  1080/3000 played (20.8s/game, ~667 min left)
  1090/3000 played (20.9s/game, ~665 min left)
  1100/3000 played (20.9s/game, ~661 min left)
  1110/3000 played (20.9s/game, ~658 min left)
  1120/3000 played (20.9s/game, ~655 min left)
  1130/3000 played (20.9s/game, ~652 min left)
  1140/3000 played (20.8s/game, ~646 min left)
  1150/3000 played (20.9s/game, ~645 min left)
  1160/3000 played (20.9s/game, ~642 min left)
  1170/3000 played (20.9s/game, ~637 min left)
  1180/3000 played (20.9s/game, ~634 min left)
  1190/3000 played (20.9s/game, ~631 min left)
  1200/3000 played (21.0s/game, ~629 min left)
  1210/3000 played (20.9s/game, ~623 min left)

thread '<unnamed>' (410680) panicked at carc-core/src/engine/mod.rs:1269:9:
IndexError: board row index 35 out of range (len 35)
note: run with `RUST_BACKTRACE=1` environment variable to display a backtrace
  ⚠️ FAILED GAME seed=140000001115 a_seat=0 PanicException: IndexError: board row index 35 out of range (len 35) (attempt 1/3; 1 failed so far — the pool CONTINUES, the claim was released, see the summary's n_failed)
  1220/3000 played (20.9s/game, ~620 min left)
  1230/3000 played (20.9s/game, ~616 min left)
  1240/3000 played (21.0s/game, ~615 min left)
  1250/3000 played (20.9s/game, ~611 min left)
  1260/3000 played (21.0s/game, ~608 min left)
  1270/3000 played (21.0s/game, ~604 min left)
  1280/3000 played (20.9s/game, ~600 min left)
  1290/3000 played (21.0s/game, ~598 min left)
  1300/3000 played (21.0s/game, ~594 min left)
  1310/3000 played (20.9s/game, ~589 min left)
  1320/3000 played (21.0s/game, ~589 min left)
  1330/3000 played (21.0s/game, ~584 min left)
  1340/3000 played (21.0s/game, ~581 min left)
  1350/3000 played (21.0s/game, ~577 min left)
  1360/3000 played (21.0s/game, ~575 min left)
  1370/3000 played (21.0s/game, ~570 min left)
  1380/3000 played (21.0s/game, ~566 min left)
  1390/3000 played (21.0s/game, ~563 min left)
  1400/3000 played (21.0s/game, ~561 min left)
  1410/3000 played (21.0s/game, ~557 min left)
  1420/3000 played (21.0s/game, ~554 min left)
  1430/3000 played (21.0s/game, ~550 min left)
  1440/3000 played (21.0s/game, ~546 min left)
  1450/3000 played (21.1s/game, ~544 min left)
  1460/3000 played (21.1s/game, ~541 min left)
  1470/3000 played (21.0s/game, ~536 min left)
  1480/3000 played (21.0s/game, ~533 min left)
  1490/3000 played (21.1s/game, ~531 min left)
  1500/3000 played (21.1s/game, ~527 min left)
  1510/3000 played (21.0s/game, ~523 min left)
  1520/3000 played (21.1s/game, ~521 min left)
  1530/3000 played (21.1s/game, ~517 min left)
  1540/3000 played (21.1s/game, ~513 min left)
  1550/3000 played (21.1s/game, ~510 min left)
  1560/3000 played (21.1s/game, ~507 min left)
  1570/3000 played (21.1s/game, ~503 min left)
  1580/3000 played (21.1s/game, ~500 min left)
  1590/3000 played (21.1s/game, ~496 min left)
  1600/3000 played (21.1s/game, ~493 min left)
  1610/3000 played (21.1s/game, ~490 min left)
  1620/3000 played (21.1s/game, ~486 min left)
  1630/3000 played (21.1s/game, ~482 min left)
  1640/3000 played (21.1s/game, ~479 min left)
  1650/3000 played (21.1s/game, ~475 min left)
  1660/3000 played (21.1s/game, ~471 min left)

=== FAIR-PUCT[fair] (K=2, k_dets=8, sims=1376, total~11008) vs FAIR PRODUCTION CHAMPION (FairHeuristicPriorAgent, heuristic priors, curve125 leaf, k8x1376) ===
games: 2997   candidate: 1710W / 63D / 1224L   winrate 0.581 (z=+8.88)
avg score diff (candidate - opponent): +4.56
ELO: +56.8  (+/- 6.4 1sigma)
PAIRED: 1497 decks   mean seat-balanced margin +4.57   z = +13.06
prefix ms/move: candidate 6824  opponent 1793  (ratio 3.81x)
fair endgame: candidate latched 2997/2997 games, 1.42s solver/game, timeouts=0
fair endgame: opponent  latched 2996/2997 games, 1.36s solver/game, timeouts=0
tie-arbiter: 2997 games, mode(s) argmax — phi 17.51 fired tile plies/game (offline prior 22.96; 52492/103293 of tile plies), pick-change 0.586, mean arms 3.26, 5483424 playouts, 345.5s/game

⚠️ [eval_fair_puct] 3 FAILED GAME(S) = 0.10% of 3000 attempted — these are EXCLUSIONS, not zeros, and a paired deck with one dead seat drops out of the PAIRED margin entirely. by seat {'0': 2, '1': 1}. Records in <out>/failed/. Cells: [(140000001096, 1, 'PanicException'), (140000001115, 0, 'PanicException'), (140000001286, 0, 'PanicException')]
[summary.json] wrote /mnt/c/carc-shared/tiearb_widening_20260817_b32v64_cell/b32v64_B32J4_deploy11008/summary.json
