[head-to-head] opponent=fair-champion
[head-to-head] candidate frozen leaf: curve125 leaf_hash=a36d2e15a3b3d71d frozen_config_hash=6dfffd57051690f2 (champ_env dialect)
[head-to-head] opponent  frozen leaf: curve125 leaf_hash=a36d2e15a3b3d71d frozen_config_hash=6dfffd57051690f2 (champ_env dialect)
[head-to-head] BOTH SIDES curve125: YES | env DEFAULT_CONFIG (unmoved, no rung in play) leaf_hash=42af12fce22e1a0f
[tiearb] TIE ARBITER LIVE on the candidate: {'enabled': True, 'B': 64, 'J': 4, 'mode': 'argmax', 'salt': 'tiearb2-deploy-v1', 'eps': 0.0} (leaf hash does NOT move; gates = manifest cand_tiearb + summary tiearb_phi + the two-sided J13 control)
[backend] engine=rust (from --backend rust) rust_threads=1 workers=30 [FARM: threads=1 per worker]
fair-puct[fair_fair_c1.5_tau5_float_kd8_s1376_vs_fairchamp-k8x1376_k2-leafa36d2e15]: info=fair n=3000 paired=True K=2 k_dets=8 sims=1376 | 0 cached, 3000 to play, 30 workers, out=/mnt/c/carc-shared/tiearb_widening_20260817_b32v64_cell/b32v64_B64J4_deploy11008
  10/3000 played (93.1s/game, ~4639 min left)
  20/3000 played (55.4s/game, ~2754 min left)
  30/3000 played (48.7s/game, ~2410 min left)
  40/3000 played (47.2s/game, ~2331 min left)
  50/3000 played (44.6s/game, ~2191 min left)
  60/3000 played (41.8s/game, ~2047 min left)
  70/3000 played (42.5s/game, ~2076 min left)
  80/3000 played (40.9s/game, ~1989 min left)
  90/3000 played (39.0s/game, ~1894 min left)
  100/3000 played (40.2s/game, ~1943 min left)
  110/3000 played (38.4s/game, ~1851 min left)
  120/3000 played (37.8s/game, ~1817 min left)
  130/3000 played (38.5s/game, ~1844 min left)
  140/3000 played (37.8s/game, ~1801 min left)
  150/3000 played (37.8s/game, ~1795 min left)
  160/3000 played (37.1s/game, ~1756 min left)
  170/3000 played (37.1s/game, ~1749 min left)
  180/3000 played (36.7s/game, ~1723 min left)
  190/3000 played (36.8s/game, ~1722 min left)
  200/3000 played (36.5s/game, ~1702 min left)
  210/3000 played (35.8s/game, ~1664 min left)
  220/3000 played (35.8s/game, ~1660 min left)
  230/3000 played (35.5s/game, ~1640 min left)
  240/3000 played (35.5s/game, ~1631 min left)
  250/3000 played (35.2s/game, ~1615 min left)
  260/3000 played (34.8s/game, ~1587 min left)
  270/3000 played (35.1s/game, ~1597 min left)
  280/3000 played (34.9s/game, ~1584 min left)
  290/3000 played (34.7s/game, ~1569 min left)
  300/3000 played (34.9s/game, ~1570 min left)
  310/3000 played (34.4s/game, ~1543 min left)
  320/3000 played (34.5s/game, ~1543 min left)
  330/3000 played (34.2s/game, ~1523 min left)
  340/3000 played (34.0s/game, ~1509 min left)
  350/3000 played (34.4s/game, ~1521 min left)
  360/3000 played (34.1s/game, ~1501 min left)
  370/3000 played (34.1s/game, ~1493 min left)
  380/3000 played (34.2s/game, ~1493 min left)
  390/3000 played (33.8s/game, ~1472 min left)
  400/3000 played (33.8s/game, ~1465 min left)
  410/3000 played (34.1s/game, ~1474 min left)
  420/3000 played (34.0s/game, ~1464 min left)
  430/3000 played (34.0s/game, ~1457 min left)
  440/3000 played (33.9s/game, ~1445 min left)
  450/3000 played (34.2s/game, ~1455 min left)
  460/3000 played (34.0s/game, ~1438 min left)
  470/3000 played (33.9s/game, ~1429 min left)
  480/3000 played (34.1s/game, ~1432 min left)
  490/3000 played (34.0s/game, ~1421 min left)
  500/3000 played (33.6s/game, ~1401 min left)
  510/3000 played (34.1s/game, ~1415 min left)
  520/3000 played (33.9s/game, ~1400 min left)
  530/3000 played (33.7s/game, ~1389 min left)
  540/3000 played (34.0s/game, ~1392 min left)
  550/3000 played (33.7s/game, ~1377 min left)
  560/3000 played (34.0s/game, ~1382 min left)
  570/3000 played (33.9s/game, ~1372 min left)
  580/3000 played (33.8s/game, ~1363 min left)
  590/3000 played (34.1s/game, ~1368 min left)
  600/3000 played (34.0s/game, ~1361 min left)
  610/3000 played (33.8s/game, ~1348 min left)
  620/3000 played (34.0s/game, ~1350 min left)
  630/3000 played (33.9s/game, ~1338 min left)
  640/3000 played (33.8s/game, ~1330 min left)
  650/3000 played (33.9s/game, ~1329 min left)
  660/3000 played (33.8s/game, ~1319 min left)
  670/3000 played (33.8s/game, ~1314 min left)
  680/3000 played (33.9s/game, ~1312 min left)
  690/3000 played (34.0s/game, ~1307 min left)
  700/3000 played (34.1s/game, ~1306 min left)
  710/3000 played (33.9s/game, ~1294 min left)
  720/3000 played (33.9s/game, ~1289 min left)
  730/3000 played (34.0s/game, ~1287 min left)
  740/3000 played (34.0s/game, ~1280 min left)
  750/3000 played (34.0s/game, ~1274 min left)
  760/3000 played (34.0s/game, ~1270 min left)
  770/3000 played (34.1s/game, ~1267 min left)
  780/3000 played (34.0s/game, ~1259 min left)
  790/3000 played (33.9s/game, ~1248 min left)
  800/3000 played (34.0s/game, ~1248 min left)
  810/3000 played (34.0s/game, ~1240 min left)
  820/3000 played (33.9s/game, ~1232 min left)
  830/3000 played (34.0s/game, ~1230 min left)
  840/3000 played (34.1s/game, ~1227 min left)
  850/3000 played (34.0s/game, ~1217 min left)
  860/3000 played (34.1s/game, ~1215 min left)
  870/3000 played (34.0s/game, ~1208 min left)
  880/3000 played (34.0s/game, ~1202 min left)
  890/3000 played (34.0s/game, ~1197 min left)
  900/3000 played (34.0s/game, ~1190 min left)
  910/3000 played (33.9s/game, ~1182 min left)
  920/3000 played (34.0s/game, ~1178 min left)
  930/3000 played (34.0s/game, ~1174 min left)
  940/3000 played (34.0s/game, ~1167 min left)
  950/3000 played (34.1s/game, ~1164 min left)
  960/3000 played (34.1s/game, ~1159 min left)
  970/3000 played (34.0s/game, ~1150 min left)
  980/3000 played (33.9s/game, ~1143 min left)
  990/3000 played (34.0s/game, ~1139 min left)
  1000/3000 played (34.1s/game, ~1136 min left)
  1010/3000 played (34.0s/game, ~1128 min left)
  1020/3000 played (34.0s/game, ~1123 min left)
  1030/3000 played (34.0s/game, ~1116 min left)
  1040/3000 played (34.1s/game, ~1114 min left)
  1050/3000 played (34.1s/game, ~1107 min left)
  1060/3000 played (34.1s/game, ~1103 min left)
  1070/3000 played (34.2s/game, ~1099 min left)
  1080/3000 played (34.1s/game, ~1091 min left)
  1090/3000 played (34.1s/game, ~1085 min left)
  1100/3000 played (34.1s/game, ~1080 min left)
  1110/3000 played (34.1s/game, ~1074 min left)
  1120/3000 played (34.2s/game, ~1073 min left)
  1130/3000 played (34.1s/game, ~1062 min left)
  1140/3000 played (33.9s/game, ~1052 min left)
  1150/3000 played (34.1s/game, ~1052 min left)
  1160/3000 played (34.0s/game, ~1043 min left)
  1170/3000 played (33.9s/game, ~1035 min left)
  1180/3000 played (34.1s/game, ~1033 min left)
  1190/3000 played (33.9s/game, ~1023 min left)
  1200/3000 played (33.9s/game, ~1017 min left)
  1210/3000 played (34.0s/game, ~1013 min left)
  1220/3000 played (33.8s/game, ~1004 min left)
  1230/3000 played (33.9s/game, ~999 min left)
  1240/3000 played (34.0s/game, ~996 min left)
  1250/3000 played (33.9s/game, ~988 min left)
  1260/3000 played (33.8s/game, ~981 min left)
  1270/3000 played (33.9s/game, ~977 min left)
  1280/3000 played (33.7s/game, ~967 min left)
  1290/3000 played (33.8s/game, ~962 min left)
  1300/3000 played (33.8s/game, ~957 min left)
  1310/3000 played (33.7s/game, ~950 min left)
  1320/3000 played (33.9s/game, ~949 min left)
  1330/3000 played (33.8s/game, ~940 min left)
  1340/3000 played (33.6s/game, ~930 min left)
  1350/3000 played (33.8s/game, ~930 min left)
  1360/3000 played (33.7s/game, ~922 min left)
  1370/3000 played (33.7s/game, ~916 min left)
  1380/3000 played (33.8s/game, ~912 min left)
  1390/3000 played (33.6s/game, ~902 min left)
  1400/3000 played (33.8s/game, ~900 min left)
  1410/3000 played (33.7s/game, ~893 min left)
  1420/3000 played (33.6s/game, ~885 min left)
  1430/3000 played (33.7s/game, ~882 min left)
  1440/3000 played (33.6s/game, ~874 min left)
  1450/3000 played (33.6s/game, ~869 min left)
  1460/3000 played (33.7s/game, ~864 min left)
  1470/3000 played (33.7s/game, ~859 min left)
  1480/3000 played (33.7s/game, ~853 min left)
  1490/3000 played (33.6s/game, ~846 min left)
  1500/3000 played (33.6s/game, ~840 min left)
  1510/3000 played (33.6s/game, ~835 min left)
  1520/3000 played (33.5s/game, ~827 min left)
  1530/3000 played (33.6s/game, ~823 min left)
  1540/3000 played (33.6s/game, ~819 min left)
  1550/3000 played (33.6s/game, ~812 min left)
  1560/3000 played (33.6s/game, ~807 min left)
  1570/3000 played (33.6s/game, ~800 min left)
  1580/3000 played (33.6s/game, ~796 min left)
  1590/3000 played (33.6s/game, ~790 min left)
  1600/3000 played (33.6s/game, ~785 min left)
  1610/3000 played (33.6s/game, ~777 min left)
  1620/3000 played (33.6s/game, ~774 min left)
  1630/3000 played (33.6s/game, ~767 min left)
  1640/3000 played (33.6s/game, ~761 min left)
  1650/3000 played (33.6s/game, ~755 min left)
  1660/3000 played (33.5s/game, ~749 min left)

=== FAIR-PUCT[fair] (K=2, k_dets=8, sims=1376, total~11008) vs FAIR PRODUCTION CHAMPION (FairHeuristicPriorAgent, heuristic priors, curve125 leaf, k8x1376) ===
games: 3000   candidate: 1752W / 63D / 1185L   winrate 0.595 (z=+10.35)
avg score diff (candidate - opponent): +5.21
ELO: +66.5  (+/- 6.5 1sigma)
PAIRED: 1500 decks   mean seat-balanced margin +5.21   z = +15.24
prefix ms/move: candidate 11913  opponent 1807  (ratio 6.59x)
fair endgame: candidate latched 3000/3000 games, 1.42s solver/game, timeouts=0
fair endgame: opponent  latched 3000/3000 games, 1.34s solver/game, timeouts=0
tie-arbiter: 3000 games, mode(s) argmax — phi 17.47 fired tile plies/game (offline prior 22.96; 52415/103394 of tile plies), pick-change 0.583, mean arms 3.27, 10959424 playouts, 695.6s/game
[summary.json] wrote /mnt/c/carc-shared/tiearb_widening_20260817_b32v64_cell/b32v64_B64J4_deploy11008/summary.json
