[pilot] population=54 positions | n=54 | M=32 | policy=clair-puct | oracle_sims=100 | W=1
[pilot] out -> /mnt/c/carc-shared/tiletie_pricing_20260812/clair-puct/walled/leg4
[pilot] resume: 45 already done, 9 to go
[1/9] tt_sp_28000000039_p14 ok delta=-3.969 crn=True 144.857s
[2/9] tt_sp_28000000048_p28 ok delta=+3.188 crn=True 141.155s
[3/9] tt_sp_28000000056_p102 ok delta=+3.719 crn=True 69.128s
[4/9] tt_sp_28000000125_p94 ok delta=-3.938 crn=True 65.531s
[5/9] tt_sp_28000000148_p60 ok delta=-1.500 crn=True 128.426s
[6/9] tt_sp_28000000169_p18 ok delta=+2.062 crn=True 137.246s
[7/9] tt_sp_28000000287_p140 ok delta=+2.000 crn=True 2.744s
[8/9] tt_sp_28000000344_p78 ok delta=+1.281 crn=True 85.893s
[9/9] tt_sp_28000000424_p106 ok delta=+1.031 crn=True 68.594s

=== ORACLE-SCORE PILOT SUMMARY ===
{
  "n_positions": 54,
  "m_worlds": 32,
  "sd_delta_positions": 2.565933503287989,
  "mean_delta_pts": 0.38483796296296297,
  "se_mean_delta": 0.34917932205375746,
  "z_pilot_observed": 1.1021212845579549,
  "mean_within_position_var": 160.44479913381124,
  "var_between_positions_est": 1.57011477036417,
  "sd_delta_projected_by_m": {
    "8": 4.650345649743746,
    "16": 3.405571129227427,
    "32": 2.565933503287989,
    "64": 2.0191742759925333
  },
  "median_crn_var_reduction": 1.4637130801687763,
  "n_positions_perfect_pairing": 4,
  "n_positions_identical_afterstates": 0,
  "assumed_effect_pts": 0.07,
  "implied_z_full_run": {
    "N=265_at_M=32": 0.44409468922978756,
    "N=54_at_M=32": 0.2004700610227522,
    "N=54_at_M=8": 0.11061389512257282,
    "N=54_at_M=16": 0.151044516900506,
    "N=54_at_M=64": 0.25475406065760003
  },
  "memo_power_fork": {
    "note": "memo \u00a74.2: sd ~0.5 pts => z ~2.2 (fund the full run); sd ~1.5 pts => z ~0.75 (do not). Read sd_delta_positions against this.",
    "z_if_sd_0.5": 2.279034883453959,
    "z_if_sd_1.5": 0.7596782944846531
  },
  "caveat": "The pilot's own mean_delta is a 20-position SCREEN, NOT a verdict on whether budget improves the move. The deliverable is the sd.",
  "schema": "carcassonne-oracle-score-pilot/v1",
  "oracle_policy": "clair-puct",
  "n_attempted": 54,
  "n_failed": 0,
  "crn_verified_all": true,
  "population_disagreements": 54,
  "wall_secs": 844.0,
  "manifest": "/mnt/c/carc-shared/tiletie_pricing_20260812/clair-puct/walled/leg4/manifest.json"
}
