[pilot] population=355 positions | n=355 | M=32 | policy=clair-puct | oracle_sims=100 | W=4
[pilot] out -> /mnt/c/carc-shared/tiletie_pricing_20260812/clair-puct/walled/leg2
[pilot] resume: 298 already done, 57 to go
[1/57] tt_sp_28000000014_p142 ok delta=+0.000 crn=True 1.341s
[2/57] tt_sp_28000000031_p88 ok delta=+1.281 crn=True 79.283s
[3/57] tt_sp_28000000045_p126 ok delta=-3.688 crn=True 26.299s
[4/57] tt_sp_28000000015_p42 ok delta=-2.750 crn=True 117.31s
[5/57] tt_sp_28000000022_p8 ok delta=+5.344 crn=True 140.37s
[6/57] tt_sp_28000000039_p14 ok delta=-6.562 crn=True 146.673s
[7/57] tt_sp_28000000056_p102 ok delta=+0.594 crn=True 71.866s
[8/57] tt_sp_28000000065_p86 ok delta=-1.844 crn=True 94.631s
[9/57] tt_sp_28000000073_p76 ok delta=-0.750 crn=True 91.383s
[10/57] tt_sp_28000000048_p28 ok delta=+4.312 crn=True 141.547s
[11/57] tt_sp_28000000093_p110 ok delta=-0.156 crn=True 46.087s
[12/57] tt_sp_28000000091_p61 ok delta=-1.719 crn=True 119.605s
[13/57] tt_sp_28000000105_p96 ok delta=-3.062 crn=True 65.634s
[14/57] tt_sp_28000000102_p84 ok delta=+0.125 crn=True 96.074s
[15/57] tt_sp_28000000125_p94 ok delta=-0.219 crn=True 66.762s
[16/57] tt_sp_28000000149_p142 ok delta=+0.000 crn=True 1.411s
[17/57] tt_sp_28000000164_p138 ok delta=+0.000 crn=True 8.133s
[18/57] tt_sp_28000000123_p6 ok delta=-4.562 crn=True 147.365s
[19/57] tt_sp_28000000140_p2 ok delta=-3.656 crn=True 145.993s
[20/57] tt_sp_28000000189_p128 ok delta=+0.125 crn=True 36.147s
[21/57] tt_sp_28000000148_p60 ok delta=-0.625 crn=True 129.422s
[22/57] tt_sp_28000000169_p18 ok delta=-0.781 crn=True 137.19s
[23/57] tt_sp_28000000197_p106 ok delta=+1.250 crn=True 76.476s
[24/57] tt_sp_28000000195_p61 ok delta=-0.156 crn=True 110.348s
[25/57] tt_sp_28000000189_p68 ok delta=+3.062 crn=True 116.89s
[26/57] tt_sp_28000000234_p66 ok delta=+2.062 crn=True 115.951s
[27/57] tt_sp_28000000228_p2 ok delta=-2.562 crn=True 147.943s
[28/57] tt_sp_28000000247_p54 ok delta=+3.562 crn=True 120.977s
[29/57] tt_sp_28000000246_p22 ok delta=+3.688 crn=True 130.256s
[30/57] tt_sp_28000000256_p88 ok delta=-0.375 crn=True 100.644s
[31/57] tt_sp_28000000287_p140 ok delta=+0.000 crn=True 2.62s
[32/57] tt_sp_28000000261_p83 ok delta=-0.906 crn=True 101.752s
[33/57] tt_sp_28000000274_p58 ok delta=+5.094 crn=True 112.218s
[34/57] tt_sp_28000000268_p18 ok delta=+3.594 crn=True 158.249s
[35/57] tt_sp_28000000305_p112 ok delta=-0.906 crn=True 49.342s
[36/57] tt_sp_28000000292_p72 ok delta=+1.594 crn=True 111.647s
[37/57] tt_sp_28000000296_p42 ok delta=+0.938 crn=True 127.697s
[38/57] tt_sp_28000000326_p130 ok delta=-4.312 crn=True 20.196s
[39/57] tt_sp_28000000322_p72 ok delta=+1.219 crn=True 82.474s
[40/57] tt_sp_28000000307_p64 ok delta=+3.594 crn=True 112.468s
[41/57] tt_sp_28000000305_p6 ok delta=-0.906 crn=True 144.253s
[42/57] tt_sp_28000000344_p78 ok delta=+1.594 crn=True 84.101s
[43/57] tt_sp_28000000357_p108 ok delta=-2.000 crn=True 55.6s
[44/57] tt_sp_28000000352_p38 ok delta=+0.531 crn=True 127.661s
[45/57] tt_sp_28000000353_p8 ok delta=-0.531 crn=True 147.09s
[46/57] tt_sp_28000000383_p134 ok delta=+0.969 crn=True 17.454s
[47/57] tt_sp_28000000362_p12 ok delta=+5.625 crn=True 140.808s
[48/57] tt_sp_28000000390_p135 ok delta=+0.000 crn=True 10.946s
[49/57] tt_sp_28000000372_p2 ok delta=-0.250 crn=True 141.761s
[50/57] tt_sp_28000000376_p60 ok delta=+2.562 crn=True 137.25s
[51/57] tt_sp_28000000388_p64 ok delta=-1.219 crn=True 130.514s
[52/57] tt_sp_28000000417_p97 ok delta=-0.562 crn=True 78.995s
[53/57] tt_sp_28000000406_p26 ok delta=-4.219 crn=True 144.658s
[54/57] tt_sp_28000000409_p52 ok delta=-0.062 crn=True 128.482s
[55/57] tt_sp_28000000424_p106 ok delta=-1.000 crn=True 65.317s
[56/57] tt_sp_28000000437_p72 ok delta=+0.156 crn=True 103.154s
[57/57] tt_sp_28000000418_p12 ok delta=-0.438 crn=True 131.452s

=== ORACLE-SCORE PILOT SUMMARY ===
{
  "n_positions": 355,
  "m_worlds": 32,
  "sd_delta_positions": 2.64071557287897,
  "mean_delta_pts": -0.05052816901408451,
  "se_mean_delta": 0.14015463026771646,
  "z_pilot_observed": -0.36051730090948897,
  "mean_within_position_var": 173.77906065424807,
  "var_between_positions_est": 1.5427830914002554,
  "sd_delta_projected_by_m": {
    "8": 4.823397731182995,
    "16": 3.521927651484448,
    "32": 2.64071557287897,
    "64": 2.0635117916122705
  },
  "median_crn_var_reduction": 1.4531600041105746,
  "n_positions_perfect_pairing": 18,
  "n_positions_identical_afterstates": 0,
  "assumed_effect_pts": 0.07,
  "implied_z_full_run": {
    "N=265_at_M=32": 0.43151843137905643,
    "N=355_at_M=32": 0.49944835833314577,
    "N=355_at_M=8": 0.27343817184565833,
    "N=355_at_M=16": 0.3744827231596521,
    "N=355_at_M=64": 0.6391536326859008
  },
  "memo_power_fork": {
    "note": "memo \u00a74.2: sd ~0.5 pts => z ~2.2 (fund the full run); sd ~1.5 pts => z ~0.75 (do not). Read sd_delta_positions against this.",
    "z_if_sd_0.5": 2.279034883453959,
    "z_if_sd_1.5": 0.7596782944846531
  },
  "caveat": "The pilot's own mean_delta is a 20-position SCREEN, NOT a verdict on whether budget improves the move. The deliverable is the sd.",
  "schema": "carcassonne-oracle-score-pilot/v1",
  "oracle_policy": "clair-puct",
  "n_attempted": 355,
  "n_failed": 0,
  "crn_verified_all": true,
  "population_disagreements": 355,
  "wall_secs": 1408.2,
  "manifest": "/mnt/c/carc-shared/tiletie_pricing_20260812/clair-puct/walled/leg2/manifest.json"
}
