[joshuabot-h2h] variant=current+j7w0 profile=fixed_v1 {'CARCASSONNE_FIX_R9': '1', 'r9_env_expected': True} decks=150 workers=30 done=0 todo=300 manifest=/home/doctor/projects/carcassone/measurement/joshuabot_20260812/cells/J7ZERO.jsonl.manifest.json
[1/300] deck=125000000000 joshua_seat=0 scores=[74, 66] margin=+8 joshua=99.5ms/mv champ=1283.3ms/mv
[2/300] deck=125000000004 joshua_seat=1 scores=[98, 81] margin=-17 joshua=86.5ms/mv champ=1519.2ms/mv
[3/300] deck=125000000006 joshua_seat=1 scores=[71, 71] margin=+0 joshua=114.0ms/mv champ=1662.7ms/mv
[4/300] deck=125000000009 joshua_seat=1 scores=[94, 82] margin=-12 joshua=104.4ms/mv champ=1753.0ms/mv
[5/300] deck=125000000007 joshua_seat=0 scores=[67, 115] margin=-48 joshua=93.2ms/mv champ=1884.2ms/mv
[6/300] deck=125000000010 joshua_seat=0 scores=[83, 91] margin=-8 joshua=113.9ms/mv champ=1869.4ms/mv
[7/300] deck=125000000004 joshua_seat=0 scores=[98, 100] margin=-2 joshua=114.2ms/mv champ=1883.3ms/mv
[8/300] deck=125000000003 joshua_seat=0 scores=[94, 113] margin=-19 joshua=108.5ms/mv champ=1931.3ms/mv
[9/300] deck=125000000011 joshua_seat=0 scores=[76, 93] margin=-17 joshua=110.4ms/mv champ=1966.4ms/mv
[10/300] deck=125000000007 joshua_seat=1 scores=[105, 84] margin=-21 joshua=121.3ms/mv champ=1920.7ms/mv
[11/300] deck=125000000005 joshua_seat=1 scores=[99, 88] margin=-11 joshua=110.7ms/mv champ=2030.2ms/mv
[12/300] deck=125000000002 joshua_seat=0 scores=[86, 121] margin=-35 joshua=108.3ms/mv champ=2106.5ms/mv
[13/300] deck=125000000005 joshua_seat=0 scores=[67, 88] margin=-21 joshua=122.3ms/mv champ=2181.5ms/mv
[14/300] deck=125000000009 joshua_seat=0 scores=[72, 118] margin=-46 joshua=79.3ms/mv champ=2228.0ms/mv
[15/300] deck=125000000012 joshua_seat=1 scores=[112, 77] margin=-35 joshua=96.8ms/mv champ=2215.0ms/mv
[16/300] deck=125000000008 joshua_seat=1 scores=[104, 61] margin=-43 joshua=98.4ms/mv champ=2282.2ms/mv
[17/300] deck=125000000010 joshua_seat=1 scores=[121, 69] margin=-52 joshua=98.4ms/mv champ=2299.7ms/mv
[18/300] deck=125000000000 joshua_seat=1 scores=[108, 86] margin=-22 joshua=115.6ms/mv champ=2293.4ms/mv
[19/300] deck=125000000002 joshua_seat=1 scores=[90, 69] margin=-21 joshua=119.0ms/mv champ=2298.5ms/mv
[20/300] deck=125000000008 joshua_seat=0 scores=[64, 79] margin=-15 joshua=115.9ms/mv champ=2429.6ms/mv
[21/300] deck=125000000013 joshua_seat=0 scores=[79, 86] margin=-7 joshua=107.5ms/mv champ=2459.2ms/mv
[22/300] deck=125000000014 joshua_seat=1 scores=[103, 73] margin=-30 joshua=106.4ms/mv champ=2411.4ms/mv
[23/300] deck=125000000003 joshua_seat=1 scores=[119, 78] margin=-41 joshua=101.4ms/mv champ=2442.5ms/mv
[24/300] deck=125000000014 joshua_seat=0 scores=[80, 87] margin=-7 joshua=111.1ms/mv champ=2568.1ms/mv
[25/300] deck=125000000011 joshua_seat=1 scores=[94, 66] margin=-28 joshua=106.1ms/mv champ=2556.5ms/mv
[26/300] deck=125000000001 joshua_seat=0 scores=[96, 107] margin=-11 joshua=128.4ms/mv champ=2630.1ms/mv
[27/300] deck=125000000012 joshua_seat=0 scores=[99, 95] margin=+4 joshua=124.0ms/mv champ=2744.2ms/mv
[28/300] deck=125000000013 joshua_seat=1 scores=[114, 90] margin=-24 joshua=119.4ms/mv champ=2729.5ms/mv
[29/300] deck=125000000006 joshua_seat=0 scores=[75, 105] margin=-30 joshua=123.9ms/mv champ=2823.5ms/mv
[30/300] deck=125000000001 joshua_seat=1 scores=[119, 87] margin=-32 joshua=126.2ms/mv champ=2810.8ms/mv
[31/300] deck=125000000015 joshua_seat=0 scores=[59, 111] margin=-52 joshua=97.3ms/mv champ=1894.9ms/mv
[32/300] deck=125000000020 joshua_seat=0 scores=[76, 93] margin=-17 joshua=94.8ms/mv champ=1497.6ms/mv
[33/300] deck=125000000016 joshua_seat=0 scores=[81, 70] margin=+11 joshua=125.8ms/mv champ=2021.9ms/mv
[34/300] deck=125000000018 joshua_seat=1 scores=[85, 71] margin=-14 joshua=116.3ms/mv champ=1951.6ms/mv
[35/300] deck=125000000017 joshua_seat=1 scores=[106, 74] margin=-32 joshua=96.4ms/mv champ=2078.2ms/mv
[36/300] deck=125000000024 joshua_seat=0 scores=[77, 108] margin=-31 joshua=85.8ms/mv champ=1669.9ms/mv
[37/300] deck=125000000025 joshua_seat=1 scores=[90, 69] margin=-21 joshua=112.2ms/mv champ=1567.8ms/mv
[38/300] deck=125000000020 joshua_seat=1 scores=[99, 91] margin=-8 joshua=111.9ms/mv champ=2030.7ms/mv
[39/300] deck=125000000022 joshua_seat=0 scores=[80, 103] margin=-23 joshua=103.2ms/mv champ=1909.7ms/mv
[40/300] deck=125000000015 joshua_seat=1 scores=[104, 97] margin=-7 joshua=108.3ms/mv champ=2567.2ms/mv
[41/300] deck=125000000022 joshua_seat=1 scores=[81, 77] margin=-4 joshua=121.0ms/mv champ=1831.7ms/mv
[42/300] deck=125000000017 joshua_seat=0 scores=[108, 103] margin=+5 joshua=94.0ms/mv champ=2388.4ms/mv
[43/300] deck=125000000024 joshua_seat=1 scores=[113, 93] margin=-20 joshua=92.8ms/mv champ=1771.5ms/mv
[44/300] deck=125000000018 joshua_seat=0 scores=[62, 91] margin=-29 joshua=106.1ms/mv champ=2363.4ms/mv
[45/300] deck=125000000021 joshua_seat=1 scores=[97, 79] margin=-18 joshua=90.1ms/mv champ=2174.6ms/mv
[46/300] deck=125000000019 joshua_seat=1 scores=[100, 76] margin=-24 joshua=107.6ms/mv champ=2513.9ms/mv
[47/300] deck=125000000028 joshua_seat=1 scores=[114, 83] margin=-31 joshua=100.1ms/mv champ=1717.2ms/mv
[48/300] deck=125000000019 joshua_seat=0 scores=[94, 93] margin=+1 joshua=111.7ms/mv champ=2650.2ms/mv
[49/300] deck=125000000023 joshua_seat=1 scores=[107, 101] margin=-6 joshua=88.7ms/mv champ=2296.4ms/mv
[50/300] deck=125000000016 joshua_seat=1 scores=[124, 75] margin=-49 joshua=114.7ms/mv champ=2886.8ms/mv
[51/300] deck=125000000026 joshua_seat=1 scores=[106, 88] margin=-18 joshua=97.3ms/mv champ=2151.4ms/mv
[52/300] deck=125000000021 joshua_seat=0 scores=[117, 108] margin=+9 joshua=113.1ms/mv champ=2614.9ms/mv
[53/300] deck=125000000026 joshua_seat=0 scores=[93, 94] margin=-1 joshua=108.1ms/mv champ=2353.0ms/mv
[54/300] deck=125000000023 joshua_seat=0 scores=[82, 107] margin=-25 joshua=106.4ms/mv champ=2573.3ms/mv
[55/300] deck=125000000027 joshua_seat=0 scores=[85, 90] margin=-5 joshua=95.3ms/mv champ=2357.6ms/mv
[56/300] deck=125000000029 joshua_seat=0 scores=[90, 83] margin=+7 joshua=153.6ms/mv champ=2238.5ms/mv
[57/300] deck=125000000029 joshua_seat=1 scores=[100, 79] margin=-21 joshua=117.1ms/mv champ=2195.6ms/mv
[58/300] deck=125000000032 joshua_seat=0 scores=[89, 60] margin=+29 joshua=101.4ms/mv champ=1231.3ms/mv
[59/300] deck=125000000030 joshua_seat=1 scores=[68, 90] margin=+22 joshua=90.8ms/mv champ=1679.9ms/mv
[60/300] deck=125000000025 joshua_seat=0 scores=[57, 98] margin=-41 joshua=121.1ms/mv champ=3015.1ms/mv
[61/300] deck=125000000031 joshua_seat=0 scores=[107, 73] margin=+34 joshua=131.2ms/mv champ=1603.8ms/mv
[62/300] deck=125000000032 joshua_seat=1 scores=[83, 92] margin=+9 joshua=92.2ms/mv champ=1618.9ms/mv
[63/300] deck=125000000030 joshua_seat=0 scores=[88, 116] margin=-28 joshua=104.3ms/mv champ=2563.3ms/mv
[64/300] deck=125000000027 joshua_seat=1 scores=[125, 83] margin=-42 joshua=144.3ms/mv champ=3324.8ms/mv
[65/300] deck=125000000028 joshua_seat=0 scores=[78, 102] margin=-24 joshua=139.2ms/mv champ=3299.1ms/mv
[66/300] deck=125000000036 joshua_seat=0 scores=[81, 94] margin=-13 joshua=120.7ms/mv champ=1780.7ms/mv
[67/300] deck=125000000037 joshua_seat=1 scores=[80, 74] margin=-6 joshua=110.3ms/mv champ=1491.2ms/mv
[68/300] deck=125000000034 joshua_seat=1 scores=[93, 69] margin=-24 joshua=111.1ms/mv champ=1989.5ms/mv
[69/300] deck=125000000040 joshua_seat=0 scores=[60, 77] margin=-17 joshua=143.5ms/mv champ=1468.1ms/mv
[70/300] deck=125000000034 joshua_seat=0 scores=[104, 133] margin=-29 joshua=95.6ms/mv champ=2157.1ms/mv
[71/300] deck=125000000033 joshua_seat=0 scores=[105, 95] margin=+10 joshua=109.8ms/mv champ=2294.3ms/mv
[72/300] deck=125000000033 joshua_seat=1 scores=[125, 72] margin=-53 joshua=91.5ms/mv champ=2242.5ms/mv
[73/300] deck=125000000039 joshua_seat=1 scores=[83, 73] margin=-10 joshua=90.6ms/mv champ=1676.8ms/mv
[74/300] deck=125000000035 joshua_seat=1 scores=[114, 97] margin=-17 joshua=97.8ms/mv champ=2258.3ms/mv
[75/300] deck=125000000031 joshua_seat=1 scores=[92, 84] margin=-8 joshua=136.5ms/mv champ=2567.7ms/mv
[76/300] deck=125000000040 joshua_seat=1 scores=[89, 104] margin=+15 joshua=112.6ms/mv champ=1717.6ms/mv
[77/300] deck=125000000041 joshua_seat=0 scores=[68, 84] margin=-16 joshua=90.6ms/mv champ=1776.2ms/mv
[78/300] deck=125000000036 joshua_seat=1 scores=[120, 111] margin=-9 joshua=108.7ms/mv champ=2351.9ms/mv
[79/300] deck=125000000038 joshua_seat=0 scores=[93, 103] margin=-10 joshua=127.7ms/mv champ=2300.5ms/mv
[80/300] deck=125000000041 joshua_seat=1 scores=[126, 73] margin=-53 joshua=95.0ms/mv champ=1973.3ms/mv
[81/300] deck=125000000038 joshua_seat=1 scores=[124, 89] margin=-35 joshua=98.5ms/mv champ=2472.0ms/mv
[82/300] deck=125000000042 joshua_seat=1 scores=[82, 90] margin=+8 joshua=102.3ms/mv champ=2076.8ms/mv
[83/300] deck=125000000037 joshua_seat=0 scores=[77, 111] margin=-34 joshua=107.6ms/mv champ=2893.3ms/mv
[84/300] deck=125000000043 joshua_seat=0 scores=[71, 132] margin=-61 joshua=94.4ms/mv champ=2206.2ms/mv
[85/300] deck=125000000042 joshua_seat=0 scores=[78, 115] margin=-37 joshua=102.8ms/mv champ=2437.9ms/mv
[86/300] deck=125000000043 joshua_seat=1 scores=[89, 84] margin=-5 joshua=115.4ms/mv champ=2001.7ms/mv
[87/300] deck=125000000035 joshua_seat=0 scores=[62, 97] margin=-35 joshua=128.1ms/mv champ=3330.9ms/mv
[88/300] deck=125000000044 joshua_seat=1 scores=[102, 82] margin=-20 joshua=91.8ms/mv champ=2149.9ms/mv
[89/300] deck=125000000045 joshua_seat=0 scores=[74, 107] margin=-33 joshua=115.2ms/mv champ=2226.0ms/mv
[90/300] deck=125000000039 joshua_seat=0 scores=[82, 130] margin=-48 joshua=127.2ms/mv champ=3045.3ms/mv
[91/300] deck=125000000044 joshua_seat=0 scores=[89, 112] margin=-23 joshua=116.6ms/mv champ=2461.0ms/mv
[92/300] deck=125000000049 joshua_seat=1 scores=[85, 82] margin=-3 joshua=87.5ms/mv champ=1501.7ms/mv
[93/300] deck=125000000046 joshua_seat=1 scores=[113, 81] margin=-32 joshua=100.0ms/mv champ=1860.2ms/mv
[94/300] deck=125000000054 joshua_seat=0 scores=[99, 61] margin=+38 joshua=110.0ms/mv champ=1014.1ms/mv
[95/300] deck=125000000047 joshua_seat=0 scores=[99, 90] margin=+9 joshua=91.9ms/mv champ=2043.1ms/mv
[96/300] deck=125000000048 joshua_seat=1 scores=[104, 82] margin=-22 joshua=92.2ms/mv champ=1846.9ms/mv
[97/300] deck=125000000048 joshua_seat=0 scores=[96, 109] margin=-13 joshua=94.0ms/mv champ=2099.7ms/mv
[98/300] deck=125000000052 joshua_seat=1 scores=[104, 67] margin=-37 joshua=99.2ms/mv champ=1573.3ms/mv
[99/300] deck=125000000045 joshua_seat=1 scores=[94, 72] margin=-22 joshua=114.7ms/mv champ=2492.0ms/mv
[100/300] deck=125000000046 joshua_seat=0 scores=[90, 131] margin=-41 joshua=103.1ms/mv champ=2544.3ms/mv
[101/300] deck=125000000050 joshua_seat=1 scores=[113, 80] margin=-33 joshua=102.6ms/mv champ=1897.5ms/mv
[102/300] deck=125000000047 joshua_seat=1 scores=[90, 71] margin=-19 joshua=106.8ms/mv champ=2408.3ms/mv
[103/300] deck=125000000053 joshua_seat=0 scores=[94, 108] margin=-14 joshua=91.7ms/mv champ=2128.9ms/mv
[104/300] deck=125000000056 joshua_seat=0 scores=[81, 75] margin=+6 joshua=98.1ms/mv champ=1435.1ms/mv
[105/300] deck=125000000051 joshua_seat=0 scores=[92, 124] margin=-32 joshua=105.8ms/mv champ=2276.8ms/mv
[106/300] deck=125000000052 joshua_seat=0 scores=[110, 96] margin=+14 joshua=123.5ms/mv champ=2240.8ms/mv
[107/300] deck=125000000054 joshua_seat=1 scores=[125, 64] margin=-61 joshua=102.2ms/mv champ=1879.3ms/mv
[108/300] deck=125000000049 joshua_seat=0 scores=[83, 110] margin=-27 joshua=117.3ms/mv champ=2658.2ms/mv
[109/300] deck=125000000051 joshua_seat=1 scores=[134, 69] margin=-65 joshua=96.7ms/mv champ=2361.5ms/mv
[110/300] deck=125000000053 joshua_seat=1 scores=[108, 86] margin=-22 joshua=97.1ms/mv champ=2311.9ms/mv
[111/300] deck=125000000055 joshua_seat=0 scores=[73, 109] margin=-36 joshua=122.9ms/mv champ=1935.3ms/mv
[112/300] deck=125000000050 joshua_seat=0 scores=[53, 104] margin=-51 joshua=119.3ms/mv champ=2821.9ms/mv
[113/300] deck=125000000058 joshua_seat=0 scores=[107, 106] margin=+1 joshua=102.9ms/mv champ=1917.4ms/mv
[114/300] deck=125000000064 joshua_seat=0 scores=[86, 65] margin=+21 joshua=98.1ms/mv champ=1222.0ms/mv
[115/300] deck=125000000055 joshua_seat=1 scores=[113, 93] margin=-20 joshua=104.0ms/mv champ=2262.0ms/mv
[116/300] deck=125000000058 joshua_seat=1 scores=[118, 106] margin=-12 joshua=78.4ms/mv champ=1981.9ms/mv
[117/300] deck=125000000057 joshua_seat=0 scores=[104, 97] margin=+7 joshua=99.9ms/mv champ=2301.6ms/mv
[118/300] deck=125000000057 joshua_seat=1 scores=[116, 81] margin=-35 joshua=100.2ms/mv champ=2280.5ms/mv
[119/300] deck=125000000064 joshua_seat=1 scores=[83, 85] margin=+2 joshua=108.0ms/mv champ=1358.4ms/mv
[120/300] deck=125000000062 joshua_seat=1 scores=[101, 83] margin=-18 joshua=96.9ms/mv champ=1868.3ms/mv
[121/300] deck=125000000059 joshua_seat=0 scores=[105, 107] margin=-2 joshua=140.1ms/mv champ=2349.8ms/mv
[122/300] deck=125000000061 joshua_seat=1 scores=[104, 88] margin=-16 joshua=97.3ms/mv champ=2117.7ms/mv
[123/300] deck=125000000061 joshua_seat=0 scores=[63, 83] margin=-20 joshua=122.1ms/mv champ=2358.0ms/mv
[124/300] deck=125000000060 joshua_seat=1 scores=[144, 104] margin=-40 joshua=100.2ms/mv champ=2328.2ms/mv
[125/300] deck=125000000056 joshua_seat=1 scores=[113, 79] margin=-34 joshua=127.6ms/mv champ=2874.3ms/mv
[126/300] deck=125000000060 joshua_seat=0 scores=[116, 112] margin=+4 joshua=100.1ms/mv champ=2518.1ms/mv
[127/300] deck=125000000066 joshua_seat=1 scores=[95, 73] margin=-22 joshua=103.1ms/mv champ=1588.3ms/mv
[128/300] deck=125000000068 joshua_seat=0 scores=[125, 122] margin=+3 joshua=101.6ms/mv champ=1732.7ms/mv
[129/300] deck=125000000062 joshua_seat=0 scores=[78, 111] margin=-33 joshua=109.7ms/mv champ=2602.1ms/mv
[130/300] deck=125000000059 joshua_seat=1 scores=[115, 102] margin=-13 joshua=142.2ms/mv champ=2945.6ms/mv
[131/300] deck=125000000065 joshua_seat=0 scores=[97, 97] margin=+0 joshua=101.2ms/mv champ=2403.6ms/mv
[132/300] deck=125000000063 joshua_seat=1 scores=[124, 83] margin=-41 joshua=107.3ms/mv champ=2560.5ms/mv
[133/300] deck=125000000071 joshua_seat=0 scores=[65, 72] margin=-7 joshua=117.0ms/mv champ=1458.9ms/mv
[134/300] deck=125000000063 joshua_seat=0 scores=[84, 100] margin=-16 joshua=128.8ms/mv champ=2880.0ms/mv
[135/300] deck=125000000067 joshua_seat=1 scores=[121, 96] margin=-25 joshua=122.9ms/mv champ=2278.5ms/mv
[136/300] deck=125000000069 joshua_seat=1 scores=[112, 92] margin=-20 joshua=110.0ms/mv champ=2167.6ms/mv
[137/300] deck=125000000068 joshua_seat=1 scores=[88, 79] margin=-9 joshua=95.3ms/mv champ=2295.5ms/mv
[138/300] deck=125000000069 joshua_seat=0 scores=[80, 104] margin=-24 joshua=107.4ms/mv champ=2353.3ms/mv
[139/300] deck=125000000067 joshua_seat=0 scores=[65, 70] margin=-5 joshua=133.1ms/mv champ=2575.6ms/mv
[140/300] deck=125000000065 joshua_seat=1 scores=[91, 75] margin=-16 joshua=128.9ms/mv champ=2778.2ms/mv
[141/300] deck=125000000066 joshua_seat=0 scores=[67, 108] margin=-41 joshua=115.1ms/mv champ=2721.6ms/mv
[142/300] deck=125000000070 joshua_seat=1 scores=[118, 69] margin=-49 joshua=106.8ms/mv champ=2340.4ms/mv
[143/300] deck=125000000074 joshua_seat=1 scores=[73, 92] margin=+19 joshua=91.0ms/mv champ=1497.9ms/mv
[144/300] deck=125000000070 joshua_seat=0 scores=[93, 110] margin=-17 joshua=101.5ms/mv champ=2720.0ms/mv
[145/300] deck=125000000071 joshua_seat=1 scores=[94, 76] margin=-18 joshua=118.6ms/mv champ=2248.1ms/mv
[146/300] deck=125000000072 joshua_seat=0 scores=[90, 115] margin=-25 joshua=104.2ms/mv champ=2316.1ms/mv
[147/300] deck=125000000072 joshua_seat=1 scores=[90, 84] margin=-6 joshua=107.8ms/mv champ=2281.2ms/mv
[148/300] deck=125000000074 joshua_seat=0 scores=[71, 90] margin=-19 joshua=119.7ms/mv champ=2318.8ms/mv
[149/300] deck=125000000076 joshua_seat=0 scores=[97, 90] margin=+7 joshua=87.2ms/mv champ=1986.3ms/mv
[150/300] deck=125000000078 joshua_seat=1 scores=[103, 74] margin=-29 joshua=87.1ms/mv champ=1594.3ms/mv
[151/300] deck=125000000073 joshua_seat=0 scores=[77, 85] margin=-8 joshua=122.6ms/mv champ=2738.5ms/mv
[152/300] deck=125000000073 joshua_seat=1 scores=[128, 93] margin=-35 joshua=130.7ms/mv champ=2732.7ms/mv
[153/300] deck=125000000075 joshua_seat=0 scores=[77, 91] margin=-14 joshua=139.6ms/mv champ=2441.1ms/mv
[154/300] deck=125000000076 joshua_seat=1 scores=[114, 90] margin=-24 joshua=94.6ms/mv champ=2304.3ms/mv
[155/300] deck=125000000077 joshua_seat=1 scores=[102, 90] margin=-12 joshua=95.7ms/mv champ=2260.0ms/mv
[156/300] deck=125000000078 joshua_seat=0 scores=[69, 98] margin=-29 joshua=112.1ms/mv champ=2343.3ms/mv
[157/300] deck=125000000080 joshua_seat=1 scores=[88, 52] margin=-36 joshua=140.2ms/mv champ=1814.7ms/mv
[158/300] deck=125000000077 joshua_seat=0 scores=[90, 109] margin=-19 joshua=111.0ms/mv champ=2505.4ms/mv
[159/300] deck=125000000084 joshua_seat=1 scores=[80, 78] margin=-2 joshua=109.3ms/mv champ=1539.8ms/mv
[160/300] deck=125000000075 joshua_seat=1 scores=[107, 69] margin=-38 joshua=111.0ms/mv champ=2818.4ms/mv
[161/300] deck=125000000080 joshua_seat=0 scores=[90, 92] margin=-2 joshua=82.3ms/mv champ=2272.1ms/mv
[162/300] deck=125000000079 joshua_seat=1 scores=[100, 85] margin=-15 joshua=101.7ms/mv champ=2403.7ms/mv
[163/300] deck=125000000079 joshua_seat=0 scores=[81, 102] margin=-21 joshua=123.1ms/mv champ=2744.5ms/mv
[164/300] deck=125000000081 joshua_seat=1 scores=[101, 86] margin=-15 joshua=108.7ms/mv champ=2272.8ms/mv
[165/300] deck=125000000085 joshua_seat=0 scores=[94, 81] margin=+13 joshua=138.9ms/mv champ=2003.8ms/mv
[166/300] deck=125000000089 joshua_seat=1 scores=[81, 86] margin=+5 joshua=87.6ms/mv champ=1314.6ms/mv
[167/300] deck=125000000083 joshua_seat=1 scores=[102, 100] margin=-2 joshua=109.4ms/mv champ=2483.5ms/mv
[168/300] deck=125000000086 joshua_seat=0 scores=[87, 88] margin=-1 joshua=103.4ms/mv champ=2254.6ms/mv
[169/300] deck=125000000087 joshua_seat=1 scores=[77, 101] margin=+24 joshua=104.5ms/mv champ=1967.0ms/mv
[170/300] deck=125000000082 joshua_seat=1 scores=[102, 75] margin=-27 joshua=112.0ms/mv champ=2581.0ms/mv
[171/300] deck=125000000082 joshua_seat=0 scores=[79, 118] margin=-39 joshua=130.3ms/mv champ=2788.0ms/mv
[172/300] deck=125000000081 joshua_seat=0 scores=[82, 126] margin=-44 joshua=136.0ms/mv champ=3010.7ms/mv
[173/300] deck=125000000083 joshua_seat=0 scores=[78, 109] margin=-31 joshua=110.3ms/mv champ=2827.7ms/mv
[174/300] deck=125000000084 joshua_seat=0 scores=[94, 102] margin=-8 joshua=128.0ms/mv champ=2756.1ms/mv
[175/300] deck=125000000085 joshua_seat=1 scores=[95, 90] margin=-5 joshua=110.0ms/mv champ=2488.6ms/mv
[176/300] deck=125000000094 joshua_seat=0 scores=[89, 76] margin=+13 joshua=80.4ms/mv champ=1297.7ms/mv
[177/300] deck=125000000086 joshua_seat=1 scores=[112, 83] margin=-29 joshua=119.5ms/mv champ=2461.0ms/mv
[178/300] deck=125000000092 joshua_seat=0 scores=[69, 82] margin=-13 joshua=97.3ms/mv champ=1813.4ms/mv
[179/300] deck=125000000089 joshua_seat=0 scores=[72, 119] margin=-47 joshua=105.5ms/mv champ=2244.0ms/mv
[180/300] deck=125000000091 joshua_seat=0 scores=[105, 102] margin=+3 joshua=102.4ms/mv champ=1940.4ms/mv
[181/300] deck=125000000092 joshua_seat=1 scores=[84, 71] margin=-13 joshua=116.7ms/mv champ=1676.2ms/mv
[182/300] deck=125000000088 joshua_seat=1 scores=[102, 111] margin=+9 joshua=94.7ms/mv champ=2607.7ms/mv
[183/300] deck=125000000090 joshua_seat=1 scores=[107, 129] margin=+22 joshua=107.2ms/mv champ=2171.7ms/mv
[184/300] deck=125000000090 joshua_seat=0 scores=[95, 105] margin=-10 joshua=119.1ms/mv champ=2369.8ms/mv
[185/300] deck=125000000091 joshua_seat=1 scores=[116, 97] margin=-19 joshua=116.4ms/mv champ=2125.2ms/mv
[186/300] deck=125000000093 joshua_seat=0 scores=[76, 115] margin=-39 joshua=95.5ms/mv champ=2195.2ms/mv
[187/300] deck=125000000093 joshua_seat=1 scores=[115, 94] margin=-21 joshua=95.4ms/mv champ=2147.9ms/mv
[188/300] deck=125000000087 joshua_seat=0 scores=[68, 96] margin=-28 joshua=139.4ms/mv champ=3232.0ms/mv
[189/300] deck=125000000095 joshua_seat=0 scores=[79, 88] margin=-9 joshua=111.4ms/mv champ=2021.4ms/mv
[190/300] deck=125000000088 joshua_seat=0 scores=[78, 115] margin=-37 joshua=137.7ms/mv champ=3224.1ms/mv
[191/300] deck=125000000096 joshua_seat=1 scores=[131, 75] margin=-56 joshua=79.4ms/mv champ=1804.4ms/mv
[192/300] deck=125000000094 joshua_seat=1 scores=[103, 63] margin=-40 joshua=114.9ms/mv champ=2246.5ms/mv
[193/300] deck=125000000097 joshua_seat=0 scores=[84, 97] margin=-13 joshua=82.3ms/mv champ=1908.2ms/mv
[194/300] deck=125000000098 joshua_seat=1 scores=[87, 88] margin=+1 joshua=93.7ms/mv champ=1593.3ms/mv
[195/300] deck=125000000097 joshua_seat=1 scores=[106, 92] margin=-14 joshua=90.4ms/mv champ=1885.0ms/mv
[196/300] deck=125000000095 joshua_seat=1 scores=[115, 74] margin=-41 joshua=104.8ms/mv champ=2394.7ms/mv
[197/300] deck=125000000103 joshua_seat=1 scores=[76, 67] margin=-9 joshua=91.1ms/mv champ=1227.9ms/mv
[198/300] deck=125000000099 joshua_seat=1 scores=[102, 76] margin=-26 joshua=86.9ms/mv champ=1887.9ms/mv
[199/300] deck=125000000101 joshua_seat=0 scores=[82, 95] margin=-13 joshua=96.9ms/mv champ=1813.8ms/mv
[200/300] deck=125000000100 joshua_seat=1 scores=[105, 88] margin=-17 joshua=100.8ms/mv champ=1972.0ms/mv
[201/300] deck=125000000102 joshua_seat=1 scores=[88, 73] margin=-15 joshua=121.6ms/mv champ=1614.3ms/mv
[202/300] deck=125000000100 joshua_seat=0 scores=[87, 97] margin=-10 joshua=95.2ms/mv champ=2106.6ms/mv
[203/300] deck=125000000103 joshua_seat=0 scores=[85, 98] margin=-13 joshua=99.7ms/mv champ=2084.0ms/mv
[204/300] deck=125000000102 joshua_seat=0 scores=[88, 111] margin=-23 joshua=116.9ms/mv champ=2244.6ms/mv
[205/300] deck=125000000096 joshua_seat=0 scores=[70, 92] margin=-22 joshua=150.6ms/mv champ=3033.9ms/mv
[206/300] deck=125000000098 joshua_seat=0 scores=[75, 119] margin=-44 joshua=112.6ms/mv champ=2782.7ms/mv
[207/300] deck=125000000105 joshua_seat=0 scores=[107, 82] margin=+25 joshua=126.4ms/mv champ=2113.1ms/mv
[208/300] deck=125000000099 joshua_seat=0 scores=[66, 84] margin=-18 joshua=139.2ms/mv champ=2780.2ms/mv
[209/300] deck=125000000109 joshua_seat=0 scores=[96, 83] margin=+13 joshua=93.4ms/mv champ=1635.2ms/mv
[210/300] deck=125000000105 joshua_seat=1 scores=[119, 98] margin=-21 joshua=86.3ms/mv champ=2054.5ms/mv
[211/300] deck=125000000101 joshua_seat=1 scores=[105, 92] margin=-13 joshua=170.6ms/mv champ=2669.8ms/mv
[212/300] deck=125000000104 joshua_seat=1 scores=[113, 77] margin=-36 joshua=98.7ms/mv champ=2329.6ms/mv
[213/300] deck=125000000106 joshua_seat=0 scores=[94, 93] margin=+1 joshua=116.1ms/mv champ=2146.2ms/mv
[214/300] deck=125000000104 joshua_seat=0 scores=[73, 119] margin=-46 joshua=104.8ms/mv champ=2513.8ms/mv
[215/300] deck=125000000106 joshua_seat=1 scores=[96, 72] margin=-24 joshua=101.4ms/mv champ=2259.1ms/mv
[216/300] deck=125000000108 joshua_seat=0 scores=[88, 116] margin=-28 joshua=125.9ms/mv champ=2132.7ms/mv
[217/300] deck=125000000109 joshua_seat=1 scores=[125, 77] margin=-48 joshua=111.2ms/mv champ=1903.5ms/mv
[218/300] deck=125000000111 joshua_seat=0 scores=[78, 79] margin=-1 joshua=133.2ms/mv champ=1752.7ms/mv
[219/300] deck=125000000110 joshua_seat=1 scores=[116, 98] margin=-18 joshua=107.2ms/mv champ=1820.2ms/mv
[220/300] deck=125000000112 joshua_seat=0 scores=[93, 88] margin=+5 joshua=103.4ms/mv champ=1904.2ms/mv
[221/300] deck=125000000114 joshua_seat=0 scores=[82, 83] margin=-1 joshua=86.5ms/mv champ=1574.9ms/mv
[222/300] deck=125000000107 joshua_seat=0 scores=[65, 119] margin=-54 joshua=119.8ms/mv champ=2765.3ms/mv
[223/300] deck=125000000108 joshua_seat=1 scores=[106, 64] margin=-42 joshua=105.3ms/mv champ=2492.5ms/mv
[224/300] deck=125000000110 joshua_seat=0 scores=[80, 120] margin=-40 joshua=104.3ms/mv champ=2455.3ms/mv
[225/300] deck=125000000112 joshua_seat=1 scores=[104, 85] margin=-19 joshua=103.1ms/mv champ=2077.5ms/mv
[226/300] deck=125000000107 joshua_seat=1 scores=[109, 101] margin=-8 joshua=109.7ms/mv champ=2802.1ms/mv
[227/300] deck=125000000113 joshua_seat=1 scores=[115, 101] margin=-14 joshua=83.8ms/mv champ=2046.2ms/mv
[228/300] deck=125000000111 joshua_seat=1 scores=[91, 73] margin=-18 joshua=101.8ms/mv champ=2402.8ms/mv
[229/300] deck=125000000114 joshua_seat=1 scores=[114, 94] margin=-20 joshua=89.2ms/mv champ=1974.3ms/mv
[230/300] deck=125000000115 joshua_seat=1 scores=[110, 76] margin=-34 joshua=115.5ms/mv champ=1983.8ms/mv
[231/300] deck=125000000121 joshua_seat=0 scores=[92, 88] margin=+4 joshua=94.2ms/mv champ=1217.8ms/mv
[232/300] deck=125000000113 joshua_seat=0 scores=[83, 97] margin=-14 joshua=130.9ms/mv champ=2719.2ms/mv
[233/300] deck=125000000115 joshua_seat=0 scores=[75, 99] margin=-24 joshua=107.6ms/mv champ=2511.1ms/mv
[234/300] deck=125000000116 joshua_seat=0 scores=[92, 87] margin=+5 joshua=110.0ms/mv champ=2244.6ms/mv
[235/300] deck=125000000119 joshua_seat=1 scores=[114, 75] margin=-39 joshua=89.6ms/mv champ=1845.3ms/mv
[236/300] deck=125000000118 joshua_seat=0 scores=[94, 100] margin=-6 joshua=103.2ms/mv champ=2119.3ms/mv
[237/300] deck=125000000117 joshua_seat=1 scores=[110, 88] margin=-22 joshua=106.5ms/mv champ=2088.4ms/mv
[238/300] deck=125000000123 joshua_seat=0 scores=[69, 106] margin=-37 joshua=101.4ms/mv champ=1657.3ms/mv
[239/300] deck=125000000117 joshua_seat=0 scores=[95, 105] margin=-10 joshua=114.7ms/mv champ=2475.7ms/mv
[240/300] deck=125000000119 joshua_seat=0 scores=[93, 96] margin=-3 joshua=95.6ms/mv champ=2405.3ms/mv
[241/300] deck=125000000122 joshua_seat=1 scores=[89, 90] margin=+1 joshua=97.7ms/mv champ=2077.4ms/mv
[242/300] deck=125000000116 joshua_seat=1 scores=[131, 108] margin=-23 joshua=138.0ms/mv champ=2788.1ms/mv
[243/300] deck=125000000120 joshua_seat=0 scores=[97, 124] margin=-27 joshua=113.9ms/mv champ=2518.2ms/mv
[244/300] deck=125000000124 joshua_seat=0 scores=[97, 112] margin=-15 joshua=89.9ms/mv champ=2239.8ms/mv
[245/300] deck=125000000129 joshua_seat=1 scores=[72, 81] margin=+9 joshua=89.8ms/mv champ=1232.2ms/mv
[246/300] deck=125000000122 joshua_seat=0 scores=[106, 106] margin=+0 joshua=101.9ms/mv champ=2420.5ms/mv
[247/300] deck=125000000121 joshua_seat=1 scores=[108, 88] margin=-20 joshua=104.7ms/mv champ=2470.3ms/mv
[248/300] deck=125000000120 joshua_seat=1 scores=[111, 83] margin=-28 joshua=109.6ms/mv champ=2580.9ms/mv
[249/300] deck=125000000123 joshua_seat=1 scores=[94, 74] margin=-20 joshua=111.2ms/mv champ=2299.6ms/mv
[250/300] deck=125000000127 joshua_seat=1 scores=[95, 89] margin=-6 joshua=95.9ms/mv champ=1716.1ms/mv
[251/300] deck=125000000129 joshua_seat=0 scores=[63, 71] margin=-8 joshua=101.7ms/mv champ=1553.2ms/mv
[252/300] deck=125000000127 joshua_seat=0 scores=[82, 110] margin=-28 joshua=103.1ms/mv champ=1799.2ms/mv
[253/300] deck=125000000124 joshua_seat=1 scores=[96, 62] margin=-34 joshua=105.6ms/mv champ=2102.4ms/mv
[254/300] deck=125000000118 joshua_seat=1 scores=[82, 61] margin=-21 joshua=139.3ms/mv champ=3038.5ms/mv
[255/300] deck=125000000126 joshua_seat=0 scores=[69, 118] margin=-49 joshua=114.2ms/mv champ=2221.2ms/mv
[256/300] deck=125000000125 joshua_seat=0 scores=[76, 107] margin=-31 joshua=107.6ms/mv champ=2409.9ms/mv
[257/300] deck=125000000126 joshua_seat=1 scores=[158, 93] margin=-65 joshua=88.0ms/mv champ=2175.0ms/mv
[258/300] deck=125000000125 joshua_seat=1 scores=[120, 117] margin=-3 joshua=115.3ms/mv champ=2370.0ms/mv
[259/300] deck=125000000130 joshua_seat=1 scores=[90, 94] margin=+4 joshua=91.7ms/mv champ=1678.6ms/mv
[260/300] deck=125000000128 joshua_seat=0 scores=[90, 103] margin=-13 joshua=94.1ms/mv champ=2527.0ms/mv
[261/300] deck=125000000134 joshua_seat=1 scores=[57, 73] margin=+16 joshua=106.1ms/mv champ=1264.7ms/mv
[262/300] deck=125000000131 joshua_seat=1 scores=[96, 86] margin=-10 joshua=101.3ms/mv champ=1740.8ms/mv
[263/300] deck=125000000133 joshua_seat=0 scores=[85, 81] margin=+4 joshua=147.0ms/mv champ=1662.3ms/mv
[264/300] deck=125000000131 joshua_seat=0 scores=[75, 97] margin=-22 joshua=118.9ms/mv champ=2130.6ms/mv
[265/300] deck=125000000134 joshua_seat=0 scores=[69, 110] margin=-41 joshua=107.9ms/mv champ=1864.4ms/mv
[266/300] deck=125000000135 joshua_seat=1 scores=[92, 66] margin=-26 joshua=114.7ms/mv champ=1493.6ms/mv
[267/300] deck=125000000130 joshua_seat=0 scores=[80, 121] margin=-41 joshua=138.6ms/mv champ=2913.4ms/mv
[268/300] deck=125000000133 joshua_seat=1 scores=[99, 92] margin=-7 joshua=111.4ms/mv champ=2306.0ms/mv
[269/300] deck=125000000135 joshua_seat=0 scores=[75, 102] margin=-27 joshua=94.2ms/mv champ=2036.7ms/mv
[270/300] deck=125000000140 joshua_seat=1 scores=[97, 80] margin=-17 joshua=115.8ms/mv champ=1640.7ms/mv
[271/300] deck=125000000128 joshua_seat=1 scores=[128, 68] margin=-60 joshua=133.2ms/mv champ=3272.3ms/mv
[272/300] deck=125000000132 joshua_seat=0 scores=[74, 100] margin=-26 joshua=102.1ms/mv champ=2648.0ms/mv
[273/300] deck=125000000132 joshua_seat=1 scores=[112, 74] margin=-38 joshua=120.9ms/mv champ=2631.7ms/mv
[274/300] deck=125000000138 joshua_seat=1 scores=[110, 81] margin=-29 joshua=94.0ms/mv champ=1944.5ms/mv
[275/300] deck=125000000140 joshua_seat=0 scores=[75, 90] margin=-15 joshua=96.4ms/mv champ=2054.2ms/mv
[276/300] deck=125000000137 joshua_seat=0 scores=[85, 93] margin=-8 joshua=101.5ms/mv champ=2230.1ms/mv
[277/300] deck=125000000143 joshua_seat=0 scores=[82, 112] margin=-30 joshua=99.3ms/mv champ=1767.5ms/mv
[278/300] deck=125000000141 joshua_seat=0 scores=[74, 90] margin=-16 joshua=111.0ms/mv champ=2074.9ms/mv
[279/300] deck=125000000136 joshua_seat=1 scores=[95, 77] margin=-18 joshua=102.5ms/mv champ=2277.1ms/mv
[280/300] deck=125000000142 joshua_seat=0 scores=[96, 92] margin=+4 joshua=94.4ms/mv champ=1943.5ms/mv
[281/300] deck=125000000136 joshua_seat=0 scores=[82, 94] margin=-12 joshua=116.1ms/mv champ=2425.4ms/mv
[282/300] deck=125000000138 joshua_seat=0 scores=[73, 84] margin=-11 joshua=103.0ms/mv champ=2346.5ms/mv
[283/300] deck=125000000139 joshua_seat=1 scores=[119, 91] margin=-28 joshua=111.8ms/mv champ=2233.2ms/mv
[284/300] deck=125000000139 joshua_seat=0 scores=[75, 86] margin=-11 joshua=111.6ms/mv champ=2309.0ms/mv
[285/300] deck=125000000137 joshua_seat=1 scores=[128, 66] margin=-62 joshua=111.8ms/mv champ=2378.7ms/mv
[286/300] deck=125000000144 joshua_seat=0 scores=[105, 106] margin=-1 joshua=101.1ms/mv champ=1807.3ms/mv
[287/300] deck=125000000142 joshua_seat=1 scores=[103, 85] margin=-18 joshua=110.3ms/mv champ=2065.5ms/mv
[288/300] deck=125000000141 joshua_seat=1 scores=[96, 73] margin=-23 joshua=98.2ms/mv champ=2348.0ms/mv
[289/300] deck=125000000145 joshua_seat=1 scores=[85, 68] margin=-17 joshua=93.8ms/mv champ=1697.3ms/mv
[290/300] deck=125000000146 joshua_seat=0 scores=[78, 103] margin=-25 joshua=72.4ms/mv champ=1721.8ms/mv
[291/300] deck=125000000145 joshua_seat=0 scores=[121, 79] margin=+42 joshua=106.5ms/mv champ=1767.5ms/mv
[292/300] deck=125000000144 joshua_seat=1 scores=[120, 74] margin=-46 joshua=89.9ms/mv champ=1780.4ms/mv
[293/300] deck=125000000146 joshua_seat=1 scores=[118, 93] margin=-25 joshua=73.4ms/mv champ=1679.1ms/mv
[294/300] deck=125000000149 joshua_seat=1 scores=[71, 62] margin=-9 joshua=72.7ms/mv champ=1073.8ms/mv
[295/300] deck=125000000143 joshua_seat=1 scores=[89, 80] margin=-9 joshua=101.3ms/mv champ=2401.1ms/mv
[296/300] deck=125000000149 joshua_seat=0 scores=[80, 99] margin=-19 joshua=57.8ms/mv champ=1522.9ms/mv
[297/300] deck=125000000147 joshua_seat=1 scores=[98, 87] margin=-11 joshua=78.2ms/mv champ=1923.4ms/mv
[298/300] deck=125000000147 joshua_seat=0 scores=[79, 102] margin=-23 joshua=77.0ms/mv champ=2066.0ms/mv
[299/300] deck=125000000148 joshua_seat=1 scores=[86, 67] margin=-19 joshua=72.5ms/mv champ=1689.9ms/mv
[300/300] deck=125000000148 joshua_seat=0 scores=[91, 114] margin=-23 joshua=79.7ms/mv champ=1984.7ms/mv

[joshuabot-h2h] DONE 300 games in 28.2 min
{
 "variant_ids": [
  "current+j7w0"
 ],
 "n_records": 300,
 "n_scored": 300,
 "wins": 47,
 "draws": 3,
 "losses": 250,
 "win_rate": 0.16166666666666665,
 "n_paired_decks": 150,
 "paired_margin_mean": -17.993333333333332,
 "paired_margin_sem": 0.9620772021404773,
 "paired_margin_z": -18.702587789525484,
 "mean_margin_unpaired": -17.993333333333332,
 "rule_fires_total": {
  "f_end_deploy": 24,
  "f_j10_early_farm_block": 4143,
  "f_j3_reserve_floor": 4688,
  "j1_majority_steal": 1763,
  "j2_farm_attack": 17408,
  "j5_dump": 726,
  "j6_anchor_roads": 19248,
  "j8_overcommit": 1171
 }
}
