[joshuabot-h2h] variant=current+j7w1+j8brk profile=fixed_v1 {'CARCASSONNE_FIX_R9': '1', 'r9_env_expected': True} decks=150 workers=30 done=0 todo=300 manifest=/home/doctor/projects/carcassone/measurement/joshuabot_20260812/cells/J8EX.jsonl.manifest.json
[1/300] deck=125000000000 joshua_seat=0 scores=[70, 60] margin=+10 joshua=104.7ms/mv champ=1239.7ms/mv
[2/300] deck=125000000013 joshua_seat=1 scores=[74, 73] margin=-1 joshua=98.6ms/mv champ=1578.2ms/mv
[3/300] deck=125000000003 joshua_seat=0 scores=[74, 100] margin=-26 joshua=99.0ms/mv champ=1830.7ms/mv
[4/300] deck=125000000010 joshua_seat=0 scores=[83, 91] margin=-8 joshua=116.1ms/mv champ=1907.7ms/mv
[5/300] deck=125000000000 joshua_seat=1 scores=[100, 91] margin=-9 joshua=111.2ms/mv champ=1877.6ms/mv
[6/300] deck=125000000014 joshua_seat=0 scores=[70, 81] margin=-11 joshua=125.5ms/mv champ=1949.7ms/mv
[7/300] deck=125000000014 joshua_seat=1 scores=[104, 57] margin=-47 joshua=104.0ms/mv champ=1960.5ms/mv
[8/300] deck=125000000009 joshua_seat=1 scores=[95, 78] margin=-17 joshua=105.4ms/mv champ=1967.6ms/mv
[9/300] deck=125000000006 joshua_seat=1 scores=[80, 67] margin=-13 joshua=120.0ms/mv champ=2045.0ms/mv
[10/300] deck=125000000001 joshua_seat=0 scores=[77, 92] margin=-15 joshua=120.6ms/mv champ=2132.3ms/mv
[11/300] deck=125000000006 joshua_seat=0 scores=[92, 120] margin=-28 joshua=98.4ms/mv champ=2177.7ms/mv
[12/300] deck=125000000004 joshua_seat=0 scores=[74, 97] margin=-23 joshua=125.2ms/mv champ=2166.1ms/mv
[13/300] deck=125000000005 joshua_seat=0 scores=[77, 84] margin=-7 joshua=113.3ms/mv champ=2207.1ms/mv
[14/300] deck=125000000010 joshua_seat=1 scores=[136, 85] margin=-51 joshua=97.6ms/mv champ=2182.6ms/mv
[15/300] deck=125000000011 joshua_seat=0 scores=[85, 108] margin=-23 joshua=104.5ms/mv champ=2255.5ms/mv
[16/300] deck=125000000012 joshua_seat=1 scores=[112, 74] margin=-38 joshua=99.4ms/mv champ=2250.0ms/mv
[17/300] deck=125000000004 joshua_seat=1 scores=[111, 68] margin=-43 joshua=100.5ms/mv champ=2258.1ms/mv
[18/300] deck=125000000008 joshua_seat=1 scores=[104, 61] margin=-43 joshua=98.1ms/mv champ=2302.6ms/mv
[19/300] deck=125000000002 joshua_seat=0 scores=[75, 130] margin=-55 joshua=100.8ms/mv champ=2368.3ms/mv
[20/300] deck=125000000011 joshua_seat=1 scores=[92, 64] margin=-28 joshua=103.8ms/mv champ=2313.8ms/mv
[21/300] deck=125000000012 joshua_seat=0 scores=[76, 80] margin=-4 joshua=134.9ms/mv champ=2407.8ms/mv
[22/300] deck=125000000008 joshua_seat=0 scores=[48, 107] margin=-59 joshua=100.1ms/mv champ=2449.8ms/mv
[23/300] deck=125000000013 joshua_seat=0 scores=[70, 82] margin=-12 joshua=100.9ms/mv champ=2449.6ms/mv
[24/300] deck=125000000009 joshua_seat=0 scores=[75, 98] margin=-23 joshua=100.9ms/mv champ=2469.4ms/mv
[25/300] deck=125000000005 joshua_seat=1 scores=[81, 69] margin=-12 joshua=128.0ms/mv champ=2452.9ms/mv
[26/300] deck=125000000001 joshua_seat=1 scores=[136, 89] margin=-47 joshua=108.4ms/mv champ=2480.5ms/mv
[27/300] deck=125000000007 joshua_seat=1 scores=[112, 70] margin=-42 joshua=125.4ms/mv champ=2716.0ms/mv
[28/300] deck=125000000007 joshua_seat=0 scores=[70, 103] margin=-33 joshua=123.2ms/mv champ=2844.2ms/mv
[29/300] deck=125000000002 joshua_seat=1 scores=[102, 61] margin=-41 joshua=132.8ms/mv champ=2761.8ms/mv
[30/300] deck=125000000003 joshua_seat=1 scores=[124, 74] margin=-50 joshua=117.4ms/mv champ=2816.3ms/mv
[31/300] deck=125000000015 joshua_seat=0 scores=[58, 115] margin=-57 joshua=83.0ms/mv champ=1879.6ms/mv
[32/300] deck=125000000015 joshua_seat=1 scores=[106, 78] margin=-28 joshua=109.5ms/mv champ=2009.8ms/mv
[33/300] deck=125000000018 joshua_seat=0 scores=[98, 85] margin=+13 joshua=100.7ms/mv champ=1708.9ms/mv
[34/300] deck=125000000018 joshua_seat=1 scores=[88, 64] margin=-24 joshua=114.2ms/mv champ=1740.7ms/mv
[35/300] deck=125000000016 joshua_seat=0 scores=[81, 70] margin=+11 joshua=127.0ms/mv champ=2025.0ms/mv
[36/300] deck=125000000017 joshua_seat=1 scores=[95, 81] margin=-14 joshua=89.3ms/mv champ=1944.1ms/mv
[37/300] deck=125000000019 joshua_seat=1 scores=[70, 75] margin=+5 joshua=110.8ms/mv champ=1783.9ms/mv
[38/300] deck=125000000017 joshua_seat=0 scores=[88, 122] margin=-34 joshua=98.1ms/mv champ=2144.6ms/mv
[39/300] deck=125000000020 joshua_seat=0 scores=[62, 102] margin=-40 joshua=120.9ms/mv champ=1882.6ms/mv
[40/300] deck=125000000020 joshua_seat=1 scores=[93, 83] margin=-10 joshua=113.6ms/mv champ=2048.9ms/mv
[41/300] deck=125000000022 joshua_seat=1 scores=[81, 71] margin=-10 joshua=118.7ms/mv champ=1873.6ms/mv
[42/300] deck=125000000025 joshua_seat=1 scores=[106, 64] margin=-42 joshua=106.8ms/mv champ=1784.6ms/mv
[43/300] deck=125000000024 joshua_seat=0 scores=[70, 110] margin=-40 joshua=88.8ms/mv champ=1978.6ms/mv
[44/300] deck=125000000024 joshua_seat=1 scores=[125, 87] margin=-38 joshua=90.0ms/mv champ=2051.1ms/mv
[45/300] deck=125000000021 joshua_seat=1 scores=[97, 79] margin=-18 joshua=90.7ms/mv champ=2191.9ms/mv
[46/300] deck=125000000019 joshua_seat=0 scores=[66, 89] margin=-23 joshua=114.0ms/mv champ=2370.9ms/mv
[47/300] deck=125000000026 joshua_seat=1 scores=[103, 80] margin=-23 joshua=96.0ms/mv champ=2128.9ms/mv
[48/300] deck=125000000022 joshua_seat=0 scores=[65, 95] margin=-30 joshua=111.0ms/mv champ=2410.7ms/mv
[49/300] deck=125000000023 joshua_seat=1 scores=[107, 101] margin=-6 joshua=91.4ms/mv champ=2313.3ms/mv
[50/300] deck=125000000016 joshua_seat=1 scores=[87, 72] margin=-15 joshua=110.7ms/mv champ=2767.7ms/mv
[51/300] deck=125000000026 joshua_seat=0 scores=[93, 94] margin=-1 joshua=110.2ms/mv champ=2355.6ms/mv
[52/300] deck=125000000021 joshua_seat=0 scores=[117, 108] margin=+9 joshua=117.6ms/mv champ=2651.3ms/mv
[53/300] deck=125000000023 joshua_seat=0 scores=[74, 100] margin=-26 joshua=104.8ms/mv champ=2581.4ms/mv
[54/300] deck=125000000027 joshua_seat=0 scores=[85, 90] margin=-5 joshua=96.9ms/mv champ=2372.7ms/mv
[55/300] deck=125000000028 joshua_seat=1 scores=[123, 79] margin=-44 joshua=90.6ms/mv champ=2090.0ms/mv
[56/300] deck=125000000029 joshua_seat=0 scores=[90, 83] margin=+7 joshua=155.3ms/mv champ=2238.3ms/mv
[57/300] deck=125000000025 joshua_seat=0 scores=[57, 98] margin=-41 joshua=120.9ms/mv champ=3023.6ms/mv
[58/300] deck=125000000029 joshua_seat=1 scores=[107, 66] margin=-41 joshua=104.1ms/mv champ=2632.1ms/mv
[59/300] deck=125000000032 joshua_seat=0 scores=[84, 74] margin=+10 joshua=105.9ms/mv champ=1651.2ms/mv
[60/300] deck=125000000031 joshua_seat=1 scores=[107, 88] margin=-19 joshua=102.0ms/mv champ=1758.1ms/mv
[61/300] deck=125000000032 joshua_seat=1 scores=[83, 92] margin=+9 joshua=93.0ms/mv champ=1624.0ms/mv
[62/300] deck=125000000030 joshua_seat=0 scores=[74, 123] margin=-49 joshua=114.5ms/mv champ=2569.2ms/mv
[63/300] deck=125000000030 joshua_seat=1 scores=[118, 92] margin=-26 joshua=106.4ms/mv champ=2008.4ms/mv
[64/300] deck=125000000027 joshua_seat=1 scores=[127, 76] margin=-51 joshua=148.1ms/mv champ=3308.4ms/mv
[65/300] deck=125000000028 joshua_seat=0 scores=[62, 104] margin=-42 joshua=143.7ms/mv champ=3572.1ms/mv
[66/300] deck=125000000033 joshua_seat=1 scores=[125, 72] margin=-53 joshua=93.9ms/mv champ=2253.5ms/mv
[67/300] deck=125000000033 joshua_seat=0 scores=[114, 99] margin=+15 joshua=114.0ms/mv champ=2399.6ms/mv
[68/300] deck=125000000040 joshua_seat=1 scores=[108, 78] margin=-30 joshua=91.2ms/mv champ=1497.8ms/mv
[69/300] deck=125000000034 joshua_seat=0 scores=[78, 125] margin=-47 joshua=107.7ms/mv champ=2309.4ms/mv
[70/300] deck=125000000039 joshua_seat=1 scores=[83, 73] margin=-10 joshua=91.8ms/mv champ=1690.0ms/mv
[71/300] deck=125000000036 joshua_seat=0 scores=[80, 89] margin=-9 joshua=132.8ms/mv champ=2137.3ms/mv
[72/300] deck=125000000037 joshua_seat=1 scores=[92, 61] margin=-31 joshua=106.3ms/mv champ=2086.6ms/mv
[73/300] deck=125000000038 joshua_seat=1 scores=[122, 82] margin=-40 joshua=91.7ms/mv champ=1931.9ms/mv
[74/300] deck=125000000041 joshua_seat=0 scores=[68, 84] margin=-16 joshua=91.8ms/mv champ=1785.1ms/mv
[75/300] deck=125000000036 joshua_seat=1 scores=[106, 90] margin=-16 joshua=103.1ms/mv champ=2239.9ms/mv
[76/300] deck=125000000034 joshua_seat=1 scores=[89, 73] margin=-16 joshua=118.3ms/mv champ=2506.6ms/mv
[77/300] deck=125000000037 joshua_seat=0 scores=[60, 111] margin=-51 joshua=98.1ms/mv champ=2400.4ms/mv
[78/300] deck=125000000031 joshua_seat=0 scores=[44, 110] margin=-66 joshua=146.2ms/mv champ=3192.1ms/mv
[79/300] deck=125000000038 joshua_seat=0 scores=[96, 105] margin=-9 joshua=107.9ms/mv champ=2424.7ms/mv
[80/300] deck=125000000035 joshua_seat=1 scores=[105, 101] margin=-4 joshua=105.3ms/mv champ=2764.9ms/mv
[81/300] deck=125000000042 joshua_seat=1 scores=[112, 71] margin=-41 joshua=91.5ms/mv champ=2087.3ms/mv
[82/300] deck=125000000041 joshua_seat=1 scores=[131, 70] margin=-61 joshua=117.5ms/mv champ=2358.2ms/mv
[83/300] deck=125000000042 joshua_seat=0 scores=[80, 114] margin=-34 joshua=98.7ms/mv champ=2352.3ms/mv
[84/300] deck=125000000043 joshua_seat=0 scores=[80, 118] margin=-38 joshua=100.7ms/mv champ=1961.5ms/mv
[85/300] deck=125000000043 joshua_seat=1 scores=[77, 67] margin=-10 joshua=124.3ms/mv champ=1845.4ms/mv
[86/300] deck=125000000040 joshua_seat=0 scores=[72, 99] margin=-27 joshua=156.4ms/mv champ=2681.6ms/mv
[87/300] deck=125000000035 joshua_seat=0 scores=[62, 97] margin=-35 joshua=127.7ms/mv champ=3322.8ms/mv
[88/300] deck=125000000046 joshua_seat=0 scores=[95, 121] margin=-26 joshua=120.6ms/mv champ=1889.4ms/mv
[89/300] deck=125000000039 joshua_seat=0 scores=[70, 115] margin=-45 joshua=124.5ms/mv champ=3136.0ms/mv
[90/300] deck=125000000047 joshua_seat=0 scores=[90, 72] margin=+18 joshua=93.9ms/mv champ=1575.3ms/mv
[91/300] deck=125000000044 joshua_seat=1 scores=[103, 82] margin=-21 joshua=90.6ms/mv champ=2257.4ms/mv
[92/300] deck=125000000045 joshua_seat=0 scores=[74, 107] margin=-33 joshua=116.9ms/mv champ=2255.8ms/mv
[93/300] deck=125000000044 joshua_seat=0 scores=[83, 102] margin=-19 joshua=117.9ms/mv champ=2498.5ms/mv
[94/300] deck=125000000054 joshua_seat=0 scores=[83, 67] margin=+16 joshua=108.4ms/mv champ=1169.6ms/mv
[95/300] deck=125000000045 joshua_seat=1 scores=[89, 66] margin=-23 joshua=117.1ms/mv champ=2562.7ms/mv
[96/300] deck=125000000052 joshua_seat=1 scores=[102, 56] margin=-46 joshua=111.0ms/mv champ=1468.9ms/mv
[97/300] deck=125000000046 joshua_seat=1 scores=[128, 83] margin=-45 joshua=106.0ms/mv champ=2561.1ms/mv
[98/300] deck=125000000049 joshua_seat=1 scores=[93, 76] margin=-17 joshua=100.8ms/mv champ=1948.4ms/mv
[99/300] deck=125000000050 joshua_seat=1 scores=[113, 80] margin=-33 joshua=102.9ms/mv champ=1899.3ms/mv
[100/300] deck=125000000048 joshua_seat=1 scores=[118, 78] margin=-40 joshua=100.1ms/mv champ=2150.3ms/mv
[101/300] deck=125000000056 joshua_seat=0 scores=[81, 75] margin=+6 joshua=100.5ms/mv champ=1437.9ms/mv
[102/300] deck=125000000047 joshua_seat=1 scores=[90, 71] margin=-19 joshua=107.8ms/mv champ=2424.0ms/mv
[103/300] deck=125000000052 joshua_seat=0 scores=[80, 99] margin=-19 joshua=109.4ms/mv champ=2220.5ms/mv
[104/300] deck=125000000051 joshua_seat=0 scores=[86, 122] margin=-36 joshua=105.9ms/mv champ=2353.3ms/mv
[105/300] deck=125000000053 joshua_seat=0 scores=[113, 117] margin=-4 joshua=93.7ms/mv champ=2195.9ms/mv
[106/300] deck=125000000048 joshua_seat=0 scores=[75, 98] margin=-23 joshua=133.2ms/mv champ=2655.6ms/mv
[107/300] deck=125000000054 joshua_seat=1 scores=[121, 61] margin=-60 joshua=105.0ms/mv champ=1921.1ms/mv
[108/300] deck=125000000051 joshua_seat=1 scores=[129, 62] margin=-67 joshua=99.3ms/mv champ=2462.4ms/mv
[109/300] deck=125000000053 joshua_seat=1 scores=[121, 80] margin=-41 joshua=98.4ms/mv champ=2284.8ms/mv
[110/300] deck=125000000050 joshua_seat=0 scores=[53, 102] margin=-49 joshua=123.9ms/mv champ=2867.4ms/mv
[111/300] deck=125000000049 joshua_seat=0 scores=[62, 106] margin=-44 joshua=126.6ms/mv champ=2978.0ms/mv
[112/300] deck=125000000055 joshua_seat=1 scores=[111, 59] margin=-52 joshua=105.7ms/mv champ=2034.5ms/mv
[113/300] deck=125000000059 joshua_seat=0 scores=[77, 73] margin=+4 joshua=95.0ms/mv champ=1669.0ms/mv
[114/300] deck=125000000058 joshua_seat=0 scores=[68, 83] margin=-15 joshua=117.5ms/mv champ=2107.0ms/mv
[115/300] deck=125000000057 joshua_seat=1 scores=[89, 72] margin=-17 joshua=101.4ms/mv champ=2148.4ms/mv
[116/300] deck=125000000064 joshua_seat=0 scores=[79, 64] margin=+15 joshua=108.1ms/mv champ=1242.1ms/mv
[117/300] deck=125000000058 joshua_seat=1 scores=[111, 79] margin=-32 joshua=87.6ms/mv champ=2178.6ms/mv
[118/300] deck=125000000064 joshua_seat=1 scores=[73, 87] margin=+14 joshua=100.4ms/mv champ=1242.4ms/mv
[119/300] deck=125000000060 joshua_seat=0 scores=[96, 92] margin=+4 joshua=101.2ms/mv champ=2217.7ms/mv
[120/300] deck=125000000055 joshua_seat=0 scores=[54, 94] margin=-40 joshua=127.8ms/mv champ=2950.1ms/mv
[121/300] deck=125000000062 joshua_seat=1 scores=[106, 77] margin=-29 joshua=100.2ms/mv champ=1767.9ms/mv
[122/300] deck=125000000057 joshua_seat=0 scores=[93, 94] margin=-1 joshua=117.0ms/mv champ=2844.8ms/mv
[123/300] deck=125000000056 joshua_seat=1 scores=[113, 79] margin=-34 joshua=127.7ms/mv champ=2890.4ms/mv
[124/300] deck=125000000059 joshua_seat=1 scores=[121, 67] margin=-54 joshua=103.7ms/mv champ=2455.0ms/mv
[125/300] deck=125000000061 joshua_seat=1 scores=[97, 93] margin=-4 joshua=101.3ms/mv champ=2110.8ms/mv
[126/300] deck=125000000061 joshua_seat=0 scores=[63, 83] margin=-20 joshua=122.3ms/mv champ=2368.9ms/mv
[127/300] deck=125000000060 joshua_seat=1 scores=[135, 93] margin=-42 joshua=103.5ms/mv champ=2488.0ms/mv
[128/300] deck=125000000066 joshua_seat=0 scores=[68, 109] margin=-41 joshua=111.1ms/mv champ=1882.5ms/mv
[129/300] deck=125000000062 joshua_seat=0 scores=[74, 89] margin=-15 joshua=120.5ms/mv champ=2639.9ms/mv
[130/300] deck=125000000063 joshua_seat=1 scores=[124, 83] margin=-41 joshua=109.7ms/mv champ=2568.8ms/mv
[131/300] deck=125000000066 joshua_seat=1 scores=[99, 79] margin=-20 joshua=116.1ms/mv champ=2083.2ms/mv
[132/300] deck=125000000065 joshua_seat=0 scores=[90, 76] margin=+14 joshua=105.5ms/mv champ=2446.1ms/mv
[133/300] deck=125000000067 joshua_seat=1 scores=[114, 86] margin=-28 joshua=121.5ms/mv champ=2164.3ms/mv
[134/300] deck=125000000063 joshua_seat=0 scores=[84, 100] margin=-16 joshua=129.8ms/mv champ=2878.9ms/mv
[135/300] deck=125000000070 joshua_seat=0 scores=[81, 89] margin=-8 joshua=92.4ms/mv champ=2017.0ms/mv
[136/300] deck=125000000068 joshua_seat=0 scores=[76, 119] margin=-43 joshua=111.4ms/mv champ=2422.9ms/mv
[137/300] deck=125000000068 joshua_seat=1 scores=[88, 79] margin=-9 joshua=95.7ms/mv champ=2310.6ms/mv
[138/300] deck=125000000071 joshua_seat=0 scores=[59, 86] margin=-27 joshua=112.5ms/mv champ=2024.9ms/mv
[139/300] deck=125000000065 joshua_seat=1 scores=[88, 62] margin=-26 joshua=117.8ms/mv champ=2657.2ms/mv
[140/300] deck=125000000069 joshua_seat=1 scores=[112, 92] margin=-20 joshua=112.2ms/mv champ=2169.5ms/mv
[141/300] deck=125000000069 joshua_seat=0 scores=[76, 109] margin=-33 joshua=109.6ms/mv champ=2460.3ms/mv
[142/300] deck=125000000070 joshua_seat=1 scores=[118, 69] margin=-49 joshua=107.0ms/mv champ=2342.1ms/mv
[143/300] deck=125000000067 joshua_seat=0 scores=[50, 74] margin=-24 joshua=132.0ms/mv champ=2828.0ms/mv
[144/300] deck=125000000074 joshua_seat=1 scores=[72, 66] margin=-6 joshua=102.6ms/mv champ=1614.3ms/mv
[145/300] deck=125000000071 joshua_seat=1 scores=[94, 76] margin=-18 joshua=120.0ms/mv champ=2258.4ms/mv
[146/300] deck=125000000076 joshua_seat=1 scores=[108, 91] margin=-17 joshua=94.6ms/mv champ=1586.0ms/mv
[147/300] deck=125000000072 joshua_seat=1 scores=[90, 84] margin=-6 joshua=108.2ms/mv champ=2289.6ms/mv
[148/300] deck=125000000076 joshua_seat=0 scores=[81, 81] margin=+0 joshua=88.4ms/mv champ=1994.8ms/mv
[149/300] deck=125000000072 joshua_seat=0 scores=[87, 109] margin=-22 joshua=124.8ms/mv champ=2662.9ms/mv
[150/300] deck=125000000078 joshua_seat=1 scores=[98, 71] margin=-27 joshua=89.5ms/mv champ=1622.5ms/mv
[151/300] deck=125000000074 joshua_seat=0 scores=[70, 92] margin=-22 joshua=116.1ms/mv champ=2483.1ms/mv
[152/300] deck=125000000075 joshua_seat=0 scores=[77, 91] margin=-14 joshua=139.1ms/mv champ=2440.2ms/mv
[153/300] deck=125000000078 joshua_seat=0 scores=[73, 95] margin=-22 joshua=102.4ms/mv champ=2195.2ms/mv
[154/300] deck=125000000073 joshua_seat=0 scores=[74, 91] margin=-17 joshua=131.4ms/mv champ=2767.5ms/mv
[155/300] deck=125000000077 joshua_seat=1 scores=[107, 79] margin=-28 joshua=98.3ms/mv champ=2229.8ms/mv
[156/300] deck=125000000073 joshua_seat=1 scores=[110, 71] margin=-39 joshua=134.7ms/mv champ=2759.6ms/mv
[157/300] deck=125000000077 joshua_seat=0 scores=[89, 110] margin=-21 joshua=117.6ms/mv champ=2537.9ms/mv
[158/300] deck=125000000080 joshua_seat=1 scores=[88, 52] margin=-36 joshua=137.8ms/mv champ=1825.1ms/mv
[159/300] deck=125000000075 joshua_seat=1 scores=[107, 69] margin=-38 joshua=110.4ms/mv champ=2819.8ms/mv
[160/300] deck=125000000084 joshua_seat=1 scores=[80, 78] margin=-2 joshua=111.3ms/mv champ=1548.7ms/mv
[161/300] deck=125000000080 joshua_seat=0 scores=[82, 91] margin=-9 joshua=89.3ms/mv champ=2281.0ms/mv
[162/300] deck=125000000079 joshua_seat=0 scores=[73, 122] margin=-49 joshua=104.0ms/mv champ=2479.0ms/mv
[163/300] deck=125000000081 joshua_seat=1 scores=[114, 86] margin=-28 joshua=97.4ms/mv champ=2090.0ms/mv
[164/300] deck=125000000085 joshua_seat=0 scores=[80, 79] margin=+1 joshua=114.1ms/mv champ=1834.9ms/mv
[165/300] deck=125000000089 joshua_seat=1 scores=[64, 88] margin=+24 joshua=87.2ms/mv champ=1058.4ms/mv
[166/300] deck=125000000086 joshua_seat=0 scores=[83, 80] margin=+3 joshua=113.3ms/mv champ=1983.0ms/mv
[167/300] deck=125000000081 joshua_seat=0 scores=[69, 127] margin=-58 joshua=115.8ms/mv champ=2613.7ms/mv
[168/300] deck=125000000079 joshua_seat=1 scores=[104, 63] margin=-41 joshua=116.2ms/mv champ=2780.2ms/mv
[169/300] deck=125000000083 joshua_seat=1 scores=[102, 100] margin=-2 joshua=109.7ms/mv champ=2508.6ms/mv
[170/300] deck=125000000082 joshua_seat=1 scores=[98, 71] margin=-27 joshua=113.9ms/mv champ=2570.0ms/mv
[171/300] deck=125000000084 joshua_seat=0 scores=[97, 97] margin=+0 joshua=114.5ms/mv champ=2643.4ms/mv
[172/300] deck=125000000082 joshua_seat=0 scores=[68, 108] margin=-40 joshua=128.5ms/mv champ=2881.1ms/mv
[173/300] deck=125000000085 joshua_seat=1 scores=[100, 90] margin=-10 joshua=109.0ms/mv champ=2452.6ms/mv
[174/300] deck=125000000083 joshua_seat=0 scores=[81, 107] margin=-26 joshua=113.0ms/mv champ=2824.3ms/mv
[175/300] deck=125000000086 joshua_seat=1 scores=[112, 83] margin=-29 joshua=121.0ms/mv champ=2469.7ms/mv
[176/300] deck=125000000087 joshua_seat=1 scores=[96, 82] margin=-14 joshua=111.6ms/mv champ=2318.5ms/mv
[177/300] deck=125000000090 joshua_seat=0 scores=[55, 93] margin=-38 joshua=129.7ms/mv champ=1874.9ms/mv
[178/300] deck=125000000092 joshua_seat=0 scores=[69, 82] margin=-13 joshua=96.8ms/mv champ=1823.8ms/mv
[179/300] deck=125000000089 joshua_seat=0 scores=[72, 119] margin=-47 joshua=109.2ms/mv champ=2268.1ms/mv
[180/300] deck=125000000087 joshua_seat=0 scores=[58, 106] margin=-48 joshua=118.0ms/mv champ=2816.3ms/mv
[181/300] deck=125000000091 joshua_seat=1 scores=[116, 97] margin=-19 joshua=119.0ms/mv champ=2135.0ms/mv
[182/300] deck=125000000088 joshua_seat=0 scores=[81, 127] margin=-46 joshua=106.2ms/mv champ=2710.7ms/mv
[183/300] deck=125000000095 joshua_seat=0 scores=[87, 91] margin=-4 joshua=99.8ms/mv champ=1549.1ms/mv
[184/300] deck=125000000091 joshua_seat=0 scores=[90, 100] margin=-10 joshua=106.4ms/mv champ=2340.6ms/mv
[185/300] deck=125000000090 joshua_seat=1 scores=[101, 75] margin=-26 joshua=107.1ms/mv champ=2322.0ms/mv
[186/300] deck=125000000094 joshua_seat=0 scores=[75, 108] margin=-33 joshua=98.3ms/mv champ=1999.6ms/mv
[187/300] deck=125000000088 joshua_seat=1 scores=[84, 71] margin=-13 joshua=135.2ms/mv champ=2916.2ms/mv
[188/300] deck=125000000092 joshua_seat=1 scores=[95, 63] margin=-32 joshua=119.9ms/mv champ=2649.4ms/mv
[189/300] deck=125000000093 joshua_seat=1 scores=[115, 62] margin=-53 joshua=128.4ms/mv champ=2311.5ms/mv
[190/300] deck=125000000098 joshua_seat=1 scores=[103, 85] margin=-18 joshua=84.0ms/mv champ=1723.9ms/mv
[191/300] deck=125000000093 joshua_seat=0 scores=[69, 99] margin=-30 joshua=106.4ms/mv champ=2889.9ms/mv
[192/300] deck=125000000094 joshua_seat=1 scores=[101, 51] margin=-50 joshua=118.0ms/mv champ=2585.5ms/mv
[193/300] deck=125000000103 joshua_seat=1 scores=[64, 65] margin=+1 joshua=105.8ms/mv champ=1253.7ms/mv
[194/300] deck=125000000097 joshua_seat=0 scores=[89, 86] margin=+3 joshua=91.9ms/mv champ=2244.3ms/mv
[195/300] deck=125000000095 joshua_seat=1 scores=[115, 74] margin=-41 joshua=105.6ms/mv champ=2423.9ms/mv
[196/300] deck=125000000096 joshua_seat=1 scores=[130, 70] margin=-60 joshua=91.5ms/mv champ=2316.3ms/mv
[197/300] deck=125000000098 joshua_seat=0 scores=[89, 98] margin=-9 joshua=116.7ms/mv champ=2201.9ms/mv
[198/300] deck=125000000097 joshua_seat=1 scores=[109, 82] margin=-27 joshua=93.2ms/mv champ=2242.7ms/mv
[199/300] deck=125000000101 joshua_seat=0 scores=[81, 92] margin=-11 joshua=103.1ms/mv champ=1848.4ms/mv
[200/300] deck=125000000099 joshua_seat=1 scores=[98, 101] margin=+3 joshua=106.3ms/mv champ=2026.0ms/mv
[201/300] deck=125000000100 joshua_seat=0 scores=[78, 97] margin=-19 joshua=102.3ms/mv champ=2081.9ms/mv
[202/300] deck=125000000100 joshua_seat=1 scores=[105, 88] margin=-17 joshua=100.4ms/mv champ=1988.9ms/mv
[203/300] deck=125000000102 joshua_seat=1 scores=[97, 65] margin=-32 joshua=108.0ms/mv champ=1939.9ms/mv
[204/300] deck=125000000102 joshua_seat=0 scores=[82, 87] margin=-5 joshua=128.3ms/mv champ=2091.8ms/mv
[205/300] deck=125000000103 joshua_seat=0 scores=[79, 102] margin=-23 joshua=104.7ms/mv champ=1997.4ms/mv
[206/300] deck=125000000096 joshua_seat=0 scores=[70, 92] margin=-22 joshua=152.7ms/mv champ=3060.1ms/mv
[207/300] deck=125000000099 joshua_seat=0 scores=[66, 84] margin=-18 joshua=140.4ms/mv champ=2792.6ms/mv
[208/300] deck=125000000105 joshua_seat=1 scores=[119, 98] margin=-21 joshua=87.8ms/mv champ=2044.3ms/mv
[209/300] deck=125000000105 joshua_seat=0 scores=[107, 82] margin=+25 joshua=128.6ms/mv champ=2133.6ms/mv
[210/300] deck=125000000109 joshua_seat=0 scores=[79, 73] margin=+6 joshua=110.6ms/mv champ=1546.0ms/mv
[211/300] deck=125000000101 joshua_seat=1 scores=[111, 55] margin=-56 joshua=158.0ms/mv champ=2686.7ms/mv
[212/300] deck=125000000104 joshua_seat=1 scores=[105, 69] margin=-36 joshua=112.7ms/mv champ=2464.1ms/mv
[213/300] deck=125000000106 joshua_seat=1 scores=[96, 72] margin=-24 joshua=102.9ms/mv champ=2270.9ms/mv
[214/300] deck=125000000106 joshua_seat=0 scores=[93, 97] margin=-4 joshua=130.1ms/mv champ=2358.3ms/mv
[215/300] deck=125000000104 joshua_seat=0 scores=[82, 106] margin=-24 joshua=118.0ms/mv champ=2776.7ms/mv
[216/300] deck=125000000108 joshua_seat=0 scores=[95, 91] margin=+4 joshua=112.0ms/mv champ=2132.6ms/mv
[217/300] deck=125000000114 joshua_seat=1 scores=[78, 77] margin=-1 joshua=82.9ms/mv champ=1374.7ms/mv
[218/300] deck=125000000109 joshua_seat=1 scores=[125, 77] margin=-48 joshua=112.7ms/mv champ=1917.9ms/mv
[219/300] deck=125000000110 joshua_seat=1 scores=[116, 98] margin=-18 joshua=110.5ms/mv champ=1833.9ms/mv
[220/300] deck=125000000114 joshua_seat=0 scores=[82, 83] margin=-1 joshua=87.7ms/mv champ=1593.3ms/mv
[221/300] deck=125000000112 joshua_seat=0 scores=[87, 87] margin=+0 joshua=105.0ms/mv champ=1950.3ms/mv
[222/300] deck=125000000111 joshua_seat=0 scores=[64, 84] margin=-20 joshua=126.4ms/mv champ=2111.5ms/mv
[223/300] deck=125000000108 joshua_seat=1 scores=[106, 64] margin=-42 joshua=106.6ms/mv champ=2529.6ms/mv
[224/300] deck=125000000107 joshua_seat=0 scores=[81, 101] margin=-20 joshua=139.9ms/mv champ=3145.0ms/mv
[225/300] deck=125000000107 joshua_seat=1 scores=[108, 70] margin=-38 joshua=111.4ms/mv champ=2972.0ms/mv
[226/300] deck=125000000111 joshua_seat=1 scores=[106, 84] margin=-22 joshua=99.0ms/mv champ=2292.0ms/mv
[227/300] deck=125000000115 joshua_seat=1 scores=[103, 74] margin=-29 joshua=113.0ms/mv champ=1906.3ms/mv
[228/300] deck=125000000110 joshua_seat=0 scores=[63, 110] margin=-47 joshua=103.8ms/mv champ=2716.7ms/mv
[229/300] deck=125000000112 joshua_seat=1 scores=[104, 88] margin=-16 joshua=127.7ms/mv champ=2552.3ms/mv
[230/300] deck=125000000113 joshua_seat=1 scores=[87, 63] margin=-24 joshua=116.6ms/mv champ=2461.8ms/mv
[231/300] deck=125000000117 joshua_seat=1 scores=[109, 81] margin=-28 joshua=104.1ms/mv champ=2132.3ms/mv
[232/300] deck=125000000115 joshua_seat=0 scores=[75, 99] margin=-24 joshua=106.3ms/mv champ=2524.2ms/mv
[233/300] deck=125000000113 joshua_seat=0 scores=[83, 97] margin=-14 joshua=134.0ms/mv champ=2745.8ms/mv
[234/300] deck=125000000117 joshua_seat=0 scores=[83, 99] margin=-16 joshua=100.6ms/mv champ=2363.8ms/mv
[235/300] deck=125000000116 joshua_seat=1 scores=[133, 81] margin=-52 joshua=114.6ms/mv champ=2332.8ms/mv
[236/300] deck=125000000116 joshua_seat=0 scores=[84, 100] margin=-16 joshua=111.8ms/mv champ=2503.4ms/mv
[237/300] deck=125000000122 joshua_seat=1 scores=[88, 74] margin=-14 joshua=107.1ms/mv champ=1669.7ms/mv
[238/300] deck=125000000118 joshua_seat=0 scores=[83, 91] margin=-8 joshua=105.9ms/mv champ=2317.5ms/mv
[239/300] deck=125000000123 joshua_seat=0 scores=[79, 94] margin=-15 joshua=101.6ms/mv champ=1586.9ms/mv
[240/300] deck=125000000119 joshua_seat=1 scores=[127, 89] margin=-38 joshua=99.8ms/mv champ=2160.7ms/mv
[241/300] deck=125000000119 joshua_seat=0 scores=[86, 108] margin=-22 joshua=100.6ms/mv champ=2468.3ms/mv
[242/300] deck=125000000121 joshua_seat=0 scores=[110, 86] margin=+24 joshua=106.2ms/mv champ=2399.3ms/mv
[243/300] deck=125000000120 joshua_seat=0 scores=[86, 98] margin=-12 joshua=111.4ms/mv champ=2647.7ms/mv
[244/300] deck=125000000122 joshua_seat=0 scores=[98, 126] margin=-28 joshua=126.5ms/mv champ=2484.2ms/mv
[245/300] deck=125000000124 joshua_seat=1 scores=[96, 62] margin=-34 joshua=107.8ms/mv champ=2112.0ms/mv
[246/300] deck=125000000126 joshua_seat=0 scores=[74, 103] margin=-29 joshua=111.5ms/mv champ=1874.1ms/mv
[247/300] deck=125000000124 joshua_seat=0 scores=[85, 103] margin=-18 joshua=96.4ms/mv champ=2206.7ms/mv
[248/300] deck=125000000129 joshua_seat=1 scores=[66, 60] margin=-6 joshua=105.1ms/mv champ=1299.5ms/mv
[249/300] deck=125000000118 joshua_seat=1 scores=[82, 61] margin=-21 joshua=139.3ms/mv champ=3049.7ms/mv
[250/300] deck=125000000127 joshua_seat=0 scores=[65, 78] margin=-13 joshua=88.9ms/mv champ=1989.3ms/mv
[251/300] deck=125000000125 joshua_seat=0 scores=[70, 108] margin=-38 joshua=107.6ms/mv champ=2400.4ms/mv
[252/300] deck=125000000121 joshua_seat=1 scores=[104, 74] margin=-30 joshua=111.7ms/mv champ=2916.4ms/mv
[253/300] deck=125000000123 joshua_seat=1 scores=[111, 74] margin=-37 joshua=118.4ms/mv champ=2545.0ms/mv
[254/300] deck=125000000126 joshua_seat=1 scores=[158, 93] margin=-65 joshua=89.4ms/mv champ=2182.9ms/mv
[255/300] deck=125000000125 joshua_seat=1 scores=[122, 75] margin=-47 joshua=107.6ms/mv champ=2342.5ms/mv
[256/300] deck=125000000127 joshua_seat=1 scores=[96, 79] margin=-17 joshua=88.3ms/mv champ=2137.3ms/mv
[257/300] deck=125000000128 joshua_seat=0 scores=[94, 92] margin=+2 joshua=111.3ms/mv champ=2200.1ms/mv
[258/300] deck=125000000120 joshua_seat=1 scores=[113, 63] margin=-50 joshua=130.9ms/mv champ=3177.6ms/mv
[259/300] deck=125000000133 joshua_seat=0 scores=[85, 81] margin=+4 joshua=147.6ms/mv champ=1652.7ms/mv
[260/300] deck=125000000128 joshua_seat=1 scores=[109, 69] margin=-40 joshua=118.4ms/mv champ=2443.5ms/mv
[261/300] deck=125000000130 joshua_seat=0 scores=[83, 151] margin=-68 joshua=102.8ms/mv champ=2357.4ms/mv
[262/300] deck=125000000134 joshua_seat=0 scores=[69, 110] margin=-41 joshua=107.3ms/mv champ=1868.0ms/mv
[263/300] deck=125000000131 joshua_seat=1 scores=[114, 63] margin=-51 joshua=97.6ms/mv champ=2304.2ms/mv
[264/300] deck=125000000130 joshua_seat=1 scores=[109, 80] margin=-29 joshua=105.0ms/mv champ=2414.7ms/mv
[265/300] deck=125000000135 joshua_seat=0 scores=[60, 89] margin=-29 joshua=116.7ms/mv champ=1795.3ms/mv
[266/300] deck=125000000129 joshua_seat=0 scores=[53, 92] margin=-39 joshua=122.8ms/mv champ=2793.3ms/mv
[267/300] deck=125000000139 joshua_seat=1 scores=[94, 83] margin=-11 joshua=89.3ms/mv champ=1378.8ms/mv
[268/300] deck=125000000131 joshua_seat=0 scores=[91, 120] margin=-29 joshua=121.0ms/mv champ=2831.2ms/mv
[269/300] deck=125000000132 joshua_seat=1 scores=[106, 61] margin=-45 joshua=139.5ms/mv champ=2741.4ms/mv
[270/300] deck=125000000133 joshua_seat=1 scores=[90, 67] margin=-23 joshua=122.1ms/mv champ=2500.3ms/mv
[271/300] deck=125000000134 joshua_seat=1 scores=[79, 88] margin=+9 joshua=104.9ms/mv champ=2422.7ms/mv
[272/300] deck=125000000132 joshua_seat=0 scores=[84, 119] margin=-35 joshua=120.0ms/mv champ=3042.2ms/mv
[273/300] deck=125000000138 joshua_seat=1 scores=[103, 73] margin=-30 joshua=93.0ms/mv champ=1892.8ms/mv
[274/300] deck=125000000135 joshua_seat=1 scores=[94, 67] margin=-27 joshua=95.5ms/mv champ=2219.8ms/mv
[275/300] deck=125000000138 joshua_seat=0 scores=[69, 86] margin=-17 joshua=106.8ms/mv champ=2059.9ms/mv
[276/300] deck=125000000136 joshua_seat=0 scores=[74, 97] margin=-23 joshua=111.9ms/mv champ=2383.1ms/mv
[277/300] deck=125000000136 joshua_seat=1 scores=[95, 77] margin=-18 joshua=103.1ms/mv champ=2289.2ms/mv
[278/300] deck=125000000143 joshua_seat=0 scores=[74, 107] margin=-33 joshua=97.4ms/mv champ=1739.9ms/mv
[279/300] deck=125000000137 joshua_seat=0 scores=[68, 90] margin=-22 joshua=101.3ms/mv champ=2317.7ms/mv
[280/300] deck=125000000139 joshua_seat=0 scores=[62, 81] margin=-19 joshua=111.7ms/mv champ=2127.7ms/mv
[281/300] deck=125000000141 joshua_seat=0 scores=[68, 89] margin=-21 joshua=106.2ms/mv champ=1952.3ms/mv
[282/300] deck=125000000142 joshua_seat=0 scores=[91, 93] margin=-2 joshua=88.5ms/mv champ=1951.5ms/mv
[283/300] deck=125000000137 joshua_seat=1 scores=[128, 66] margin=-62 joshua=108.8ms/mv champ=2382.9ms/mv
[284/300] deck=125000000140 joshua_seat=0 scores=[89, 98] margin=-9 joshua=96.7ms/mv champ=2182.6ms/mv
[285/300] deck=125000000142 joshua_seat=1 scores=[103, 85] margin=-18 joshua=110.2ms/mv champ=2065.4ms/mv
[286/300] deck=125000000141 joshua_seat=1 scores=[92, 76] margin=-16 joshua=94.9ms/mv champ=2224.5ms/mv
[287/300] deck=125000000144 joshua_seat=1 scores=[103, 64] margin=-39 joshua=82.6ms/mv champ=1763.4ms/mv
[288/300] deck=125000000145 joshua_seat=1 scores=[87, 63] margin=-24 joshua=101.3ms/mv champ=1728.5ms/mv
[289/300] deck=125000000146 joshua_seat=0 scores=[78, 103] margin=-25 joshua=72.3ms/mv champ=1660.2ms/mv
[290/300] deck=125000000147 joshua_seat=1 scores=[93, 73] margin=-20 joshua=97.8ms/mv champ=1545.3ms/mv
[291/300] deck=125000000149 joshua_seat=1 scores=[85, 67] margin=-18 joshua=79.6ms/mv champ=1170.8ms/mv
[292/300] deck=125000000149 joshua_seat=0 scores=[93, 62] margin=+31 joshua=69.7ms/mv champ=1230.0ms/mv
[293/300] deck=125000000143 joshua_seat=1 scores=[89, 80] margin=-9 joshua=102.5ms/mv champ=2428.5ms/mv
[294/300] deck=125000000146 joshua_seat=1 scores=[105, 72] margin=-33 joshua=79.0ms/mv champ=1768.0ms/mv
[295/300] deck=125000000140 joshua_seat=1 scores=[94, 58] margin=-36 joshua=123.6ms/mv champ=2707.7ms/mv
[296/300] deck=125000000147 joshua_seat=0 scores=[62, 101] margin=-39 joshua=83.1ms/mv champ=1787.9ms/mv
[297/300] deck=125000000145 joshua_seat=0 scores=[127, 87] margin=+40 joshua=93.6ms/mv champ=2091.5ms/mv
[298/300] deck=125000000144 joshua_seat=0 scores=[113, 97] margin=+16 joshua=107.4ms/mv champ=2389.0ms/mv
[299/300] deck=125000000148 joshua_seat=1 scores=[86, 67] margin=-19 joshua=73.9ms/mv champ=1750.0ms/mv
[300/300] deck=125000000148 joshua_seat=0 scores=[64, 106] margin=-42 joshua=81.6ms/mv champ=2055.1ms/mv

[joshuabot-h2h] DONE 300 games in 29.0 min
{
 "variant_ids": [
  "current+j7w1+j8brk"
 ],
 "n_records": 300,
 "n_scored": 300,
 "wins": 33,
 "draws": 3,
 "losses": 264,
 "win_rate": 0.115,
 "n_paired_decks": 150,
 "paired_margin_mean": -23.333333333333332,
 "paired_margin_sem": 1.0727524933580745,
 "paired_margin_z": -21.750901049217966,
 "mean_margin_unpaired": -23.333333333333332,
 "rule_fires_total": {
  "f_end_deploy": 9,
  "f_j10_early_farm_block": 4148,
  "f_j3_reserve_floor": 4891,
  "j1_majority_steal": 1775,
  "j2_farm_attack": 17215,
  "j5_dump": 704,
  "j6_anchor_roads": 19232,
  "j7_close_vs_farm": 17379,
  "j8_overcommit": 1140
 }
}
