[joshuabot-h2h] variant=current+j7w1 profile=fixed_v1 {'CARCASSONNE_FIX_R9': '1', 'r9_env_expected': True} decks=150 workers=30 done=0 todo=300 manifest=/home/doctor/projects/carcassone/measurement/joshuabot_20260812/cells/BASE.jsonl.manifest.json
[1/300] deck=125000000000 joshua_seat=0 scores=[70, 60] margin=+10 joshua=103.1ms/mv champ=1214.5ms/mv
[2/300] deck=125000000013 joshua_seat=1 scores=[74, 73] margin=-1 joshua=98.6ms/mv champ=1542.7ms/mv
[3/300] deck=125000000003 joshua_seat=0 scores=[74, 100] margin=-26 joshua=98.5ms/mv champ=1798.7ms/mv
[4/300] deck=125000000010 joshua_seat=0 scores=[83, 91] margin=-8 joshua=113.7ms/mv champ=1879.0ms/mv
[5/300] deck=125000000000 joshua_seat=1 scores=[100, 91] margin=-9 joshua=111.0ms/mv champ=1856.0ms/mv
[6/300] deck=125000000014 joshua_seat=0 scores=[70, 81] margin=-11 joshua=121.7ms/mv champ=1904.6ms/mv
[7/300] deck=125000000014 joshua_seat=1 scores=[104, 57] margin=-47 joshua=101.7ms/mv champ=1928.4ms/mv
[8/300] deck=125000000009 joshua_seat=1 scores=[95, 78] margin=-17 joshua=103.7ms/mv champ=1928.6ms/mv
[9/300] deck=125000000006 joshua_seat=1 scores=[80, 67] margin=-13 joshua=116.9ms/mv champ=2007.2ms/mv
[10/300] deck=125000000001 joshua_seat=0 scores=[77, 92] margin=-15 joshua=117.5ms/mv champ=2097.7ms/mv
[11/300] deck=125000000004 joshua_seat=0 scores=[74, 97] margin=-23 joshua=121.5ms/mv champ=2132.8ms/mv
[12/300] deck=125000000006 joshua_seat=0 scores=[92, 120] margin=-28 joshua=97.3ms/mv champ=2159.9ms/mv
[13/300] deck=125000000010 joshua_seat=1 scores=[136, 85] margin=-51 joshua=97.4ms/mv champ=2133.3ms/mv
[14/300] deck=125000000011 joshua_seat=0 scores=[85, 108] margin=-23 joshua=103.5ms/mv champ=2198.1ms/mv
[15/300] deck=125000000005 joshua_seat=0 scores=[77, 84] margin=-7 joshua=113.9ms/mv champ=2216.4ms/mv
[16/300] deck=125000000004 joshua_seat=1 scores=[111, 68] margin=-43 joshua=98.9ms/mv champ=2208.0ms/mv
[17/300] deck=125000000012 joshua_seat=1 scores=[112, 74] margin=-38 joshua=97.5ms/mv champ=2228.6ms/mv
[18/300] deck=125000000002 joshua_seat=0 scores=[75, 130] margin=-55 joshua=98.1ms/mv champ=2315.2ms/mv
[19/300] deck=125000000008 joshua_seat=1 scores=[104, 61] margin=-43 joshua=96.8ms/mv champ=2261.4ms/mv
[20/300] deck=125000000011 joshua_seat=1 scores=[92, 64] margin=-28 joshua=103.6ms/mv champ=2280.2ms/mv
[21/300] deck=125000000012 joshua_seat=0 scores=[76, 80] margin=-4 joshua=134.8ms/mv champ=2373.8ms/mv
[22/300] deck=125000000008 joshua_seat=0 scores=[48, 107] margin=-59 joshua=100.0ms/mv champ=2410.3ms/mv
[23/300] deck=125000000013 joshua_seat=0 scores=[70, 82] margin=-12 joshua=100.4ms/mv champ=2412.2ms/mv
[24/300] deck=125000000009 joshua_seat=0 scores=[75, 98] margin=-23 joshua=99.0ms/mv champ=2436.6ms/mv
[25/300] deck=125000000001 joshua_seat=1 scores=[136, 89] margin=-47 joshua=107.8ms/mv champ=2452.2ms/mv
[26/300] deck=125000000005 joshua_seat=1 scores=[81, 69] margin=-12 joshua=126.2ms/mv champ=2438.3ms/mv
[27/300] deck=125000000007 joshua_seat=1 scores=[112, 70] margin=-42 joshua=123.7ms/mv champ=2673.0ms/mv
[28/300] deck=125000000007 joshua_seat=0 scores=[70, 103] margin=-33 joshua=123.0ms/mv champ=2804.5ms/mv
[29/300] deck=125000000002 joshua_seat=1 scores=[102, 61] margin=-41 joshua=129.9ms/mv champ=2735.5ms/mv
[30/300] deck=125000000003 joshua_seat=1 scores=[124, 74] margin=-50 joshua=116.0ms/mv champ=2770.4ms/mv
[31/300] deck=125000000015 joshua_seat=0 scores=[58, 115] margin=-57 joshua=82.4ms/mv champ=1865.9ms/mv
[32/300] deck=125000000015 joshua_seat=1 scores=[106, 78] margin=-28 joshua=106.7ms/mv champ=1993.4ms/mv
[33/300] deck=125000000018 joshua_seat=0 scores=[98, 85] margin=+13 joshua=100.4ms/mv champ=1688.3ms/mv
[34/300] deck=125000000018 joshua_seat=1 scores=[88, 64] margin=-24 joshua=114.7ms/mv champ=1726.9ms/mv
[35/300] deck=125000000016 joshua_seat=0 scores=[81, 70] margin=+11 joshua=124.5ms/mv champ=2009.9ms/mv
[36/300] deck=125000000017 joshua_seat=1 scores=[95, 81] margin=-14 joshua=86.7ms/mv champ=1915.8ms/mv
[37/300] deck=125000000019 joshua_seat=1 scores=[70, 75] margin=+5 joshua=111.6ms/mv champ=1762.2ms/mv
[38/300] deck=125000000017 joshua_seat=0 scores=[88, 122] margin=-34 joshua=98.4ms/mv champ=2112.7ms/mv
[39/300] deck=125000000020 joshua_seat=0 scores=[62, 102] margin=-40 joshua=117.5ms/mv champ=1862.2ms/mv
[40/300] deck=125000000022 joshua_seat=1 scores=[81, 71] margin=-10 joshua=117.1ms/mv champ=1861.1ms/mv
[41/300] deck=125000000020 joshua_seat=1 scores=[93, 83] margin=-10 joshua=113.6ms/mv champ=2028.7ms/mv
[42/300] deck=125000000025 joshua_seat=1 scores=[106, 64] margin=-42 joshua=106.2ms/mv champ=1773.0ms/mv
[43/300] deck=125000000024 joshua_seat=0 scores=[70, 110] margin=-40 joshua=87.3ms/mv champ=1936.2ms/mv
[44/300] deck=125000000024 joshua_seat=1 scores=[125, 87] margin=-38 joshua=88.5ms/mv champ=2026.2ms/mv
[45/300] deck=125000000021 joshua_seat=1 scores=[97, 79] margin=-18 joshua=89.8ms/mv champ=2175.1ms/mv
[46/300] deck=125000000019 joshua_seat=0 scores=[66, 89] margin=-23 joshua=111.7ms/mv champ=2360.5ms/mv
[47/300] deck=125000000026 joshua_seat=1 scores=[103, 80] margin=-23 joshua=93.2ms/mv champ=2116.8ms/mv
[48/300] deck=125000000023 joshua_seat=1 scores=[107, 101] margin=-6 joshua=88.9ms/mv champ=2295.8ms/mv
[49/300] deck=125000000022 joshua_seat=0 scores=[65, 95] margin=-30 joshua=109.0ms/mv champ=2425.2ms/mv
[50/300] deck=125000000016 joshua_seat=1 scores=[87, 72] margin=-15 joshua=110.1ms/mv champ=2728.8ms/mv
[51/300] deck=125000000026 joshua_seat=0 scores=[93, 94] margin=-1 joshua=107.8ms/mv champ=2332.9ms/mv
[52/300] deck=125000000021 joshua_seat=0 scores=[117, 108] margin=+9 joshua=115.8ms/mv champ=2611.1ms/mv
[53/300] deck=125000000023 joshua_seat=0 scores=[74, 100] margin=-26 joshua=102.5ms/mv champ=2551.1ms/mv
[54/300] deck=125000000027 joshua_seat=0 scores=[85, 90] margin=-5 joshua=96.1ms/mv champ=2353.8ms/mv
[55/300] deck=125000000028 joshua_seat=1 scores=[123, 79] margin=-44 joshua=89.7ms/mv champ=2056.3ms/mv
[56/300] deck=125000000029 joshua_seat=0 scores=[90, 83] margin=+7 joshua=154.9ms/mv champ=2218.3ms/mv
[57/300] deck=125000000025 joshua_seat=0 scores=[57, 98] margin=-41 joshua=120.7ms/mv champ=3010.9ms/mv
[58/300] deck=125000000029 joshua_seat=1 scores=[107, 66] margin=-41 joshua=102.9ms/mv champ=2593.0ms/mv
[59/300] deck=125000000032 joshua_seat=0 scores=[84, 74] margin=+10 joshua=103.3ms/mv champ=1635.5ms/mv
[60/300] deck=125000000032 joshua_seat=1 scores=[83, 92] margin=+9 joshua=92.4ms/mv champ=1621.8ms/mv
[61/300] deck=125000000031 joshua_seat=1 scores=[107, 88] margin=-19 joshua=100.7ms/mv champ=1759.2ms/mv
[62/300] deck=125000000030 joshua_seat=0 scores=[74, 123] margin=-49 joshua=113.5ms/mv champ=2544.1ms/mv
[63/300] deck=125000000030 joshua_seat=1 scores=[118, 92] margin=-26 joshua=105.4ms/mv champ=1990.6ms/mv
[64/300] deck=125000000027 joshua_seat=1 scores=[127, 76] margin=-51 joshua=146.6ms/mv champ=3282.6ms/mv
[65/300] deck=125000000028 joshua_seat=0 scores=[62, 104] margin=-42 joshua=140.8ms/mv champ=3545.2ms/mv
[66/300] deck=125000000033 joshua_seat=1 scores=[125, 72] margin=-53 joshua=93.1ms/mv champ=2232.9ms/mv
[67/300] deck=125000000033 joshua_seat=0 scores=[114, 99] margin=+15 joshua=112.5ms/mv champ=2390.3ms/mv
[68/300] deck=125000000040 joshua_seat=1 scores=[108, 78] margin=-30 joshua=92.2ms/mv champ=1503.6ms/mv
[69/300] deck=125000000034 joshua_seat=0 scores=[78, 125] margin=-47 joshua=106.0ms/mv champ=2295.0ms/mv
[70/300] deck=125000000036 joshua_seat=0 scores=[80, 89] margin=-9 joshua=131.5ms/mv champ=2120.4ms/mv
[71/300] deck=125000000039 joshua_seat=1 scores=[83, 73] margin=-10 joshua=90.7ms/mv champ=1686.0ms/mv
[72/300] deck=125000000037 joshua_seat=1 scores=[92, 61] margin=-31 joshua=105.3ms/mv champ=2072.5ms/mv
[73/300] deck=125000000041 joshua_seat=0 scores=[68, 84] margin=-16 joshua=90.7ms/mv champ=1774.1ms/mv
[74/300] deck=125000000038 joshua_seat=1 scores=[122, 82] margin=-40 joshua=93.2ms/mv champ=1940.0ms/mv
[75/300] deck=125000000036 joshua_seat=1 scores=[106, 90] margin=-16 joshua=103.2ms/mv champ=2225.8ms/mv
[76/300] deck=125000000034 joshua_seat=1 scores=[89, 73] margin=-16 joshua=118.9ms/mv champ=2489.8ms/mv
[77/300] deck=125000000037 joshua_seat=0 scores=[60, 111] margin=-51 joshua=98.4ms/mv champ=2381.0ms/mv
[78/300] deck=125000000031 joshua_seat=0 scores=[44, 110] margin=-66 joshua=146.0ms/mv champ=3191.3ms/mv
[79/300] deck=125000000038 joshua_seat=0 scores=[96, 105] margin=-9 joshua=107.4ms/mv champ=2420.5ms/mv
[80/300] deck=125000000035 joshua_seat=1 scores=[105, 101] margin=-4 joshua=104.4ms/mv champ=2760.3ms/mv
[81/300] deck=125000000042 joshua_seat=1 scores=[112, 71] margin=-41 joshua=92.0ms/mv champ=2079.5ms/mv
[82/300] deck=125000000042 joshua_seat=0 scores=[80, 114] margin=-34 joshua=96.5ms/mv champ=2335.5ms/mv
[83/300] deck=125000000041 joshua_seat=1 scores=[131, 70] margin=-61 joshua=115.6ms/mv champ=2346.0ms/mv
[84/300] deck=125000000043 joshua_seat=0 scores=[80, 118] margin=-38 joshua=100.9ms/mv champ=1954.9ms/mv
[85/300] deck=125000000043 joshua_seat=1 scores=[77, 67] margin=-10 joshua=124.5ms/mv champ=1823.0ms/mv
[86/300] deck=125000000040 joshua_seat=0 scores=[72, 99] margin=-27 joshua=155.7ms/mv champ=2678.4ms/mv
[87/300] deck=125000000035 joshua_seat=0 scores=[62, 97] margin=-35 joshua=127.2ms/mv champ=3321.0ms/mv
[88/300] deck=125000000046 joshua_seat=0 scores=[95, 121] margin=-26 joshua=121.8ms/mv champ=1878.9ms/mv
[89/300] deck=125000000039 joshua_seat=0 scores=[70, 115] margin=-45 joshua=123.1ms/mv champ=3156.7ms/mv
[90/300] deck=125000000047 joshua_seat=0 scores=[90, 72] margin=+18 joshua=92.8ms/mv champ=1564.5ms/mv
[91/300] deck=125000000044 joshua_seat=1 scores=[103, 82] margin=-21 joshua=90.4ms/mv champ=2247.2ms/mv
[92/300] deck=125000000045 joshua_seat=0 scores=[74, 107] margin=-33 joshua=116.4ms/mv champ=2246.3ms/mv
[93/300] deck=125000000044 joshua_seat=0 scores=[83, 102] margin=-19 joshua=118.4ms/mv champ=2489.8ms/mv
[94/300] deck=125000000054 joshua_seat=0 scores=[83, 67] margin=+16 joshua=108.1ms/mv champ=1160.3ms/mv
[95/300] deck=125000000052 joshua_seat=1 scores=[102, 56] margin=-46 joshua=109.7ms/mv champ=1458.1ms/mv
[96/300] deck=125000000045 joshua_seat=1 scores=[89, 66] margin=-23 joshua=118.2ms/mv champ=2568.1ms/mv
[97/300] deck=125000000049 joshua_seat=1 scores=[93, 76] margin=-17 joshua=102.3ms/mv champ=1927.2ms/mv
[98/300] deck=125000000046 joshua_seat=1 scores=[128, 83] margin=-45 joshua=105.6ms/mv champ=2541.9ms/mv
[99/300] deck=125000000050 joshua_seat=1 scores=[113, 80] margin=-33 joshua=101.7ms/mv champ=1898.2ms/mv
[100/300] deck=125000000048 joshua_seat=1 scores=[118, 78] margin=-40 joshua=99.4ms/mv champ=2134.3ms/mv
[101/300] deck=125000000056 joshua_seat=0 scores=[81, 75] margin=+6 joshua=99.4ms/mv champ=1435.0ms/mv
[102/300] deck=125000000047 joshua_seat=1 scores=[90, 71] margin=-19 joshua=107.6ms/mv champ=2405.4ms/mv
[103/300] deck=125000000052 joshua_seat=0 scores=[80, 99] margin=-19 joshua=109.4ms/mv champ=2216.0ms/mv
[104/300] deck=125000000051 joshua_seat=0 scores=[86, 122] margin=-36 joshua=103.3ms/mv champ=2339.4ms/mv
[105/300] deck=125000000053 joshua_seat=0 scores=[113, 117] margin=-4 joshua=94.6ms/mv champ=2176.4ms/mv
[106/300] deck=125000000048 joshua_seat=0 scores=[75, 98] margin=-23 joshua=133.3ms/mv champ=2634.0ms/mv
[107/300] deck=125000000054 joshua_seat=1 scores=[121, 61] margin=-60 joshua=103.3ms/mv champ=1906.8ms/mv
[108/300] deck=125000000051 joshua_seat=1 scores=[129, 62] margin=-67 joshua=101.1ms/mv champ=2470.0ms/mv
[109/300] deck=125000000053 joshua_seat=1 scores=[121, 80] margin=-41 joshua=97.3ms/mv champ=2256.4ms/mv
[110/300] deck=125000000050 joshua_seat=0 scores=[53, 102] margin=-49 joshua=123.3ms/mv champ=2845.9ms/mv
[111/300] deck=125000000049 joshua_seat=0 scores=[62, 106] margin=-44 joshua=125.1ms/mv champ=2956.2ms/mv
[112/300] deck=125000000055 joshua_seat=1 scores=[111, 59] margin=-52 joshua=105.9ms/mv champ=2028.7ms/mv
[113/300] deck=125000000059 joshua_seat=0 scores=[77, 73] margin=+4 joshua=95.7ms/mv champ=1694.6ms/mv
[114/300] deck=125000000058 joshua_seat=0 scores=[68, 83] margin=-15 joshua=115.9ms/mv champ=2107.0ms/mv
[115/300] deck=125000000057 joshua_seat=1 scores=[89, 72] margin=-17 joshua=100.6ms/mv champ=2135.3ms/mv
[116/300] deck=125000000064 joshua_seat=0 scores=[79, 64] margin=+15 joshua=107.0ms/mv champ=1239.1ms/mv
[117/300] deck=125000000058 joshua_seat=1 scores=[111, 79] margin=-32 joshua=87.7ms/mv champ=2174.4ms/mv
[118/300] deck=125000000064 joshua_seat=1 scores=[73, 87] margin=+14 joshua=99.6ms/mv champ=1235.4ms/mv
[119/300] deck=125000000060 joshua_seat=0 scores=[96, 92] margin=+4 joshua=100.0ms/mv champ=2212.7ms/mv
[120/300] deck=125000000062 joshua_seat=1 scores=[106, 77] margin=-29 joshua=100.1ms/mv champ=1764.9ms/mv
[121/300] deck=125000000055 joshua_seat=0 scores=[54, 94] margin=-40 joshua=126.5ms/mv champ=2930.2ms/mv
[122/300] deck=125000000057 joshua_seat=0 scores=[93, 94] margin=-1 joshua=115.8ms/mv champ=2834.6ms/mv
[123/300] deck=125000000056 joshua_seat=1 scores=[113, 79] margin=-34 joshua=127.5ms/mv champ=2879.5ms/mv
[124/300] deck=125000000059 joshua_seat=1 scores=[121, 67] margin=-54 joshua=101.2ms/mv champ=2448.3ms/mv
[125/300] deck=125000000061 joshua_seat=1 scores=[97, 93] margin=-4 joshua=101.1ms/mv champ=2107.0ms/mv
[126/300] deck=125000000061 joshua_seat=0 scores=[63, 83] margin=-20 joshua=121.7ms/mv champ=2367.1ms/mv
[127/300] deck=125000000060 joshua_seat=1 scores=[135, 93] margin=-42 joshua=103.8ms/mv champ=2490.8ms/mv
[128/300] deck=125000000066 joshua_seat=0 scores=[68, 109] margin=-41 joshua=110.6ms/mv champ=1878.0ms/mv
[129/300] deck=125000000062 joshua_seat=0 scores=[74, 89] margin=-15 joshua=120.6ms/mv champ=2644.5ms/mv
[130/300] deck=125000000063 joshua_seat=1 scores=[124, 83] margin=-41 joshua=107.9ms/mv champ=2555.2ms/mv
[131/300] deck=125000000066 joshua_seat=1 scores=[99, 79] margin=-20 joshua=115.2ms/mv champ=2076.5ms/mv
[132/300] deck=125000000065 joshua_seat=0 scores=[90, 76] margin=+14 joshua=105.7ms/mv champ=2455.9ms/mv
[133/300] deck=125000000067 joshua_seat=1 scores=[114, 86] margin=-28 joshua=121.2ms/mv champ=2158.5ms/mv
[134/300] deck=125000000063 joshua_seat=0 scores=[84, 100] margin=-16 joshua=130.9ms/mv champ=2877.2ms/mv
[135/300] deck=125000000070 joshua_seat=0 scores=[81, 89] margin=-8 joshua=92.3ms/mv champ=2017.9ms/mv
[136/300] deck=125000000068 joshua_seat=0 scores=[76, 119] margin=-43 joshua=111.7ms/mv champ=2405.8ms/mv
[137/300] deck=125000000069 joshua_seat=1 scores=[112, 92] margin=-20 joshua=111.1ms/mv champ=2157.8ms/mv
[138/300] deck=125000000065 joshua_seat=1 scores=[88, 62] margin=-26 joshua=117.7ms/mv champ=2652.0ms/mv
[139/300] deck=125000000068 joshua_seat=1 scores=[88, 79] margin=-9 joshua=95.7ms/mv champ=2319.6ms/mv
[140/300] deck=125000000071 joshua_seat=0 scores=[59, 86] margin=-27 joshua=111.6ms/mv champ=2040.2ms/mv
[141/300] deck=125000000069 joshua_seat=0 scores=[76, 109] margin=-33 joshua=109.1ms/mv champ=2483.1ms/mv
[142/300] deck=125000000070 joshua_seat=1 scores=[118, 69] margin=-49 joshua=107.0ms/mv champ=2341.6ms/mv
[143/300] deck=125000000067 joshua_seat=0 scores=[50, 74] margin=-24 joshua=134.0ms/mv champ=2824.7ms/mv
[144/300] deck=125000000074 joshua_seat=1 scores=[72, 66] margin=-6 joshua=101.8ms/mv champ=1611.4ms/mv
[145/300] deck=125000000071 joshua_seat=1 scores=[94, 76] margin=-18 joshua=119.7ms/mv champ=2252.6ms/mv
[146/300] deck=125000000076 joshua_seat=1 scores=[108, 91] margin=-17 joshua=93.3ms/mv champ=1575.8ms/mv
[147/300] deck=125000000072 joshua_seat=1 scores=[90, 84] margin=-6 joshua=107.5ms/mv champ=2298.7ms/mv
[148/300] deck=125000000076 joshua_seat=0 scores=[81, 81] margin=+0 joshua=88.9ms/mv champ=2000.1ms/mv
[149/300] deck=125000000072 joshua_seat=0 scores=[87, 109] margin=-22 joshua=126.4ms/mv champ=2662.9ms/mv
[150/300] deck=125000000078 joshua_seat=1 scores=[98, 71] margin=-27 joshua=88.3ms/mv champ=1607.0ms/mv
[151/300] deck=125000000074 joshua_seat=0 scores=[70, 92] margin=-22 joshua=115.1ms/mv champ=2486.5ms/mv
[152/300] deck=125000000075 joshua_seat=0 scores=[77, 91] margin=-14 joshua=139.8ms/mv champ=2434.4ms/mv
[153/300] deck=125000000073 joshua_seat=0 scores=[74, 91] margin=-17 joshua=131.1ms/mv champ=2751.5ms/mv
[154/300] deck=125000000078 joshua_seat=0 scores=[73, 95] margin=-22 joshua=103.6ms/mv champ=2194.7ms/mv
[155/300] deck=125000000073 joshua_seat=1 scores=[110, 71] margin=-39 joshua=132.0ms/mv champ=2718.2ms/mv
[156/300] deck=125000000077 joshua_seat=1 scores=[107, 79] margin=-28 joshua=96.5ms/mv champ=2224.5ms/mv
[157/300] deck=125000000077 joshua_seat=0 scores=[89, 110] margin=-21 joshua=116.4ms/mv champ=2528.1ms/mv
[158/300] deck=125000000075 joshua_seat=1 scores=[107, 69] margin=-38 joshua=109.6ms/mv champ=2825.4ms/mv
[159/300] deck=125000000080 joshua_seat=1 scores=[88, 52] margin=-36 joshua=138.5ms/mv champ=1803.9ms/mv
[160/300] deck=125000000084 joshua_seat=1 scores=[80, 78] margin=-2 joshua=109.2ms/mv champ=1565.9ms/mv
[161/300] deck=125000000080 joshua_seat=0 scores=[82, 91] margin=-9 joshua=88.1ms/mv champ=2266.8ms/mv
[162/300] deck=125000000079 joshua_seat=0 scores=[73, 122] margin=-49 joshua=103.8ms/mv champ=2467.0ms/mv
[163/300] deck=125000000081 joshua_seat=1 scores=[114, 86] margin=-28 joshua=97.9ms/mv champ=2080.1ms/mv
[164/300] deck=125000000085 joshua_seat=0 scores=[80, 79] margin=+1 joshua=114.0ms/mv champ=1829.6ms/mv
[165/300] deck=125000000089 joshua_seat=1 scores=[64, 88] margin=+24 joshua=86.8ms/mv champ=1047.0ms/mv
[166/300] deck=125000000086 joshua_seat=0 scores=[83, 80] margin=+3 joshua=113.6ms/mv champ=1962.4ms/mv
[167/300] deck=125000000081 joshua_seat=0 scores=[69, 127] margin=-58 joshua=115.7ms/mv champ=2611.5ms/mv
[168/300] deck=125000000079 joshua_seat=1 scores=[104, 63] margin=-41 joshua=115.0ms/mv champ=2773.5ms/mv
[169/300] deck=125000000083 joshua_seat=1 scores=[102, 100] margin=-2 joshua=110.3ms/mv champ=2490.7ms/mv
[170/300] deck=125000000082 joshua_seat=1 scores=[98, 71] margin=-27 joshua=113.0ms/mv champ=2565.6ms/mv
[171/300] deck=125000000084 joshua_seat=0 scores=[97, 97] margin=+0 joshua=113.5ms/mv champ=2638.5ms/mv
[172/300] deck=125000000082 joshua_seat=0 scores=[68, 108] margin=-40 joshua=126.6ms/mv champ=2866.3ms/mv
[173/300] deck=125000000085 joshua_seat=1 scores=[100, 90] margin=-10 joshua=110.1ms/mv champ=2429.4ms/mv
[174/300] deck=125000000083 joshua_seat=0 scores=[81, 107] margin=-26 joshua=111.5ms/mv champ=2808.3ms/mv
[175/300] deck=125000000087 joshua_seat=1 scores=[96, 82] margin=-14 joshua=109.9ms/mv champ=2301.5ms/mv
[176/300] deck=125000000086 joshua_seat=1 scores=[112, 83] margin=-29 joshua=119.9ms/mv champ=2476.1ms/mv
[177/300] deck=125000000090 joshua_seat=0 scores=[55, 93] margin=-38 joshua=128.0ms/mv champ=1861.5ms/mv
[178/300] deck=125000000092 joshua_seat=0 scores=[69, 82] margin=-13 joshua=98.5ms/mv champ=1816.0ms/mv
[179/300] deck=125000000089 joshua_seat=0 scores=[72, 119] margin=-47 joshua=107.6ms/mv champ=2253.7ms/mv
[180/300] deck=125000000087 joshua_seat=0 scores=[58, 106] margin=-48 joshua=117.1ms/mv champ=2804.4ms/mv
[181/300] deck=125000000091 joshua_seat=1 scores=[116, 97] margin=-19 joshua=117.1ms/mv champ=2120.6ms/mv
[182/300] deck=125000000088 joshua_seat=0 scores=[81, 127] margin=-46 joshua=106.5ms/mv champ=2694.4ms/mv
[183/300] deck=125000000095 joshua_seat=0 scores=[87, 91] margin=-4 joshua=98.8ms/mv champ=1540.5ms/mv
[184/300] deck=125000000090 joshua_seat=1 scores=[101, 75] margin=-26 joshua=104.7ms/mv champ=2298.3ms/mv
[185/300] deck=125000000091 joshua_seat=0 scores=[90, 100] margin=-10 joshua=105.3ms/mv champ=2342.6ms/mv
[186/300] deck=125000000094 joshua_seat=0 scores=[75, 108] margin=-33 joshua=97.1ms/mv champ=1975.4ms/mv
[187/300] deck=125000000088 joshua_seat=1 scores=[84, 71] margin=-13 joshua=134.2ms/mv champ=2886.9ms/mv
[188/300] deck=125000000092 joshua_seat=1 scores=[95, 63] margin=-32 joshua=117.6ms/mv champ=2596.0ms/mv
[189/300] deck=125000000093 joshua_seat=1 scores=[115, 62] margin=-53 joshua=128.3ms/mv champ=2290.2ms/mv
[190/300] deck=125000000098 joshua_seat=1 scores=[103, 85] margin=-18 joshua=83.1ms/mv champ=1703.6ms/mv
[191/300] deck=125000000093 joshua_seat=0 scores=[69, 99] margin=-30 joshua=105.0ms/mv champ=2866.8ms/mv
[192/300] deck=125000000103 joshua_seat=1 scores=[64, 65] margin=+1 joshua=102.7ms/mv champ=1225.8ms/mv
[193/300] deck=125000000097 joshua_seat=0 scores=[89, 86] margin=+3 joshua=90.7ms/mv champ=2204.2ms/mv
[194/300] deck=125000000094 joshua_seat=1 scores=[101, 51] margin=-50 joshua=117.2ms/mv champ=2586.0ms/mv
[195/300] deck=125000000095 joshua_seat=1 scores=[115, 74] margin=-41 joshua=104.4ms/mv champ=2409.7ms/mv
[196/300] deck=125000000096 joshua_seat=1 scores=[130, 70] margin=-60 joshua=90.8ms/mv champ=2284.5ms/mv
[197/300] deck=125000000097 joshua_seat=1 scores=[109, 82] margin=-27 joshua=93.5ms/mv champ=2205.3ms/mv
[198/300] deck=125000000098 joshua_seat=0 scores=[89, 98] margin=-9 joshua=115.0ms/mv champ=2184.9ms/mv
[199/300] deck=125000000101 joshua_seat=0 scores=[81, 92] margin=-11 joshua=103.1ms/mv champ=1822.1ms/mv
[200/300] deck=125000000099 joshua_seat=1 scores=[98, 101] margin=+3 joshua=103.9ms/mv champ=2011.9ms/mv
[201/300] deck=125000000100 joshua_seat=1 scores=[105, 88] margin=-17 joshua=99.8ms/mv champ=1968.3ms/mv
[202/300] deck=125000000100 joshua_seat=0 scores=[78, 97] margin=-19 joshua=101.8ms/mv champ=2075.7ms/mv
[203/300] deck=125000000102 joshua_seat=1 scores=[97, 65] margin=-32 joshua=105.7ms/mv champ=1923.1ms/mv
[204/300] deck=125000000096 joshua_seat=0 scores=[70, 92] margin=-22 joshua=150.5ms/mv champ=3030.7ms/mv
[205/300] deck=125000000102 joshua_seat=0 scores=[82, 87] margin=-5 joshua=124.9ms/mv champ=2068.6ms/mv
[206/300] deck=125000000103 joshua_seat=0 scores=[79, 102] margin=-23 joshua=102.0ms/mv champ=1989.3ms/mv
[207/300] deck=125000000099 joshua_seat=0 scores=[66, 84] margin=-18 joshua=139.7ms/mv champ=2766.7ms/mv
[208/300] deck=125000000105 joshua_seat=1 scores=[119, 98] margin=-21 joshua=85.1ms/mv champ=2027.1ms/mv
[209/300] deck=125000000105 joshua_seat=0 scores=[107, 82] margin=+25 joshua=126.0ms/mv champ=2099.4ms/mv
[210/300] deck=125000000109 joshua_seat=0 scores=[79, 73] margin=+6 joshua=110.8ms/mv champ=1533.0ms/mv
[211/300] deck=125000000101 joshua_seat=1 scores=[111, 55] margin=-56 joshua=158.3ms/mv champ=2674.9ms/mv
[212/300] deck=125000000106 joshua_seat=1 scores=[96, 72] margin=-24 joshua=102.1ms/mv champ=2242.0ms/mv
[213/300] deck=125000000104 joshua_seat=1 scores=[105, 69] margin=-36 joshua=110.8ms/mv champ=2445.1ms/mv
[214/300] deck=125000000106 joshua_seat=0 scores=[93, 97] margin=-4 joshua=128.6ms/mv champ=2325.9ms/mv
[215/300] deck=125000000104 joshua_seat=0 scores=[82, 106] margin=-24 joshua=117.7ms/mv champ=2751.8ms/mv
[216/300] deck=125000000108 joshua_seat=0 scores=[95, 91] margin=+4 joshua=112.9ms/mv champ=2116.7ms/mv
[217/300] deck=125000000114 joshua_seat=1 scores=[78, 77] margin=-1 joshua=83.0ms/mv champ=1356.9ms/mv
[218/300] deck=125000000109 joshua_seat=1 scores=[125, 77] margin=-48 joshua=110.2ms/mv champ=1909.4ms/mv
[219/300] deck=125000000114 joshua_seat=0 scores=[82, 83] margin=-1 joshua=86.8ms/mv champ=1569.8ms/mv
[220/300] deck=125000000110 joshua_seat=1 scores=[116, 98] margin=-18 joshua=105.7ms/mv champ=1800.0ms/mv
[221/300] deck=125000000112 joshua_seat=0 scores=[87, 87] margin=+0 joshua=102.9ms/mv champ=1938.1ms/mv
[222/300] deck=125000000108 joshua_seat=1 scores=[106, 64] margin=-42 joshua=103.9ms/mv champ=2477.5ms/mv
[223/300] deck=125000000111 joshua_seat=0 scores=[64, 84] margin=-20 joshua=124.5ms/mv champ=2092.6ms/mv
[224/300] deck=125000000107 joshua_seat=0 scores=[81, 101] margin=-20 joshua=139.7ms/mv champ=3126.8ms/mv
[225/300] deck=125000000107 joshua_seat=1 scores=[108, 70] margin=-38 joshua=109.9ms/mv champ=2962.7ms/mv
[226/300] deck=125000000115 joshua_seat=1 scores=[103, 74] margin=-29 joshua=111.9ms/mv champ=1892.5ms/mv
[227/300] deck=125000000111 joshua_seat=1 scores=[106, 84] margin=-22 joshua=98.5ms/mv champ=2325.0ms/mv
[228/300] deck=125000000110 joshua_seat=0 scores=[63, 110] margin=-47 joshua=102.6ms/mv champ=2675.5ms/mv
[229/300] deck=125000000112 joshua_seat=1 scores=[104, 88] margin=-16 joshua=126.2ms/mv champ=2536.5ms/mv
[230/300] deck=125000000113 joshua_seat=1 scores=[87, 63] margin=-24 joshua=114.4ms/mv champ=2443.9ms/mv
[231/300] deck=125000000117 joshua_seat=1 scores=[109, 81] margin=-28 joshua=103.1ms/mv champ=2121.6ms/mv
[232/300] deck=125000000115 joshua_seat=0 scores=[75, 99] margin=-24 joshua=106.1ms/mv champ=2527.1ms/mv
[233/300] deck=125000000113 joshua_seat=0 scores=[83, 97] margin=-14 joshua=135.3ms/mv champ=2738.3ms/mv
[234/300] deck=125000000117 joshua_seat=0 scores=[83, 99] margin=-16 joshua=100.3ms/mv champ=2347.1ms/mv
[235/300] deck=125000000116 joshua_seat=1 scores=[133, 81] margin=-52 joshua=115.4ms/mv champ=2319.8ms/mv
[236/300] deck=125000000116 joshua_seat=0 scores=[84, 100] margin=-16 joshua=109.8ms/mv champ=2495.5ms/mv
[237/300] deck=125000000123 joshua_seat=0 scores=[79, 94] margin=-15 joshua=102.9ms/mv champ=1586.0ms/mv
[238/300] deck=125000000118 joshua_seat=0 scores=[83, 91] margin=-8 joshua=105.1ms/mv champ=2314.0ms/mv
[239/300] deck=125000000122 joshua_seat=1 scores=[88, 74] margin=-14 joshua=108.8ms/mv champ=1686.3ms/mv
[240/300] deck=125000000119 joshua_seat=1 scores=[127, 89] margin=-38 joshua=99.6ms/mv champ=2159.7ms/mv
[241/300] deck=125000000119 joshua_seat=0 scores=[86, 108] margin=-22 joshua=99.9ms/mv champ=2475.9ms/mv
[242/300] deck=125000000121 joshua_seat=0 scores=[110, 86] margin=+24 joshua=105.4ms/mv champ=2403.0ms/mv
[243/300] deck=125000000120 joshua_seat=0 scores=[86, 98] margin=-12 joshua=110.1ms/mv champ=2646.5ms/mv
[244/300] deck=125000000122 joshua_seat=0 scores=[98, 126] margin=-28 joshua=127.9ms/mv champ=2493.2ms/mv
[245/300] deck=125000000126 joshua_seat=0 scores=[74, 103] margin=-29 joshua=112.7ms/mv champ=1875.0ms/mv
[246/300] deck=125000000124 joshua_seat=0 scores=[85, 103] margin=-18 joshua=96.5ms/mv champ=2193.8ms/mv
[247/300] deck=125000000124 joshua_seat=1 scores=[96, 62] margin=-34 joshua=108.9ms/mv champ=2108.4ms/mv
[248/300] deck=125000000129 joshua_seat=1 scores=[66, 60] margin=-6 joshua=105.6ms/mv champ=1310.3ms/mv
[249/300] deck=125000000118 joshua_seat=1 scores=[82, 61] margin=-21 joshua=140.4ms/mv champ=3036.8ms/mv
[250/300] deck=125000000127 joshua_seat=0 scores=[65, 78] margin=-13 joshua=91.0ms/mv champ=2011.8ms/mv
[251/300] deck=125000000125 joshua_seat=0 scores=[70, 108] margin=-38 joshua=106.9ms/mv champ=2399.5ms/mv
[252/300] deck=125000000121 joshua_seat=1 scores=[104, 74] margin=-30 joshua=111.6ms/mv champ=2923.7ms/mv
[253/300] deck=125000000123 joshua_seat=1 scores=[111, 74] margin=-37 joshua=117.6ms/mv champ=2562.7ms/mv
[254/300] deck=125000000125 joshua_seat=1 scores=[122, 75] margin=-47 joshua=107.5ms/mv champ=2349.3ms/mv
[255/300] deck=125000000126 joshua_seat=1 scores=[158, 93] margin=-65 joshua=89.0ms/mv champ=2181.7ms/mv
[256/300] deck=125000000127 joshua_seat=1 scores=[96, 79] margin=-17 joshua=89.5ms/mv champ=2161.5ms/mv
[257/300] deck=125000000128 joshua_seat=0 scores=[94, 92] margin=+2 joshua=112.3ms/mv champ=2242.5ms/mv
[258/300] deck=125000000120 joshua_seat=1 scores=[113, 63] margin=-50 joshua=130.2ms/mv champ=3174.5ms/mv
[259/300] deck=125000000133 joshua_seat=0 scores=[85, 81] margin=+4 joshua=147.4ms/mv champ=1653.1ms/mv
[260/300] deck=125000000128 joshua_seat=1 scores=[109, 69] margin=-40 joshua=118.7ms/mv champ=2430.0ms/mv
[261/300] deck=125000000130 joshua_seat=0 scores=[83, 151] margin=-68 joshua=101.8ms/mv champ=2356.7ms/mv
[262/300] deck=125000000134 joshua_seat=0 scores=[69, 110] margin=-41 joshua=108.1ms/mv champ=1859.3ms/mv
[263/300] deck=125000000131 joshua_seat=1 scores=[114, 63] margin=-51 joshua=96.6ms/mv champ=2292.5ms/mv
[264/300] deck=125000000130 joshua_seat=1 scores=[109, 80] margin=-29 joshua=103.3ms/mv champ=2429.1ms/mv
[265/300] deck=125000000135 joshua_seat=0 scores=[60, 89] margin=-29 joshua=115.8ms/mv champ=1785.0ms/mv
[266/300] deck=125000000129 joshua_seat=0 scores=[53, 92] margin=-39 joshua=122.8ms/mv champ=2794.2ms/mv
[267/300] deck=125000000139 joshua_seat=1 scores=[94, 83] margin=-11 joshua=89.2ms/mv champ=1369.4ms/mv
[268/300] deck=125000000131 joshua_seat=0 scores=[91, 120] margin=-29 joshua=121.1ms/mv champ=2825.7ms/mv
[269/300] deck=125000000132 joshua_seat=1 scores=[106, 61] margin=-45 joshua=137.1ms/mv champ=2750.8ms/mv
[270/300] deck=125000000134 joshua_seat=1 scores=[79, 88] margin=+9 joshua=105.8ms/mv champ=2398.2ms/mv
[271/300] deck=125000000133 joshua_seat=1 scores=[90, 67] margin=-23 joshua=121.8ms/mv champ=2492.3ms/mv
[272/300] deck=125000000132 joshua_seat=0 scores=[84, 119] margin=-35 joshua=121.4ms/mv champ=3027.9ms/mv
[273/300] deck=125000000138 joshua_seat=1 scores=[103, 73] margin=-30 joshua=90.9ms/mv champ=1888.5ms/mv
[274/300] deck=125000000138 joshua_seat=0 scores=[69, 86] margin=-17 joshua=106.1ms/mv champ=2054.3ms/mv
[275/300] deck=125000000135 joshua_seat=1 scores=[94, 67] margin=-27 joshua=94.3ms/mv champ=2207.8ms/mv
[276/300] deck=125000000136 joshua_seat=0 scores=[74, 97] margin=-23 joshua=111.9ms/mv champ=2399.7ms/mv
[277/300] deck=125000000137 joshua_seat=0 scores=[68, 90] margin=-22 joshua=100.3ms/mv champ=2303.1ms/mv
[278/300] deck=125000000136 joshua_seat=1 scores=[95, 77] margin=-18 joshua=103.1ms/mv champ=2272.9ms/mv
[279/300] deck=125000000139 joshua_seat=0 scores=[62, 81] margin=-19 joshua=111.3ms/mv champ=2132.3ms/mv
[280/300] deck=125000000141 joshua_seat=0 scores=[68, 89] margin=-21 joshua=107.9ms/mv champ=1961.0ms/mv
[281/300] deck=125000000143 joshua_seat=0 scores=[74, 107] margin=-33 joshua=94.5ms/mv champ=1736.1ms/mv
[282/300] deck=125000000142 joshua_seat=0 scores=[91, 93] margin=-2 joshua=90.7ms/mv champ=1937.9ms/mv
[283/300] deck=125000000137 joshua_seat=1 scores=[128, 66] margin=-62 joshua=112.6ms/mv champ=2380.3ms/mv
[284/300] deck=125000000140 joshua_seat=0 scores=[89, 98] margin=-9 joshua=94.8ms/mv champ=2146.5ms/mv
[285/300] deck=125000000142 joshua_seat=1 scores=[103, 85] margin=-18 joshua=106.6ms/mv champ=2050.6ms/mv
[286/300] deck=125000000141 joshua_seat=1 scores=[92, 76] margin=-16 joshua=94.4ms/mv champ=2226.1ms/mv
[287/300] deck=125000000144 joshua_seat=1 scores=[103, 64] margin=-39 joshua=80.8ms/mv champ=1768.3ms/mv
[288/300] deck=125000000146 joshua_seat=0 scores=[78, 103] margin=-25 joshua=70.8ms/mv champ=1664.1ms/mv
[289/300] deck=125000000145 joshua_seat=1 scores=[87, 63] margin=-24 joshua=98.7ms/mv champ=1719.9ms/mv
[290/300] deck=125000000147 joshua_seat=1 scores=[93, 73] margin=-20 joshua=89.5ms/mv champ=1542.2ms/mv
[291/300] deck=125000000149 joshua_seat=1 scores=[85, 67] margin=-18 joshua=77.6ms/mv champ=1163.1ms/mv
[292/300] deck=125000000149 joshua_seat=0 scores=[93, 62] margin=+31 joshua=71.8ms/mv champ=1240.5ms/mv
[293/300] deck=125000000143 joshua_seat=1 scores=[89, 80] margin=-9 joshua=100.1ms/mv champ=2396.4ms/mv
[294/300] deck=125000000146 joshua_seat=1 scores=[105, 72] margin=-33 joshua=77.2ms/mv champ=1738.5ms/mv
[295/300] deck=125000000147 joshua_seat=0 scores=[62, 101] margin=-39 joshua=78.8ms/mv champ=1782.9ms/mv
[296/300] deck=125000000140 joshua_seat=1 scores=[94, 58] margin=-36 joshua=121.7ms/mv champ=2715.7ms/mv
[297/300] deck=125000000145 joshua_seat=0 scores=[127, 87] margin=+40 joshua=98.1ms/mv champ=2085.5ms/mv
[298/300] deck=125000000144 joshua_seat=0 scores=[113, 97] margin=+16 joshua=109.6ms/mv champ=2391.1ms/mv
[299/300] deck=125000000148 joshua_seat=1 scores=[86, 67] margin=-19 joshua=72.3ms/mv champ=1749.6ms/mv
[300/300] deck=125000000148 joshua_seat=0 scores=[64, 106] margin=-42 joshua=82.6ms/mv champ=2063.8ms/mv

[joshuabot-h2h] DONE 300 games in 28.8 min
{
 "variant_ids": [
  "current+j7w1"
 ],
 "n_records": 300,
 "n_scored": 300,
 "wins": 33,
 "draws": 3,
 "losses": 264,
 "win_rate": 0.115,
 "n_paired_decks": 150,
 "paired_margin_mean": -23.333333333333332,
 "paired_margin_sem": 1.0727524933580745,
 "paired_margin_z": -21.750901049217966,
 "mean_margin_unpaired": -23.333333333333332,
 "rule_fires_total": {
  "f_end_deploy": 9,
  "f_j10_early_farm_block": 4148,
  "f_j3_reserve_floor": 4891,
  "j1_majority_steal": 1775,
  "j2_farm_attack": 17215,
  "j5_dump": 704,
  "j6_anchor_roads": 19232,
  "j7_close_vs_farm": 17379,
  "j8_overcommit": 1140
 }
}
