[joshuabot-h2h] variant=current+j7w0+j8brk+j9avoid0.55s6 profile=fixed_v1 {'CARCASSONNE_FIX_R9': '1', 'r9_env_expected': True} decks=150 workers=30 done=0 todo=300 manifest=/home/doctor/projects/carcassone/measurement/joshuabot_20260812/cells/ALLTOG.jsonl.manifest.json
[1/300] deck=125000000007 joshua_seat=1 scores=[49, 77] margin=+28 joshua=110.1ms/mv champ=1168.7ms/mv
[2/300] deck=125000000000 joshua_seat=0 scores=[74, 66] margin=+8 joshua=101.1ms/mv champ=1289.3ms/mv
[3/300] deck=125000000012 joshua_seat=0 scores=[99, 74] margin=+25 joshua=90.2ms/mv champ=1378.2ms/mv
[4/300] deck=125000000010 joshua_seat=0 scores=[83, 80] margin=+3 joshua=124.1ms/mv champ=1431.9ms/mv
[5/300] deck=125000000004 joshua_seat=1 scores=[98, 81] margin=-17 joshua=86.2ms/mv champ=1522.8ms/mv
[6/300] deck=125000000003 joshua_seat=1 scores=[92, 81] margin=-11 joshua=89.5ms/mv champ=1565.9ms/mv
[7/300] deck=125000000000 joshua_seat=1 scores=[92, 88] margin=-4 joshua=94.4ms/mv champ=1726.3ms/mv
[8/300] deck=125000000009 joshua_seat=1 scores=[94, 82] margin=-12 joshua=104.7ms/mv champ=1766.9ms/mv
[9/300] deck=125000000002 joshua_seat=0 scores=[107, 125] margin=-18 joshua=115.9ms/mv champ=1821.2ms/mv
[10/300] deck=125000000004 joshua_seat=0 scores=[82, 121] margin=-39 joshua=87.5ms/mv champ=1976.7ms/mv
[11/300] deck=125000000011 joshua_seat=0 scores=[80, 103] margin=-23 joshua=101.0ms/mv champ=1976.9ms/mv
[12/300] deck=125000000013 joshua_seat=0 scores=[74, 98] margin=-24 joshua=91.5ms/mv champ=2102.7ms/mv
[13/300] deck=125000000005 joshua_seat=1 scores=[99, 88] margin=-11 joshua=111.3ms/mv champ=2044.8ms/mv
[14/300] deck=125000000007 joshua_seat=0 scores=[70, 122] margin=-52 joshua=102.2ms/mv champ=2170.1ms/mv
[15/300] deck=125000000001 joshua_seat=1 scores=[127, 90] margin=-37 joshua=91.7ms/mv champ=2134.6ms/mv
[16/300] deck=125000000005 joshua_seat=0 scores=[67, 88] margin=-21 joshua=120.9ms/mv champ=2183.5ms/mv
[17/300] deck=125000000003 joshua_seat=0 scores=[62, 98] margin=-36 joshua=101.8ms/mv champ=2208.5ms/mv
[18/300] deck=125000000008 joshua_seat=1 scores=[75, 64] margin=-11 joshua=102.9ms/mv champ=2192.8ms/mv
[19/300] deck=125000000012 joshua_seat=1 scores=[112, 77] margin=-35 joshua=98.3ms/mv champ=2205.3ms/mv
[20/300] deck=125000000008 joshua_seat=0 scores=[87, 125] margin=-38 joshua=95.3ms/mv champ=2277.9ms/mv
[21/300] deck=125000000013 joshua_seat=1 scores=[115, 91] margin=-24 joshua=95.7ms/mv champ=2250.3ms/mv
[22/300] deck=125000000006 joshua_seat=1 scores=[106, 67] margin=-39 joshua=109.9ms/mv champ=2258.7ms/mv
[23/300] deck=125000000009 joshua_seat=0 scores=[68, 97] margin=-29 joshua=93.6ms/mv champ=2373.2ms/mv
[24/300] deck=125000000002 joshua_seat=1 scores=[108, 90] margin=-18 joshua=110.1ms/mv champ=2370.2ms/mv
[25/300] deck=125000000014 joshua_seat=1 scores=[103, 73] margin=-30 joshua=108.0ms/mv champ=2438.3ms/mv
[26/300] deck=125000000010 joshua_seat=1 scores=[102, 67] margin=-35 joshua=114.8ms/mv champ=2446.8ms/mv
[27/300] deck=125000000014 joshua_seat=0 scores=[80, 87] margin=-7 joshua=111.5ms/mv champ=2568.3ms/mv
[28/300] deck=125000000001 joshua_seat=0 scores=[78, 97] margin=-19 joshua=125.9ms/mv champ=2597.0ms/mv
[29/300] deck=125000000011 joshua_seat=1 scores=[94, 66] margin=-28 joshua=107.6ms/mv champ=2573.9ms/mv
[30/300] deck=125000000006 joshua_seat=0 scores=[75, 105] margin=-30 joshua=124.1ms/mv champ=2830.9ms/mv
[31/300] deck=125000000015 joshua_seat=0 scores=[59, 111] margin=-52 joshua=97.3ms/mv champ=1910.1ms/mv
[32/300] deck=125000000015 joshua_seat=1 scores=[87, 80] margin=-7 joshua=127.1ms/mv champ=2111.5ms/mv
[33/300] deck=125000000020 joshua_seat=0 scores=[76, 93] margin=-17 joshua=96.7ms/mv champ=1518.6ms/mv
[34/300] deck=125000000016 joshua_seat=0 scores=[73, 90] margin=-17 joshua=111.5ms/mv champ=2455.2ms/mv
[35/300] deck=125000000017 joshua_seat=0 scores=[108, 103] margin=+5 joshua=93.9ms/mv champ=2407.5ms/mv
[36/300] deck=125000000025 joshua_seat=1 scores=[90, 69] margin=-21 joshua=112.2ms/mv champ=1575.1ms/mv
[37/300] deck=125000000017 joshua_seat=1 scores=[107, 79] margin=-28 joshua=103.5ms/mv champ=2323.2ms/mv
[38/300] deck=125000000019 joshua_seat=1 scores=[109, 70] margin=-39 joshua=84.4ms/mv champ=2081.0ms/mv
[39/300] deck=125000000022 joshua_seat=0 scores=[80, 103] margin=-23 joshua=103.0ms/mv champ=1903.9ms/mv
[40/300] deck=125000000022 joshua_seat=1 scores=[81, 77] margin=-4 joshua=118.9ms/mv champ=1839.6ms/mv
[41/300] deck=125000000026 joshua_seat=0 scores=[75, 52] margin=+23 joshua=106.8ms/mv champ=1751.4ms/mv
[42/300] deck=125000000018 joshua_seat=0 scores=[62, 91] margin=-29 joshua=107.9ms/mv champ=2377.1ms/mv
[43/300] deck=125000000020 joshua_seat=1 scores=[99, 91] margin=-8 joshua=112.7ms/mv champ=2051.1ms/mv
[44/300] deck=125000000024 joshua_seat=1 scores=[126, 96] margin=-30 joshua=97.5ms/mv champ=1926.0ms/mv
[45/300] deck=125000000018 joshua_seat=1 scores=[105, 77] margin=-28 joshua=120.2ms/mv champ=2409.2ms/mv
[46/300] deck=125000000028 joshua_seat=1 scores=[112, 76] margin=-36 joshua=82.2ms/mv champ=1731.7ms/mv
[47/300] deck=125000000028 joshua_seat=0 scores=[90, 95] margin=-5 joshua=99.4ms/mv champ=1817.0ms/mv
[48/300] deck=125000000019 joshua_seat=0 scores=[76, 91] margin=-15 joshua=125.1ms/mv champ=2540.1ms/mv
[49/300] deck=125000000021 joshua_seat=1 scores=[97, 79] margin=-18 joshua=91.0ms/mv champ=2191.6ms/mv
[50/300] deck=125000000024 joshua_seat=0 scores=[79, 87] margin=-8 joshua=113.5ms/mv champ=2160.4ms/mv
[51/300] deck=125000000016 joshua_seat=1 scores=[124, 75] margin=-49 joshua=114.0ms/mv champ=2897.7ms/mv
[52/300] deck=125000000026 joshua_seat=1 scores=[106, 88] margin=-18 joshua=98.4ms/mv champ=2164.7ms/mv
[53/300] deck=125000000023 joshua_seat=1 scores=[100, 86] margin=-14 joshua=106.6ms/mv champ=2387.4ms/mv
[54/300] deck=125000000030 joshua_seat=1 scores=[57, 82] margin=+25 joshua=93.2ms/mv champ=1115.3ms/mv
[55/300] deck=125000000021 joshua_seat=0 scores=[117, 108] margin=+9 joshua=115.0ms/mv champ=2616.8ms/mv
[56/300] deck=125000000029 joshua_seat=0 scores=[67, 84] margin=-17 joshua=158.3ms/mv champ=2382.0ms/mv
[57/300] deck=125000000027 joshua_seat=0 scores=[91, 117] margin=-26 joshua=103.3ms/mv champ=2589.2ms/mv
[58/300] deck=125000000029 joshua_seat=1 scores=[100, 79] margin=-21 joshua=118.1ms/mv champ=2216.8ms/mv
[59/300] deck=125000000023 joshua_seat=0 scores=[94, 104] margin=-10 joshua=123.4ms/mv champ=3024.2ms/mv
[60/300] deck=125000000031 joshua_seat=0 scores=[107, 73] margin=+34 joshua=132.1ms/mv champ=1614.8ms/mv
[61/300] deck=125000000025 joshua_seat=0 scores=[57, 98] margin=-41 joshua=120.5ms/mv champ=3040.5ms/mv
[62/300] deck=125000000032 joshua_seat=1 scores=[83, 92] margin=+9 joshua=91.8ms/mv champ=1625.8ms/mv
[63/300] deck=125000000032 joshua_seat=0 scores=[74, 71] margin=+3 joshua=103.0ms/mv champ=1691.7ms/mv
[64/300] deck=125000000030 joshua_seat=0 scores=[72, 103] margin=-31 joshua=105.0ms/mv champ=2567.6ms/mv
[65/300] deck=125000000027 joshua_seat=1 scores=[125, 83] margin=-42 joshua=146.4ms/mv champ=3336.7ms/mv
[66/300] deck=125000000040 joshua_seat=0 scores=[60, 77] margin=-17 joshua=142.8ms/mv champ=1461.3ms/mv
[67/300] deck=125000000034 joshua_seat=0 scores=[66, 112] margin=-46 joshua=103.2ms/mv champ=2084.4ms/mv
[68/300] deck=125000000037 joshua_seat=1 scores=[97, 77] margin=-20 joshua=111.0ms/mv champ=1770.0ms/mv
[69/300] deck=125000000033 joshua_seat=1 scores=[135, 57] margin=-78 joshua=88.6ms/mv champ=2188.0ms/mv
[70/300] deck=125000000031 joshua_seat=1 scores=[92, 84] margin=-8 joshua=137.2ms/mv champ=2552.7ms/mv
[71/300] deck=125000000041 joshua_seat=0 scores=[70, 84] margin=-14 joshua=104.2ms/mv champ=1818.8ms/mv
[72/300] deck=125000000035 joshua_seat=1 scores=[105, 73] margin=-32 joshua=113.5ms/mv champ=2316.6ms/mv
[73/300] deck=125000000038 joshua_seat=0 scores=[91, 93] margin=-2 joshua=111.0ms/mv champ=2168.0ms/mv
[74/300] deck=125000000034 joshua_seat=1 scores=[97, 84] margin=-13 joshua=115.7ms/mv champ=2486.6ms/mv
[75/300] deck=125000000036 joshua_seat=1 scores=[120, 111] margin=-9 joshua=109.2ms/mv champ=2363.8ms/mv
[76/300] deck=125000000043 joshua_seat=0 scores=[56, 89] margin=-33 joshua=106.7ms/mv champ=1646.8ms/mv
[77/300] deck=125000000038 joshua_seat=1 scores=[96, 65] margin=-31 joshua=97.2ms/mv champ=2354.9ms/mv
[78/300] deck=125000000043 joshua_seat=1 scores=[98, 75] margin=-23 joshua=98.0ms/mv champ=1653.0ms/mv
[79/300] deck=125000000033 joshua_seat=0 scores=[84, 105] margin=-21 joshua=138.4ms/mv champ=2842.3ms/mv
[80/300] deck=125000000035 joshua_seat=0 scores=[81, 115] margin=-34 joshua=126.9ms/mv champ=2796.2ms/mv
[81/300] deck=125000000044 joshua_seat=0 scores=[77, 90] margin=-13 joshua=123.2ms/mv champ=1669.9ms/mv
[82/300] deck=125000000037 joshua_seat=0 scores=[66, 97] margin=-31 joshua=106.3ms/mv champ=2643.7ms/mv
[83/300] deck=125000000039 joshua_seat=1 scores=[87, 67] margin=-20 joshua=103.5ms/mv champ=2532.8ms/mv
[84/300] deck=125000000040 joshua_seat=1 scores=[107, 61] margin=-46 joshua=97.9ms/mv champ=2357.7ms/mv
[85/300] deck=125000000036 joshua_seat=0 scores=[95, 109] margin=-14 joshua=146.7ms/mv champ=3007.8ms/mv
[86/300] deck=125000000042 joshua_seat=1 scores=[107, 83] margin=-24 joshua=100.0ms/mv champ=2173.0ms/mv
[87/300] deck=125000000042 joshua_seat=0 scores=[85, 111] margin=-26 joshua=116.2ms/mv champ=2630.5ms/mv
[88/300] deck=125000000041 joshua_seat=1 scores=[122, 64] margin=-58 joshua=117.8ms/mv champ=2610.9ms/mv
[89/300] deck=125000000044 joshua_seat=1 scores=[102, 82] margin=-20 joshua=91.2ms/mv champ=2173.9ms/mv
[90/300] deck=125000000039 joshua_seat=0 scores=[82, 130] margin=-48 joshua=126.5ms/mv champ=3063.4ms/mv
[91/300] deck=125000000045 joshua_seat=0 scores=[74, 107] margin=-33 joshua=116.8ms/mv champ=2229.9ms/mv
[92/300] deck=125000000046 joshua_seat=1 scores=[113, 81] margin=-32 joshua=99.7ms/mv champ=1871.4ms/mv
[93/300] deck=125000000050 joshua_seat=1 scores=[57, 103] margin=+46 joshua=109.6ms/mv champ=1267.8ms/mv
[94/300] deck=125000000049 joshua_seat=1 scores=[82, 78] margin=-4 joshua=95.8ms/mv champ=1612.9ms/mv
[95/300] deck=125000000046 joshua_seat=0 scores=[81, 80] margin=+1 joshua=108.7ms/mv champ=2437.1ms/mv
[96/300] deck=125000000048 joshua_seat=1 scores=[104, 82] margin=-22 joshua=92.4ms/mv champ=1858.3ms/mv
[97/300] deck=125000000045 joshua_seat=1 scores=[94, 72] margin=-22 joshua=116.8ms/mv champ=2506.0ms/mv
[98/300] deck=125000000048 joshua_seat=0 scores=[84, 100] margin=-16 joshua=95.7ms/mv champ=2108.3ms/mv
[99/300] deck=125000000052 joshua_seat=0 scores=[101, 99] margin=+2 joshua=107.6ms/mv champ=1629.8ms/mv
[100/300] deck=125000000052 joshua_seat=1 scores=[94, 55] margin=-39 joshua=113.7ms/mv champ=1537.7ms/mv
[101/300] deck=125000000047 joshua_seat=1 scores=[90, 71] margin=-19 joshua=105.9ms/mv champ=2430.9ms/mv
[102/300] deck=125000000047 joshua_seat=0 scores=[93, 91] margin=+2 joshua=114.4ms/mv champ=2622.0ms/mv
[103/300] deck=125000000053 joshua_seat=0 scores=[59, 101] margin=-42 joshua=107.3ms/mv champ=1809.3ms/mv
[104/300] deck=125000000049 joshua_seat=0 scores=[74, 138] margin=-64 joshua=105.4ms/mv champ=2442.7ms/mv
[105/300] deck=125000000053 joshua_seat=1 scores=[113, 79] margin=-34 joshua=79.6ms/mv champ=1931.9ms/mv
[106/300] deck=125000000054 joshua_seat=0 scores=[91, 80] margin=+11 joshua=94.4ms/mv champ=2008.3ms/mv
[107/300] deck=125000000054 joshua_seat=1 scores=[120, 67] margin=-53 joshua=85.6ms/mv champ=1924.8ms/mv
[108/300] deck=125000000058 joshua_seat=1 scores=[83, 83] margin=+0 joshua=85.3ms/mv champ=1504.8ms/mv
[109/300] deck=125000000051 joshua_seat=1 scores=[134, 69] margin=-65 joshua=97.2ms/mv champ=2371.5ms/mv
[110/300] deck=125000000056 joshua_seat=0 scores=[103, 94] margin=+9 joshua=97.7ms/mv champ=2184.7ms/mv
[111/300] deck=125000000055 joshua_seat=1 scores=[113, 93] margin=-20 joshua=104.8ms/mv champ=2279.3ms/mv
[112/300] deck=125000000058 joshua_seat=0 scores=[107, 106] margin=+1 joshua=102.9ms/mv champ=1924.3ms/mv
[113/300] deck=125000000050 joshua_seat=0 scores=[53, 104] margin=-51 joshua=121.4ms/mv champ=2866.8ms/mv
[114/300] deck=125000000055 joshua_seat=0 scores=[58, 96] margin=-38 joshua=115.5ms/mv champ=2582.9ms/mv
[115/300] deck=125000000059 joshua_seat=0 scores=[87, 110] margin=-23 joshua=113.2ms/mv champ=2109.2ms/mv
[116/300] deck=125000000064 joshua_seat=0 scores=[86, 65] margin=+21 joshua=98.3ms/mv champ=1233.5ms/mv
[117/300] deck=125000000051 joshua_seat=0 scores=[69, 103] margin=-34 joshua=142.4ms/mv champ=3060.8ms/mv
[118/300] deck=125000000060 joshua_seat=0 scores=[90, 103] margin=-13 joshua=112.7ms/mv champ=2025.4ms/mv
[119/300] deck=125000000057 joshua_seat=1 scores=[92, 71] margin=-21 joshua=121.4ms/mv champ=2601.8ms/mv
[120/300] deck=125000000060 joshua_seat=1 scores=[103, 83] margin=-20 joshua=95.2ms/mv champ=2260.7ms/mv
[121/300] deck=125000000057 joshua_seat=0 scores=[87, 110] margin=-23 joshua=116.2ms/mv champ=2856.4ms/mv
[122/300] deck=125000000061 joshua_seat=1 scores=[107, 88] margin=-19 joshua=99.2ms/mv champ=1959.8ms/mv
[123/300] deck=125000000065 joshua_seat=0 scores=[74, 76] margin=-2 joshua=122.9ms/mv champ=1661.3ms/mv
[124/300] deck=125000000063 joshua_seat=1 scores=[84, 86] margin=+2 joshua=110.1ms/mv champ=1809.8ms/mv
[125/300] deck=125000000061 joshua_seat=0 scores=[63, 83] margin=-20 joshua=122.5ms/mv champ=2386.9ms/mv
[126/300] deck=125000000066 joshua_seat=1 scores=[95, 73] margin=-22 joshua=105.2ms/mv champ=1606.8ms/mv
[127/300] deck=125000000062 joshua_seat=0 scores=[95, 96] margin=-1 joshua=124.5ms/mv champ=2362.2ms/mv
[128/300] deck=125000000056 joshua_seat=1 scores=[103, 69] margin=-34 joshua=162.8ms/mv champ=3373.0ms/mv
[129/300] deck=125000000059 joshua_seat=1 scores=[115, 102] margin=-13 joshua=143.4ms/mv champ=2990.5ms/mv
[130/300] deck=125000000062 joshua_seat=1 scores=[114, 69] margin=-45 joshua=125.0ms/mv champ=2585.3ms/mv
[131/300] deck=125000000071 joshua_seat=0 scores=[65, 72] margin=-7 joshua=115.0ms/mv champ=1457.4ms/mv
[132/300] deck=125000000068 joshua_seat=1 scores=[134, 91] margin=-43 joshua=93.0ms/mv champ=1928.5ms/mv
[133/300] deck=125000000064 joshua_seat=1 scores=[121, 60] margin=-61 joshua=113.5ms/mv champ=2624.7ms/mv
[134/300] deck=125000000068 joshua_seat=0 scores=[70, 101] margin=-31 joshua=106.8ms/mv champ=2177.5ms/mv
[135/300] deck=125000000066 joshua_seat=0 scores=[98, 111] margin=-13 joshua=109.3ms/mv champ=2452.4ms/mv
[136/300] deck=125000000063 joshua_seat=0 scores=[84, 100] margin=-16 joshua=130.6ms/mv champ=2906.9ms/mv
[137/300] deck=125000000067 joshua_seat=1 scores=[121, 96] margin=-25 joshua=125.3ms/mv champ=2304.6ms/mv
[138/300] deck=125000000065 joshua_seat=1 scores=[91, 75] margin=-16 joshua=129.3ms/mv champ=2803.0ms/mv
[139/300] deck=125000000067 joshua_seat=0 scores=[65, 70] margin=-5 joshua=134.4ms/mv champ=2605.0ms/mv
[140/300] deck=125000000069 joshua_seat=1 scores=[107, 82] margin=-25 joshua=118.2ms/mv champ=2173.5ms/mv
[141/300] deck=125000000070 joshua_seat=0 scores=[86, 108] margin=-22 joshua=104.5ms/mv champ=2373.4ms/mv
[142/300] deck=125000000069 joshua_seat=0 scores=[73, 111] margin=-38 joshua=106.8ms/mv champ=2615.4ms/mv
[143/300] deck=125000000071 joshua_seat=1 scores=[94, 76] margin=-18 joshua=120.8ms/mv champ=2259.6ms/mv
[144/300] deck=125000000075 joshua_seat=0 scores=[74, 82] margin=-8 joshua=116.1ms/mv champ=1792.6ms/mv
[145/300] deck=125000000073 joshua_seat=0 scores=[83, 112] margin=-29 joshua=97.1ms/mv champ=2251.0ms/mv
[146/300] deck=125000000074 joshua_seat=1 scores=[99, 83] margin=-16 joshua=98.2ms/mv champ=1940.1ms/mv
[147/300] deck=125000000072 joshua_seat=1 scores=[90, 84] margin=-6 joshua=106.8ms/mv champ=2318.9ms/mv
[148/300] deck=125000000070 joshua_seat=1 scores=[139, 57] margin=-82 joshua=119.5ms/mv champ=2771.0ms/mv
[149/300] deck=125000000078 joshua_seat=1 scores=[103, 100] margin=-3 joshua=92.9ms/mv champ=1631.3ms/mv
[150/300] deck=125000000074 joshua_seat=0 scores=[71, 90] margin=-19 joshua=119.8ms/mv champ=2301.2ms/mv
[151/300] deck=125000000076 joshua_seat=1 scores=[102, 81] margin=-21 joshua=90.8ms/mv champ=2087.3ms/mv
[152/300] deck=125000000073 joshua_seat=1 scores=[128, 93] margin=-35 joshua=132.9ms/mv champ=2747.8ms/mv
[153/300] deck=125000000076 joshua_seat=0 scores=[82, 97] margin=-15 joshua=107.1ms/mv champ=2400.9ms/mv
[154/300] deck=125000000072 joshua_seat=0 scores=[54, 102] margin=-48 joshua=125.1ms/mv champ=3131.2ms/mv
[155/300] deck=125000000077 joshua_seat=0 scores=[60, 105] margin=-45 joshua=111.2ms/mv champ=2413.4ms/mv
[156/300] deck=125000000078 joshua_seat=0 scores=[69, 98] margin=-29 joshua=110.9ms/mv champ=2368.4ms/mv
[157/300] deck=125000000081 joshua_seat=0 scores=[92, 103] margin=-11 joshua=97.8ms/mv champ=1839.6ms/mv
[158/300] deck=125000000075 joshua_seat=1 scores=[107, 69] margin=-38 joshua=111.1ms/mv champ=2819.4ms/mv
[159/300] deck=125000000077 joshua_seat=1 scores=[119, 78] margin=-41 joshua=103.0ms/mv champ=2587.0ms/mv
[160/300] deck=125000000080 joshua_seat=0 scores=[90, 92] margin=-2 joshua=82.6ms/mv champ=2261.9ms/mv
[161/300] deck=125000000079 joshua_seat=0 scores=[81, 102] margin=-21 joshua=122.5ms/mv champ=2738.8ms/mv
[162/300] deck=125000000080 joshua_seat=1 scores=[109, 89] margin=-20 joshua=111.5ms/mv champ=2469.4ms/mv
[163/300] deck=125000000089 joshua_seat=1 scores=[64, 80] margin=+16 joshua=89.4ms/mv champ=1297.2ms/mv
[164/300] deck=125000000085 joshua_seat=0 scores=[94, 81] margin=+13 joshua=140.2ms/mv champ=2005.6ms/mv
[165/300] deck=125000000084 joshua_seat=0 scores=[99, 77] margin=+22 joshua=166.2ms/mv champ=2251.0ms/mv
[166/300] deck=125000000082 joshua_seat=1 scores=[102, 75] margin=-27 joshua=114.4ms/mv champ=2589.7ms/mv
[167/300] deck=125000000079 joshua_seat=1 scores=[97, 69] margin=-28 joshua=132.1ms/mv champ=2981.4ms/mv
[168/300] deck=125000000082 joshua_seat=0 scores=[79, 118] margin=-39 joshua=129.3ms/mv champ=2778.9ms/mv
[169/300] deck=125000000084 joshua_seat=1 scores=[106, 63] margin=-43 joshua=106.9ms/mv champ=2400.4ms/mv
[170/300] deck=125000000083 joshua_seat=1 scores=[102, 100] margin=-2 joshua=109.7ms/mv champ=2500.2ms/mv
[171/300] deck=125000000087 joshua_seat=1 scores=[77, 101] margin=+24 joshua=105.2ms/mv champ=1964.7ms/mv
[172/300] deck=125000000090 joshua_seat=1 scores=[81, 66] margin=-15 joshua=130.7ms/mv champ=1520.1ms/mv
[173/300] deck=125000000083 joshua_seat=0 scores=[78, 109] margin=-31 joshua=112.7ms/mv champ=2836.8ms/mv
[174/300] deck=125000000086 joshua_seat=0 scores=[102, 101] margin=+1 joshua=90.7ms/mv champ=2273.1ms/mv
[175/300] deck=125000000081 joshua_seat=1 scores=[111, 76] margin=-35 joshua=132.2ms/mv champ=2964.7ms/mv
[176/300] deck=125000000085 joshua_seat=1 scores=[95, 90] margin=-5 joshua=110.6ms/mv champ=2518.1ms/mv
[177/300] deck=125000000086 joshua_seat=1 scores=[112, 83] margin=-29 joshua=120.6ms/mv champ=2479.5ms/mv
[178/300] deck=125000000094 joshua_seat=0 scores=[89, 76] margin=+13 joshua=81.0ms/mv champ=1299.3ms/mv
[179/300] deck=125000000088 joshua_seat=1 scores=[89, 82] margin=-7 joshua=114.1ms/mv champ=2333.8ms/mv
[180/300] deck=125000000090 joshua_seat=0 scores=[81, 87] margin=-6 joshua=104.5ms/mv champ=2180.1ms/mv
[181/300] deck=125000000091 joshua_seat=0 scores=[105, 102] margin=+3 joshua=102.4ms/mv champ=1955.2ms/mv
[182/300] deck=125000000092 joshua_seat=0 scores=[69, 82] margin=-13 joshua=97.6ms/mv champ=1833.0ms/mv
[183/300] deck=125000000093 joshua_seat=1 scores=[79, 56] margin=-23 joshua=121.3ms/mv champ=1661.1ms/mv
[184/300] deck=125000000091 joshua_seat=1 scores=[116, 97] margin=-19 joshua=118.2ms/mv champ=2135.0ms/mv
[185/300] deck=125000000093 joshua_seat=0 scores=[80, 84] margin=-4 joshua=113.3ms/mv champ=2076.7ms/mv
[186/300] deck=125000000089 joshua_seat=0 scores=[82, 122] margin=-40 joshua=130.4ms/mv champ=2873.5ms/mv
[187/300] deck=125000000087 joshua_seat=0 scores=[68, 96] margin=-28 joshua=139.9ms/mv champ=3226.2ms/mv
[188/300] deck=125000000088 joshua_seat=0 scores=[78, 115] margin=-37 joshua=140.4ms/mv champ=3245.7ms/mv
[189/300] deck=125000000095 joshua_seat=0 scores=[79, 88] margin=-9 joshua=111.5ms/mv champ=2021.7ms/mv
[190/300] deck=125000000094 joshua_seat=1 scores=[103, 63] margin=-40 joshua=114.8ms/mv champ=2256.9ms/mv
[191/300] deck=125000000097 joshua_seat=1 scores=[104, 95] margin=-9 joshua=79.9ms/mv champ=1804.6ms/mv
[192/300] deck=125000000103 joshua_seat=1 scores=[76, 67] margin=-9 joshua=93.5ms/mv champ=1240.1ms/mv
[193/300] deck=125000000092 joshua_seat=1 scores=[109, 55] margin=-54 joshua=135.3ms/mv champ=2829.9ms/mv
[194/300] deck=125000000098 joshua_seat=1 scores=[83, 84] margin=+1 joshua=79.3ms/mv champ=1884.1ms/mv
[195/300] deck=125000000101 joshua_seat=0 scores=[82, 95] margin=-13 joshua=96.5ms/mv champ=1810.9ms/mv
[196/300] deck=125000000104 joshua_seat=1 scores=[68, 70] margin=+2 joshua=114.4ms/mv champ=1338.8ms/mv
[197/300] deck=125000000095 joshua_seat=1 scores=[115, 74] margin=-41 joshua=105.1ms/mv champ=2417.0ms/mv
[198/300] deck=125000000102 joshua_seat=1 scores=[88, 73] margin=-15 joshua=120.4ms/mv champ=1624.4ms/mv
[199/300] deck=125000000100 joshua_seat=1 scores=[105, 88] margin=-17 joshua=98.9ms/mv champ=1959.0ms/mv
[200/300] deck=125000000100 joshua_seat=0 scores=[87, 97] margin=-10 joshua=95.5ms/mv champ=2124.8ms/mv
[201/300] deck=125000000096 joshua_seat=1 scores=[103, 81] margin=-22 joshua=97.8ms/mv champ=2388.5ms/mv
[202/300] deck=125000000102 joshua_seat=0 scores=[85, 105] margin=-20 joshua=105.8ms/mv champ=2029.4ms/mv
[203/300] deck=125000000103 joshua_seat=0 scores=[74, 85] margin=-11 joshua=120.6ms/mv champ=1919.2ms/mv
[204/300] deck=125000000097 joshua_seat=0 scores=[86, 117] margin=-31 joshua=108.1ms/mv champ=2842.2ms/mv
[205/300] deck=125000000098 joshua_seat=0 scores=[75, 119] margin=-44 joshua=113.1ms/mv champ=2788.2ms/mv
[206/300] deck=125000000096 joshua_seat=0 scores=[70, 92] margin=-22 joshua=150.7ms/mv champ=3029.3ms/mv
[207/300] deck=125000000099 joshua_seat=1 scores=[110, 88] margin=-22 joshua=140.2ms/mv champ=2681.1ms/mv
[208/300] deck=125000000099 joshua_seat=0 scores=[66, 84] margin=-18 joshua=139.7ms/mv champ=2781.9ms/mv
[209/300] deck=125000000101 joshua_seat=1 scores=[105, 92] margin=-13 joshua=173.7ms/mv champ=2677.0ms/mv
[210/300] deck=125000000105 joshua_seat=1 scores=[112, 69] margin=-43 joshua=91.5ms/mv champ=2314.4ms/mv
[211/300] deck=125000000109 joshua_seat=0 scores=[96, 83] margin=+13 joshua=94.5ms/mv champ=1639.7ms/mv
[212/300] deck=125000000106 joshua_seat=0 scores=[94, 93] margin=+1 joshua=118.0ms/mv champ=2172.7ms/mv
[213/300] deck=125000000104 joshua_seat=0 scores=[73, 119] margin=-46 joshua=104.7ms/mv champ=2521.1ms/mv
[214/300] deck=125000000106 joshua_seat=1 scores=[96, 72] margin=-24 joshua=101.1ms/mv champ=2266.0ms/mv
[215/300] deck=125000000105 joshua_seat=0 scores=[77, 108] margin=-31 joshua=114.7ms/mv champ=2723.5ms/mv
[216/300] deck=125000000108 joshua_seat=0 scores=[88, 116] margin=-28 joshua=124.4ms/mv champ=2133.8ms/mv
[217/300] deck=125000000111 joshua_seat=0 scores=[78, 79] margin=-1 joshua=131.6ms/mv champ=1761.4ms/mv
[218/300] deck=125000000110 joshua_seat=1 scores=[141, 80] margin=-61 joshua=113.5ms/mv champ=1945.0ms/mv
[219/300] deck=125000000107 joshua_seat=0 scores=[65, 119] margin=-54 joshua=120.6ms/mv champ=2789.8ms/mv
[220/300] deck=125000000108 joshua_seat=1 scores=[96, 59] margin=-37 joshua=115.6ms/mv champ=2497.7ms/mv
[221/300] deck=125000000107 joshua_seat=1 scores=[97, 79] margin=-18 joshua=112.5ms/mv champ=2686.2ms/mv
[222/300] deck=125000000112 joshua_seat=1 scores=[104, 85] margin=-19 joshua=101.6ms/mv champ=2077.7ms/mv
[223/300] deck=125000000113 joshua_seat=1 scores=[115, 101] margin=-14 joshua=84.1ms/mv champ=2040.5ms/mv
[224/300] deck=125000000114 joshua_seat=1 scores=[114, 72] margin=-42 joshua=86.7ms/mv champ=1959.4ms/mv
[225/300] deck=125000000115 joshua_seat=1 scores=[102, 80] margin=-22 joshua=99.5ms/mv champ=1913.6ms/mv
[226/300] deck=125000000112 joshua_seat=0 scores=[74, 98] margin=-24 joshua=103.1ms/mv champ=2239.2ms/mv
[227/300] deck=125000000114 joshua_seat=0 scores=[76, 81] margin=-5 joshua=92.3ms/mv champ=2134.9ms/mv
[228/300] deck=125000000111 joshua_seat=1 scores=[91, 73] margin=-18 joshua=102.4ms/mv champ=2403.8ms/mv
[229/300] deck=125000000109 joshua_seat=1 scores=[105, 73] margin=-32 joshua=129.3ms/mv champ=2762.6ms/mv
[230/300] deck=125000000115 joshua_seat=0 scores=[83, 111] margin=-28 joshua=120.3ms/mv champ=2464.3ms/mv
[231/300] deck=125000000110 joshua_seat=0 scores=[69, 126] margin=-57 joshua=113.0ms/mv champ=3009.5ms/mv
[232/300] deck=125000000113 joshua_seat=0 scores=[83, 97] margin=-14 joshua=133.9ms/mv champ=2760.0ms/mv
[233/300] deck=125000000116 joshua_seat=0 scores=[116, 110] margin=+6 joshua=100.2ms/mv champ=2388.3ms/mv
[234/300] deck=125000000117 joshua_seat=1 scores=[115, 74] margin=-41 joshua=102.9ms/mv champ=2062.3ms/mv
[235/300] deck=125000000118 joshua_seat=0 scores=[94, 100] margin=-6 joshua=103.0ms/mv champ=2125.5ms/mv
[236/300] deck=125000000121 joshua_seat=0 scores=[66, 109] margin=-43 joshua=102.6ms/mv champ=2158.0ms/mv
[237/300] deck=125000000119 joshua_seat=0 scores=[90, 102] margin=-12 joshua=89.7ms/mv champ=2317.8ms/mv
[238/300] deck=125000000117 joshua_seat=0 scores=[86, 99] margin=-13 joshua=107.6ms/mv champ=2658.7ms/mv
[239/300] deck=125000000119 joshua_seat=1 scores=[120, 86] margin=-34 joshua=103.6ms/mv champ=2318.4ms/mv
[240/300] deck=125000000120 joshua_seat=1 scores=[112, 94] margin=-18 joshua=109.5ms/mv champ=2280.0ms/mv
[241/300] deck=125000000122 joshua_seat=1 scores=[101, 67] margin=-34 joshua=110.2ms/mv champ=1997.5ms/mv
[242/300] deck=125000000116 joshua_seat=1 scores=[131, 108] margin=-23 joshua=137.1ms/mv champ=2797.1ms/mv
[243/300] deck=125000000123 joshua_seat=0 scores=[87, 97] margin=-10 joshua=113.3ms/mv champ=1982.6ms/mv
[244/300] deck=125000000122 joshua_seat=0 scores=[106, 106] margin=+0 joshua=103.4ms/mv champ=2427.7ms/mv
[245/300] deck=125000000126 joshua_seat=0 scores=[75, 59] margin=+16 joshua=137.4ms/mv champ=1623.3ms/mv
[246/300] deck=125000000118 joshua_seat=1 scores=[82, 61] margin=-21 joshua=140.4ms/mv champ=3047.7ms/mv
[247/300] deck=125000000127 joshua_seat=0 scores=[78, 94] margin=-16 joshua=97.4ms/mv champ=1743.5ms/mv
[248/300] deck=125000000129 joshua_seat=0 scores=[63, 71] margin=-8 joshua=102.3ms/mv champ=1563.5ms/mv
[249/300] deck=125000000127 joshua_seat=1 scores=[95, 89] margin=-6 joshua=97.3ms/mv champ=1727.4ms/mv
[250/300] deck=125000000121 joshua_seat=1 scores=[87, 71] margin=-16 joshua=130.0ms/mv champ=2690.9ms/mv
[251/300] deck=125000000124 joshua_seat=0 scores=[97, 112] margin=-15 joshua=88.5ms/mv champ=2257.9ms/mv
[252/300] deck=125000000123 joshua_seat=1 scores=[94, 74] margin=-20 joshua=111.4ms/mv champ=2311.6ms/mv
[253/300] deck=125000000120 joshua_seat=0 scores=[87, 97] margin=-10 joshua=162.0ms/mv champ=3216.2ms/mv
[254/300] deck=125000000125 joshua_seat=0 scores=[76, 107] margin=-31 joshua=107.4ms/mv champ=2407.4ms/mv
[255/300] deck=125000000128 joshua_seat=0 scores=[81, 103] margin=-22 joshua=104.0ms/mv champ=2028.4ms/mv
[256/300] deck=125000000129 joshua_seat=1 scores=[70, 81] margin=+11 joshua=99.6ms/mv champ=1613.6ms/mv
[257/300] deck=125000000126 joshua_seat=1 scores=[158, 93] margin=-65 joshua=88.7ms/mv champ=2184.4ms/mv
[258/300] deck=125000000130 joshua_seat=1 scores=[90, 94] margin=+4 joshua=91.9ms/mv champ=1699.8ms/mv
[259/300] deck=125000000125 joshua_seat=1 scores=[120, 117] margin=-3 joshua=114.7ms/mv champ=2358.1ms/mv
[260/300] deck=125000000131 joshua_seat=1 scores=[96, 86] margin=-10 joshua=102.0ms/mv champ=1744.1ms/mv
[261/300] deck=125000000134 joshua_seat=1 scores=[67, 83] margin=+16 joshua=85.2ms/mv champ=1283.9ms/mv
[262/300] deck=125000000135 joshua_seat=1 scores=[92, 66] margin=-26 joshua=115.1ms/mv champ=1505.3ms/mv
[263/300] deck=125000000124 joshua_seat=1 scores=[110, 70] margin=-40 joshua=143.4ms/mv champ=3153.1ms/mv
[264/300] deck=125000000130 joshua_seat=0 scores=[68, 117] margin=-49 joshua=112.1ms/mv champ=2446.9ms/mv
[265/300] deck=125000000134 joshua_seat=0 scores=[69, 110] margin=-41 joshua=108.4ms/mv champ=1870.4ms/mv
[266/300] deck=125000000131 joshua_seat=0 scores=[84, 105] margin=-21 joshua=118.1ms/mv champ=2455.5ms/mv
[267/300] deck=125000000132 joshua_seat=1 scores=[111, 59] margin=-52 joshua=105.7ms/mv champ=2066.5ms/mv
[268/300] deck=125000000132 joshua_seat=0 scores=[74, 100] margin=-26 joshua=103.8ms/mv champ=2673.3ms/mv
[269/300] deck=125000000128 joshua_seat=1 scores=[128, 68] margin=-60 joshua=137.2ms/mv champ=3295.2ms/mv
[270/300] deck=125000000133 joshua_seat=1 scores=[99, 92] margin=-7 joshua=110.5ms/mv champ=2336.3ms/mv
[271/300] deck=125000000133 joshua_seat=0 scores=[62, 114] margin=-52 joshua=135.1ms/mv champ=2517.4ms/mv
[272/300] deck=125000000135 joshua_seat=0 scores=[68, 91] margin=-23 joshua=118.9ms/mv champ=2533.7ms/mv
[273/300] deck=125000000140 joshua_seat=1 scores=[97, 80] margin=-17 joshua=118.1ms/mv champ=1668.5ms/mv
[274/300] deck=125000000137 joshua_seat=0 scores=[66, 94] margin=-28 joshua=91.1ms/mv champ=2248.3ms/mv
[275/300] deck=125000000136 joshua_seat=0 scores=[77, 114] margin=-37 joshua=106.0ms/mv champ=2411.2ms/mv
[276/300] deck=125000000136 joshua_seat=1 scores=[95, 75] margin=-20 joshua=103.0ms/mv champ=2376.0ms/mv
[277/300] deck=125000000143 joshua_seat=0 scores=[82, 112] margin=-30 joshua=100.5ms/mv champ=1790.1ms/mv
[278/300] deck=125000000140 joshua_seat=0 scores=[81, 87] margin=-6 joshua=109.9ms/mv champ=2184.3ms/mv
[279/300] deck=125000000139 joshua_seat=0 scores=[75, 86] margin=-11 joshua=112.3ms/mv champ=2334.9ms/mv
[280/300] deck=125000000138 joshua_seat=0 scores=[73, 84] margin=-11 joshua=105.8ms/mv champ=2396.3ms/mv
[281/300] deck=125000000137 joshua_seat=1 scores=[128, 66] margin=-62 joshua=113.8ms/mv champ=2420.1ms/mv
[282/300] deck=125000000139 joshua_seat=1 scores=[119, 91] margin=-28 joshua=114.5ms/mv champ=2282.2ms/mv
[283/300] deck=125000000142 joshua_seat=0 scores=[74, 96] margin=-22 joshua=110.9ms/mv champ=2085.2ms/mv
[284/300] deck=125000000138 joshua_seat=1 scores=[90, 92] margin=+2 joshua=105.7ms/mv champ=2415.8ms/mv
[285/300] deck=125000000143 joshua_seat=1 scores=[114, 66] margin=-48 joshua=94.3ms/mv champ=1894.2ms/mv
[286/300] deck=125000000144 joshua_seat=0 scores=[93, 97] margin=-4 joshua=97.8ms/mv champ=1944.4ms/mv
[287/300] deck=125000000142 joshua_seat=1 scores=[103, 85] margin=-18 joshua=111.1ms/mv champ=2099.0ms/mv
[288/300] deck=125000000141 joshua_seat=0 scores=[76, 87] margin=-11 joshua=126.5ms/mv champ=2248.0ms/mv
[289/300] deck=125000000141 joshua_seat=1 scores=[96, 73] margin=-23 joshua=103.0ms/mv champ=2379.5ms/mv
[290/300] deck=125000000145 joshua_seat=1 scores=[85, 68] margin=-17 joshua=88.3ms/mv champ=1660.0ms/mv
[291/300] deck=125000000145 joshua_seat=0 scores=[89, 89] margin=+0 joshua=90.3ms/mv champ=2105.1ms/mv
[292/300] deck=125000000146 joshua_seat=0 scores=[78, 104] margin=-26 joshua=85.0ms/mv champ=1767.0ms/mv
[293/300] deck=125000000144 joshua_seat=1 scores=[105, 61] margin=-44 joshua=94.1ms/mv champ=2146.9ms/mv
[294/300] deck=125000000149 joshua_seat=1 scores=[71, 62] margin=-9 joshua=76.5ms/mv champ=1124.0ms/mv
[295/300] deck=125000000146 joshua_seat=1 scores=[93, 76] margin=-17 joshua=85.4ms/mv champ=2036.8ms/mv
[296/300] deck=125000000147 joshua_seat=1 scores=[95, 73] margin=-22 joshua=85.0ms/mv champ=1959.0ms/mv
[297/300] deck=125000000149 joshua_seat=0 scores=[80, 99] margin=-19 joshua=62.9ms/mv champ=1608.4ms/mv
[298/300] deck=125000000147 joshua_seat=0 scores=[79, 102] margin=-23 joshua=80.1ms/mv champ=2099.3ms/mv
[299/300] deck=125000000148 joshua_seat=1 scores=[80, 67] margin=-13 joshua=73.7ms/mv champ=1827.0ms/mv
[300/300] deck=125000000148 joshua_seat=0 scores=[76, 82] margin=-6 joshua=82.1ms/mv champ=2134.0ms/mv

[joshuabot-h2h] DONE 300 games in 28.6 min
{
 "variant_ids": [
  "current+j7w0+j8brk+j9avoid0.55s6"
 ],
 "n_records": 300,
 "n_scored": 300,
 "wins": 37,
 "draws": 3,
 "losses": 260,
 "win_rate": 0.12833333333333333,
 "n_paired_decks": 150,
 "paired_margin_mean": -20.4,
 "paired_margin_sem": 0.9543377947028034,
 "paired_margin_z": -21.376078903333067,
 "mean_margin_unpaired": -20.4,
 "rule_fires_total": {
  "f_end_deploy": 15,
  "f_j10_early_farm_block": 4231,
  "f_j3_reserve_floor": 4298,
  "f_j9_cloister_caution": 332,
  "j1_majority_steal": 1756,
  "j2_farm_attack": 17471,
  "j5_dump": 712,
  "j6_anchor_roads": 19268,
  "j8_overcommit": 1126
 }
}
