[joshuabot-h2h] variant=current+j7w1+j9avoid0.55s6 profile=fixed_v1 {'CARCASSONNE_FIX_R9': '1', 'r9_env_expected': True} decks=150 workers=30 done=0 todo=300 manifest=/home/doctor/projects/carcassone/measurement/joshuabot_20260812/cells/J9ON.jsonl.manifest.json
[1/300] deck=125000000000 joshua_seat=0 scores=[70, 60] margin=+10 joshua=104.3ms/mv champ=1238.8ms/mv
[2/300] deck=125000000007 joshua_seat=1 scores=[48, 72] margin=+24 joshua=116.8ms/mv champ=1225.4ms/mv
[3/300] deck=125000000010 joshua_seat=0 scores=[84, 83] margin=+1 joshua=117.9ms/mv champ=1390.5ms/mv
[4/300] deck=125000000003 joshua_seat=1 scores=[92, 81] margin=-11 joshua=89.7ms/mv champ=1562.9ms/mv
[5/300] deck=125000000012 joshua_seat=0 scores=[85, 77] margin=+8 joshua=102.2ms/mv champ=1724.7ms/mv
[6/300] deck=125000000000 joshua_seat=1 scores=[87, 76] margin=-11 joshua=99.2ms/mv champ=1750.7ms/mv
[7/300] deck=125000000009 joshua_seat=0 scores=[83, 85] margin=-2 joshua=101.0ms/mv champ=1908.9ms/mv
[8/300] deck=125000000003 joshua_seat=0 scores=[54, 124] margin=-70 joshua=92.2ms/mv champ=1946.7ms/mv
[9/300] deck=125000000014 joshua_seat=0 scores=[70, 81] margin=-11 joshua=123.8ms/mv champ=1944.8ms/mv
[10/300] deck=125000000007 joshua_seat=0 scores=[77, 107] margin=-30 joshua=95.7ms/mv champ=1988.5ms/mv
[11/300] deck=125000000014 joshua_seat=1 scores=[104, 57] margin=-47 joshua=104.3ms/mv champ=1966.4ms/mv
[12/300] deck=125000000009 joshua_seat=1 scores=[95, 78] margin=-17 joshua=106.7ms/mv champ=1964.4ms/mv
[13/300] deck=125000000004 joshua_seat=0 scores=[94, 101] margin=-7 joshua=103.9ms/mv champ=2073.0ms/mv
[14/300] deck=125000000013 joshua_seat=0 scores=[74, 98] margin=-24 joshua=91.3ms/mv champ=2096.5ms/mv
[15/300] deck=125000000006 joshua_seat=0 scores=[92, 120] margin=-28 joshua=98.9ms/mv champ=2180.4ms/mv
[16/300] deck=125000000005 joshua_seat=0 scores=[77, 84] margin=-7 joshua=114.6ms/mv champ=2205.4ms/mv
[17/300] deck=125000000008 joshua_seat=1 scores=[75, 64] margin=-11 joshua=102.3ms/mv champ=2191.0ms/mv
[18/300] deck=125000000011 joshua_seat=0 scores=[51, 103] margin=-52 joshua=109.0ms/mv champ=2260.3ms/mv
[19/300] deck=125000000012 joshua_seat=1 scores=[112, 74] margin=-38 joshua=99.7ms/mv champ=2256.9ms/mv
[20/300] deck=125000000013 joshua_seat=1 scores=[102, 63] margin=-39 joshua=95.2ms/mv champ=2266.1ms/mv
[21/300] deck=125000000004 joshua_seat=1 scores=[111, 68] margin=-43 joshua=100.4ms/mv champ=2268.8ms/mv
[22/300] deck=125000000008 joshua_seat=0 scores=[87, 108] margin=-21 joshua=98.4ms/mv champ=2338.2ms/mv
[23/300] deck=125000000011 joshua_seat=1 scores=[92, 64] margin=-28 joshua=105.7ms/mv champ=2322.7ms/mv
[24/300] deck=125000000001 joshua_seat=1 scores=[133, 95] margin=-38 joshua=94.5ms/mv champ=2340.9ms/mv
[25/300] deck=125000000002 joshua_seat=1 scores=[112, 84] margin=-28 joshua=110.1ms/mv champ=2369.6ms/mv
[26/300] deck=125000000006 joshua_seat=1 scores=[106, 59] margin=-47 joshua=111.7ms/mv champ=2428.7ms/mv
[27/300] deck=125000000002 joshua_seat=0 scores=[71, 111] margin=-40 joshua=122.7ms/mv champ=2488.9ms/mv
[28/300] deck=125000000005 joshua_seat=1 scores=[81, 69] margin=-12 joshua=128.5ms/mv champ=2466.7ms/mv
[29/300] deck=125000000001 joshua_seat=0 scores=[78, 97] margin=-19 joshua=125.7ms/mv champ=2589.6ms/mv
[30/300] deck=125000000010 joshua_seat=1 scores=[107, 57] margin=-50 joshua=124.5ms/mv champ=2622.7ms/mv
[31/300] deck=125000000015 joshua_seat=0 scores=[58, 115] margin=-57 joshua=82.4ms/mv champ=1887.3ms/mv
[32/300] deck=125000000019 joshua_seat=1 scores=[91, 59] margin=-32 joshua=102.4ms/mv champ=1560.1ms/mv
[33/300] deck=125000000018 joshua_seat=0 scores=[98, 85] margin=+13 joshua=100.8ms/mv champ=1681.4ms/mv
[34/300] deck=125000000017 joshua_seat=0 scores=[88, 122] margin=-34 joshua=98.3ms/mv champ=2148.3ms/mv
[35/300] deck=125000000016 joshua_seat=0 scores=[73, 90] margin=-17 joshua=111.4ms/mv champ=2453.1ms/mv
[36/300] deck=125000000020 joshua_seat=0 scores=[62, 102] margin=-40 joshua=121.3ms/mv champ=1869.5ms/mv
[37/300] deck=125000000020 joshua_seat=1 scores=[93, 83] margin=-10 joshua=112.9ms/mv champ=2026.7ms/mv
[38/300] deck=125000000026 joshua_seat=0 scores=[75, 52] margin=+23 joshua=107.6ms/mv champ=1743.8ms/mv
[39/300] deck=125000000022 joshua_seat=1 scores=[81, 71] margin=-10 joshua=117.3ms/mv champ=1879.3ms/mv
[40/300] deck=125000000025 joshua_seat=1 scores=[106, 64] margin=-42 joshua=106.8ms/mv champ=1794.6ms/mv
[41/300] deck=125000000021 joshua_seat=1 scores=[97, 79] margin=-18 joshua=89.1ms/mv champ=2183.0ms/mv
[42/300] deck=125000000015 joshua_seat=1 scores=[95, 84] margin=-11 joshua=139.3ms/mv champ=2960.0ms/mv
[43/300] deck=125000000017 joshua_seat=1 scores=[111, 66] margin=-45 joshua=102.5ms/mv champ=2517.7ms/mv
[44/300] deck=125000000016 joshua_seat=1 scores=[87, 72] margin=-15 joshua=110.4ms/mv champ=2753.8ms/mv
[45/300] deck=125000000024 joshua_seat=0 scores=[80, 95] margin=-15 joshua=111.4ms/mv champ=2202.8ms/mv
[46/300] deck=125000000019 joshua_seat=0 scores=[69, 88] margin=-19 joshua=127.7ms/mv champ=2553.0ms/mv
[47/300] deck=125000000026 joshua_seat=1 scores=[103, 80] margin=-23 joshua=93.8ms/mv champ=2125.7ms/mv
[48/300] deck=125000000022 joshua_seat=0 scores=[65, 95] margin=-30 joshua=109.7ms/mv champ=2407.8ms/mv
[49/300] deck=125000000024 joshua_seat=1 scores=[101, 60] margin=-41 joshua=100.3ms/mv champ=2214.6ms/mv
[50/300] deck=125000000028 joshua_seat=0 scores=[85, 106] margin=-21 joshua=108.8ms/mv champ=2154.3ms/mv
[51/300] deck=125000000028 joshua_seat=1 scores=[123, 79] margin=-44 joshua=89.0ms/mv champ=2074.5ms/mv
[52/300] deck=125000000021 joshua_seat=0 scores=[117, 108] margin=+9 joshua=115.2ms/mv champ=2615.2ms/mv
[53/300] deck=125000000023 joshua_seat=1 scores=[112, 69] margin=-43 joshua=105.3ms/mv champ=2453.8ms/mv
[54/300] deck=125000000018 joshua_seat=1 scores=[73, 66] margin=-7 joshua=141.9ms/mv champ=2974.2ms/mv
[55/300] deck=125000000029 joshua_seat=0 scores=[67, 84] margin=-17 joshua=158.3ms/mv champ=2406.7ms/mv
[56/300] deck=125000000027 joshua_seat=0 scores=[78, 117] margin=-39 joshua=105.7ms/mv champ=2770.7ms/mv
[57/300] deck=125000000023 joshua_seat=0 scores=[94, 104] margin=-10 joshua=123.0ms/mv champ=3030.2ms/mv
[58/300] deck=125000000025 joshua_seat=0 scores=[57, 98] margin=-41 joshua=119.6ms/mv champ=3059.4ms/mv
[59/300] deck=125000000029 joshua_seat=1 scores=[107, 66] margin=-41 joshua=105.3ms/mv champ=2632.0ms/mv
[60/300] deck=125000000032 joshua_seat=0 scores=[60, 68] margin=-8 joshua=98.2ms/mv champ=1582.5ms/mv
[61/300] deck=125000000032 joshua_seat=1 scores=[83, 92] margin=+9 joshua=91.2ms/mv champ=1619.2ms/mv
[62/300] deck=125000000030 joshua_seat=1 scores=[118, 92] margin=-26 joshua=107.5ms/mv champ=2005.7ms/mv
[63/300] deck=125000000031 joshua_seat=1 scores=[107, 88] margin=-19 joshua=102.0ms/mv champ=1774.1ms/mv
[64/300] deck=125000000030 joshua_seat=0 scores=[64, 111] margin=-47 joshua=101.7ms/mv champ=2587.5ms/mv
[65/300] deck=125000000027 joshua_seat=1 scores=[127, 76] margin=-51 joshua=147.4ms/mv champ=3293.2ms/mv
[66/300] deck=125000000034 joshua_seat=0 scores=[66, 112] margin=-46 joshua=104.4ms/mv champ=2099.5ms/mv
[67/300] deck=125000000037 joshua_seat=1 scores=[103, 57] margin=-46 joshua=109.5ms/mv champ=1878.9ms/mv
[68/300] deck=125000000034 joshua_seat=1 scores=[80, 81] margin=+1 joshua=107.3ms/mv champ=2314.6ms/mv
[69/300] deck=125000000035 joshua_seat=0 scores=[63, 97] margin=-34 joshua=110.7ms/mv champ=2394.5ms/mv
[70/300] deck=125000000036 joshua_seat=1 scores=[106, 90] margin=-16 joshua=104.4ms/mv champ=2254.0ms/mv
[71/300] deck=125000000037 joshua_seat=0 scores=[92, 107] margin=-15 joshua=113.3ms/mv champ=2210.4ms/mv
[72/300] deck=125000000031 joshua_seat=0 scores=[44, 110] margin=-66 joshua=144.4ms/mv champ=3173.3ms/mv
[73/300] deck=125000000043 joshua_seat=1 scores=[72, 77] margin=+5 joshua=106.3ms/mv champ=1391.4ms/mv
[74/300] deck=125000000033 joshua_seat=0 scores=[73, 84] margin=-11 joshua=145.7ms/mv champ=2788.4ms/mv
[75/300] deck=125000000043 joshua_seat=0 scores=[56, 89] margin=-33 joshua=108.9ms/mv champ=1662.6ms/mv
[76/300] deck=125000000038 joshua_seat=0 scores=[94, 104] margin=-10 joshua=100.2ms/mv champ=2491.7ms/mv
[77/300] deck=125000000041 joshua_seat=1 scores=[113, 58] margin=-55 joshua=115.9ms/mv champ=1972.9ms/mv
[78/300] deck=125000000038 joshua_seat=1 scores=[93, 62] margin=-31 joshua=98.9ms/mv champ=2418.4ms/mv
[79/300] deck=125000000033 joshua_seat=1 scores=[130, 69] margin=-61 joshua=105.2ms/mv champ=2870.6ms/mv
[80/300] deck=125000000035 joshua_seat=1 scores=[88, 74] margin=-14 joshua=135.4ms/mv champ=2650.2ms/mv
[81/300] deck=125000000040 joshua_seat=1 scores=[107, 61] margin=-46 joshua=96.9ms/mv champ=2365.5ms/mv
[82/300] deck=125000000044 joshua_seat=0 scores=[73, 92] margin=-19 joshua=123.7ms/mv champ=1704.8ms/mv
[83/300] deck=125000000039 joshua_seat=1 scores=[87, 67] margin=-20 joshua=103.9ms/mv champ=2556.6ms/mv
[84/300] deck=125000000040 joshua_seat=0 scores=[72, 99] margin=-27 joshua=156.6ms/mv champ=2692.4ms/mv
[85/300] deck=125000000036 joshua_seat=0 scores=[95, 109] margin=-14 joshua=148.1ms/mv champ=3013.0ms/mv
[86/300] deck=125000000046 joshua_seat=0 scores=[72, 99] margin=-27 joshua=102.4ms/mv champ=1745.0ms/mv
[87/300] deck=125000000041 joshua_seat=0 scores=[68, 87] margin=-19 joshua=127.7ms/mv champ=2820.0ms/mv
[88/300] deck=125000000039 joshua_seat=0 scores=[70, 115] margin=-45 joshua=123.5ms/mv champ=3142.0ms/mv
[89/300] deck=125000000042 joshua_seat=1 scores=[92, 70] margin=-22 joshua=113.3ms/mv champ=2514.5ms/mv
[90/300] deck=125000000044 joshua_seat=1 scores=[103, 82] margin=-21 joshua=90.4ms/mv champ=2271.4ms/mv
[91/300] deck=125000000042 joshua_seat=0 scores=[92, 110] margin=-18 joshua=147.1ms/mv champ=2853.0ms/mv
[92/300] deck=125000000045 joshua_seat=0 scores=[74, 107] margin=-33 joshua=116.9ms/mv champ=2257.6ms/mv
[93/300] deck=125000000050 joshua_seat=1 scores=[57, 103] margin=+46 joshua=111.1ms/mv champ=1264.2ms/mv
[94/300] deck=125000000047 joshua_seat=0 scores=[82, 85] margin=-3 joshua=112.2ms/mv champ=2471.1ms/mv
[95/300] deck=125000000045 joshua_seat=1 scores=[89, 66] margin=-23 joshua=117.6ms/mv champ=2593.9ms/mv
[96/300] deck=125000000046 joshua_seat=1 scores=[128, 83] margin=-45 joshua=107.1ms/mv champ=2565.9ms/mv
[97/300] deck=125000000049 joshua_seat=1 scores=[93, 95] margin=+2 joshua=110.8ms/mv champ=1730.3ms/mv
[98/300] deck=125000000052 joshua_seat=1 scores=[94, 55] margin=-39 joshua=115.6ms/mv champ=1544.0ms/mv
[99/300] deck=125000000047 joshua_seat=1 scores=[90, 71] margin=-19 joshua=106.8ms/mv champ=2434.2ms/mv
[100/300] deck=125000000056 joshua_seat=0 scores=[85, 78] margin=+7 joshua=104.7ms/mv champ=1472.2ms/mv
[101/300] deck=125000000048 joshua_seat=1 scores=[118, 78] margin=-40 joshua=100.3ms/mv champ=2153.5ms/mv
[102/300] deck=125000000048 joshua_seat=0 scores=[88, 95] margin=-7 joshua=109.1ms/mv champ=2367.7ms/mv
[103/300] deck=125000000053 joshua_seat=0 scores=[59, 101] margin=-42 joshua=108.5ms/mv champ=1806.3ms/mv
[104/300] deck=125000000054 joshua_seat=1 scores=[121, 66] margin=-55 joshua=92.8ms/mv champ=1807.3ms/mv
[105/300] deck=125000000053 joshua_seat=1 scores=[113, 74] margin=-39 joshua=83.1ms/mv champ=2081.4ms/mv
[106/300] deck=125000000055 joshua_seat=1 scores=[111, 59] margin=-52 joshua=105.5ms/mv champ=2045.6ms/mv
[107/300] deck=125000000054 joshua_seat=0 scores=[75, 94] margin=-19 joshua=114.0ms/mv champ=2248.7ms/mv
[108/300] deck=125000000051 joshua_seat=1 scores=[129, 62] margin=-67 joshua=99.4ms/mv champ=2468.2ms/mv
[109/300] deck=125000000059 joshua_seat=0 scores=[77, 73] margin=+4 joshua=96.0ms/mv champ=1676.9ms/mv
[110/300] deck=125000000049 joshua_seat=0 scores=[68, 113] margin=-45 joshua=122.3ms/mv champ=2759.8ms/mv
[111/300] deck=125000000056 joshua_seat=1 scores=[105, 56] margin=-49 joshua=109.7ms/mv champ=2115.8ms/mv
[112/300] deck=125000000050 joshua_seat=0 scores=[53, 102] margin=-49 joshua=124.3ms/mv champ=2860.1ms/mv
[113/300] deck=125000000055 joshua_seat=0 scores=[102, 69] margin=+33 joshua=131.4ms/mv champ=2486.4ms/mv
[114/300] deck=125000000060 joshua_seat=0 scores=[71, 110] margin=-39 joshua=115.2ms/mv champ=1748.5ms/mv
[115/300] deck=125000000058 joshua_seat=0 scores=[68, 83] margin=-15 joshua=116.3ms/mv champ=2099.5ms/mv
[116/300] deck=125000000058 joshua_seat=1 scores=[111, 79] margin=-32 joshua=86.0ms/mv champ=2172.1ms/mv
[117/300] deck=125000000052 joshua_seat=0 scores=[110, 121] margin=-11 joshua=178.2ms/mv champ=2960.3ms/mv
[118/300] deck=125000000051 joshua_seat=0 scores=[63, 102] margin=-39 joshua=142.5ms/mv champ=3171.0ms/mv
[119/300] deck=125000000064 joshua_seat=0 scores=[79, 64] margin=+15 joshua=107.9ms/mv champ=1247.8ms/mv
[120/300] deck=125000000057 joshua_seat=0 scores=[76, 121] margin=-45 joshua=106.9ms/mv champ=2741.2ms/mv
[121/300] deck=125000000062 joshua_seat=1 scores=[113, 87] margin=-26 joshua=90.9ms/mv champ=1709.7ms/mv
[122/300] deck=125000000057 joshua_seat=1 scores=[92, 71] margin=-21 joshua=120.6ms/mv champ=2603.2ms/mv
[123/300] deck=125000000061 joshua_seat=1 scores=[107, 88] margin=-19 joshua=97.6ms/mv champ=1959.1ms/mv
[124/300] deck=125000000059 joshua_seat=1 scores=[121, 67] margin=-54 joshua=102.6ms/mv champ=2452.4ms/mv
[125/300] deck=125000000060 joshua_seat=1 scores=[122, 71] margin=-51 joshua=93.4ms/mv champ=2413.6ms/mv
[126/300] deck=125000000061 joshua_seat=0 scores=[63, 83] margin=-20 joshua=123.0ms/mv champ=2370.2ms/mv
[127/300] deck=125000000063 joshua_seat=1 scores=[84, 86] margin=+2 joshua=109.0ms/mv champ=1802.2ms/mv
[128/300] deck=125000000064 joshua_seat=1 scores=[95, 56] margin=-39 joshua=104.0ms/mv champ=1953.9ms/mv
[129/300] deck=125000000066 joshua_seat=1 scores=[99, 79] margin=-20 joshua=116.2ms/mv champ=2074.1ms/mv
[130/300] deck=125000000062 joshua_seat=0 scores=[77, 90] margin=-13 joshua=159.0ms/mv champ=2858.0ms/mv
[131/300] deck=125000000063 joshua_seat=0 scores=[84, 100] margin=-16 joshua=129.8ms/mv champ=2891.7ms/mv
[132/300] deck=125000000068 joshua_seat=0 scores=[69, 103] margin=-34 joshua=105.6ms/mv champ=2110.9ms/mv
[133/300] deck=125000000067 joshua_seat=1 scores=[114, 86] margin=-28 joshua=120.1ms/mv champ=2175.9ms/mv
[134/300] deck=125000000066 joshua_seat=0 scores=[52, 88] margin=-36 joshua=128.8ms/mv champ=2663.4ms/mv
[135/300] deck=125000000065 joshua_seat=1 scores=[88, 62] margin=-26 joshua=117.7ms/mv champ=2665.3ms/mv
[136/300] deck=125000000071 joshua_seat=0 scores=[59, 86] margin=-27 joshua=112.0ms/mv champ=2021.3ms/mv
[137/300] deck=125000000065 joshua_seat=0 scores=[63, 104] margin=-41 joshua=146.4ms/mv champ=2885.2ms/mv
[138/300] deck=125000000068 joshua_seat=1 scores=[126, 93] margin=-33 joshua=94.8ms/mv champ=2251.9ms/mv
[139/300] deck=125000000070 joshua_seat=0 scores=[86, 77] margin=+9 joshua=107.1ms/mv champ=2158.4ms/mv
[140/300] deck=125000000075 joshua_seat=0 scores=[69, 67] margin=+2 joshua=95.3ms/mv champ=1706.1ms/mv
[141/300] deck=125000000072 joshua_seat=0 scores=[77, 88] margin=-11 joshua=114.6ms/mv champ=2139.5ms/mv
[142/300] deck=125000000076 joshua_seat=1 scores=[118, 95] margin=-23 joshua=91.9ms/mv champ=1493.3ms/mv
[143/300] deck=125000000067 joshua_seat=0 scores=[50, 74] margin=-24 joshua=132.3ms/mv champ=2842.0ms/mv
[144/300] deck=125000000071 joshua_seat=1 scores=[94, 76] margin=-18 joshua=120.5ms/mv champ=2260.0ms/mv
[145/300] deck=125000000069 joshua_seat=1 scores=[97, 75] margin=-22 joshua=120.9ms/mv champ=2533.1ms/mv
[146/300] deck=125000000073 joshua_seat=0 scores=[75, 116] margin=-41 joshua=98.1ms/mv champ=2206.1ms/mv
[147/300] deck=125000000074 joshua_seat=1 scores=[115, 78] margin=-37 joshua=111.6ms/mv champ=2023.3ms/mv
[148/300] deck=125000000069 joshua_seat=0 scores=[45, 117] margin=-72 joshua=110.6ms/mv champ=2826.7ms/mv
[149/300] deck=125000000077 joshua_seat=1 scores=[104, 97] margin=-7 joshua=96.3ms/mv champ=1684.7ms/mv
[150/300] deck=125000000072 joshua_seat=1 scores=[90, 84] margin=-6 joshua=107.7ms/mv champ=2314.2ms/mv
[151/300] deck=125000000078 joshua_seat=1 scores=[96, 75] margin=-21 joshua=88.3ms/mv champ=1561.1ms/mv
[152/300] deck=125000000070 joshua_seat=1 scores=[136, 52] margin=-84 joshua=120.9ms/mv champ=2761.1ms/mv
[153/300] deck=125000000074 joshua_seat=0 scores=[70, 92] margin=-22 joshua=114.6ms/mv champ=2489.5ms/mv
[154/300] deck=125000000078 joshua_seat=0 scores=[73, 95] margin=-22 joshua=101.7ms/mv champ=2178.1ms/mv
[155/300] deck=125000000076 joshua_seat=0 scores=[68, 120] margin=-52 joshua=102.9ms/mv champ=2456.2ms/mv
[156/300] deck=125000000073 joshua_seat=1 scores=[110, 71] margin=-39 joshua=132.4ms/mv champ=2737.8ms/mv
[157/300] deck=125000000075 joshua_seat=1 scores=[107, 69] margin=-38 joshua=109.5ms/mv champ=2813.9ms/mv
[158/300] deck=125000000077 joshua_seat=0 scores=[54, 115] margin=-61 joshua=117.8ms/mv champ=2646.3ms/mv
[159/300] deck=125000000081 joshua_seat=0 scores=[78, 96] margin=-18 joshua=100.7ms/mv champ=1748.0ms/mv
[160/300] deck=125000000080 joshua_seat=1 scores=[104, 68] margin=-36 joshua=107.5ms/mv champ=1935.1ms/mv
[161/300] deck=125000000079 joshua_seat=0 scores=[73, 122] margin=-49 joshua=107.7ms/mv champ=2506.3ms/mv
[162/300] deck=125000000080 joshua_seat=0 scores=[82, 91] margin=-9 joshua=88.3ms/mv champ=2263.9ms/mv
[163/300] deck=125000000085 joshua_seat=0 scores=[80, 79] margin=+1 joshua=113.9ms/mv champ=1830.1ms/mv
[164/300] deck=125000000086 joshua_seat=0 scores=[84, 83] margin=+1 joshua=95.9ms/mv champ=1928.0ms/mv
[165/300] deck=125000000084 joshua_seat=0 scores=[88, 71] margin=+17 joshua=161.7ms/mv champ=2155.7ms/mv
[166/300] deck=125000000090 joshua_seat=1 scores=[81, 66] margin=-15 joshua=130.2ms/mv champ=1535.9ms/mv
[167/300] deck=125000000081 joshua_seat=1 scores=[126, 90] margin=-36 joshua=108.3ms/mv champ=2502.6ms/mv
[168/300] deck=125000000089 joshua_seat=1 scores=[91, 80] margin=-11 joshua=125.4ms/mv champ=1770.8ms/mv
[169/300] deck=125000000079 joshua_seat=1 scores=[109, 84] margin=-25 joshua=128.8ms/mv champ=2893.8ms/mv
[170/300] deck=125000000083 joshua_seat=1 scores=[102, 100] margin=-2 joshua=109.7ms/mv champ=2498.0ms/mv
[171/300] deck=125000000082 joshua_seat=1 scores=[98, 71] margin=-27 joshua=113.1ms/mv champ=2571.4ms/mv
[172/300] deck=125000000084 joshua_seat=1 scores=[107, 63] margin=-44 joshua=105.2ms/mv champ=2388.2ms/mv
[173/300] deck=125000000085 joshua_seat=1 scores=[100, 90] margin=-10 joshua=110.2ms/mv champ=2452.1ms/mv
[174/300] deck=125000000082 joshua_seat=0 scores=[68, 108] margin=-40 joshua=126.7ms/mv champ=2866.2ms/mv
[175/300] deck=125000000083 joshua_seat=0 scores=[81, 107] margin=-26 joshua=113.7ms/mv champ=2832.9ms/mv
[176/300] deck=125000000087 joshua_seat=1 scores=[96, 82] margin=-14 joshua=110.7ms/mv champ=2310.2ms/mv
[177/300] deck=125000000086 joshua_seat=1 scores=[112, 83] margin=-29 joshua=120.3ms/mv champ=2488.0ms/mv
[178/300] deck=125000000092 joshua_seat=0 scores=[69, 82] margin=-13 joshua=98.6ms/mv champ=1830.8ms/mv
[179/300] deck=125000000088 joshua_seat=1 scores=[89, 82] margin=-7 joshua=115.6ms/mv champ=2342.9ms/mv
[180/300] deck=125000000090 joshua_seat=0 scores=[81, 87] margin=-6 joshua=108.2ms/mv champ=2218.7ms/mv
[181/300] deck=125000000093 joshua_seat=1 scores=[79, 56] margin=-23 joshua=121.3ms/mv champ=1671.3ms/mv
[182/300] deck=125000000087 joshua_seat=0 scores=[58, 106] margin=-48 joshua=114.6ms/mv champ=2780.7ms/mv
[183/300] deck=125000000091 joshua_seat=0 scores=[90, 100] margin=-10 joshua=105.4ms/mv champ=2345.5ms/mv
[184/300] deck=125000000088 joshua_seat=0 scores=[81, 127] margin=-46 joshua=107.9ms/mv champ=2706.7ms/mv
[185/300] deck=125000000091 joshua_seat=1 scores=[116, 97] margin=-19 joshua=116.3ms/mv champ=2127.3ms/mv
[186/300] deck=125000000089 joshua_seat=0 scores=[82, 122] margin=-40 joshua=131.2ms/mv champ=2866.0ms/mv
[187/300] deck=125000000095 joshua_seat=0 scores=[87, 91] margin=-4 joshua=101.3ms/mv champ=1539.7ms/mv
[188/300] deck=125000000094 joshua_seat=0 scores=[75, 108] margin=-33 joshua=96.1ms/mv champ=1980.2ms/mv
[189/300] deck=125000000093 joshua_seat=0 scores=[70, 83] margin=-13 joshua=110.3ms/mv champ=2567.4ms/mv
[190/300] deck=125000000096 joshua_seat=1 scores=[104, 76] margin=-28 joshua=89.5ms/mv champ=1665.4ms/mv
[191/300] deck=125000000092 joshua_seat=1 scores=[109, 55] margin=-54 joshua=135.9ms/mv champ=2836.1ms/mv
[192/300] deck=125000000097 joshua_seat=1 scores=[104, 95] margin=-9 joshua=80.3ms/mv champ=1806.8ms/mv
[193/300] deck=125000000103 joshua_seat=1 scores=[64, 65] margin=+1 joshua=103.1ms/mv champ=1229.3ms/mv
[194/300] deck=125000000097 joshua_seat=0 scores=[57, 107] margin=-50 joshua=111.0ms/mv champ=1945.2ms/mv
[195/300] deck=125000000094 joshua_seat=1 scores=[101, 51] margin=-50 joshua=117.7ms/mv champ=2553.9ms/mv
[196/300] deck=125000000098 joshua_seat=1 scores=[83, 84] margin=+1 joshua=79.5ms/mv champ=1884.9ms/mv
[197/300] deck=125000000104 joshua_seat=1 scores=[82, 74] margin=-8 joshua=128.3ms/mv champ=1404.7ms/mv
[198/300] deck=125000000095 joshua_seat=1 scores=[115, 74] margin=-41 joshua=104.9ms/mv champ=2410.3ms/mv
[199/300] deck=125000000101 joshua_seat=0 scores=[81, 92] margin=-11 joshua=104.5ms/mv champ=1834.4ms/mv
[200/300] deck=125000000100 joshua_seat=1 scores=[105, 88] margin=-17 joshua=98.8ms/mv champ=1969.9ms/mv
[201/300] deck=125000000098 joshua_seat=0 scores=[89, 98] margin=-9 joshua=115.9ms/mv champ=2204.0ms/mv
[202/300] deck=125000000100 joshua_seat=0 scores=[78, 97] margin=-19 joshua=101.2ms/mv champ=2052.2ms/mv
[203/300] deck=125000000102 joshua_seat=1 scores=[97, 65] margin=-32 joshua=107.4ms/mv champ=1932.1ms/mv
[204/300] deck=125000000102 joshua_seat=0 scores=[82, 87] margin=-5 joshua=126.6ms/mv champ=2089.7ms/mv
[205/300] deck=125000000096 joshua_seat=0 scores=[70, 92] margin=-22 joshua=151.8ms/mv champ=3047.1ms/mv
[206/300] deck=125000000099 joshua_seat=1 scores=[87, 58] margin=-29 joshua=136.8ms/mv champ=2567.7ms/mv
[207/300] deck=125000000099 joshua_seat=0 scores=[66, 84] margin=-18 joshua=138.0ms/mv champ=2786.0ms/mv
[208/300] deck=125000000109 joshua_seat=0 scores=[79, 73] margin=+6 joshua=110.1ms/mv champ=1535.3ms/mv
[209/300] deck=125000000105 joshua_seat=1 scores=[114, 77] margin=-37 joshua=97.7ms/mv champ=2300.2ms/mv
[210/300] deck=125000000105 joshua_seat=0 scores=[101, 125] margin=-24 joshua=110.6ms/mv champ=2411.1ms/mv
[211/300] deck=125000000106 joshua_seat=1 scores=[96, 72] margin=-24 joshua=101.1ms/mv champ=2252.4ms/mv
[212/300] deck=125000000101 joshua_seat=1 scores=[111, 55] margin=-56 joshua=157.0ms/mv champ=2675.2ms/mv
[213/300] deck=125000000106 joshua_seat=0 scores=[93, 97] margin=-4 joshua=127.8ms/mv champ=2350.1ms/mv
[214/300] deck=125000000108 joshua_seat=0 scores=[95, 91] margin=+4 joshua=113.5ms/mv champ=2151.6ms/mv
[215/300] deck=125000000104 joshua_seat=0 scores=[82, 106] margin=-24 joshua=116.2ms/mv champ=2763.8ms/mv
[216/300] deck=125000000103 joshua_seat=0 scores=[56, 81] margin=-25 joshua=129.5ms/mv champ=2820.8ms/mv
[217/300] deck=125000000109 joshua_seat=1 scores=[104, 85] margin=-19 joshua=111.2ms/mv champ=1995.4ms/mv
[218/300] deck=125000000108 joshua_seat=1 scores=[96, 59] margin=-37 joshua=115.6ms/mv champ=2501.4ms/mv
[219/300] deck=125000000107 joshua_seat=1 scores=[106, 87] margin=-19 joshua=114.9ms/mv champ=2681.3ms/mv
[220/300] deck=125000000107 joshua_seat=0 scores=[81, 101] margin=-20 joshua=139.5ms/mv champ=3104.7ms/mv
[221/300] deck=125000000111 joshua_seat=0 scores=[64, 84] margin=-20 joshua=124.2ms/mv champ=2093.3ms/mv
[222/300] deck=125000000114 joshua_seat=1 scores=[123, 81] margin=-42 joshua=74.4ms/mv champ=1817.1ms/mv
[223/300] deck=125000000111 joshua_seat=1 scores=[106, 84] margin=-22 joshua=99.7ms/mv champ=2269.9ms/mv
[224/300] deck=125000000115 joshua_seat=1 scores=[105, 79] margin=-26 joshua=94.6ms/mv champ=1954.3ms/mv
[225/300] deck=125000000112 joshua_seat=0 scores=[62, 98] margin=-36 joshua=102.4ms/mv champ=2273.8ms/mv
[226/300] deck=125000000110 joshua_seat=0 scores=[68, 116] margin=-48 joshua=105.7ms/mv champ=2730.7ms/mv
[227/300] deck=125000000116 joshua_seat=0 scores=[73, 95] margin=-22 joshua=101.6ms/mv champ=1898.6ms/mv
[228/300] deck=125000000115 joshua_seat=0 scores=[75, 91] margin=-16 joshua=129.1ms/mv champ=2247.5ms/mv
[229/300] deck=125000000110 joshua_seat=1 scores=[130, 69] margin=-61 joshua=149.8ms/mv champ=2717.6ms/mv
[230/300] deck=125000000113 joshua_seat=1 scores=[87, 63] margin=-24 joshua=114.8ms/mv champ=2456.3ms/mv
[231/300] deck=125000000112 joshua_seat=1 scores=[104, 88] margin=-16 joshua=125.5ms/mv champ=2537.6ms/mv
[232/300] deck=125000000114 joshua_seat=0 scores=[84, 98] margin=-14 joshua=111.3ms/mv champ=2439.9ms/mv
[233/300] deck=125000000113 joshua_seat=0 scores=[83, 97] margin=-14 joshua=131.8ms/mv champ=2733.2ms/mv
[234/300] deck=125000000120 joshua_seat=1 scores=[99, 59] margin=-40 joshua=108.1ms/mv champ=1632.4ms/mv
[235/300] deck=125000000116 joshua_seat=1 scores=[133, 81] margin=-52 joshua=113.7ms/mv champ=2331.6ms/mv
[236/300] deck=125000000117 joshua_seat=1 scores=[115, 74] margin=-41 joshua=102.8ms/mv champ=2065.4ms/mv
[237/300] deck=125000000121 joshua_seat=1 scores=[90, 61] margin=-29 joshua=108.8ms/mv champ=1671.4ms/mv
[238/300] deck=125000000118 joshua_seat=0 scores=[83, 91] margin=-8 joshua=104.5ms/mv champ=2302.3ms/mv
[239/300] deck=125000000117 joshua_seat=0 scores=[77, 117] margin=-40 joshua=111.4ms/mv champ=2573.1ms/mv
[240/300] deck=125000000121 joshua_seat=0 scores=[94, 112] margin=-18 joshua=94.7ms/mv champ=2131.3ms/mv
[241/300] deck=125000000119 joshua_seat=1 scores=[136, 75] margin=-61 joshua=98.2ms/mv champ=2296.6ms/mv
[242/300] deck=125000000119 joshua_seat=0 scores=[83, 106] margin=-23 joshua=113.1ms/mv champ=2475.3ms/mv
[243/300] deck=125000000123 joshua_seat=0 scores=[67, 99] margin=-32 joshua=107.3ms/mv champ=1968.4ms/mv
[244/300] deck=125000000122 joshua_seat=1 scores=[100, 80] margin=-20 joshua=111.9ms/mv champ=2339.7ms/mv
[245/300] deck=125000000122 joshua_seat=0 scores=[98, 126] margin=-28 joshua=125.5ms/mv champ=2482.0ms/mv
[246/300] deck=125000000126 joshua_seat=0 scores=[72, 59] margin=+13 joshua=135.3ms/mv champ=1612.4ms/mv
[247/300] deck=125000000124 joshua_seat=0 scores=[85, 103] margin=-18 joshua=94.5ms/mv champ=2178.3ms/mv
[248/300] deck=125000000127 joshua_seat=0 scores=[65, 75] margin=-10 joshua=113.2ms/mv champ=1681.9ms/mv
[249/300] deck=125000000120 joshua_seat=0 scores=[69, 98] margin=-29 joshua=135.5ms/mv champ=3006.8ms/mv
[250/300] deck=125000000118 joshua_seat=1 scores=[82, 61] margin=-21 joshua=139.9ms/mv champ=3038.2ms/mv
[251/300] deck=125000000129 joshua_seat=1 scores=[97, 87] margin=-10 joshua=80.5ms/mv champ=1579.9ms/mv
[252/300] deck=125000000125 joshua_seat=0 scores=[70, 108] margin=-38 joshua=105.2ms/mv champ=2377.4ms/mv
[253/300] deck=125000000123 joshua_seat=1 scores=[111, 74] margin=-37 joshua=117.2ms/mv champ=2543.5ms/mv
[254/300] deck=125000000126 joshua_seat=1 scores=[158, 93] margin=-65 joshua=88.0ms/mv champ=2163.3ms/mv
[255/300] deck=125000000125 joshua_seat=1 scores=[122, 75] margin=-47 joshua=108.0ms/mv champ=2348.0ms/mv
[256/300] deck=125000000127 joshua_seat=1 scores=[96, 79] margin=-17 joshua=88.7ms/mv champ=2145.9ms/mv
[257/300] deck=125000000128 joshua_seat=0 scores=[77, 111] margin=-34 joshua=110.1ms/mv champ=2264.1ms/mv
[258/300] deck=125000000132 joshua_seat=1 scores=[110, 46] margin=-64 joshua=110.8ms/mv champ=1976.4ms/mv
[259/300] deck=125000000128 joshua_seat=1 scores=[109, 69] margin=-40 joshua=116.7ms/mv champ=2441.5ms/mv
[260/300] deck=125000000130 joshua_seat=0 scores=[66, 114] margin=-48 joshua=110.2ms/mv champ=2456.1ms/mv
[261/300] deck=125000000130 joshua_seat=1 scores=[109, 80] margin=-29 joshua=105.0ms/mv champ=2412.3ms/mv
[262/300] deck=125000000134 joshua_seat=0 scores=[69, 110] margin=-41 joshua=106.2ms/mv champ=1858.6ms/mv
[263/300] deck=125000000124 joshua_seat=1 scores=[110, 70] margin=-40 joshua=140.8ms/mv champ=3131.0ms/mv
[264/300] deck=125000000134 joshua_seat=1 scores=[108, 76] margin=-32 joshua=99.5ms/mv champ=1795.5ms/mv
[265/300] deck=125000000131 joshua_seat=1 scores=[114, 63] margin=-51 joshua=97.2ms/mv champ=2293.9ms/mv
[266/300] deck=125000000129 joshua_seat=0 scores=[53, 92] margin=-39 joshua=122.6ms/mv champ=2798.6ms/mv
[267/300] deck=125000000133 joshua_seat=0 scores=[62, 114] margin=-52 joshua=136.9ms/mv champ=2495.9ms/mv
[268/300] deck=125000000139 joshua_seat=1 scores=[94, 83] margin=-11 joshua=89.5ms/mv champ=1378.3ms/mv
[269/300] deck=125000000131 joshua_seat=0 scores=[73, 118] margin=-45 joshua=123.5ms/mv champ=2928.7ms/mv
[270/300] deck=125000000133 joshua_seat=1 scores=[90, 67] margin=-23 joshua=120.5ms/mv champ=2493.6ms/mv
[271/300] deck=125000000135 joshua_seat=1 scores=[94, 67] margin=-27 joshua=94.1ms/mv champ=2201.9ms/mv
[272/300] deck=125000000132 joshua_seat=0 scores=[84, 119] margin=-35 joshua=120.9ms/mv champ=3039.4ms/mv
[273/300] deck=125000000137 joshua_seat=0 scores=[66, 94] margin=-28 joshua=90.2ms/mv champ=2235.4ms/mv
[274/300] deck=125000000136 joshua_seat=0 scores=[77, 114] margin=-37 joshua=103.6ms/mv champ=2383.0ms/mv
[275/300] deck=125000000138 joshua_seat=0 scores=[69, 86] margin=-17 joshua=106.7ms/mv champ=2041.1ms/mv
[276/300] deck=125000000140 joshua_seat=0 scores=[66, 99] margin=-33 joshua=100.1ms/mv champ=1801.6ms/mv
[277/300] deck=125000000135 joshua_seat=0 scores=[56, 89] margin=-33 joshua=116.5ms/mv champ=2609.0ms/mv
[278/300] deck=125000000136 joshua_seat=1 scores=[95, 75] margin=-20 joshua=102.1ms/mv champ=2354.6ms/mv
[279/300] deck=125000000139 joshua_seat=0 scores=[62, 81] margin=-19 joshua=111.4ms/mv champ=2103.5ms/mv
[280/300] deck=125000000137 joshua_seat=1 scores=[128, 66] margin=-62 joshua=112.1ms/mv champ=2388.2ms/mv
[281/300] deck=125000000138 joshua_seat=1 scores=[91, 85] margin=-6 joshua=101.3ms/mv champ=2262.0ms/mv
[282/300] deck=125000000143 joshua_seat=0 scores=[74, 107] margin=-33 joshua=95.7ms/mv champ=1683.7ms/mv
[283/300] deck=125000000141 joshua_seat=0 scores=[76, 87] margin=-11 joshua=123.5ms/mv champ=2209.0ms/mv
[284/300] deck=125000000142 joshua_seat=1 scores=[103, 85] margin=-18 joshua=107.5ms/mv champ=2046.5ms/mv
[285/300] deck=125000000142 joshua_seat=0 scores=[69, 94] margin=-25 joshua=106.1ms/mv champ=2201.9ms/mv
[286/300] deck=125000000141 joshua_seat=1 scores=[92, 76] margin=-16 joshua=96.8ms/mv champ=2229.5ms/mv
[287/300] deck=125000000143 joshua_seat=1 scores=[118, 79] margin=-39 joshua=86.4ms/mv champ=1731.8ms/mv
[288/300] deck=125000000145 joshua_seat=1 scores=[87, 63] margin=-24 joshua=100.4ms/mv champ=1715.0ms/mv
[289/300] deck=125000000149 joshua_seat=1 scores=[85, 67] margin=-18 joshua=79.3ms/mv champ=1174.1ms/mv
[290/300] deck=125000000147 joshua_seat=0 scores=[62, 101] margin=-39 joshua=80.5ms/mv champ=1833.8ms/mv
[291/300] deck=125000000146 joshua_seat=0 scores=[71, 91] margin=-20 joshua=92.9ms/mv champ=1961.7ms/mv
[292/300] deck=125000000146 joshua_seat=1 scores=[88, 67] margin=-21 joshua=91.8ms/mv champ=1882.1ms/mv
[293/300] deck=125000000140 joshua_seat=1 scores=[94, 58] margin=-36 joshua=124.2ms/mv champ=2731.2ms/mv
[294/300] deck=125000000147 joshua_seat=1 scores=[100, 87] margin=-13 joshua=85.5ms/mv champ=1700.6ms/mv
[295/300] deck=125000000144 joshua_seat=1 scores=[105, 61] margin=-44 joshua=91.0ms/mv champ=2037.0ms/mv
[296/300] deck=125000000145 joshua_seat=0 scores=[99, 86] margin=+13 joshua=89.1ms/mv champ=2108.3ms/mv
[297/300] deck=125000000144 joshua_seat=0 scores=[70, 99] margin=-29 joshua=95.6ms/mv champ=2274.3ms/mv
[298/300] deck=125000000149 joshua_seat=0 scores=[74, 90] margin=-16 joshua=75.2ms/mv champ=1745.9ms/mv
[299/300] deck=125000000148 joshua_seat=0 scores=[73, 95] margin=-22 joshua=84.9ms/mv champ=1975.3ms/mv
[300/300] deck=125000000148 joshua_seat=1 scores=[80, 67] margin=-13 joshua=72.2ms/mv champ=1856.0ms/mv

[joshuabot-h2h] DONE 300 games in 28.9 min
{
 "variant_ids": [
  "current+j7w1+j9avoid0.55s6"
 ],
 "n_records": 300,
 "n_scored": 300,
 "wins": 28,
 "draws": 0,
 "losses": 272,
 "win_rate": 0.09333333333333334,
 "n_paired_decks": 150,
 "paired_margin_mean": -25.476666666666667,
 "paired_margin_sem": 0.9782801951352614,
 "paired_margin_z": -26.042300348464224,
 "mean_margin_unpaired": -25.476666666666667,
 "rule_fires_total": {
  "f_end_deploy": 12,
  "f_j10_early_farm_block": 4242,
  "f_j3_reserve_floor": 4481,
  "f_j9_cloister_caution": 337,
  "j1_majority_steal": 1642,
  "j2_farm_attack": 17170,
  "j5_dump": 687,
  "j6_anchor_roads": 19233,
  "j7_close_vs_farm": 17239,
  "j8_overcommit": 977
 }
}
