[joshuabot-h2h] variant=early+j7w1 profile=fixed_v1 {'CARCASSONNE_FIX_R9': '1', 'r9_env_expected': True} decks=150 workers=30 done=0 todo=300 manifest=/home/doctor/projects/carcassone/measurement/joshuabot_20260812/cells/EARLY.jsonl.manifest.json
[1/300] deck=125000000012 joshua_seat=1 scores=[68, 81] margin=+13 joshua=88.1ms/mv champ=1289.0ms/mv
[2/300] deck=125000000010 joshua_seat=1 scores=[112, 60] margin=-52 joshua=93.9ms/mv champ=1688.9ms/mv
[3/300] deck=125000000002 joshua_seat=0 scores=[108, 113] margin=-5 joshua=96.7ms/mv champ=1819.6ms/mv
[4/300] deck=125000000004 joshua_seat=0 scores=[80, 103] margin=-23 joshua=109.1ms/mv champ=1808.1ms/mv
[5/300] deck=125000000010 joshua_seat=0 scores=[56, 114] margin=-58 joshua=94.8ms/mv champ=1873.3ms/mv
[6/300] deck=125000000006 joshua_seat=1 scores=[73, 74] margin=+1 joshua=131.2ms/mv champ=1817.3ms/mv
[7/300] deck=125000000005 joshua_seat=1 scores=[86, 69] margin=-17 joshua=87.6ms/mv champ=1876.4ms/mv
[8/300] deck=125000000003 joshua_seat=1 scores=[110, 74] margin=-36 joshua=87.2ms/mv champ=1905.2ms/mv
[9/300] deck=125000000012 joshua_seat=0 scores=[71, 89] margin=-18 joshua=113.7ms/mv champ=1953.7ms/mv
[10/300] deck=125000000001 joshua_seat=0 scores=[95, 109] margin=-14 joshua=114.6ms/mv champ=1975.9ms/mv
[11/300] deck=125000000014 joshua_seat=1 scores=[96, 64] margin=-32 joshua=102.1ms/mv champ=2065.7ms/mv
[12/300] deck=125000000000 joshua_seat=0 scores=[70, 98] margin=-28 joshua=94.7ms/mv champ=2244.4ms/mv
[13/300] deck=125000000003 joshua_seat=0 scores=[78, 115] margin=-37 joshua=146.6ms/mv champ=2199.5ms/mv
[14/300] deck=125000000007 joshua_seat=1 scores=[126, 54] margin=-72 joshua=102.2ms/mv champ=2189.3ms/mv
[15/300] deck=125000000009 joshua_seat=1 scores=[123, 77] margin=-46 joshua=99.9ms/mv champ=2203.0ms/mv
[16/300] deck=125000000000 joshua_seat=1 scores=[102, 70] margin=-32 joshua=114.1ms/mv champ=2197.7ms/mv
[17/300] deck=125000000002 joshua_seat=1 scores=[120, 97] margin=-23 joshua=96.9ms/mv champ=2215.2ms/mv
[18/300] deck=125000000004 joshua_seat=1 scores=[115, 57] margin=-58 joshua=94.4ms/mv champ=2267.4ms/mv
[19/300] deck=125000000007 joshua_seat=0 scores=[65, 111] margin=-46 joshua=117.6ms/mv champ=2317.0ms/mv
[20/300] deck=125000000011 joshua_seat=1 scores=[116, 79] margin=-37 joshua=104.1ms/mv champ=2276.9ms/mv
[21/300] deck=125000000008 joshua_seat=0 scores=[100, 124] margin=-24 joshua=103.0ms/mv champ=2357.1ms/mv
[22/300] deck=125000000011 joshua_seat=0 scores=[72, 114] margin=-42 joshua=108.7ms/mv champ=2412.1ms/mv
[23/300] deck=125000000013 joshua_seat=0 scores=[80, 101] margin=-21 joshua=123.5ms/mv champ=2397.2ms/mv
[24/300] deck=125000000014 joshua_seat=0 scores=[74, 94] margin=-20 joshua=103.4ms/mv champ=2492.0ms/mv
[25/300] deck=125000000005 joshua_seat=0 scores=[95, 101] margin=-6 joshua=107.5ms/mv champ=2561.9ms/mv
[26/300] deck=125000000008 joshua_seat=1 scores=[84, 60] margin=-24 joshua=103.8ms/mv champ=2501.1ms/mv
[27/300] deck=125000000013 joshua_seat=1 scores=[122, 55] margin=-67 joshua=110.9ms/mv champ=2548.8ms/mv
[28/300] deck=125000000001 joshua_seat=1 scores=[116, 67] margin=-49 joshua=112.9ms/mv champ=2582.5ms/mv
[29/300] deck=125000000009 joshua_seat=0 scores=[72, 89] margin=-17 joshua=124.2ms/mv champ=2995.9ms/mv
[30/300] deck=125000000006 joshua_seat=0 scores=[75, 106] margin=-31 joshua=132.9ms/mv champ=3061.9ms/mv
[31/300] deck=125000000015 joshua_seat=0 scores=[55, 100] margin=-45 joshua=99.3ms/mv champ=2087.9ms/mv
[32/300] deck=125000000017 joshua_seat=0 scores=[68, 114] margin=-46 joshua=106.9ms/mv champ=1738.5ms/mv
[33/300] deck=125000000020 joshua_seat=0 scores=[67, 91] margin=-24 joshua=84.0ms/mv champ=1580.7ms/mv
[34/300] deck=125000000018 joshua_seat=0 scores=[77, 98] margin=-21 joshua=130.1ms/mv champ=1837.1ms/mv
[35/300] deck=125000000015 joshua_seat=1 scores=[102, 94] margin=-8 joshua=125.9ms/mv champ=2020.3ms/mv
[36/300] deck=125000000019 joshua_seat=1 scores=[89, 62] margin=-27 joshua=110.6ms/mv champ=1879.3ms/mv
[37/300] deck=125000000017 joshua_seat=1 scores=[84, 78] margin=-6 joshua=126.3ms/mv champ=2054.9ms/mv
[38/300] deck=125000000025 joshua_seat=1 scores=[90, 50] margin=-40 joshua=119.4ms/mv champ=1629.0ms/mv
[39/300] deck=125000000022 joshua_seat=1 scores=[126, 65] margin=-61 joshua=99.8ms/mv champ=1845.8ms/mv
[40/300] deck=125000000016 joshua_seat=0 scores=[73, 98] margin=-25 joshua=111.8ms/mv champ=2407.8ms/mv
[41/300] deck=125000000024 joshua_seat=1 scores=[115, 85] margin=-30 joshua=93.4ms/mv champ=1925.9ms/mv
[42/300] deck=125000000023 joshua_seat=1 scores=[123, 84] margin=-39 joshua=100.2ms/mv champ=1999.9ms/mv
[43/300] deck=125000000021 joshua_seat=1 scores=[82, 50] margin=-32 joshua=100.3ms/mv champ=2136.0ms/mv
[44/300] deck=125000000020 joshua_seat=1 scores=[100, 65] margin=-35 joshua=108.4ms/mv champ=2235.3ms/mv
[45/300] deck=125000000019 joshua_seat=0 scores=[61, 104] margin=-43 joshua=109.0ms/mv champ=2561.7ms/mv
[46/300] deck=125000000016 joshua_seat=1 scores=[134, 68] margin=-66 joshua=116.2ms/mv champ=2656.8ms/mv
[47/300] deck=125000000023 joshua_seat=0 scores=[69, 103] margin=-34 joshua=93.7ms/mv champ=2336.6ms/mv
[48/300] deck=125000000018 joshua_seat=1 scores=[110, 58] margin=-52 joshua=127.6ms/mv champ=2680.5ms/mv
[49/300] deck=125000000024 joshua_seat=0 scores=[67, 113] margin=-46 joshua=105.0ms/mv champ=2397.5ms/mv
[50/300] deck=125000000027 joshua_seat=0 scores=[80, 108] margin=-28 joshua=113.3ms/mv champ=2282.0ms/mv
[51/300] deck=125000000022 joshua_seat=0 scores=[75, 121] margin=-46 joshua=110.0ms/mv champ=2624.5ms/mv
[52/300] deck=125000000028 joshua_seat=1 scores=[123, 61] margin=-62 joshua=93.2ms/mv champ=2183.8ms/mv
[53/300] deck=125000000026 joshua_seat=0 scores=[75, 102] margin=-27 joshua=117.3ms/mv champ=2627.5ms/mv
[54/300] deck=125000000027 joshua_seat=1 scores=[89, 63] margin=-26 joshua=111.5ms/mv champ=2578.7ms/mv
[55/300] deck=125000000029 joshua_seat=1 scores=[98, 62] margin=-36 joshua=110.0ms/mv champ=2037.7ms/mv
[56/300] deck=125000000028 joshua_seat=0 scores=[66, 102] margin=-36 joshua=119.5ms/mv champ=2586.9ms/mv
[57/300] deck=125000000026 joshua_seat=1 scores=[94, 49] margin=-45 joshua=138.2ms/mv champ=2862.8ms/mv
[58/300] deck=125000000029 joshua_seat=0 scores=[78, 94] margin=-16 joshua=143.2ms/mv champ=2530.8ms/mv
[59/300] deck=125000000031 joshua_seat=0 scores=[79, 92] margin=-13 joshua=116.6ms/mv champ=1891.6ms/mv
[60/300] deck=125000000034 joshua_seat=0 scores=[56, 82] margin=-26 joshua=128.0ms/mv champ=1431.3ms/mv
[61/300] deck=125000000025 joshua_seat=0 scores=[62, 105] margin=-43 joshua=129.3ms/mv champ=3402.7ms/mv
[62/300] deck=125000000021 joshua_seat=0 scores=[71, 113] margin=-42 joshua=178.9ms/mv champ=3704.0ms/mv
[63/300] deck=125000000034 joshua_seat=1 scores=[106, 64] margin=-42 joshua=87.5ms/mv champ=1795.6ms/mv
[64/300] deck=125000000031 joshua_seat=1 scores=[104, 71] margin=-33 joshua=130.0ms/mv champ=2229.9ms/mv
[65/300] deck=125000000030 joshua_seat=0 scores=[72, 98] margin=-26 joshua=114.1ms/mv champ=2742.6ms/mv
[66/300] deck=125000000032 joshua_seat=0 scores=[93, 95] margin=-2 joshua=126.9ms/mv champ=2308.7ms/mv
[67/300] deck=125000000037 joshua_seat=1 scores=[77, 74] margin=-3 joshua=105.9ms/mv champ=1581.6ms/mv
[68/300] deck=125000000030 joshua_seat=1 scores=[106, 78] margin=-28 joshua=100.5ms/mv champ=2538.3ms/mv
[69/300] deck=125000000032 joshua_seat=1 scores=[104, 73] margin=-31 joshua=109.6ms/mv champ=2281.6ms/mv
[70/300] deck=125000000035 joshua_seat=0 scores=[90, 109] margin=-19 joshua=120.2ms/mv champ=1990.0ms/mv
[71/300] deck=125000000033 joshua_seat=0 scores=[96, 99] margin=-3 joshua=113.0ms/mv champ=2402.9ms/mv
[72/300] deck=125000000033 joshua_seat=1 scores=[138, 95] margin=-43 joshua=100.9ms/mv champ=2313.9ms/mv
[73/300] deck=125000000036 joshua_seat=1 scores=[84, 93] margin=+9 joshua=107.0ms/mv champ=1983.7ms/mv
[74/300] deck=125000000036 joshua_seat=0 scores=[77, 94] margin=-17 joshua=133.8ms/mv champ=2241.0ms/mv
[75/300] deck=125000000038 joshua_seat=0 scores=[84, 111] margin=-27 joshua=108.6ms/mv champ=2236.1ms/mv
[76/300] deck=125000000043 joshua_seat=1 scores=[75, 68] margin=-7 joshua=106.7ms/mv champ=1394.3ms/mv
[77/300] deck=125000000040 joshua_seat=1 scores=[102, 79] margin=-23 joshua=93.8ms/mv champ=2086.9ms/mv
[78/300] deck=125000000040 joshua_seat=0 scores=[66, 83] margin=-17 joshua=117.0ms/mv champ=2172.8ms/mv
[79/300] deck=125000000035 joshua_seat=1 scores=[106, 91] margin=-15 joshua=106.1ms/mv champ=2687.6ms/mv
[80/300] deck=125000000038 joshua_seat=1 scores=[117, 55] margin=-62 joshua=89.1ms/mv champ=2409.9ms/mv
[81/300] deck=125000000037 joshua_seat=0 scores=[56, 99] margin=-43 joshua=107.2ms/mv champ=2676.8ms/mv
[82/300] deck=125000000043 joshua_seat=0 scores=[63, 106] margin=-43 joshua=106.9ms/mv champ=1750.7ms/mv
[83/300] deck=125000000041 joshua_seat=0 scores=[77, 109] margin=-32 joshua=94.2ms/mv champ=2189.1ms/mv
[84/300] deck=125000000042 joshua_seat=0 scores=[46, 120] margin=-74 joshua=101.9ms/mv champ=2104.9ms/mv
[85/300] deck=125000000039 joshua_seat=1 scores=[115, 65] margin=-50 joshua=112.4ms/mv champ=2429.7ms/mv
[86/300] deck=125000000039 joshua_seat=0 scores=[100, 95] margin=+5 joshua=128.9ms/mv champ=2637.5ms/mv
[87/300] deck=125000000041 joshua_seat=1 scores=[94, 81] margin=-13 joshua=129.5ms/mv champ=2331.7ms/mv
[88/300] deck=125000000042 joshua_seat=1 scores=[123, 81] margin=-42 joshua=114.4ms/mv champ=2435.7ms/mv
[89/300] deck=125000000044 joshua_seat=0 scores=[85, 111] margin=-26 joshua=143.6ms/mv champ=2019.9ms/mv
[90/300] deck=125000000046 joshua_seat=0 scores=[62, 90] margin=-28 joshua=98.2ms/mv champ=1807.3ms/mv
[91/300] deck=125000000049 joshua_seat=1 scores=[99, 82] margin=-17 joshua=102.8ms/mv champ=1612.4ms/mv
[92/300] deck=125000000048 joshua_seat=0 scores=[53, 101] margin=-48 joshua=109.9ms/mv champ=1845.5ms/mv
[93/300] deck=125000000045 joshua_seat=0 scores=[85, 126] margin=-41 joshua=115.4ms/mv champ=2435.4ms/mv
[94/300] deck=125000000044 joshua_seat=1 scores=[120, 82] margin=-38 joshua=105.7ms/mv champ=2521.5ms/mv
[95/300] deck=125000000050 joshua_seat=0 scores=[62, 105] margin=-43 joshua=82.5ms/mv champ=1885.2ms/mv
[96/300] deck=125000000045 joshua_seat=1 scores=[116, 73] margin=-43 joshua=108.2ms/mv champ=2386.8ms/mv
[97/300] deck=125000000047 joshua_seat=1 scores=[86, 87] margin=+1 joshua=121.7ms/mv champ=2079.2ms/mv
[98/300] deck=125000000049 joshua_seat=0 scores=[88, 99] margin=-11 joshua=112.7ms/mv champ=2055.6ms/mv
[99/300] deck=125000000054 joshua_seat=0 scores=[77, 61] margin=+16 joshua=119.6ms/mv champ=1318.4ms/mv
[100/300] deck=125000000051 joshua_seat=0 scores=[118, 106] margin=+12 joshua=105.4ms/mv champ=2082.7ms/mv
[101/300] deck=125000000047 joshua_seat=0 scores=[78, 97] margin=-19 joshua=106.8ms/mv champ=2480.0ms/mv
[102/300] deck=125000000048 joshua_seat=1 scores=[112, 70] margin=-42 joshua=133.7ms/mv champ=2395.5ms/mv
[103/300] deck=125000000046 joshua_seat=1 scores=[110, 85] margin=-25 joshua=102.1ms/mv champ=2631.5ms/mv
[104/300] deck=125000000050 joshua_seat=1 scores=[102, 79] margin=-23 joshua=141.5ms/mv champ=2382.2ms/mv
[105/300] deck=125000000051 joshua_seat=1 scores=[131, 88] margin=-43 joshua=106.3ms/mv champ=2246.0ms/mv
[106/300] deck=125000000053 joshua_seat=0 scores=[86, 118] margin=-32 joshua=118.4ms/mv champ=2033.2ms/mv
[107/300] deck=125000000056 joshua_seat=1 scores=[94, 92] margin=-2 joshua=126.4ms/mv champ=2004.3ms/mv
[108/300] deck=125000000052 joshua_seat=0 scores=[77, 126] margin=-49 joshua=113.5ms/mv champ=2581.7ms/mv
[109/300] deck=125000000053 joshua_seat=1 scores=[121, 80] margin=-41 joshua=106.4ms/mv champ=2459.2ms/mv
[110/300] deck=125000000056 joshua_seat=0 scores=[69, 85] margin=-16 joshua=148.0ms/mv champ=2372.7ms/mv
[111/300] deck=125000000054 joshua_seat=1 scores=[132, 41] margin=-91 joshua=122.5ms/mv champ=2561.2ms/mv
[112/300] deck=125000000052 joshua_seat=1 scores=[125, 51] margin=-74 joshua=119.9ms/mv champ=2718.7ms/mv
[113/300] deck=125000000063 joshua_seat=0 scores=[102, 105] margin=-3 joshua=114.7ms/mv champ=1598.0ms/mv
[114/300] deck=125000000061 joshua_seat=1 scores=[85, 63] margin=-22 joshua=105.8ms/mv champ=1706.1ms/mv
[115/300] deck=125000000055 joshua_seat=1 scores=[114, 71] margin=-43 joshua=126.3ms/mv champ=2810.3ms/mv
[116/300] deck=125000000058 joshua_seat=0 scores=[75, 113] margin=-38 joshua=111.7ms/mv champ=2524.0ms/mv
[117/300] deck=125000000059 joshua_seat=1 scores=[85, 85] margin=+0 joshua=128.8ms/mv champ=2206.4ms/mv
[118/300] deck=125000000062 joshua_seat=1 scores=[134, 93] margin=-41 joshua=105.1ms/mv champ=1808.1ms/mv
[119/300] deck=125000000060 joshua_seat=0 scores=[106, 92] margin=+14 joshua=113.6ms/mv champ=2214.7ms/mv
[120/300] deck=125000000057 joshua_seat=0 scores=[65, 110] margin=-45 joshua=126.2ms/mv champ=2993.4ms/mv
[121/300] deck=125000000058 joshua_seat=1 scores=[104, 65] margin=-39 joshua=104.4ms/mv champ=2620.0ms/mv
[122/300] deck=125000000055 joshua_seat=0 scores=[54, 94] margin=-40 joshua=138.7ms/mv champ=3207.4ms/mv
[123/300] deck=125000000061 joshua_seat=0 scores=[63, 120] margin=-57 joshua=111.4ms/mv champ=2228.1ms/mv
[124/300] deck=125000000057 joshua_seat=1 scores=[114, 59] margin=-55 joshua=129.0ms/mv champ=3100.9ms/mv
[125/300] deck=125000000064 joshua_seat=0 scores=[63, 77] margin=-14 joshua=123.8ms/mv champ=1935.8ms/mv
[126/300] deck=125000000060 joshua_seat=1 scores=[101, 69] margin=-32 joshua=115.1ms/mv champ=2516.7ms/mv
[127/300] deck=125000000059 joshua_seat=0 scores=[61, 81] margin=-20 joshua=140.0ms/mv champ=3016.0ms/mv
[128/300] deck=125000000064 joshua_seat=1 scores=[90, 68] margin=-22 joshua=124.6ms/mv champ=2163.2ms/mv
[129/300] deck=125000000068 joshua_seat=1 scores=[75, 72] margin=-3 joshua=93.8ms/mv champ=1389.5ms/mv
[130/300] deck=125000000067 joshua_seat=1 scores=[80, 58] margin=-22 joshua=103.6ms/mv champ=1736.1ms/mv
[131/300] deck=125000000066 joshua_seat=0 scores=[83, 108] margin=-25 joshua=99.2ms/mv champ=2175.4ms/mv
[132/300] deck=125000000063 joshua_seat=1 scores=[104, 60] margin=-44 joshua=122.3ms/mv champ=2750.2ms/mv
[133/300] deck=125000000067 joshua_seat=0 scores=[61, 110] margin=-49 joshua=124.8ms/mv champ=2223.5ms/mv
[134/300] deck=125000000062 joshua_seat=0 scores=[67, 99] margin=-32 joshua=123.5ms/mv champ=3022.2ms/mv
[135/300] deck=125000000065 joshua_seat=1 scores=[96, 79] margin=-17 joshua=143.4ms/mv champ=2606.5ms/mv
[136/300] deck=125000000065 joshua_seat=0 scores=[75, 107] margin=-32 joshua=140.2ms/mv champ=2991.7ms/mv
[137/300] deck=125000000068 joshua_seat=0 scores=[75, 90] margin=-15 joshua=155.9ms/mv champ=2275.4ms/mv
[138/300] deck=125000000066 joshua_seat=1 scores=[99, 68] margin=-31 joshua=141.2ms/mv champ=2745.9ms/mv
[139/300] deck=125000000072 joshua_seat=1 scores=[105, 94] margin=-11 joshua=118.3ms/mv champ=1787.5ms/mv
[140/300] deck=125000000070 joshua_seat=0 scores=[106, 86] margin=+20 joshua=112.2ms/mv champ=2175.0ms/mv
[141/300] deck=125000000069 joshua_seat=1 scores=[80, 76] margin=-4 joshua=131.5ms/mv champ=2709.3ms/mv
[142/300] deck=125000000072 joshua_seat=0 scores=[63, 109] margin=-46 joshua=106.4ms/mv champ=2433.5ms/mv
[143/300] deck=125000000071 joshua_seat=1 scores=[117, 68] margin=-49 joshua=132.4ms/mv champ=2448.9ms/mv
[144/300] deck=125000000071 joshua_seat=0 scores=[68, 108] margin=-40 joshua=138.8ms/mv champ=2590.6ms/mv
[145/300] deck=125000000080 joshua_seat=1 scores=[68, 73] margin=+5 joshua=168.1ms/mv champ=1467.4ms/mv
[146/300] deck=125000000069 joshua_seat=0 scores=[64, 125] margin=-61 joshua=125.7ms/mv champ=3223.2ms/mv
[147/300] deck=125000000078 joshua_seat=1 scores=[104, 63] margin=-41 joshua=115.6ms/mv champ=2012.7ms/mv
[148/300] deck=125000000075 joshua_seat=0 scores=[81, 75] margin=+6 joshua=158.8ms/mv champ=2546.6ms/mv
[149/300] deck=125000000073 joshua_seat=0 scores=[61, 87] margin=-26 joshua=121.4ms/mv champ=2861.6ms/mv
[150/300] deck=125000000074 joshua_seat=1 scores=[91, 78] margin=-13 joshua=139.5ms/mv champ=2683.6ms/mv
[151/300] deck=125000000076 joshua_seat=1 scores=[134, 103] margin=-31 joshua=115.2ms/mv champ=2659.9ms/mv
[152/300] deck=125000000075 joshua_seat=1 scores=[133, 79] margin=-54 joshua=124.9ms/mv champ=2761.0ms/mv
[153/300] deck=125000000070 joshua_seat=1 scores=[111, 65] margin=-46 joshua=139.2ms/mv champ=3399.1ms/mv
[154/300] deck=125000000076 joshua_seat=0 scores=[76, 107] margin=-31 joshua=124.3ms/mv champ=2902.7ms/mv
[155/300] deck=125000000080 joshua_seat=0 scores=[80, 110] margin=-30 joshua=105.0ms/mv champ=2388.3ms/mv
[156/300] deck=125000000079 joshua_seat=1 scores=[105, 62] margin=-43 joshua=137.0ms/mv champ=2567.5ms/mv
[157/300] deck=125000000077 joshua_seat=0 scores=[62, 120] margin=-58 joshua=157.6ms/mv champ=3231.9ms/mv
[158/300] deck=125000000077 joshua_seat=1 scores=[127, 68] margin=-59 joshua=136.0ms/mv champ=2970.6ms/mv
[159/300] deck=125000000073 joshua_seat=1 scores=[117, 70] margin=-47 joshua=152.6ms/mv champ=3407.0ms/mv
[160/300] deck=125000000083 joshua_seat=1 scores=[102, 53] margin=-49 joshua=123.7ms/mv champ=1989.5ms/mv
[161/300] deck=125000000081 joshua_seat=1 scores=[98, 92] margin=-6 joshua=145.0ms/mv champ=2439.6ms/mv
[162/300] deck=125000000082 joshua_seat=0 scores=[80, 104] margin=-24 joshua=137.0ms/mv champ=2484.6ms/mv
[163/300] deck=125000000085 joshua_seat=0 scores=[64, 80] margin=-16 joshua=116.5ms/mv champ=1598.6ms/mv
[164/300] deck=125000000074 joshua_seat=0 scores=[84, 134] margin=-50 joshua=172.5ms/mv champ=3855.1ms/mv
[165/300] deck=125000000082 joshua_seat=1 scores=[106, 64] margin=-42 joshua=120.8ms/mv champ=2506.5ms/mv
[166/300] deck=125000000084 joshua_seat=0 scores=[64, 90] margin=-26 joshua=162.3ms/mv champ=2222.1ms/mv
[167/300] deck=125000000081 joshua_seat=0 scores=[67, 116] margin=-49 joshua=153.5ms/mv champ=3075.6ms/mv
[168/300] deck=125000000079 joshua_seat=0 scores=[69, 106] margin=-37 joshua=154.1ms/mv champ=3550.0ms/mv
[169/300] deck=125000000083 joshua_seat=0 scores=[96, 72] margin=+24 joshua=136.1ms/mv champ=2882.2ms/mv
[170/300] deck=125000000078 joshua_seat=0 scores=[72, 116] margin=-44 joshua=167.3ms/mv champ=3885.5ms/mv
[171/300] deck=125000000085 joshua_seat=1 scores=[103, 88] margin=-15 joshua=119.8ms/mv champ=2413.0ms/mv
[172/300] deck=125000000086 joshua_seat=0 scores=[55, 99] margin=-44 joshua=130.6ms/mv champ=2463.8ms/mv
[173/300] deck=125000000086 joshua_seat=1 scores=[121, 98] margin=-23 joshua=122.9ms/mv champ=2498.1ms/mv
[174/300] deck=125000000084 joshua_seat=1 scores=[89, 95] margin=+6 joshua=168.7ms/mv champ=3135.0ms/mv
[175/300] deck=125000000092 joshua_seat=0 scores=[79, 67] margin=+12 joshua=140.8ms/mv champ=2006.8ms/mv
[176/300] deck=125000000091 joshua_seat=1 scores=[121, 116] margin=-5 joshua=113.7ms/mv champ=2054.1ms/mv
[177/300] deck=125000000092 joshua_seat=1 scores=[73, 65] margin=-8 joshua=121.2ms/mv champ=1834.2ms/mv
[178/300] deck=125000000089 joshua_seat=1 scores=[112, 75] margin=-37 joshua=106.3ms/mv champ=2406.2ms/mv
[179/300] deck=125000000091 joshua_seat=0 scores=[72, 98] margin=-26 joshua=112.9ms/mv champ=2391.0ms/mv
[180/300] deck=125000000088 joshua_seat=1 scores=[135, 81] margin=-54 joshua=116.0ms/mv champ=2639.4ms/mv
[181/300] deck=125000000088 joshua_seat=0 scores=[78, 107] margin=-29 joshua=119.6ms/mv champ=2832.8ms/mv
[182/300] deck=125000000087 joshua_seat=1 scores=[86, 68] margin=-18 joshua=156.3ms/mv champ=2902.0ms/mv
[183/300] deck=125000000089 joshua_seat=0 scores=[64, 109] margin=-45 joshua=148.2ms/mv champ=2744.3ms/mv
[184/300] deck=125000000093 joshua_seat=1 scores=[105, 85] margin=-20 joshua=120.4ms/mv champ=2072.2ms/mv
[185/300] deck=125000000090 joshua_seat=0 scores=[84, 111] margin=-27 joshua=135.9ms/mv champ=2720.9ms/mv
[186/300] deck=125000000087 joshua_seat=0 scores=[67, 101] margin=-34 joshua=147.8ms/mv champ=3237.7ms/mv
[187/300] deck=125000000090 joshua_seat=1 scores=[127, 58] margin=-69 joshua=117.5ms/mv champ=2751.0ms/mv
[188/300] deck=125000000094 joshua_seat=0 scores=[68, 108] margin=-40 joshua=116.7ms/mv champ=2359.2ms/mv
[189/300] deck=125000000093 joshua_seat=0 scores=[98, 106] margin=-8 joshua=110.6ms/mv champ=2373.8ms/mv
[190/300] deck=125000000097 joshua_seat=0 scores=[73, 108] margin=-35 joshua=89.4ms/mv champ=1929.8ms/mv
[191/300] deck=125000000098 joshua_seat=0 scores=[65, 83] margin=-18 joshua=108.9ms/mv champ=1858.7ms/mv
[192/300] deck=125000000095 joshua_seat=0 scores=[63, 116] margin=-53 joshua=122.8ms/mv champ=2362.1ms/mv
[193/300] deck=125000000096 joshua_seat=0 scores=[95, 83] margin=+12 joshua=116.0ms/mv champ=2241.7ms/mv
[194/300] deck=125000000098 joshua_seat=1 scores=[98, 94] margin=-4 joshua=117.8ms/mv champ=2085.2ms/mv
[195/300] deck=125000000097 joshua_seat=1 scores=[116, 78] margin=-38 joshua=118.6ms/mv champ=2283.7ms/mv
[196/300] deck=125000000100 joshua_seat=0 scores=[70, 100] margin=-30 joshua=103.9ms/mv champ=1649.2ms/mv
[197/300] deck=125000000096 joshua_seat=1 scores=[90, 54] margin=-36 joshua=123.9ms/mv champ=2527.8ms/mv
[198/300] deck=125000000101 joshua_seat=0 scores=[84, 75] margin=+9 joshua=131.4ms/mv champ=1481.2ms/mv
[199/300] deck=125000000100 joshua_seat=1 scores=[99, 68] margin=-31 joshua=115.7ms/mv champ=1867.5ms/mv
[200/300] deck=125000000095 joshua_seat=1 scores=[99, 57] margin=-42 joshua=142.4ms/mv champ=3133.1ms/mv
[201/300] deck=125000000099 joshua_seat=1 scores=[109, 49] margin=-60 joshua=138.2ms/mv champ=2472.1ms/mv
[202/300] deck=125000000099 joshua_seat=0 scores=[74, 97] margin=-23 joshua=127.0ms/mv champ=2748.1ms/mv
[203/300] deck=125000000101 joshua_seat=1 scores=[92, 86] margin=-6 joshua=120.7ms/mv champ=2136.8ms/mv
[204/300] deck=125000000102 joshua_seat=0 scores=[81, 89] margin=-8 joshua=114.1ms/mv champ=2063.9ms/mv
[205/300] deck=125000000106 joshua_seat=0 scores=[71, 66] margin=+5 joshua=165.8ms/mv champ=1722.8ms/mv
[206/300] deck=125000000094 joshua_seat=1 scores=[123, 72] margin=-51 joshua=154.8ms/mv champ=3701.4ms/mv
[207/300] deck=125000000102 joshua_seat=1 scores=[96, 78] margin=-18 joshua=103.3ms/mv champ=2251.7ms/mv
[208/300] deck=125000000109 joshua_seat=0 scores=[94, 80] margin=+14 joshua=128.0ms/mv champ=1687.6ms/mv
[209/300] deck=125000000108 joshua_seat=0 scores=[86, 87] margin=-1 joshua=116.0ms/mv champ=1823.0ms/mv
[210/300] deck=125000000109 joshua_seat=1 scores=[115, 64] margin=-51 joshua=104.3ms/mv champ=1699.1ms/mv
[211/300] deck=125000000107 joshua_seat=1 scores=[94, 51] margin=-43 joshua=104.7ms/mv champ=1936.8ms/mv
[212/300] deck=125000000103 joshua_seat=0 scores=[55, 114] margin=-59 joshua=126.4ms/mv champ=2878.9ms/mv
[213/300] deck=125000000112 joshua_seat=0 scores=[71, 68] margin=+3 joshua=132.0ms/mv champ=1714.5ms/mv
[214/300] deck=125000000104 joshua_seat=1 scores=[103, 83] margin=-20 joshua=113.7ms/mv champ=2683.8ms/mv
[215/300] deck=125000000103 joshua_seat=1 scores=[95, 57] margin=-38 joshua=112.8ms/mv champ=2798.7ms/mv
[216/300] deck=125000000104 joshua_seat=0 scores=[90, 114] margin=-24 joshua=130.3ms/mv champ=2776.0ms/mv
[217/300] deck=125000000105 joshua_seat=0 scores=[79, 118] margin=-39 joshua=114.9ms/mv champ=2724.1ms/mv
[218/300] deck=125000000105 joshua_seat=1 scores=[103, 66] margin=-37 joshua=102.5ms/mv champ=2626.0ms/mv
[219/300] deck=125000000110 joshua_seat=0 scores=[76, 128] margin=-52 joshua=95.3ms/mv champ=2284.3ms/mv
[220/300] deck=125000000116 joshua_seat=0 scores=[91, 71] margin=+20 joshua=112.3ms/mv champ=1201.2ms/mv
[221/300] deck=125000000107 joshua_seat=0 scores=[77, 108] margin=-31 joshua=122.7ms/mv champ=2791.3ms/mv
[222/300] deck=125000000108 joshua_seat=1 scores=[98, 53] margin=-45 joshua=121.4ms/mv champ=2607.3ms/mv
[223/300] deck=125000000111 joshua_seat=1 scores=[106, 89] margin=-17 joshua=102.4ms/mv champ=2134.8ms/mv
[224/300] deck=125000000110 joshua_seat=1 scores=[99, 71] margin=-28 joshua=119.5ms/mv champ=2471.3ms/mv
[225/300] deck=125000000113 joshua_seat=0 scores=[46, 98] margin=-52 joshua=119.0ms/mv champ=2210.5ms/mv
[226/300] deck=125000000111 joshua_seat=0 scores=[71, 99] margin=-28 joshua=137.6ms/mv champ=2698.3ms/mv
[227/300] deck=125000000112 joshua_seat=1 scores=[114, 71] margin=-43 joshua=102.5ms/mv champ=2403.6ms/mv
[228/300] deck=125000000106 joshua_seat=1 scores=[87, 53] margin=-34 joshua=148.9ms/mv champ=3252.9ms/mv
[229/300] deck=125000000114 joshua_seat=0 scores=[57, 111] margin=-54 joshua=93.8ms/mv champ=2289.9ms/mv
[230/300] deck=125000000113 joshua_seat=1 scores=[90, 91] margin=+1 joshua=113.0ms/mv champ=2513.9ms/mv
[231/300] deck=125000000115 joshua_seat=1 scores=[103, 74] margin=-29 joshua=115.1ms/mv champ=1956.9ms/mv
[232/300] deck=125000000116 joshua_seat=1 scores=[101, 78] margin=-23 joshua=123.1ms/mv champ=1845.6ms/mv
[233/300] deck=125000000118 joshua_seat=0 scores=[63, 85] margin=-22 joshua=117.5ms/mv champ=1769.4ms/mv
[234/300] deck=125000000114 joshua_seat=1 scores=[114, 82] margin=-32 joshua=117.5ms/mv champ=2735.5ms/mv
[235/300] deck=125000000122 joshua_seat=0 scores=[70, 106] margin=-36 joshua=104.5ms/mv champ=1619.8ms/mv
[236/300] deck=125000000119 joshua_seat=1 scores=[129, 84] margin=-45 joshua=111.2ms/mv champ=2159.1ms/mv
[237/300] deck=125000000117 joshua_seat=1 scores=[106, 60] margin=-46 joshua=101.6ms/mv champ=2444.4ms/mv
[238/300] deck=125000000117 joshua_seat=0 scores=[72, 113] margin=-41 joshua=106.3ms/mv champ=2719.5ms/mv
[239/300] deck=125000000118 joshua_seat=1 scores=[93, 44] margin=-49 joshua=136.8ms/mv champ=2498.5ms/mv
[240/300] deck=125000000119 joshua_seat=0 scores=[66, 112] margin=-46 joshua=114.9ms/mv champ=2630.9ms/mv
[241/300] deck=125000000115 joshua_seat=0 scores=[66, 110] margin=-44 joshua=141.6ms/mv champ=3498.7ms/mv
[242/300] deck=125000000129 joshua_seat=1 scores=[89, 71] margin=-18 joshua=81.5ms/mv champ=1357.3ms/mv
[243/300] deck=125000000124 joshua_seat=0 scores=[80, 113] margin=-33 joshua=90.8ms/mv champ=2200.0ms/mv
[244/300] deck=125000000120 joshua_seat=0 scores=[83, 90] margin=-7 joshua=132.7ms/mv champ=2730.6ms/mv
[245/300] deck=125000000121 joshua_seat=1 scores=[101, 84] margin=-17 joshua=112.2ms/mv champ=2338.2ms/mv
[246/300] deck=125000000123 joshua_seat=0 scores=[72, 120] margin=-48 joshua=106.5ms/mv champ=2334.5ms/mv
[247/300] deck=125000000124 joshua_seat=1 scores=[105, 65] margin=-40 joshua=88.4ms/mv champ=2201.4ms/mv
[248/300] deck=125000000127 joshua_seat=1 scores=[131, 103] margin=-28 joshua=96.4ms/mv champ=1830.3ms/mv
[249/300] deck=125000000122 joshua_seat=1 scores=[91, 72] margin=-19 joshua=125.5ms/mv champ=2500.2ms/mv
[250/300] deck=125000000125 joshua_seat=1 scores=[102, 54] margin=-48 joshua=112.6ms/mv champ=2212.4ms/mv
[251/300] deck=125000000121 joshua_seat=0 scores=[93, 91] margin=+2 joshua=113.1ms/mv champ=2680.0ms/mv
[252/300] deck=125000000128 joshua_seat=1 scores=[91, 69] margin=-22 joshua=115.8ms/mv champ=1812.6ms/mv
[253/300] deck=125000000123 joshua_seat=1 scores=[103, 85] margin=-18 joshua=118.1ms/mv champ=2580.0ms/mv
[254/300] deck=125000000128 joshua_seat=0 scores=[98, 98] margin=+0 joshua=96.9ms/mv champ=2068.7ms/mv
[255/300] deck=125000000125 joshua_seat=0 scores=[70, 102] margin=-32 joshua=121.1ms/mv champ=2584.1ms/mv
[256/300] deck=125000000130 joshua_seat=1 scores=[115, 83] margin=-32 joshua=100.2ms/mv champ=1894.8ms/mv
[257/300] deck=125000000126 joshua_seat=1 scores=[109, 80] margin=-29 joshua=109.6ms/mv champ=2508.6ms/mv
[258/300] deck=125000000129 joshua_seat=0 scores=[72, 93] margin=-21 joshua=104.4ms/mv champ=2185.5ms/mv
[259/300] deck=125000000130 joshua_seat=0 scores=[94, 136] margin=-42 joshua=90.3ms/mv champ=2154.9ms/mv
[260/300] deck=125000000127 joshua_seat=0 scores=[51, 82] margin=-31 joshua=109.3ms/mv champ=2611.5ms/mv
[261/300] deck=125000000126 joshua_seat=0 scores=[75, 117] margin=-42 joshua=136.3ms/mv champ=2811.2ms/mv
[262/300] deck=125000000131 joshua_seat=1 scores=[110, 45] margin=-65 joshua=87.1ms/mv champ=1643.8ms/mv
[263/300] deck=125000000120 joshua_seat=1 scores=[119, 78] margin=-41 joshua=129.0ms/mv champ=3221.0ms/mv
[264/300] deck=125000000131 joshua_seat=0 scores=[64, 121] margin=-57 joshua=105.5ms/mv champ=2410.3ms/mv
[265/300] deck=125000000132 joshua_seat=1 scores=[96, 45] margin=-51 joshua=132.1ms/mv champ=1772.9ms/mv
[266/300] deck=125000000133 joshua_seat=0 scores=[64, 74] margin=-10 joshua=120.2ms/mv champ=1854.5ms/mv
[267/300] deck=125000000134 joshua_seat=1 scores=[80, 76] margin=-4 joshua=84.1ms/mv champ=1508.5ms/mv
[268/300] deck=125000000133 joshua_seat=1 scores=[94, 90] margin=-4 joshua=89.8ms/mv champ=1948.4ms/mv
[269/300] deck=125000000134 joshua_seat=0 scores=[48, 112] margin=-64 joshua=114.9ms/mv champ=1967.5ms/mv
[270/300] deck=125000000138 joshua_seat=1 scores=[104, 84] margin=-20 joshua=95.9ms/mv champ=1821.4ms/mv
[271/300] deck=125000000137 joshua_seat=1 scores=[123, 84] margin=-39 joshua=96.1ms/mv champ=1923.2ms/mv
[272/300] deck=125000000142 joshua_seat=0 scores=[82, 94] margin=-12 joshua=88.6ms/mv champ=1547.1ms/mv
[273/300] deck=125000000136 joshua_seat=0 scores=[77, 107] margin=-30 joshua=107.8ms/mv champ=2137.5ms/mv
[274/300] deck=125000000143 joshua_seat=0 scores=[66, 72] margin=-6 joshua=113.5ms/mv champ=1440.6ms/mv
[275/300] deck=125000000132 joshua_seat=0 scores=[69, 96] margin=-27 joshua=120.1ms/mv champ=2872.9ms/mv
[276/300] deck=125000000135 joshua_seat=1 scores=[122, 59] margin=-63 joshua=106.0ms/mv champ=2241.3ms/mv
[277/300] deck=125000000135 joshua_seat=0 scores=[48, 106] margin=-58 joshua=112.2ms/mv champ=2440.5ms/mv
[278/300] deck=125000000136 joshua_seat=1 scores=[113, 79] margin=-34 joshua=132.7ms/mv champ=2284.8ms/mv
[279/300] deck=125000000137 joshua_seat=0 scores=[94, 104] margin=-10 joshua=95.9ms/mv champ=2423.5ms/mv
[280/300] deck=125000000146 joshua_seat=0 scores=[87, 89] margin=-2 joshua=95.5ms/mv champ=1630.0ms/mv
[281/300] deck=125000000141 joshua_seat=0 scores=[70, 98] margin=-28 joshua=114.2ms/mv champ=2153.1ms/mv
[282/300] deck=125000000145 joshua_seat=1 scores=[87, 80] margin=-7 joshua=88.0ms/mv champ=1737.1ms/mv
[283/300] deck=125000000141 joshua_seat=1 scores=[101, 53] margin=-48 joshua=116.4ms/mv champ=2126.0ms/mv
[284/300] deck=125000000138 joshua_seat=0 scores=[49, 86] margin=-37 joshua=123.8ms/mv champ=2599.1ms/mv
[285/300] deck=125000000146 joshua_seat=1 scores=[99, 69] margin=-30 joshua=80.0ms/mv champ=1553.5ms/mv
[286/300] deck=125000000139 joshua_seat=1 scores=[117, 76] margin=-41 joshua=125.1ms/mv champ=2455.9ms/mv
[287/300] deck=125000000139 joshua_seat=0 scores=[73, 98] margin=-25 joshua=100.4ms/mv champ=2571.3ms/mv
[288/300] deck=125000000144 joshua_seat=0 scores=[70, 121] margin=-51 joshua=83.4ms/mv champ=2101.8ms/mv
[289/300] deck=125000000143 joshua_seat=1 scores=[84, 90] margin=+6 joshua=111.9ms/mv champ=2075.7ms/mv
[290/300] deck=125000000140 joshua_seat=0 scores=[74, 77] margin=-3 joshua=120.4ms/mv champ=2603.6ms/mv
[291/300] deck=125000000145 joshua_seat=0 scores=[89, 80] margin=+9 joshua=98.8ms/mv champ=2083.6ms/mv
[292/300] deck=125000000144 joshua_seat=1 scores=[102, 62] margin=-40 joshua=89.4ms/mv champ=2100.9ms/mv
[293/300] deck=125000000142 joshua_seat=1 scores=[93, 65] margin=-28 joshua=123.3ms/mv champ=2378.6ms/mv
[294/300] deck=125000000148 joshua_seat=1 scores=[79, 82] margin=+3 joshua=68.2ms/mv champ=1523.0ms/mv
[295/300] deck=125000000140 joshua_seat=1 scores=[111, 67] margin=-44 joshua=125.5ms/mv champ=2770.4ms/mv
[296/300] deck=125000000147 joshua_seat=0 scores=[85, 114] margin=-29 joshua=79.2ms/mv champ=1923.5ms/mv
[297/300] deck=125000000147 joshua_seat=1 scores=[103, 97] margin=-6 joshua=92.0ms/mv champ=2059.7ms/mv
[298/300] deck=125000000149 joshua_seat=1 scores=[120, 88] margin=-32 joshua=53.8ms/mv champ=1411.9ms/mv
[299/300] deck=125000000148 joshua_seat=0 scores=[89, 109] margin=-20 joshua=90.9ms/mv champ=2188.2ms/mv
[300/300] deck=125000000149 joshua_seat=0 scores=[71, 102] margin=-31 joshua=82.8ms/mv champ=1911.2ms/mv

[joshuabot-h2h] DONE 300 games in 29.7 min
{
 "variant_ids": [
  "early+j7w1"
 ],
 "n_records": 300,
 "n_scored": 300,
 "wins": 25,
 "draws": 2,
 "losses": 273,
 "win_rate": 0.08666666666666667,
 "n_paired_decks": 150,
 "paired_margin_mean": -29.14,
 "paired_margin_sem": 1.1560861226753418,
 "paired_margin_z": -25.20573461479327,
 "mean_margin_unpaired": -29.14,
 "rule_fires_total": {
  "f_end_deploy": 12,
  "f_j3_reserve_floor": 6318,
  "j1_majority_steal": 1772,
  "j2_farm_attack": 17200,
  "j5_dump": 630,
  "j6_anchor_roads": 19042,
  "j7_close_vs_farm": 14836,
  "j8_overcommit": 1508
 }
}
