[joshuabot-h2h] variant=current+j7w0 profile=fixed_v1 {'CARCASSONNE_FIX_R9': '1', 'r9_env_expected': True} decks=400 workers=30 done=269 prior_failed=0 retry_failed=False todo=531 manifest=measurement/joshuabot_20260812/confirm/J7ZERO_confirm.jsonl.manifest.json
[1/531] deck=126000000139 joshua_seat=1 scores=[88, 83] margin=-5 joshua=100.3ms/mv champ=1422.3ms/mv
[2/531] deck=126000000141 joshua_seat=0 scores=[82, 81] margin=+1 joshua=115.5ms/mv champ=1618.4ms/mv
[3/531] deck=126000000147 joshua_seat=0 scores=[71, 76] margin=-5 joshua=98.0ms/mv champ=1752.8ms/mv
[4/531] deck=126000000144 joshua_seat=1 scores=[86, 92] margin=+6 joshua=110.6ms/mv champ=1785.9ms/mv
[5/531] deck=126000000148 joshua_seat=1 scores=[106, 87] margin=-19 joshua=128.8ms/mv champ=1773.6ms/mv
[6/531] deck=126000000146 joshua_seat=0 scores=[77, 82] margin=-5 joshua=87.9ms/mv champ=1896.1ms/mv
[7/531] deck=126000000145 joshua_seat=1 scores=[107, 76] margin=-31 joshua=91.4ms/mv champ=1897.4ms/mv
[8/531] deck=126000000143 joshua_seat=1 scores=[84, 78] margin=-6 joshua=120.0ms/mv champ=1907.7ms/mv
[9/531] deck=126000000138 joshua_seat=1 scores=[97, 84] margin=-13 joshua=112.0ms/mv champ=1927.0ms/mv
[10/531] deck=126000000141 joshua_seat=1 scores=[96, 79] margin=-17 joshua=126.9ms/mv champ=1920.5ms/mv
[11/531] ⚠️ FAILED CELL deck=126000000135 joshua_seat=0 RuntimeError: PUCT reached a node with no valid actions (Python IndexError) (1 failed so far — the pool CONTINUES; the cell is an EXCLUSION, see the summary)
[12/531] deck=126000000134 joshua_seat=1 scores=[115, 92] margin=-23 joshua=97.2ms/mv champ=2151.7ms/mv
[13/531] deck=126000000133 joshua_seat=1 scores=[90, 79] margin=-11 joshua=111.5ms/mv champ=2156.2ms/mv
[14/531] deck=126000000142 joshua_seat=1 scores=[111, 100] margin=-11 joshua=109.3ms/mv champ=2238.3ms/mv
[15/531] deck=126000000146 joshua_seat=1 scores=[109, 60] margin=-49 joshua=95.2ms/mv champ=2275.9ms/mv
[16/531] deck=126000000137 joshua_seat=1 scores=[108, 92] margin=-16 joshua=99.1ms/mv champ=2328.6ms/mv
[17/531] deck=126000000149 joshua_seat=0 scores=[85, 95] margin=-10 joshua=97.8ms/mv champ=2398.7ms/mv
[18/531] deck=126000000134 joshua_seat=0 scores=[75, 110] margin=-35 joshua=120.4ms/mv champ=2400.0ms/mv
[19/531] deck=126000000142 joshua_seat=0 scores=[76, 115] margin=-39 joshua=106.4ms/mv champ=2465.5ms/mv
[20/531] deck=126000000140 joshua_seat=0 scores=[83, 90] margin=-7 joshua=119.7ms/mv champ=2453.7ms/mv
[21/531] deck=126000000143 joshua_seat=0 scores=[92, 105] margin=-13 joshua=110.0ms/mv champ=2475.1ms/mv
[22/531] deck=126000000145 joshua_seat=0 scores=[88, 96] margin=-8 joshua=109.5ms/mv champ=2490.2ms/mv
[23/531] deck=126000000139 joshua_seat=0 scores=[77, 94] margin=-17 joshua=117.7ms/mv champ=2555.9ms/mv
[24/531] deck=126000000147 joshua_seat=1 scores=[99, 93] margin=-6 joshua=121.4ms/mv champ=2502.4ms/mv
[25/531] deck=126000000140 joshua_seat=1 scores=[113, 80] margin=-33 joshua=111.0ms/mv champ=2524.3ms/mv
[26/531] deck=126000000135 joshua_seat=1 scores=[130, 102] margin=-28 joshua=129.1ms/mv champ=2522.5ms/mv
[27/531] deck=126000000132 joshua_seat=1 scores=[132, 91] margin=-41 joshua=111.4ms/mv champ=2590.7ms/mv
[28/531] deck=126000000144 joshua_seat=0 scores=[100, 127] margin=-27 joshua=121.8ms/mv champ=2663.0ms/mv
[29/531] deck=126000000133 joshua_seat=0 scores=[70, 116] margin=-46 joshua=119.2ms/mv champ=2841.7ms/mv
[30/531] deck=126000000148 joshua_seat=0 scores=[78, 106] margin=-28 joshua=155.7ms/mv champ=3366.4ms/mv
[31/531] deck=126000000150 joshua_seat=0 scores=[96, 123] margin=-27 joshua=111.0ms/mv champ=1826.3ms/mv
[32/531] deck=126000000154 joshua_seat=0 scores=[98, 112] margin=-14 joshua=101.1ms/mv champ=1722.6ms/mv
[33/531] deck=126000000152 joshua_seat=1 scores=[99, 70] margin=-29 joshua=111.5ms/mv champ=1811.5ms/mv
[34/531] deck=126000000158 joshua_seat=0 scores=[99, 84] margin=+15 joshua=123.5ms/mv champ=1403.1ms/mv
[35/531] deck=126000000154 joshua_seat=1 scores=[86, 87] margin=+1 joshua=104.9ms/mv champ=1925.8ms/mv
[36/531] deck=126000000151 joshua_seat=0 scores=[77, 87] margin=-10 joshua=130.0ms/mv champ=2138.8ms/mv
[37/531] deck=126000000153 joshua_seat=0 scores=[108, 112] margin=-4 joshua=131.5ms/mv champ=2057.3ms/mv
[38/531] deck=126000000159 joshua_seat=1 scores=[77, 81] margin=+4 joshua=113.7ms/mv champ=1594.2ms/mv
[39/531] deck=126000000149 joshua_seat=1 scores=[108, 53] margin=-55 joshua=106.2ms/mv champ=2618.9ms/mv
[40/531] deck=126000000153 joshua_seat=1 scores=[99, 103] margin=+4 joshua=106.4ms/mv champ=2237.1ms/mv
[41/531] deck=126000000162 joshua_seat=1 scores=[77, 84] margin=+7 joshua=87.0ms/mv champ=1661.0ms/mv
[42/531] deck=126000000150 joshua_seat=1 scores=[104, 96] margin=-8 joshua=127.8ms/mv champ=2629.3ms/mv
[43/531] deck=126000000160 joshua_seat=0 scores=[86, 78] margin=+8 joshua=122.5ms/mv champ=2021.6ms/mv
[44/531] deck=126000000161 joshua_seat=0 scores=[101, 96] margin=+5 joshua=92.2ms/mv champ=1970.4ms/mv
[45/531] deck=126000000152 joshua_seat=0 scores=[74, 91] margin=-17 joshua=117.4ms/mv champ=2668.7ms/mv
[46/531] deck=126000000163 joshua_seat=1 scores=[108, 91] margin=-17 joshua=109.4ms/mv champ=1748.6ms/mv
[47/531] deck=126000000151 joshua_seat=1 scores=[129, 63] margin=-66 joshua=112.2ms/mv champ=2731.9ms/mv
[48/531] deck=126000000156 joshua_seat=0 scores=[94, 104] margin=-10 joshua=103.3ms/mv champ=2357.6ms/mv
[49/531] deck=126000000160 joshua_seat=1 scores=[104, 81] margin=-23 joshua=81.7ms/mv champ=2110.7ms/mv
[50/531] deck=126000000155 joshua_seat=0 scores=[74, 86] margin=-12 joshua=145.8ms/mv champ=2508.5ms/mv
[51/531] deck=126000000163 joshua_seat=0 scores=[118, 129] margin=-11 joshua=115.1ms/mv champ=2250.1ms/mv
[52/531] deck=126000000157 joshua_seat=1 scores=[102, 108] margin=+6 joshua=102.9ms/mv champ=2494.5ms/mv
[53/531] deck=126000000155 joshua_seat=1 scores=[87, 76] margin=-11 joshua=122.2ms/mv champ=2735.5ms/mv
[54/531] deck=126000000156 joshua_seat=1 scores=[109, 54] margin=-55 joshua=106.9ms/mv champ=2585.1ms/mv
[55/531] deck=126000000157 joshua_seat=0 scores=[80, 104] margin=-24 joshua=134.7ms/mv champ=2603.5ms/mv
[56/531] deck=126000000161 joshua_seat=1 scores=[117, 58] margin=-59 joshua=96.9ms/mv champ=2397.1ms/mv
[57/531] deck=126000000159 joshua_seat=0 scores=[88, 113] margin=-25 joshua=117.9ms/mv champ=2734.5ms/mv
[58/531] deck=126000000158 joshua_seat=1 scores=[97, 83] margin=-14 joshua=136.0ms/mv champ=2805.9ms/mv
[59/531] deck=126000000164 joshua_seat=1 scores=[88, 89] margin=+1 joshua=120.1ms/mv champ=1759.3ms/mv
[60/531] deck=126000000167 joshua_seat=0 scores=[67, 71] margin=-4 joshua=115.1ms/mv champ=1462.2ms/mv
[61/531] deck=126000000166 joshua_seat=1 scores=[80, 77] margin=-3 joshua=102.8ms/mv champ=1547.0ms/mv
[62/531] deck=126000000164 joshua_seat=0 scores=[72, 114] margin=-42 joshua=96.4ms/mv champ=2347.5ms/mv
[63/531] deck=126000000165 joshua_seat=0 scores=[90, 79] margin=+11 joshua=145.7ms/mv champ=2092.4ms/mv
[64/531] deck=126000000167 joshua_seat=1 scores=[114, 77] margin=-37 joshua=94.1ms/mv champ=1890.6ms/mv
[65/531] deck=126000000162 joshua_seat=0 scores=[83, 126] margin=-43 joshua=137.2ms/mv champ=3459.0ms/mv
[66/531] deck=126000000169 joshua_seat=0 scores=[102, 54] margin=+48 joshua=141.9ms/mv champ=1746.0ms/mv
[67/531] deck=126000000166 joshua_seat=0 scores=[66, 116] margin=-50 joshua=90.7ms/mv champ=2260.1ms/mv
[68/531] deck=126000000168 joshua_seat=0 scores=[79, 98] margin=-19 joshua=101.3ms/mv champ=2059.2ms/mv
[69/531] deck=126000000168 joshua_seat=1 scores=[113, 108] margin=-5 joshua=92.3ms/mv champ=2105.9ms/mv
[70/531] deck=126000000173 joshua_seat=1 scores=[101, 61] margin=-40 joshua=110.1ms/mv champ=1708.9ms/mv
[71/531] deck=126000000172 joshua_seat=1 scores=[96, 80] margin=-16 joshua=102.3ms/mv champ=1825.5ms/mv
[72/531] deck=126000000175 joshua_seat=1 scores=[77, 85] margin=+8 joshua=102.5ms/mv champ=1580.8ms/mv
[73/531] deck=126000000174 joshua_seat=1 scores=[97, 88] margin=-9 joshua=80.3ms/mv champ=1640.4ms/mv
[74/531] deck=126000000176 joshua_seat=0 scores=[86, 81] margin=+5 joshua=113.3ms/mv champ=1672.6ms/mv
[75/531] deck=126000000173 joshua_seat=0 scores=[79, 88] margin=-9 joshua=108.2ms/mv champ=2189.1ms/mv
[76/531] deck=126000000170 joshua_seat=1 scores=[87, 95] margin=+8 joshua=96.9ms/mv champ=2302.9ms/mv
[77/531] deck=126000000170 joshua_seat=0 scores=[84, 91] margin=-7 joshua=112.3ms/mv champ=2436.0ms/mv
[78/531] deck=126000000175 joshua_seat=0 scores=[67, 90] margin=-23 joshua=95.5ms/mv champ=2052.7ms/mv
[79/531] deck=126000000174 joshua_seat=0 scores=[84, 107] margin=-23 joshua=120.6ms/mv champ=2255.7ms/mv
[80/531] deck=126000000179 joshua_seat=1 scores=[84, 87] margin=+3 joshua=105.6ms/mv champ=1433.2ms/mv
[81/531] deck=126000000171 joshua_seat=1 scores=[109, 52] margin=-57 joshua=114.1ms/mv champ=2571.4ms/mv
[82/531] deck=126000000171 joshua_seat=0 scores=[103, 91] margin=+12 joshua=118.1ms/mv champ=2738.6ms/mv
[83/531] deck=126000000179 joshua_seat=0 scores=[82, 90] margin=-8 joshua=120.5ms/mv champ=1756.6ms/mv
[84/531] deck=126000000165 joshua_seat=1 scores=[91, 78] margin=-13 joshua=165.7ms/mv champ=3456.0ms/mv
[85/531] deck=126000000176 joshua_seat=1 scores=[91, 58] margin=-33 joshua=103.2ms/mv champ=2371.0ms/mv
[86/531] deck=126000000178 joshua_seat=1 scores=[125, 70] margin=-55 joshua=93.2ms/mv champ=2235.8ms/mv
[87/531] deck=126000000180 joshua_seat=0 scores=[81, 96] margin=-15 joshua=103.2ms/mv champ=1962.7ms/mv
[88/531] deck=126000000177 joshua_seat=0 scores=[85, 125] margin=-40 joshua=110.8ms/mv champ=2662.4ms/mv
[89/531] deck=126000000172 joshua_seat=0 scores=[75, 107] margin=-32 joshua=121.4ms/mv champ=3151.3ms/mv
[90/531] deck=126000000177 joshua_seat=1 scores=[113, 86] margin=-27 joshua=99.6ms/mv champ=2607.6ms/mv
[91/531] deck=126000000178 joshua_seat=0 scores=[85, 105] margin=-20 joshua=109.4ms/mv champ=2511.3ms/mv
[92/531] deck=126000000184 joshua_seat=0 scores=[110, 65] margin=+45 joshua=109.4ms/mv champ=1436.4ms/mv
[93/531] deck=126000000180 joshua_seat=1 scores=[112, 90] margin=-22 joshua=110.6ms/mv champ=2078.2ms/mv
[94/531] deck=126000000181 joshua_seat=1 scores=[102, 73] margin=-29 joshua=102.1ms/mv champ=2012.7ms/mv
[95/531] deck=126000000169 joshua_seat=1 scores=[110, 69] margin=-41 joshua=144.5ms/mv champ=3708.1ms/mv
[96/531] deck=126000000181 joshua_seat=0 scores=[68, 91] margin=-23 joshua=127.2ms/mv champ=2224.4ms/mv
[97/531] deck=126000000185 joshua_seat=0 scores=[93, 103] margin=-10 joshua=111.2ms/mv champ=1963.1ms/mv
[98/531] deck=126000000183 joshua_seat=0 scores=[93, 70] margin=+23 joshua=143.2ms/mv champ=2335.5ms/mv
[99/531] deck=126000000183 joshua_seat=1 scores=[106, 75] margin=-31 joshua=118.9ms/mv champ=2347.9ms/mv
[100/531] deck=126000000188 joshua_seat=0 scores=[80, 76] margin=+4 joshua=103.8ms/mv champ=1704.0ms/mv
[101/531] deck=126000000184 joshua_seat=1 scores=[131, 71] margin=-60 joshua=98.4ms/mv champ=2197.1ms/mv
[102/531] deck=126000000187 joshua_seat=1 scores=[103, 84] margin=-19 joshua=123.3ms/mv champ=1814.8ms/mv
[103/531] deck=126000000190 joshua_seat=0 scores=[88, 77] margin=+11 joshua=111.3ms/mv champ=1514.5ms/mv
[104/531] deck=126000000186 joshua_seat=0 scores=[103, 119] margin=-16 joshua=104.6ms/mv champ=2245.1ms/mv
[105/531] deck=126000000185 joshua_seat=1 scores=[86, 83] margin=-3 joshua=120.3ms/mv champ=2544.8ms/mv
[106/531] deck=126000000187 joshua_seat=0 scores=[81, 109] margin=-28 joshua=115.1ms/mv champ=2335.4ms/mv
[107/531] deck=126000000182 joshua_seat=1 scores=[123, 59] margin=-64 joshua=144.7ms/mv champ=3092.4ms/mv
[108/531] deck=126000000189 joshua_seat=1 scores=[104, 47] margin=-57 joshua=98.7ms/mv champ=2043.9ms/mv
[109/531] deck=126000000188 joshua_seat=1 scores=[100, 67] margin=-33 joshua=108.5ms/mv champ=2236.9ms/mv
[110/531] deck=126000000189 joshua_seat=0 scores=[91, 89] margin=+2 joshua=104.1ms/mv champ=2217.6ms/mv
[111/531] deck=126000000182 joshua_seat=0 scores=[63, 108] margin=-45 joshua=156.6ms/mv champ=3318.4ms/mv
[112/531] deck=126000000191 joshua_seat=0 scores=[68, 103] margin=-35 joshua=107.2ms/mv champ=2084.3ms/mv
[113/531] deck=126000000186 joshua_seat=1 scores=[118, 84] margin=-34 joshua=103.4ms/mv champ=2679.0ms/mv
[114/531] deck=126000000191 joshua_seat=1 scores=[104, 107] margin=+3 joshua=99.3ms/mv champ=2188.9ms/mv
[115/531] deck=126000000198 joshua_seat=0 scores=[96, 63] margin=+33 joshua=94.8ms/mv champ=1037.6ms/mv
[116/531] deck=126000000192 joshua_seat=0 scores=[83, 102] margin=-19 joshua=108.4ms/mv champ=2075.5ms/mv
[117/531] deck=126000000197 joshua_seat=0 scores=[77, 83] margin=-6 joshua=123.2ms/mv champ=1403.5ms/mv
[118/531] deck=126000000194 joshua_seat=1 scores=[112, 77] margin=-35 joshua=99.1ms/mv champ=2101.1ms/mv
[119/531] deck=126000000192 joshua_seat=1 scores=[114, 75] margin=-39 joshua=95.4ms/mv champ=2340.3ms/mv
[120/531] deck=126000000195 joshua_seat=1 scores=[104, 85] margin=-19 joshua=97.9ms/mv champ=1990.0ms/mv
[121/531] deck=126000000195 joshua_seat=0 scores=[84, 104] margin=-20 joshua=112.6ms/mv champ=2148.3ms/mv
[122/531] deck=126000000193 joshua_seat=0 scores=[67, 82] margin=-15 joshua=120.6ms/mv champ=2500.6ms/mv
[123/531] deck=126000000194 joshua_seat=0 scores=[83, 92] margin=-9 joshua=122.8ms/mv champ=2446.5ms/mv
[124/531] deck=126000000196 joshua_seat=0 scores=[95, 92] margin=+3 joshua=107.0ms/mv champ=2220.7ms/mv
[125/531] deck=126000000190 joshua_seat=1 scores=[118, 66] margin=-52 joshua=123.8ms/mv champ=3086.8ms/mv
[126/531] deck=126000000193 joshua_seat=1 scores=[106, 93] margin=-13 joshua=125.6ms/mv champ=2717.8ms/mv
[127/531] deck=126000000196 joshua_seat=1 scores=[91, 77] margin=-14 joshua=113.6ms/mv champ=2466.5ms/mv
[128/531] deck=126000000203 joshua_seat=0 scores=[81, 81] margin=+0 joshua=100.2ms/mv champ=1404.1ms/mv
[129/531] deck=126000000201 joshua_seat=1 scores=[118, 85] margin=-33 joshua=86.7ms/mv champ=1812.8ms/mv
[130/531] deck=126000000205 joshua_seat=0 scores=[66, 98] margin=-32 joshua=112.8ms/mv champ=1570.4ms/mv
[131/531] deck=126000000197 joshua_seat=1 scores=[117, 83] margin=-34 joshua=101.3ms/mv champ=2581.0ms/mv
[132/531] deck=126000000200 joshua_seat=0 scores=[86, 102] margin=-16 joshua=111.8ms/mv champ=2395.4ms/mv
[133/531] deck=126000000199 joshua_seat=1 scores=[114, 83] margin=-31 joshua=120.0ms/mv champ=2371.0ms/mv
[134/531] deck=126000000203 joshua_seat=1 scores=[65, 67] margin=+2 joshua=122.5ms/mv champ=1849.7ms/mv
[135/531] deck=126000000198 joshua_seat=1 scores=[112, 80] margin=-32 joshua=113.6ms/mv champ=2602.3ms/mv
[136/531] deck=126000000200 joshua_seat=1 scores=[95, 99] margin=+4 joshua=115.8ms/mv champ=2491.3ms/mv
[137/531] deck=126000000202 joshua_seat=1 scores=[135, 89] margin=-46 joshua=94.2ms/mv champ=2063.2ms/mv
[138/531] deck=126000000201 joshua_seat=0 scores=[107, 107] margin=+0 joshua=99.1ms/mv champ=2532.1ms/mv
[139/531] deck=126000000202 joshua_seat=0 scores=[83, 123] margin=-40 joshua=97.3ms/mv champ=2293.7ms/mv
[140/531] deck=126000000205 joshua_seat=1 scores=[84, 80] margin=-4 joshua=100.6ms/mv champ=2062.3ms/mv
[141/531] deck=126000000199 joshua_seat=0 scores=[79, 119] margin=-40 joshua=122.8ms/mv champ=3033.1ms/mv
[142/531] deck=126000000207 joshua_seat=0 scores=[96, 101] margin=-5 joshua=107.1ms/mv champ=2203.0ms/mv
[143/531] deck=126000000204 joshua_seat=1 scores=[126, 88] margin=-38 joshua=97.5ms/mv champ=2462.4ms/mv
[144/531] deck=126000000204 joshua_seat=0 scores=[104, 93] margin=+11 joshua=114.2ms/mv champ=2635.1ms/mv
[145/531] deck=126000000208 joshua_seat=1 scores=[83, 87] margin=+4 joshua=101.0ms/mv champ=1974.7ms/mv
[146/531] deck=126000000206 joshua_seat=1 scores=[128, 81] margin=-47 joshua=108.3ms/mv champ=2415.2ms/mv
[147/531] deck=126000000212 joshua_seat=1 scores=[95, 81] margin=-14 joshua=110.5ms/mv champ=1532.8ms/mv
[148/531] deck=126000000213 joshua_seat=1 scores=[67, 93] margin=+26 joshua=97.7ms/mv champ=1163.4ms/mv
[149/531] deck=126000000212 joshua_seat=0 scores=[74, 93] margin=-19 joshua=93.5ms/mv champ=1777.7ms/mv
[150/531] deck=126000000207 joshua_seat=1 scores=[104, 93] margin=-11 joshua=123.3ms/mv champ=2645.8ms/mv
[151/531] deck=126000000209 joshua_seat=1 scores=[121, 87] margin=-34 joshua=93.3ms/mv champ=2240.0ms/mv
[152/531] deck=126000000208 joshua_seat=0 scores=[76, 85] margin=-9 joshua=112.2ms/mv champ=2429.7ms/mv
[153/531] deck=126000000206 joshua_seat=0 scores=[75, 111] margin=-36 joshua=120.7ms/mv champ=2992.0ms/mv
[154/531] deck=126000000211 joshua_seat=0 scores=[106, 106] margin=+0 joshua=116.6ms/mv champ=2338.3ms/mv
[155/531] deck=126000000209 joshua_seat=0 scores=[84, 90] margin=-6 joshua=109.9ms/mv champ=2628.6ms/mv
[156/531] deck=126000000211 joshua_seat=1 scores=[82, 68] margin=-14 joshua=111.5ms/mv champ=2196.8ms/mv
[157/531] deck=126000000214 joshua_seat=1 scores=[84, 68] margin=-16 joshua=106.3ms/mv champ=1588.7ms/mv
[158/531] deck=126000000210 joshua_seat=1 scores=[82, 57] margin=-25 joshua=136.1ms/mv champ=2559.5ms/mv
[159/531] deck=126000000216 joshua_seat=1 scores=[85, 75] margin=-10 joshua=101.6ms/mv champ=1539.4ms/mv
[160/531] deck=126000000213 joshua_seat=0 scores=[83, 105] margin=-22 joshua=116.6ms/mv champ=2454.9ms/mv
[161/531] deck=126000000215 joshua_seat=0 scores=[89, 113] margin=-24 joshua=100.1ms/mv champ=2002.4ms/mv
[162/531] deck=126000000210 joshua_seat=0 scores=[80, 98] margin=-18 joshua=195.8ms/mv champ=3085.3ms/mv
[163/531] deck=126000000217 joshua_seat=0 scores=[81, 74] margin=+7 joshua=100.0ms/mv champ=2013.5ms/mv
[164/531] deck=126000000222 joshua_seat=1 scores=[54, 85] margin=+31 joshua=131.8ms/mv champ=1240.6ms/mv
[165/531] deck=126000000220 joshua_seat=1 scores=[95, 87] margin=-8 joshua=100.7ms/mv champ=1728.6ms/mv
[166/531] deck=126000000218 joshua_seat=1 scores=[110, 80] margin=-30 joshua=94.3ms/mv champ=2184.5ms/mv
[167/531] deck=126000000214 joshua_seat=0 scores=[105, 113] margin=-8 joshua=127.2ms/mv champ=2690.4ms/mv
[168/531] deck=126000000222 joshua_seat=0 scores=[76, 79] margin=-3 joshua=130.3ms/mv champ=1574.4ms/mv
[169/531] deck=126000000215 joshua_seat=1 scores=[99, 65] margin=-34 joshua=118.6ms/mv champ=2578.7ms/mv
[170/531] deck=126000000218 joshua_seat=0 scores=[91, 94] margin=-3 joshua=106.2ms/mv champ=2476.7ms/mv
[171/531] deck=126000000221 joshua_seat=1 scores=[92, 82] margin=-10 joshua=115.2ms/mv champ=1729.2ms/mv
[172/531] deck=126000000217 joshua_seat=1 scores=[92, 74] margin=-18 joshua=116.4ms/mv champ=2463.2ms/mv
[173/531] deck=126000000219 joshua_seat=1 scores=[111, 74] margin=-37 joshua=129.6ms/mv champ=2369.9ms/mv
[174/531] deck=126000000224 joshua_seat=0 scores=[84, 90] margin=-6 joshua=103.3ms/mv champ=2127.6ms/mv
[175/531] deck=126000000226 joshua_seat=0 scores=[87, 98] margin=-11 joshua=111.9ms/mv champ=1880.5ms/mv
[176/531] deck=126000000225 joshua_seat=1 scores=[109, 86] margin=-23 joshua=89.6ms/mv champ=1945.3ms/mv
[177/531] deck=126000000221 joshua_seat=0 scores=[101, 108] margin=-7 joshua=102.5ms/mv champ=2684.1ms/mv
[178/531] deck=126000000220 joshua_seat=0 scores=[99, 106] margin=-7 joshua=119.4ms/mv champ=2736.0ms/mv
[179/531] deck=126000000219 joshua_seat=0 scores=[62, 92] margin=-30 joshua=135.7ms/mv champ=3019.6ms/mv
[180/531] deck=126000000223 joshua_seat=0 scores=[73, 94] margin=-21 joshua=119.8ms/mv champ=2481.5ms/mv
[181/531] deck=126000000224 joshua_seat=1 scores=[126, 83] margin=-43 joshua=110.5ms/mv champ=2366.3ms/mv
[182/531] deck=126000000225 joshua_seat=0 scores=[66, 97] margin=-31 joshua=109.1ms/mv champ=2469.0ms/mv
[183/531] deck=126000000223 joshua_seat=1 scores=[112, 100] margin=-12 joshua=132.3ms/mv champ=2465.9ms/mv
[184/531] deck=126000000229 joshua_seat=0 scores=[85, 87] margin=-2 joshua=105.6ms/mv champ=1691.2ms/mv
[185/531] deck=126000000227 joshua_seat=1 scores=[105, 97] margin=-8 joshua=116.7ms/mv champ=2163.2ms/mv
[186/531] deck=126000000231 joshua_seat=0 scores=[83, 77] margin=+6 joshua=99.5ms/mv champ=1464.1ms/mv
[187/531] deck=126000000228 joshua_seat=1 scores=[107, 98] margin=-9 joshua=132.2ms/mv champ=2097.5ms/mv
[188/531] deck=126000000226 joshua_seat=1 scores=[102, 113] margin=+11 joshua=111.9ms/mv champ=2418.9ms/mv
[189/531] deck=126000000227 joshua_seat=0 scores=[71, 92] margin=-21 joshua=129.7ms/mv champ=2443.5ms/mv
[190/531] deck=126000000233 joshua_seat=0 scores=[95, 64] margin=+31 joshua=111.1ms/mv champ=1438.9ms/mv
[191/531] deck=126000000216 joshua_seat=0 scores=[86, 112] margin=-26 joshua=171.0ms/mv champ=4143.3ms/mv
[192/531] deck=126000000231 joshua_seat=1 scores=[86, 76] margin=-10 joshua=112.1ms/mv champ=1585.8ms/mv
[193/531] deck=126000000228 joshua_seat=0 scores=[73, 110] margin=-37 joshua=115.6ms/mv champ=2514.0ms/mv
[194/531] deck=126000000235 joshua_seat=0 scores=[102, 70] margin=+32 joshua=100.1ms/mv champ=1593.5ms/mv
[195/531] deck=126000000234 joshua_seat=1 scores=[77, 99] margin=+22 joshua=105.4ms/mv champ=1624.6ms/mv
[196/531] deck=126000000232 joshua_seat=0 scores=[67, 77] margin=-10 joshua=126.0ms/mv champ=2013.8ms/mv
[197/531] deck=126000000233 joshua_seat=1 scores=[117, 73] margin=-44 joshua=91.2ms/mv champ=1977.1ms/mv
[198/531] deck=126000000241 joshua_seat=0 scores=[87, 60] margin=+27 joshua=97.9ms/mv champ=1145.6ms/mv
[199/531] deck=126000000240 joshua_seat=0 scores=[90, 69] margin=+21 joshua=91.2ms/mv champ=1210.1ms/mv
[200/531] deck=126000000234 joshua_seat=0 scores=[81, 114] margin=-33 joshua=106.1ms/mv champ=2308.9ms/mv
[201/531] deck=126000000230 joshua_seat=1 scores=[115, 77] margin=-38 joshua=120.1ms/mv champ=2771.1ms/mv
[202/531] deck=126000000235 joshua_seat=1 scores=[102, 71] margin=-31 joshua=109.4ms/mv champ=2068.4ms/mv
[203/531] deck=126000000232 joshua_seat=1 scores=[115, 74] margin=-41 joshua=104.6ms/mv champ=2555.5ms/mv
[204/531] deck=126000000229 joshua_seat=1 scores=[111, 67] margin=-44 joshua=123.8ms/mv champ=3125.8ms/mv
[205/531] deck=126000000237 joshua_seat=0 scores=[78, 92] margin=-14 joshua=97.3ms/mv champ=1950.7ms/mv
[206/531] deck=126000000236 joshua_seat=0 scores=[86, 101] margin=-15 joshua=121.2ms/mv champ=2270.8ms/mv
[207/531] deck=126000000230 joshua_seat=0 scores=[72, 113] margin=-41 joshua=142.7ms/mv champ=3570.2ms/mv
[208/531] deck=126000000239 joshua_seat=1 scores=[88, 97] margin=+9 joshua=87.5ms/mv champ=1978.8ms/mv
[209/531] deck=126000000237 joshua_seat=1 scores=[116, 112] margin=-4 joshua=101.6ms/mv champ=2225.8ms/mv
[210/531] deck=126000000238 joshua_seat=1 scores=[95, 72] margin=-23 joshua=105.2ms/mv champ=2164.3ms/mv
[211/531] deck=126000000243 joshua_seat=1 scores=[87, 90] margin=+3 joshua=99.5ms/mv champ=1689.1ms/mv
[212/531] deck=126000000241 joshua_seat=1 scores=[104, 97] margin=-7 joshua=87.3ms/mv champ=1903.8ms/mv
[213/531] deck=126000000244 joshua_seat=0 scores=[82, 85] margin=-3 joshua=99.2ms/mv champ=1807.4ms/mv
[214/531] deck=126000000236 joshua_seat=1 scores=[86, 80] margin=-6 joshua=117.7ms/mv champ=2505.1ms/mv
[215/531] deck=126000000239 joshua_seat=0 scores=[87, 104] margin=-17 joshua=112.8ms/mv champ=2443.1ms/mv
[216/531] deck=126000000238 joshua_seat=0 scores=[91, 98] margin=-7 joshua=125.1ms/mv champ=2630.2ms/mv
[217/531] deck=126000000240 joshua_seat=1 scores=[104, 65] margin=-39 joshua=113.5ms/mv champ=2384.3ms/mv
[218/531] deck=126000000242 joshua_seat=0 scores=[81, 101] margin=-20 joshua=95.7ms/mv champ=2247.1ms/mv
[219/531] deck=126000000242 joshua_seat=1 scores=[114, 76] margin=-38 joshua=97.1ms/mv champ=2185.9ms/mv
[220/531] deck=126000000248 joshua_seat=0 scores=[104, 85] margin=+19 joshua=98.0ms/mv champ=1443.8ms/mv
[221/531] deck=126000000243 joshua_seat=0 scores=[79, 102] margin=-23 joshua=129.7ms/mv champ=2553.7ms/mv
[222/531] deck=126000000245 joshua_seat=0 scores=[93, 86] margin=+7 joshua=108.0ms/mv champ=2366.5ms/mv
[223/531] deck=126000000244 joshua_seat=1 scores=[110, 80] margin=-30 joshua=101.9ms/mv champ=2366.9ms/mv
[224/531] deck=126000000246 joshua_seat=1 scores=[116, 88] margin=-28 joshua=94.9ms/mv champ=2137.5ms/mv
[225/531] deck=126000000247 joshua_seat=0 scores=[101, 108] margin=-7 joshua=107.7ms/mv champ=2135.0ms/mv
[226/531] deck=126000000245 joshua_seat=1 scores=[91, 61] margin=-30 joshua=117.0ms/mv champ=2567.1ms/mv
[227/531] deck=126000000249 joshua_seat=0 scores=[81, 101] margin=-20 joshua=89.2ms/mv champ=1955.3ms/mv
[228/531] deck=126000000246 joshua_seat=0 scores=[80, 98] margin=-18 joshua=130.3ms/mv champ=2662.3ms/mv
[229/531] deck=126000000247 joshua_seat=1 scores=[112, 73] margin=-39 joshua=99.6ms/mv champ=2289.7ms/mv
[230/531] deck=126000000248 joshua_seat=1 scores=[102, 104] margin=+2 joshua=117.7ms/mv champ=2045.9ms/mv
[231/531] deck=126000000250 joshua_seat=1 scores=[98, 78] margin=-20 joshua=133.6ms/mv champ=1895.1ms/mv
[232/531] deck=126000000256 joshua_seat=0 scores=[90, 73] margin=+17 joshua=90.8ms/mv champ=1277.7ms/mv
[233/531] deck=126000000252 joshua_seat=1 scores=[98, 83] margin=-15 joshua=94.3ms/mv champ=1566.9ms/mv
[234/531] deck=126000000251 joshua_seat=0 scores=[113, 89] margin=+24 joshua=125.3ms/mv champ=2083.6ms/mv
[235/531] deck=126000000249 joshua_seat=1 scores=[129, 77] margin=-52 joshua=99.0ms/mv champ=2221.5ms/mv
[236/531] deck=126000000254 joshua_seat=0 scores=[97, 89] margin=+8 joshua=93.7ms/mv champ=1643.5ms/mv
[237/531] deck=126000000250 joshua_seat=0 scores=[85, 90] margin=-5 joshua=115.9ms/mv champ=2442.4ms/mv
[238/531] deck=126000000251 joshua_seat=1 scores=[138, 133] margin=-5 joshua=93.9ms/mv champ=2119.4ms/mv
[239/531] deck=126000000253 joshua_seat=1 scores=[66, 68] margin=+2 joshua=124.1ms/mv champ=1890.0ms/mv
[240/531] deck=126000000256 joshua_seat=1 scores=[81, 80] margin=-1 joshua=128.5ms/mv champ=1738.3ms/mv
[241/531] deck=126000000252 joshua_seat=0 scores=[121, 138] margin=-17 joshua=101.9ms/mv champ=2375.3ms/mv
[242/531] deck=126000000255 joshua_seat=1 scores=[108, 77] margin=-31 joshua=97.0ms/mv champ=2122.9ms/mv
[243/531] deck=126000000255 joshua_seat=0 scores=[110, 106] margin=+4 joshua=122.1ms/mv champ=2359.6ms/mv
[244/531] deck=126000000258 joshua_seat=0 scores=[92, 111] margin=-19 joshua=102.0ms/mv champ=2008.0ms/mv
[245/531] deck=126000000253 joshua_seat=0 scores=[73, 97] margin=-24 joshua=116.7ms/mv champ=2540.4ms/mv
[246/531] deck=126000000260 joshua_seat=0 scores=[125, 126] margin=-1 joshua=105.5ms/mv champ=1770.0ms/mv
[247/531] deck=126000000257 joshua_seat=0 scores=[74, 97] margin=-23 joshua=96.1ms/mv champ=2299.1ms/mv
[248/531] deck=126000000260 joshua_seat=1 scores=[87, 99] margin=+12 joshua=120.6ms/mv champ=1823.1ms/mv
[249/531] deck=126000000257 joshua_seat=1 scores=[96, 85] margin=-11 joshua=132.3ms/mv champ=2411.4ms/mv
[250/531] deck=126000000254 joshua_seat=1 scores=[134, 78] margin=-56 joshua=124.9ms/mv champ=2802.3ms/mv
[251/531] deck=126000000258 joshua_seat=1 scores=[102, 68] margin=-34 joshua=107.0ms/mv champ=2496.1ms/mv
[252/531] deck=126000000266 joshua_seat=0 scores=[85, 68] margin=+17 joshua=134.4ms/mv champ=1398.8ms/mv
[253/531] deck=126000000261 joshua_seat=0 scores=[103, 110] margin=-7 joshua=101.0ms/mv champ=2196.9ms/mv
[254/531] deck=126000000259 joshua_seat=0 scores=[87, 115] margin=-28 joshua=104.1ms/mv champ=2588.5ms/mv
[255/531] deck=126000000262 joshua_seat=0 scores=[97, 111] margin=-14 joshua=92.2ms/mv champ=2127.1ms/mv
[256/531] deck=126000000259 joshua_seat=1 scores=[119, 108] margin=-11 joshua=109.4ms/mv champ=2542.0ms/mv
[257/531] deck=126000000261 joshua_seat=1 scores=[98, 81] margin=-17 joshua=115.1ms/mv champ=2541.4ms/mv
[258/531] deck=126000000266 joshua_seat=1 scores=[104, 74] margin=-30 joshua=98.2ms/mv champ=1981.0ms/mv
[259/531] deck=126000000268 joshua_seat=1 scores=[80, 87] margin=+7 joshua=105.8ms/mv champ=1588.9ms/mv
[260/531] deck=126000000263 joshua_seat=1 scores=[119, 83] margin=-36 joshua=115.5ms/mv champ=2397.9ms/mv
[261/531] deck=126000000263 joshua_seat=0 scores=[84, 94] margin=-10 joshua=138.9ms/mv champ=2547.5ms/mv
[262/531] deck=126000000262 joshua_seat=1 scores=[116, 88] margin=-28 joshua=112.9ms/mv champ=2619.3ms/mv
[263/531] deck=126000000265 joshua_seat=1 scores=[105, 75] margin=-30 joshua=95.3ms/mv champ=2269.7ms/mv
[264/531] deck=126000000268 joshua_seat=0 scores=[89, 71] margin=+18 joshua=130.1ms/mv champ=2108.5ms/mv
[265/531] deck=126000000267 joshua_seat=0 scores=[83, 109] margin=-26 joshua=119.8ms/mv champ=2361.5ms/mv
[266/531] deck=126000000264 joshua_seat=1 scores=[128, 92] margin=-36 joshua=123.8ms/mv champ=2579.9ms/mv
[267/531] deck=126000000264 joshua_seat=0 scores=[82, 92] margin=-10 joshua=128.6ms/mv champ=2854.6ms/mv
[268/531] deck=126000000270 joshua_seat=0 scores=[79, 101] margin=-22 joshua=108.7ms/mv champ=1873.7ms/mv
[269/531] deck=126000000265 joshua_seat=0 scores=[104, 107] margin=-3 joshua=110.3ms/mv champ=2760.8ms/mv
[270/531] deck=126000000271 joshua_seat=0 scores=[93, 100] margin=-7 joshua=136.8ms/mv champ=1796.6ms/mv
[271/531] deck=126000000273 joshua_seat=0 scores=[71, 79] margin=-8 joshua=90.0ms/mv champ=1589.1ms/mv
[272/531] deck=126000000267 joshua_seat=1 scores=[109, 70] margin=-39 joshua=103.8ms/mv champ=2596.0ms/mv
[273/531] deck=126000000272 joshua_seat=0 scores=[102, 74] margin=+28 joshua=112.2ms/mv champ=1873.8ms/mv
[274/531] deck=126000000270 joshua_seat=1 scores=[119, 101] margin=-18 joshua=88.7ms/mv champ=2194.2ms/mv
[275/531] deck=126000000271 joshua_seat=1 scores=[95, 83] margin=-12 joshua=103.6ms/mv champ=2321.3ms/mv
[276/531] deck=126000000277 joshua_seat=0 scores=[82, 100] margin=-18 joshua=96.5ms/mv champ=1470.5ms/mv
[277/531] deck=126000000272 joshua_seat=1 scores=[110, 74] margin=-36 joshua=100.1ms/mv champ=2216.2ms/mv
[278/531] deck=126000000273 joshua_seat=1 scores=[142, 82] margin=-60 joshua=107.7ms/mv champ=2120.1ms/mv
[279/531] deck=126000000274 joshua_seat=1 scores=[105, 110] margin=+5 joshua=86.8ms/mv champ=2001.8ms/mv
[280/531] deck=126000000269 joshua_seat=1 scores=[105, 117] margin=+12 joshua=94.4ms/mv champ=2769.7ms/mv
[281/531] deck=126000000275 joshua_seat=0 scores=[84, 82] margin=+2 joshua=105.8ms/mv champ=2082.3ms/mv
[282/531] deck=126000000269 joshua_seat=0 scores=[70, 114] margin=-44 joshua=146.6ms/mv champ=3154.8ms/mv
[283/531] deck=126000000279 joshua_seat=0 scores=[88, 106] margin=-18 joshua=92.7ms/mv champ=1676.0ms/mv
[284/531] deck=126000000274 joshua_seat=0 scores=[78, 114] margin=-36 joshua=133.9ms/mv champ=2600.4ms/mv
[285/531] deck=126000000280 joshua_seat=0 scores=[102, 84] margin=+18 joshua=89.4ms/mv champ=1621.4ms/mv
[286/531] deck=126000000276 joshua_seat=1 scores=[101, 71] margin=-30 joshua=117.1ms/mv champ=2255.9ms/mv
[287/531] deck=126000000276 joshua_seat=0 scores=[76, 116] margin=-40 joshua=106.6ms/mv champ=2482.1ms/mv
[288/531] deck=126000000275 joshua_seat=1 scores=[120, 69] margin=-51 joshua=113.8ms/mv champ=2839.2ms/mv
[289/531] deck=126000000278 joshua_seat=0 scores=[84, 117] margin=-33 joshua=114.8ms/mv champ=2393.5ms/mv
[290/531] deck=126000000279 joshua_seat=1 scores=[135, 96] margin=-39 joshua=92.7ms/mv champ=2171.2ms/mv
[291/531] deck=126000000277 joshua_seat=1 scores=[122, 117] margin=-5 joshua=104.8ms/mv champ=2485.7ms/mv
[292/531] deck=126000000282 joshua_seat=1 scores=[78, 85] margin=+7 joshua=123.1ms/mv champ=1917.9ms/mv
[293/531] deck=126000000281 joshua_seat=0 scores=[102, 112] margin=-10 joshua=98.1ms/mv champ=2252.3ms/mv
[294/531] deck=126000000278 joshua_seat=1 scores=[95, 79] margin=-16 joshua=123.2ms/mv champ=2581.4ms/mv
[295/531] deck=126000000288 joshua_seat=1 scores=[78, 92] margin=+14 joshua=90.7ms/mv champ=1476.2ms/mv
[296/531] deck=126000000283 joshua_seat=0 scores=[73, 120] margin=-47 joshua=98.3ms/mv champ=2379.7ms/mv
[297/531] deck=126000000282 joshua_seat=0 scores=[100, 104] margin=-4 joshua=102.1ms/mv champ=2564.4ms/mv
[298/531] deck=126000000286 joshua_seat=0 scores=[80, 94] margin=-14 joshua=110.7ms/mv champ=1971.3ms/mv
[299/531] deck=126000000284 joshua_seat=0 scores=[91, 117] margin=-26 joshua=106.5ms/mv champ=2400.0ms/mv
[300/531] deck=126000000284 joshua_seat=1 scores=[99, 86] margin=-13 joshua=91.9ms/mv champ=2281.0ms/mv
[301/531] deck=126000000281 joshua_seat=1 scores=[105, 67] margin=-38 joshua=116.0ms/mv champ=2716.4ms/mv
[302/531] deck=126000000283 joshua_seat=1 scores=[100, 108] margin=+8 joshua=127.4ms/mv champ=2471.1ms/mv
[303/531] deck=126000000287 joshua_seat=1 scores=[92, 103] margin=+11 joshua=102.9ms/mv champ=1877.2ms/mv
[304/531] deck=126000000288 joshua_seat=0 scores=[84, 96] margin=-12 joshua=122.3ms/mv champ=1900.4ms/mv
[305/531] deck=126000000285 joshua_seat=1 scores=[97, 92] margin=-5 joshua=111.2ms/mv champ=2416.0ms/mv
[306/531] deck=126000000291 joshua_seat=1 scores=[60, 99] margin=+39 joshua=118.2ms/mv champ=1403.7ms/mv
[307/531] deck=126000000280 joshua_seat=1 scores=[99, 74] margin=-25 joshua=146.4ms/mv champ=3161.1ms/mv
[308/531] deck=126000000292 joshua_seat=0 scores=[111, 84] margin=+27 joshua=94.1ms/mv champ=1573.2ms/mv
[309/531] deck=126000000285 joshua_seat=0 scores=[77, 97] margin=-20 joshua=145.6ms/mv champ=2720.6ms/mv
[310/531] deck=126000000287 joshua_seat=0 scores=[115, 98] margin=+17 joshua=101.9ms/mv champ=2449.7ms/mv
[311/531] deck=126000000290 joshua_seat=0 scores=[93, 116] margin=-23 joshua=93.7ms/mv champ=2230.2ms/mv
[312/531] deck=126000000295 joshua_seat=1 scores=[72, 76] margin=+4 joshua=96.0ms/mv champ=1299.7ms/mv
[313/531] deck=126000000289 joshua_seat=1 scores=[97, 77] margin=-20 joshua=107.0ms/mv champ=2425.8ms/mv
[314/531] deck=126000000286 joshua_seat=1 scores=[102, 60] margin=-42 joshua=115.1ms/mv champ=2749.8ms/mv
[315/531] deck=126000000289 joshua_seat=0 scores=[90, 119] margin=-29 joshua=118.8ms/mv champ=2774.4ms/mv
[316/531] deck=126000000293 joshua_seat=0 scores=[89, 95] margin=-6 joshua=92.4ms/mv champ=2009.1ms/mv
[317/531] deck=126000000292 joshua_seat=1 scores=[106, 84] margin=-22 joshua=95.6ms/mv champ=2186.6ms/mv
[318/531] deck=126000000290 joshua_seat=1 scores=[108, 75] margin=-33 joshua=110.9ms/mv champ=2540.8ms/mv
[319/531] deck=126000000294 joshua_seat=0 scores=[106, 128] margin=-22 joshua=95.0ms/mv champ=2151.3ms/mv
[320/531] deck=126000000293 joshua_seat=1 scores=[97, 74] margin=-23 joshua=100.6ms/mv champ=2214.6ms/mv
[321/531] deck=126000000291 joshua_seat=0 scores=[75, 101] margin=-26 joshua=136.2ms/mv champ=2895.0ms/mv
[322/531] deck=126000000301 joshua_seat=0 scores=[77, 80] margin=-3 joshua=88.1ms/mv champ=1469.1ms/mv
[323/531] deck=126000000303 joshua_seat=1 scores=[58, 83] margin=+25 joshua=102.2ms/mv champ=1172.0ms/mv
[324/531] deck=126000000298 joshua_seat=1 scores=[93, 117] margin=+24 joshua=97.8ms/mv champ=1727.7ms/mv
[325/531] deck=126000000294 joshua_seat=1 scores=[94, 83] margin=-11 joshua=93.0ms/mv champ=2316.3ms/mv
[326/531] deck=126000000295 joshua_seat=0 scores=[74, 83] margin=-9 joshua=106.7ms/mv champ=2362.8ms/mv
[327/531] deck=126000000297 joshua_seat=0 scores=[99, 112] margin=-13 joshua=91.3ms/mv champ=2098.0ms/mv
[328/531] deck=126000000299 joshua_seat=1 scores=[87, 94] margin=+7 joshua=90.0ms/mv champ=1873.1ms/mv
[329/531] deck=126000000296 joshua_seat=0 scores=[102, 106] margin=-4 joshua=108.1ms/mv champ=2498.4ms/mv
[330/531] deck=126000000299 joshua_seat=0 scores=[79, 93] margin=-14 joshua=137.9ms/mv champ=2134.4ms/mv
[331/531] deck=126000000302 joshua_seat=1 scores=[98, 71] margin=-27 joshua=107.5ms/mv champ=1676.0ms/mv
[332/531] deck=126000000300 joshua_seat=0 scores=[94, 110] margin=-16 joshua=113.1ms/mv champ=2074.5ms/mv
[333/531] deck=126000000297 joshua_seat=1 scores=[131, 72] margin=-59 joshua=111.7ms/mv champ=2211.8ms/mv
[334/531] deck=126000000296 joshua_seat=1 scores=[116, 95] margin=-21 joshua=98.3ms/mv champ=2350.0ms/mv
[335/531] deck=126000000305 joshua_seat=1 scores=[93, 79] margin=-14 joshua=96.9ms/mv champ=1389.0ms/mv
[336/531] deck=126000000302 joshua_seat=0 scores=[81, 93] margin=-12 joshua=100.4ms/mv champ=2121.2ms/mv
[337/531] deck=126000000298 joshua_seat=0 scores=[91, 93] margin=-2 joshua=105.4ms/mv champ=2604.8ms/mv
[338/531] deck=126000000300 joshua_seat=1 scores=[106, 102] margin=-4 joshua=96.4ms/mv champ=2450.2ms/mv
[339/531] deck=126000000304 joshua_seat=0 scores=[88, 91] margin=-3 joshua=117.6ms/mv champ=2258.4ms/mv
[340/531] deck=126000000305 joshua_seat=0 scores=[82, 99] margin=-17 joshua=101.4ms/mv champ=2111.8ms/mv
[341/531] deck=126000000307 joshua_seat=0 scores=[80, 85] margin=-5 joshua=132.6ms/mv champ=1943.2ms/mv
[342/531] deck=126000000303 joshua_seat=0 scores=[95, 87] margin=+8 joshua=131.4ms/mv champ=2679.0ms/mv
[343/531] deck=126000000313 joshua_seat=0 scores=[114, 74] margin=+40 joshua=114.8ms/mv champ=1128.2ms/mv
[344/531] deck=126000000309 joshua_seat=0 scores=[91, 87] margin=+4 joshua=136.0ms/mv champ=1735.1ms/mv
[345/531] deck=126000000304 joshua_seat=1 scores=[91, 78] margin=-13 joshua=120.2ms/mv champ=2593.0ms/mv
[346/531] deck=126000000306 joshua_seat=0 scores=[90, 94] margin=-4 joshua=132.2ms/mv champ=2570.4ms/mv
[347/531] deck=126000000309 joshua_seat=1 scores=[106, 82] margin=-24 joshua=84.0ms/mv champ=1809.1ms/mv
[348/531] deck=126000000315 joshua_seat=1 scores=[70, 95] margin=+25 joshua=105.7ms/mv champ=1289.3ms/mv
[349/531] deck=126000000311 joshua_seat=0 scores=[87, 72] margin=+15 joshua=141.3ms/mv champ=1767.8ms/mv
[350/531] deck=126000000308 joshua_seat=0 scores=[75, 104] margin=-29 joshua=106.4ms/mv champ=2239.6ms/mv
[351/531] deck=126000000306 joshua_seat=1 scores=[118, 77] margin=-41 joshua=116.8ms/mv champ=2498.1ms/mv
[352/531] deck=126000000314 joshua_seat=0 scores=[83, 86] margin=-3 joshua=102.9ms/mv champ=1709.9ms/mv
[353/531] deck=126000000301 joshua_seat=1 scores=[81, 51] margin=-30 joshua=153.6ms/mv champ=3596.1ms/mv
[354/531] deck=126000000308 joshua_seat=1 scores=[115, 73] margin=-42 joshua=107.4ms/mv champ=2415.2ms/mv
[355/531] deck=126000000307 joshua_seat=1 scores=[108, 87] margin=-21 joshua=140.2ms/mv champ=2755.3ms/mv
[356/531] deck=126000000315 joshua_seat=0 scores=[106, 100] margin=+6 joshua=111.0ms/mv champ=1890.9ms/mv
[357/531] deck=126000000312 joshua_seat=1 scores=[105, 80] margin=-25 joshua=91.8ms/mv champ=2136.4ms/mv
[358/531] deck=126000000317 joshua_seat=0 scores=[101, 92] margin=+9 joshua=165.3ms/mv champ=1751.8ms/mv
[359/531] deck=126000000313 joshua_seat=1 scores=[123, 95] margin=-28 joshua=95.7ms/mv champ=2147.2ms/mv
[360/531] deck=126000000312 joshua_seat=0 scores=[93, 128] margin=-35 joshua=113.8ms/mv champ=2522.1ms/mv
[361/531] deck=126000000314 joshua_seat=1 scores=[121, 95] margin=-26 joshua=101.7ms/mv champ=2127.7ms/mv
[362/531] deck=126000000310 joshua_seat=0 scores=[76, 95] margin=-19 joshua=101.9ms/mv champ=2715.4ms/mv
[363/531] deck=126000000310 joshua_seat=1 scores=[101, 74] margin=-27 joshua=130.5ms/mv champ=2617.9ms/mv
[364/531] deck=126000000318 joshua_seat=0 scores=[83, 84] margin=-1 joshua=110.8ms/mv champ=1941.4ms/mv
[365/531] deck=126000000319 joshua_seat=0 scores=[121, 94] margin=+27 joshua=102.4ms/mv champ=1669.7ms/mv
[366/531] deck=126000000317 joshua_seat=1 scores=[112, 96] margin=-16 joshua=103.7ms/mv champ=2107.8ms/mv
[367/531] deck=126000000311 joshua_seat=1 scores=[118, 107] margin=-11 joshua=122.6ms/mv champ=2868.7ms/mv
[368/531] deck=126000000316 joshua_seat=1 scores=[112, 70] margin=-42 joshua=108.6ms/mv champ=2325.2ms/mv
[369/531] deck=126000000316 joshua_seat=0 scores=[76, 81] margin=-5 joshua=145.7ms/mv champ=2804.8ms/mv
[370/531] deck=126000000329 joshua_seat=0 scores=[112, 74] margin=+38 joshua=103.7ms/mv champ=935.4ms/mv
[371/531] deck=126000000319 joshua_seat=1 scores=[99, 57] margin=-42 joshua=119.3ms/mv champ=2173.9ms/mv
[372/531] deck=126000000321 joshua_seat=1 scores=[120, 77] margin=-43 joshua=92.2ms/mv champ=1976.5ms/mv
[373/531] deck=126000000321 joshua_seat=0 scores=[86, 93] margin=-7 joshua=93.0ms/mv champ=2168.0ms/mv
[374/531] deck=126000000324 joshua_seat=1 scores=[101, 99] margin=-2 joshua=110.3ms/mv champ=1826.1ms/mv
[375/531] deck=126000000318 joshua_seat=1 scores=[93, 65] margin=-28 joshua=126.4ms/mv champ=2619.7ms/mv
[376/531] deck=126000000323 joshua_seat=1 scores=[112, 96] margin=-16 joshua=98.9ms/mv champ=2027.2ms/mv
[377/531] deck=126000000320 joshua_seat=0 scores=[90, 108] margin=-18 joshua=111.5ms/mv champ=2557.1ms/mv
[378/531] deck=126000000320 joshua_seat=1 scores=[113, 91] margin=-22 joshua=113.9ms/mv champ=2548.4ms/mv
[379/531] deck=126000000325 joshua_seat=1 scores=[115, 81] margin=-34 joshua=99.3ms/mv champ=1899.5ms/mv
[380/531] deck=126000000324 joshua_seat=0 scores=[102, 125] margin=-23 joshua=124.8ms/mv champ=2353.6ms/mv
[381/531] deck=126000000327 joshua_seat=1 scores=[105, 73] margin=-32 joshua=103.7ms/mv champ=1780.0ms/mv
[382/531] deck=126000000322 joshua_seat=0 scores=[97, 105] margin=-8 joshua=108.5ms/mv champ=2520.4ms/mv
[383/531] deck=126000000326 joshua_seat=0 scores=[78, 109] margin=-31 joshua=83.4ms/mv champ=2061.9ms/mv
[384/531] deck=126000000322 joshua_seat=1 scores=[104, 73] margin=-31 joshua=120.2ms/mv champ=2576.3ms/mv
[385/531] deck=126000000328 joshua_seat=0 scores=[98, 92] margin=+6 joshua=113.6ms/mv champ=2003.2ms/mv
[386/531] deck=126000000323 joshua_seat=0 scores=[76, 138] margin=-62 joshua=130.5ms/mv champ=2768.4ms/mv
[387/531] deck=126000000325 joshua_seat=0 scores=[77, 118] margin=-41 joshua=100.7ms/mv champ=2563.1ms/mv
[388/531] deck=126000000328 joshua_seat=1 scores=[101, 57] margin=-44 joshua=84.8ms/mv champ=2138.6ms/mv
[389/531] deck=126000000326 joshua_seat=1 scores=[100, 81] margin=-19 joshua=116.8ms/mv champ=2446.5ms/mv
[390/531] deck=126000000332 joshua_seat=0 scores=[131, 114] margin=+17 joshua=95.2ms/mv champ=1757.2ms/mv
[391/531] deck=126000000331 joshua_seat=0 scores=[101, 82] margin=+19 joshua=138.8ms/mv champ=1852.9ms/mv
[392/531] deck=126000000327 joshua_seat=0 scores=[76, 93] margin=-17 joshua=122.4ms/mv champ=2430.3ms/mv
[393/531] deck=126000000329 joshua_seat=1 scores=[120, 88] margin=-32 joshua=105.7ms/mv champ=2288.9ms/mv
[394/531] deck=126000000330 joshua_seat=0 scores=[67, 105] margin=-38 joshua=126.8ms/mv champ=2353.5ms/mv
[395/531] deck=126000000331 joshua_seat=1 scores=[125, 76] margin=-49 joshua=102.7ms/mv champ=2096.2ms/mv
[396/531] deck=126000000330 joshua_seat=1 scores=[102, 83] margin=-19 joshua=98.7ms/mv champ=2345.1ms/mv
[397/531] deck=126000000334 joshua_seat=1 scores=[80, 94] margin=+14 joshua=100.9ms/mv champ=1872.8ms/mv
[398/531] deck=126000000333 joshua_seat=0 scores=[96, 87] margin=+9 joshua=109.2ms/mv champ=2615.7ms/mv
[399/531] deck=126000000335 joshua_seat=1 scores=[113, 70] margin=-43 joshua=99.9ms/mv champ=1937.0ms/mv
[400/531] deck=126000000333 joshua_seat=1 scores=[127, 113] margin=-14 joshua=117.7ms/mv champ=2485.7ms/mv
[401/531] deck=126000000336 joshua_seat=1 scores=[93, 82] margin=-11 joshua=95.2ms/mv champ=2052.3ms/mv
[402/531] deck=126000000338 joshua_seat=0 scores=[75, 114] margin=-39 joshua=96.5ms/mv champ=1869.5ms/mv
[403/531] deck=126000000339 joshua_seat=0 scores=[96, 80] margin=+16 joshua=107.3ms/mv champ=1711.8ms/mv
[404/531] deck=126000000335 joshua_seat=0 scores=[82, 74] margin=+8 joshua=114.6ms/mv champ=2250.8ms/mv
[405/531] deck=126000000332 joshua_seat=1 scores=[108, 78] margin=-30 joshua=124.2ms/mv champ=3095.8ms/mv
[406/531] deck=126000000340 joshua_seat=1 scores=[85, 78] margin=-7 joshua=101.8ms/mv champ=1811.5ms/mv
[407/531] deck=126000000334 joshua_seat=0 scores=[93, 107] margin=-14 joshua=122.7ms/mv champ=2637.1ms/mv
[408/531] deck=126000000342 joshua_seat=1 scores=[80, 69] margin=-11 joshua=83.7ms/mv champ=1513.0ms/mv
[409/531] deck=126000000340 joshua_seat=0 scores=[94, 103] margin=-9 joshua=100.3ms/mv champ=1954.7ms/mv
[410/531] deck=126000000339 joshua_seat=1 scores=[137, 86] margin=-51 joshua=97.4ms/mv champ=2034.0ms/mv
[411/531] deck=126000000337 joshua_seat=1 scores=[111, 83] margin=-28 joshua=102.2ms/mv champ=2351.6ms/mv
[412/531] deck=126000000342 joshua_seat=0 scores=[91, 107] margin=-16 joshua=97.0ms/mv champ=1857.8ms/mv
[413/531] deck=126000000345 joshua_seat=0 scores=[81, 80] margin=+1 joshua=93.7ms/mv champ=1751.1ms/mv
[414/531] deck=126000000345 joshua_seat=1 scores=[83, 67] margin=-16 joshua=116.5ms/mv champ=1566.9ms/mv
[415/531] deck=126000000343 joshua_seat=1 scores=[104, 67] margin=-37 joshua=87.7ms/mv champ=1904.8ms/mv
[416/531] deck=126000000337 joshua_seat=0 scores=[72, 112] margin=-40 joshua=122.4ms/mv champ=2809.9ms/mv
[417/531] deck=126000000341 joshua_seat=0 scores=[99, 103] margin=-4 joshua=97.3ms/mv champ=2335.9ms/mv
[418/531] deck=126000000338 joshua_seat=1 scores=[85, 71] margin=-14 joshua=127.5ms/mv champ=2534.8ms/mv
[419/531] deck=126000000343 joshua_seat=0 scores=[68, 97] margin=-29 joshua=125.9ms/mv champ=2185.0ms/mv
[420/531] deck=126000000344 joshua_seat=0 scores=[101, 111] margin=-10 joshua=109.4ms/mv champ=2370.7ms/mv
[421/531] deck=126000000346 joshua_seat=1 scores=[102, 57] margin=-45 joshua=108.7ms/mv champ=2016.4ms/mv
[422/531] deck=126000000336 joshua_seat=0 scores=[73, 123] margin=-50 joshua=148.4ms/mv champ=3466.0ms/mv
[423/531] deck=126000000347 joshua_seat=0 scores=[93, 100] margin=-7 joshua=111.3ms/mv champ=2260.4ms/mv
[424/531] deck=126000000341 joshua_seat=1 scores=[114, 75] margin=-39 joshua=124.5ms/mv champ=2799.1ms/mv
[425/531] deck=126000000348 joshua_seat=0 scores=[76, 107] margin=-31 joshua=109.0ms/mv champ=1863.5ms/mv
[426/531] deck=126000000346 joshua_seat=0 scores=[84, 105] margin=-21 joshua=113.7ms/mv champ=2501.3ms/mv
[427/531] deck=126000000353 joshua_seat=0 scores=[80, 65] margin=+15 joshua=109.7ms/mv champ=1227.2ms/mv
[428/531] deck=126000000344 joshua_seat=1 scores=[119, 80] margin=-39 joshua=111.5ms/mv champ=2775.0ms/mv
[429/531] deck=126000000357 joshua_seat=0 scores=[79, 75] margin=+4 joshua=97.3ms/mv champ=1328.7ms/mv
[430/531] deck=126000000352 joshua_seat=0 scores=[93, 82] margin=+11 joshua=111.1ms/mv champ=1937.3ms/mv
[431/531] deck=126000000347 joshua_seat=1 scores=[90, 75] margin=-15 joshua=128.4ms/mv champ=2487.1ms/mv
[432/531] deck=126000000349 joshua_seat=1 scores=[94, 96] margin=+2 joshua=111.9ms/mv champ=2183.3ms/mv
[433/531] deck=126000000351 joshua_seat=0 scores=[88, 97] margin=-9 joshua=99.8ms/mv champ=2199.6ms/mv
[434/531] deck=126000000350 joshua_seat=1 scores=[91, 75] margin=-16 joshua=104.6ms/mv champ=2218.5ms/mv
[435/531] deck=126000000354 joshua_seat=1 scores=[110, 92] margin=-18 joshua=91.8ms/mv champ=2009.6ms/mv
[436/531] deck=126000000352 joshua_seat=1 scores=[122, 63] margin=-59 joshua=96.3ms/mv champ=2303.0ms/mv
[437/531] deck=126000000351 joshua_seat=1 scores=[88, 97] margin=+9 joshua=97.3ms/mv champ=2410.3ms/mv
[438/531] deck=126000000356 joshua_seat=0 scores=[85, 109] margin=-24 joshua=101.6ms/mv champ=2065.4ms/mv
[439/531] deck=126000000359 joshua_seat=1 scores=[90, 97] margin=+7 joshua=98.9ms/mv champ=1469.2ms/mv
[440/531] deck=126000000360 joshua_seat=1 scores=[51, 90] margin=+39 joshua=110.1ms/mv champ=1284.4ms/mv
[441/531] deck=126000000354 joshua_seat=0 scores=[74, 116] margin=-42 joshua=131.8ms/mv champ=2344.9ms/mv
[442/531] deck=126000000355 joshua_seat=0 scores=[82, 111] margin=-29 joshua=113.0ms/mv champ=2313.7ms/mv
[443/531] deck=126000000348 joshua_seat=1 scores=[89, 61] margin=-28 joshua=136.1ms/mv champ=2950.5ms/mv
[444/531] deck=126000000350 joshua_seat=0 scores=[62, 124] margin=-62 joshua=120.6ms/mv champ=2915.5ms/mv
[445/531] deck=126000000353 joshua_seat=1 scores=[106, 84] margin=-22 joshua=111.8ms/mv champ=2562.2ms/mv
[446/531] deck=126000000357 joshua_seat=1 scores=[112, 94] margin=-18 joshua=96.0ms/mv champ=2129.9ms/mv
[447/531] deck=126000000355 joshua_seat=1 scores=[113, 98] margin=-15 joshua=112.1ms/mv champ=2423.4ms/mv
[448/531] deck=126000000358 joshua_seat=1 scores=[122, 97] margin=-25 joshua=93.9ms/mv champ=2257.8ms/mv
[449/531] deck=126000000349 joshua_seat=0 scores=[87, 109] margin=-22 joshua=146.3ms/mv champ=3405.8ms/mv
[450/531] deck=126000000356 joshua_seat=1 scores=[89, 107] margin=+18 joshua=123.5ms/mv champ=2518.4ms/mv
[451/531] deck=126000000359 joshua_seat=0 scores=[117, 110] margin=+7 joshua=94.8ms/mv champ=2184.3ms/mv
[452/531] deck=126000000362 joshua_seat=1 scores=[84, 75] margin=-9 joshua=113.3ms/mv champ=2043.9ms/mv
[453/531] deck=126000000358 joshua_seat=0 scores=[57, 87] margin=-30 joshua=112.7ms/mv champ=2915.2ms/mv
[454/531] deck=126000000360 joshua_seat=0 scores=[89, 116] margin=-27 joshua=103.3ms/mv champ=2419.7ms/mv
[455/531] deck=126000000364 joshua_seat=0 scores=[83, 95] margin=-12 joshua=114.0ms/mv champ=1584.4ms/mv
[456/531] deck=126000000361 joshua_seat=1 scores=[130, 101] margin=-29 joshua=101.2ms/mv champ=2239.3ms/mv
[457/531] deck=126000000362 joshua_seat=0 scores=[78, 100] margin=-22 joshua=115.9ms/mv champ=2437.6ms/mv
[458/531] deck=126000000361 joshua_seat=0 scores=[60, 95] margin=-35 joshua=110.6ms/mv champ=2670.9ms/mv
[459/531] deck=126000000365 joshua_seat=0 scores=[84, 76] margin=+8 joshua=103.6ms/mv champ=1903.7ms/mv
[460/531] deck=126000000365 joshua_seat=1 scores=[119, 89] margin=-30 joshua=107.5ms/mv champ=1840.4ms/mv
[461/531] deck=126000000369 joshua_seat=0 scores=[78, 78] margin=+0 joshua=96.4ms/mv champ=1396.9ms/mv
[462/531] deck=126000000366 joshua_seat=0 scores=[84, 97] margin=-13 joshua=96.9ms/mv champ=2242.5ms/mv
[463/531] deck=126000000366 joshua_seat=1 scores=[106, 65] margin=-41 joshua=104.4ms/mv champ=2008.1ms/mv
[464/531] deck=126000000363 joshua_seat=0 scores=[95, 100] margin=-5 joshua=151.7ms/mv champ=3143.5ms/mv
[465/531] deck=126000000368 joshua_seat=1 scores=[86, 93] margin=+7 joshua=109.2ms/mv champ=2006.0ms/mv
[466/531] deck=126000000370 joshua_seat=1 scores=[125, 68] margin=-57 joshua=91.7ms/mv champ=2009.3ms/mv
[467/531] deck=126000000364 joshua_seat=1 scores=[106, 70] margin=-36 joshua=116.5ms/mv champ=2644.7ms/mv
[468/531] deck=126000000368 joshua_seat=0 scores=[84, 130] margin=-46 joshua=106.4ms/mv champ=2196.4ms/mv
[469/531] deck=126000000367 joshua_seat=0 scores=[88, 109] margin=-21 joshua=91.0ms/mv champ=2330.0ms/mv
[470/531] deck=126000000363 joshua_seat=1 scores=[93, 67] margin=-26 joshua=144.3ms/mv champ=2768.3ms/mv
[471/531] deck=126000000374 joshua_seat=0 scores=[81, 105] margin=-24 joshua=109.5ms/mv champ=1711.7ms/mv
[472/531] deck=126000000369 joshua_seat=1 scores=[98, 78] margin=-20 joshua=104.2ms/mv champ=2249.4ms/mv
[473/531] deck=126000000372 joshua_seat=0 scores=[91, 103] margin=-12 joshua=113.7ms/mv champ=2216.0ms/mv
[474/531] deck=126000000372 joshua_seat=1 scores=[113, 58] margin=-55 joshua=110.4ms/mv champ=2045.1ms/mv
[475/531] deck=126000000371 joshua_seat=1 scores=[103, 93] margin=-10 joshua=107.1ms/mv champ=2298.0ms/mv
[476/531] deck=126000000371 joshua_seat=0 scores=[95, 96] margin=-1 joshua=101.9ms/mv champ=2411.9ms/mv
[477/531] deck=126000000373 joshua_seat=1 scores=[90, 53] margin=-37 joshua=111.2ms/mv champ=1951.6ms/mv
[478/531] deck=126000000370 joshua_seat=0 scores=[67, 99] margin=-32 joshua=120.8ms/mv champ=2570.0ms/mv
[479/531] deck=126000000377 joshua_seat=1 scores=[85, 105] margin=+20 joshua=83.7ms/mv champ=1400.4ms/mv
[480/531] deck=126000000367 joshua_seat=1 scores=[85, 73] margin=-12 joshua=129.2ms/mv champ=2791.8ms/mv
[481/531] deck=126000000375 joshua_seat=0 scores=[80, 92] margin=-12 joshua=142.4ms/mv champ=2050.9ms/mv
[482/531] deck=126000000379 joshua_seat=1 scores=[88, 101] margin=+13 joshua=91.4ms/mv champ=1718.6ms/mv
[483/531] deck=126000000376 joshua_seat=0 scores=[69, 91] margin=-22 joshua=118.3ms/mv champ=2237.0ms/mv
[484/531] deck=126000000378 joshua_seat=0 scores=[84, 81] margin=+3 joshua=129.2ms/mv champ=1971.7ms/mv
[485/531] deck=126000000374 joshua_seat=1 scores=[95, 88] margin=-7 joshua=125.8ms/mv champ=2760.5ms/mv
[486/531] deck=126000000373 joshua_seat=0 scores=[71, 96] margin=-25 joshua=117.1ms/mv champ=2929.2ms/mv
[487/531] deck=126000000383 joshua_seat=0 scores=[91, 72] margin=+19 joshua=122.5ms/mv champ=1368.1ms/mv
[488/531] deck=126000000376 joshua_seat=1 scores=[121, 61] margin=-60 joshua=119.3ms/mv champ=2477.7ms/mv
[489/531] deck=126000000382 joshua_seat=0 scores=[88, 61] margin=+27 joshua=139.5ms/mv champ=1398.7ms/mv
[490/531] deck=126000000377 joshua_seat=0 scores=[113, 101] margin=+12 joshua=135.5ms/mv champ=2577.0ms/mv
[491/531] deck=126000000379 joshua_seat=0 scores=[87, 110] margin=-23 joshua=96.5ms/mv champ=2279.0ms/mv
[492/531] deck=126000000384 joshua_seat=1 scores=[70, 59] margin=-11 joshua=109.7ms/mv champ=1362.7ms/mv
[493/531] deck=126000000378 joshua_seat=1 scores=[131, 101] margin=-30 joshua=96.3ms/mv champ=2352.2ms/mv
[494/531] deck=126000000381 joshua_seat=0 scores=[97, 121] margin=-24 joshua=93.8ms/mv champ=1909.3ms/mv
[495/531] deck=126000000387 joshua_seat=1 scores=[77, 79] margin=+2 joshua=107.4ms/mv champ=1359.0ms/mv
[496/531] deck=126000000375 joshua_seat=1 scores=[113, 75] margin=-38 joshua=145.8ms/mv champ=3055.2ms/mv
[497/531] deck=126000000385 joshua_seat=1 scores=[110, 80] margin=-30 joshua=105.3ms/mv champ=1674.9ms/mv
[498/531] deck=126000000381 joshua_seat=1 scores=[117, 98] margin=-19 joshua=87.7ms/mv champ=2092.9ms/mv
[499/531] deck=126000000383 joshua_seat=1 scores=[114, 65] margin=-49 joshua=113.8ms/mv champ=2041.3ms/mv
[500/531] deck=126000000380 joshua_seat=1 scores=[107, 67] margin=-40 joshua=118.4ms/mv champ=2534.0ms/mv
[501/531] deck=126000000380 joshua_seat=0 scores=[96, 113] margin=-17 joshua=109.3ms/mv champ=2664.1ms/mv
[502/531] deck=126000000387 joshua_seat=0 scores=[124, 108] margin=+16 joshua=121.4ms/mv champ=2031.6ms/mv
[503/531] deck=126000000386 joshua_seat=1 scores=[95, 74] margin=-21 joshua=100.6ms/mv champ=2218.1ms/mv
[504/531] deck=126000000389 joshua_seat=0 scores=[90, 73] margin=+17 joshua=113.3ms/mv champ=2090.1ms/mv
[505/531] deck=126000000382 joshua_seat=1 scores=[112, 78] margin=-34 joshua=109.4ms/mv champ=2721.9ms/mv
[506/531] deck=126000000392 joshua_seat=1 scores=[72, 86] margin=+14 joshua=90.0ms/mv champ=1280.1ms/mv
[507/531] deck=126000000384 joshua_seat=0 scores=[83, 92] margin=-9 joshua=139.7ms/mv champ=2733.6ms/mv
[508/531] deck=126000000388 joshua_seat=1 scores=[102, 109] margin=+7 joshua=100.2ms/mv champ=2185.4ms/mv
[509/531] deck=126000000392 joshua_seat=0 scores=[92, 73] margin=+19 joshua=125.7ms/mv champ=1512.4ms/mv
[510/531] deck=126000000386 joshua_seat=0 scores=[104, 116] margin=-12 joshua=143.0ms/mv champ=2531.2ms/mv
[511/531] deck=126000000385 joshua_seat=0 scores=[65, 97] margin=-32 joshua=130.2ms/mv champ=2838.3ms/mv
[512/531] deck=126000000388 joshua_seat=0 scores=[109, 116] margin=-7 joshua=148.4ms/mv champ=2574.8ms/mv
[513/531] deck=126000000394 joshua_seat=0 scores=[85, 87] margin=-2 joshua=82.7ms/mv champ=1891.1ms/mv
[514/531] deck=126000000391 joshua_seat=1 scores=[98, 66] margin=-32 joshua=108.3ms/mv champ=2124.2ms/mv
[515/531] deck=126000000391 joshua_seat=0 scores=[78, 99] margin=-21 joshua=101.3ms/mv champ=2245.9ms/mv
[516/531] deck=126000000390 joshua_seat=1 scores=[97, 69] margin=-28 joshua=106.8ms/mv champ=2295.1ms/mv
[517/531] deck=126000000389 joshua_seat=1 scores=[106, 72] margin=-34 joshua=104.2ms/mv champ=2569.6ms/mv
[518/531] deck=126000000398 joshua_seat=1 scores=[73, 55] margin=-18 joshua=72.8ms/mv champ=1317.0ms/mv
[519/531] deck=126000000390 joshua_seat=0 scores=[80, 104] margin=-24 joshua=108.4ms/mv champ=2511.7ms/mv
[520/531] deck=126000000395 joshua_seat=0 scores=[78, 101] margin=-23 joshua=103.2ms/mv champ=2017.3ms/mv
[521/531] deck=126000000395 joshua_seat=1 scores=[103, 99] margin=-4 joshua=81.3ms/mv champ=1909.2ms/mv
[522/531] deck=126000000394 joshua_seat=1 scores=[137, 79] margin=-58 joshua=88.8ms/mv champ=2082.7ms/mv
[523/531] deck=126000000396 joshua_seat=1 scores=[103, 76] margin=-27 joshua=85.7ms/mv champ=2002.7ms/mv
[524/531] deck=126000000399 joshua_seat=0 scores=[96, 115] margin=-19 joshua=68.7ms/mv champ=1689.1ms/mv
[525/531] deck=126000000393 joshua_seat=0 scores=[86, 113] margin=-27 joshua=98.3ms/mv champ=2522.1ms/mv
[526/531] deck=126000000397 joshua_seat=1 scores=[120, 86] margin=-34 joshua=80.7ms/mv champ=1923.2ms/mv
[527/531] deck=126000000393 joshua_seat=1 scores=[101, 81] margin=-20 joshua=103.9ms/mv champ=2491.5ms/mv
[528/531] deck=126000000399 joshua_seat=1 scores=[88, 66] margin=-22 joshua=94.4ms/mv champ=1735.3ms/mv
[529/531] deck=126000000396 joshua_seat=0 scores=[81, 102] margin=-21 joshua=76.8ms/mv champ=2270.7ms/mv
[530/531] deck=126000000397 joshua_seat=0 scores=[75, 109] margin=-34 joshua=107.8ms/mv champ=2183.9ms/mv
[531/531] deck=126000000398 joshua_seat=0 scores=[81, 122] margin=-41 joshua=92.6ms/mv champ=2225.5ms/mv

[joshuabot-h2h] DONE 531 cells in 48.7 min (1 FAILED)
{
 "variant_ids": [
  "current+j7w0"
 ],
 "n_records": 800,
 "n_scored": 799,
 "n_failed": 1,
 "failure_rate": 0.00125,
 "failed_cells": [
  {
   "deck_seed": 126000000135,
   "joshua_seat": 0,
   "exc_type": "RuntimeError",
   "exc": "PUCT reached a node with no valid actions (Python IndexError)"
  }
 ],
 "failed_by_seat": {
  "0": 1,
  "1": 0
 },
 "wins": 159,
 "draws": 8,
 "losses": 632,
 "win_rate": 0.20400500625782228,
 "n_paired_decks": 399,
 "paired_margin_mean": -16.036340852130326,
 "paired_margin_sem": 0.656590119185906,
 "paired_margin_z": -24.42367069430391,
 "mean_margin_unpaired": -16.051314142678347,
 "rule_fires_total": {
  "f_end_deploy": 57,
  "f_j10_early_farm_block": 11090,
  "f_j3_reserve_floor": 12346,
  "j1_majority_steal": 4837,
  "j2_farm_attack": 46091,
  "j5_dump": 1884,
  "j6_anchor_roads": 51276,
  "j8_overcommit": 2690
 }
}

⚠️ [joshuabot-h2h] 1 FAILED CELL(S) = 0.12% of 800 records — these are EXCLUSIONS, not zeros, and a paired deck with one dead seat is dropped ENTIRELY. by seat {'0': 1, '1': 0}. Cells: [(126000000135, 0)]
