[joshuabot-h2h] variant=current+j7w1+j8brk profile=fixed_v1 {'CARCASSONNE_FIX_R9': '1', 'r9_env_expected': True} decks=1 workers=1 done=0 todo=1 manifest=/home/doctor/projects/carcassone/measurement/joshuabot_20260812/probe/probe_J8EX.jsonl.manifest.json
[1/1] deck=125900000012 joshua_seat=0 scores=[63, 94] margin=-31 joshua=57.5ms/mv champ=1444.2ms/mv

[joshuabot-h2h] DONE 1 games in 1.8 min
{
 "variant_ids": [
  "current+j7w1+j8brk"
 ],
 "n_records": 1,
 "n_scored": 1,
 "wins": 0,
 "draws": 0,
 "losses": 1,
 "win_rate": 0.0,
 "n_paired_decks": 0,
 "paired_margin_mean": null,
 "paired_margin_sem": null,
 "paired_margin_z": null,
 "mean_margin_unpaired": -31.0,
 "rule_fires_total": {
  "f_j10_early_farm_block": 13,
  "f_j3_reserve_floor": 19,
  "j2_farm_attack": 64,
  "j5_dump": 5,
  "j6_anchor_roads": 62,
  "j7_close_vs_farm": 64
 }
}
