[joshuabot-h2h] variant=current+j7w0+j8brk+j9avoid0.55s6 profile=fixed_v1 {'CARCASSONNE_FIX_R9': '1', 'r9_env_expected': True} decks=1 workers=1 done=0 todo=1 manifest=/home/doctor/projects/carcassone/measurement/joshuabot_20260812/probe/probe_ALLTOG.jsonl.manifest.json
[1/1] deck=125900000015 joshua_seat=0 scores=[85, 119] margin=-34 joshua=61.0ms/mv champ=1412.2ms/mv

[joshuabot-h2h] DONE 1 games in 1.7 min
{
 "variant_ids": [
  "current+j7w0+j8brk+j9avoid0.55s6"
 ],
 "n_records": 1,
 "n_scored": 1,
 "wins": 0,
 "draws": 0,
 "losses": 1,
 "win_rate": 0.0,
 "n_paired_decks": 0,
 "paired_margin_mean": null,
 "paired_margin_sem": null,
 "paired_margin_z": null,
 "mean_margin_unpaired": -34.0,
 "rule_fires_total": {
  "f_j10_early_farm_block": 15,
  "f_j3_reserve_floor": 18,
  "j2_farm_attack": 63,
  "j5_dump": 3,
  "j6_anchor_roads": 65
 }
}
