[joshuabot-h2h] variant=current+j7w1+j9avoid0.55s6 profile=fixed_v1 {'CARCASSONNE_FIX_R9': '1', 'r9_env_expected': True} decks=1 workers=1 done=0 todo=1 manifest=/home/doctor/projects/carcassone/measurement/joshuabot_20260812/probe/probe_J9ON.jsonl.manifest.json
[1/1] deck=125900000013 joshua_seat=0 scores=[71, 121] margin=-50 joshua=55.0ms/mv champ=1038.8ms/mv

[joshuabot-h2h] DONE 1 games in 1.3 min
{
 "variant_ids": [
  "current+j7w1+j9avoid0.55s6"
 ],
 "n_records": 1,
 "n_scored": 1,
 "wins": 0,
 "draws": 0,
 "losses": 1,
 "win_rate": 0.0,
 "n_paired_decks": 0,
 "paired_margin_mean": null,
 "paired_margin_sem": null,
 "paired_margin_z": null,
 "mean_margin_unpaired": -50.0,
 "rule_fires_total": {
  "f_j10_early_farm_block": 15,
  "f_j3_reserve_floor": 15,
  "f_j9_cloister_caution": 2,
  "j2_farm_attack": 62,
  "j5_dump": 5,
  "j6_anchor_roads": 60,
  "j7_close_vs_farm": 62
 }
}
