[menu-fair primary Doctor] 2026-08-12_11:49:49 clock-skew guard OK (0s)
[menu-fair primary Doctor] 2026-08-12_11:49:49 START sub=b_uniform_2064 n=800 band=123000000000 W=30 cand=k8x2064 opp=k8x1376 drift=0 cand_json=none split=none/none
[head-to-head] opponent=fair-champion
[head-to-head] candidate frozen leaf: curve125 leaf_hash=a36d2e15a3b3d71d frozen_config_hash=6dfffd57051690f2 (champ_env dialect)
[head-to-head] opponent  frozen leaf: curve125 leaf_hash=a36d2e15a3b3d71d frozen_config_hash=6dfffd57051690f2 (champ_env dialect)
[head-to-head] BOTH SIDES curve125: YES | env DEFAULT_CONFIG (unmoved, no rung in play) leaf_hash=a36d2e15a3b3d71d
[warn] --opp-sims: ASYMMETRIC search budgets — candidate k8x2064 (total 16512) vs opponent fair-champion k8x1376 (total 11008). This is an equal-WALL-CLOCK / whole-config deployability check, NOT the single-variable prior swap the symmetric head-to-head is: the two sides search different budgets. diff/elo stay candidate-minus-opponent.
[backend] engine=rust (from --backend rust) rust_threads=1 workers=30 [FARM: threads=1 per worker]
fair-puct[fair_fair_c1.5_tau5_float_kd8_s2064_vs_fairchamp-k8x1376_k2-leafa36d2e15]: info=fair n=800 paired=True K=2 k_dets=8 sims=2064 | 0 cached, 800 to play, 30 workers, out=/mnt/c/carc-shared/simsplit_alloc_20260812/b_uniform_2064
  10/800 played (28.6s/game, ~377 min left)
  20/800 played (17.4s/game, ~226 min left)
  30/800 played (14.1s/game, ~181 min left)
  40/800 played (14.7s/game, ~187 min left)
  50/800 played (13.4s/game, ~167 min left)
  60/800 played (12.7s/game, ~156 min left)
  70/800 played (13.6s/game, ~166 min left)
  80/800 played (12.6s/game, ~152 min left)
  90/800 played (12.1s/game, ~144 min left)
  100/800 played (12.6s/game, ~147 min left)
  110/800 played (12.4s/game, ~142 min left)
  120/800 played (11.9s/game, ~135 min left)
  130/800 played (12.1s/game, ~135 min left)
  140/800 played (12.1s/game, ~134 min left)
  150/800 played (11.9s/game, ~129 min left)
  160/800 played (11.7s/game, ~125 min left)
  170/800 played (12.0s/game, ~127 min left)
  180/800 played (11.9s/game, ~123 min left)
  190/800 played (11.7s/game, ~119 min left)
  200/800 played (11.7s/game, ~117 min left)
  210/800 played (11.6s/game, ~114 min left)
  220/800 played (11.7s/game, ~113 min left)
  230/800 played (11.7s/game, ~111 min left)
  240/800 played (11.7s/game, ~109 min left)
  250/800 played (11.7s/game, ~108 min left)
  260/800 played (11.5s/game, ~104 min left)
  270/800 played (11.7s/game, ~103 min left)
  280/800 played (11.6s/game, ~100 min left)
  290/800 played (11.5s/game, ~98 min left)
  300/800 played (11.5s/game, ~96 min left)
  310/800 played (11.5s/game, ~94 min left)
  320/800 played (11.5s/game, ~92 min left)
  330/800 played (11.6s/game, ~90 min left)
  340/800 played (11.5s/game, ~88 min left)
  350/800 played (11.5s/game, ~86 min left)
  360/800 played (11.5s/game, ~84 min left)
  370/800 played (11.5s/game, ~82 min left)
  380/800 played (11.5s/game, ~81 min left)
  390/800 played (11.4s/game, ~78 min left)
  400/800 played (11.5s/game, ~77 min left)
  410/800 played (11.6s/game, ~75 min left)
  420/800 played (11.4s/game, ~72 min left)
  430/800 played (11.4s/game, ~70 min left)

=== FAIR-PUCT[fair] (K=2, k_dets=8, sims=2064, total~16512) vs FAIR PRODUCTION CHAMPION (FairHeuristicPriorAgent, heuristic priors, curve125 leaf, k8x1376) ===
games: 800   candidate: 385W / 16D / 399L   winrate 0.491 (z=-0.49)
avg score diff (candidate - opponent): -0.17
ELO: -6.1  (+/- 12.3 1sigma)
PAIRED: 400 decks   mean seat-balanced margin -0.17   z = -0.25
prefix ms/move: candidate 2681  opponent 1818  (ratio 1.47x)
fair endgame: candidate latched 800/800 games, 1.13s solver/game, timeouts=0
fair endgame: opponent  latched 800/800 games, 1.23s solver/game, timeouts=0
  POWER NOTE: |elo|<=35 at n=800 (1σ≈±12); a >=35-elo verdict needs n>=400.
[summary.json] wrote /mnt/c/carc-shared/simsplit_alloc_20260812/b_uniform_2064/summary.json
[menu-fair primary Doctor] 2026-08-12_13:12:36 harness pass 1 rc=0 records=800/800
[menu-fair primary Doctor] 2026-08-12_13:12:37 END sub=b_uniform_2064 records=800/800 in 4968s after 1 pass(es)
{
  "label": "b_uniform_2064_n800_b123000000000",
  "dir": "/mnt/c/carc-shared/simsplit_alloc_20260812/b_uniform_2064",
  "adjudicated": false,
  "expected_rules_profile": "fixed_v1",
  "note": "Extract only. No verdict, no promotion, no governance touch. The orchestrating session reads this and closes out.",
  "records_on_disk": 800,
  "n": 800,
  "n_paired": 400,
  "W": 385,
  "D": 16,
  "L": 399,
  "elo": -6.080743539917347,
  "elo_sig_1sigma": 12.285584301577424,
  "paired_z": -0.2508914281143284,
  "paired_mean_margin": -0.165,
  "champ_prefix_ms_per_move": 2680.973714741498,
  "wiring": {
    "code_rev": "3307665ea-dirty",
    "rules_profile": "fixed_v1",
    "r9_env_ok": true,
    "cand_leaf_hash": "a36d2e15a3b3d71d",
    "opp_leaf_hash": "a36d2e15a3b3d71d",
    "opp_leaf_hash_field": "opp_leaf_hash",
    "cand_leaf_json": null,
    "cand_curve_drift_allowed": false,
    "cand_k_dets": 8,
    "cand_sims_per_det": 2064,
    "cand_total_sims": 16512,
    "opp_k_dets": 8,
    "opp_sims_per_det": 1376,
    "opp_total_sims": 11008,
    "band_seed_start": 123000000000,
    "n_decks": 400,
    "paired": true
  },
  "expected_cand_leaf_hash": "a36d2e15a3b3d71d",
  "wiring_gate_failures": [],
  "wiring_gates_clean": true
}
