[pilot] population=61 positions | n=61 | M=32 | policy=clair-puct | oracle_sims=100 | W=1
[pilot] out -> /mnt/c/carc-shared/tiletie_pricing_20260812/clair-puct/walled/leg4
[pilot] resume: 54 already done, 7 to go
[1/7] tt_sp_28000000009_p6 ok delta=-1.281 crn=True 147.13s
[2/7] tt_sp_28000000050_p46 ok delta=+4.625 crn=True 119.079s
[3/7] tt_sp_28000000069_p4 ok delta=+0.219 crn=True 146.015s
[4/7] tt_sp_28000000162_p64 ok delta=-9.594 crn=True 99.286s
[5/7] tt_sp_28000000201_p121 ok delta=-0.219 crn=True 37.166s
[6/7] tt_sp_28000000403_p62 ok delta=-4.844 crn=True 125.14s
[7/7] tt_sp_28000000407_p38 ok delta=+4.312 crn=True 146.538s

=== ORACLE-SCORE PILOT SUMMARY ===
{
  "n_positions": 61,
  "m_worlds": 32,
  "sd_delta_positions": 2.918231826582956,
  "mean_delta_pts": 0.22950819672131148,
  "se_mean_delta": 0.37364129799655765,
  "z_pilot_observed": 0.614247402393474,
  "mean_within_position_var": 170.74686012691697,
  "var_between_positions_est": 3.18023761471554,
  "sd_delta_projected_by_m": {
    "8": 4.952130362841851,
    "16": 3.7218162733600715,
    "32": 2.918231826582956,
    "64": 2.418296364013025
  },
  "median_crn_var_reduction": 1.4061855959173946,
  "n_positions_perfect_pairing": 4,
  "n_positions_identical_afterstates": 0,
  "assumed_effect_pts": 0.07,
  "implied_z_full_run": {
    "N=265_at_M=32": 0.39048215133109365,
    "N=61_at_M=32": 0.1873454577300096,
    "N=61_at_M=8": 0.1104004614692179,
    "N=61_at_M=16": 0.1468953427998978,
    "N=61_at_M=64": 0.2260754659558018
  },
  "memo_power_fork": {
    "note": "memo \u00a74.2: sd ~0.5 pts => z ~2.2 (fund the full run); sd ~1.5 pts => z ~0.75 (do not). Read sd_delta_positions against this.",
    "z_if_sd_0.5": 2.279034883453959,
    "z_if_sd_1.5": 0.7596782944846531
  },
  "caveat": "The pilot's own mean_delta is a 20-position SCREEN, NOT a verdict on whether budget improves the move. The deliverable is the sd.",
  "schema": "carcassonne-oracle-score-pilot/v1",
  "oracle_policy": "clair-puct",
  "n_attempted": 61,
  "n_failed": 0,
  "crn_verified_all": true,
  "population_disagreements": 61,
  "wall_secs": 820.9,
  "manifest": "/mnt/c/carc-shared/tiletie_pricing_20260812/clair-puct/walled/leg4/manifest.json"
}
