[head-to-head] opponent=fair-champion
[head-to-head] candidate frozen leaf: curve125 leaf_hash=a36d2e15a3b3d71d frozen_config_hash=6dfffd57051690f2 (champ_env dialect)
[head-to-head] opponent  frozen leaf: curve125 leaf_hash=a36d2e15a3b3d71d frozen_config_hash=6dfffd57051690f2 (champ_env dialect)
[head-to-head] BOTH SIDES curve125: YES | env DEFAULT_CONFIG (unmoved, no rung in play) leaf_hash=a36d2e15a3b3d71d
[backend] engine=rust (from --backend rust) rust_threads=1 workers=30 [FARM: threads=1 per worker]
fair-puct[fair_fair_c1.5_tau5_float_kd8_s1376_vs_fairchamp-k8x1376_k2-leafa36d2e15]: info=fair n=800 paired=True K=2 k_dets=8 sims=1376 | 0 cached, 800 to play, 30 workers, out=/mnt/c/carc-shared/jrules_priors_deploy_20260814/jpriors_d0p5_deploy11008
  10/800 played (25.0s/game, ~329 min left)
  20/800 played (14.7s/game, ~192 min left)
  30/800 played (13.0s/game, ~167 min left)
  40/800 played (13.9s/game, ~176 min left)
  50/800 played (12.1s/game, ~151 min left)
  60/800 played (11.9s/game, ~147 min left)
  70/800 played (12.0s/game, ~146 min left)
  80/800 played (11.3s/game, ~136 min left)
  90/800 played (11.1s/game, ~131 min left)
  100/800 played (11.2s/game, ~131 min left)
  110/800 played (11.1s/game, ~128 min left)
  120/800 played (10.5s/game, ~119 min left)
  130/800 played (11.0s/game, ~122 min left)
  140/800 played (10.6s/game, ~116 min left)
  150/800 played (10.6s/game, ~115 min left)
  160/800 played (10.9s/game, ~116 min left)
  170/800 played (10.7s/game, ~113 min left)
  180/800 played (10.5s/game, ~109 min left)
  190/800 played (10.7s/game, ~109 min left)
  200/800 played (10.6s/game, ~106 min left)
  210/800 played (10.3s/game, ~102 min left)
  220/800 played (10.6s/game, ~102 min left)
  230/800 played (10.5s/game, ~100 min left)
  240/800 played (10.3s/game, ~97 min left)
  250/800 played (10.5s/game, ~96 min left)
  260/800 played (10.5s/game, ~94 min left)
  270/800 played (10.3s/game, ~91 min left)
  280/800 played (10.4s/game, ~90 min left)
  290/800 played (10.4s/game, ~89 min left)
  300/800 played (10.4s/game, ~86 min left)
  310/800 played (10.3s/game, ~84 min left)
  320/800 played (10.4s/game, ~83 min left)
  330/800 played (10.2s/game, ~80 min left)
  340/800 played (10.3s/game, ~79 min left)
  350/800 played (10.2s/game, ~76 min left)
  360/800 played (10.2s/game, ~75 min left)
  370/800 played (10.2s/game, ~73 min left)
  380/800 played (10.2s/game, ~72 min left)
  390/800 played (10.2s/game, ~69 min left)
  400/800 played (10.2s/game, ~68 min left)
  410/800 played (10.2s/game, ~66 min left)
  420/800 played (10.2s/game, ~64 min left)
  430/800 played (10.2s/game, ~63 min left)
  440/800 played (10.2s/game, ~61 min left)
  450/800 played (10.2s/game, ~60 min left)
  460/800 played (10.1s/game, ~57 min left)
  470/800 played (10.2s/game, ~56 min left)
  480/800 played (10.2s/game, ~54 min left)
  490/800 played (10.1s/game, ~52 min left)
  500/800 played (10.1s/game, ~51 min left)
  510/800 played (10.1s/game, ~49 min left)
  520/800 played (10.1s/game, ~47 min left)
  530/800 played (10.1s/game, ~46 min left)
  540/800 played (10.1s/game, ~44 min left)
  550/800 played (10.1s/game, ~42 min left)
  560/800 played (10.1s/game, ~40 min left)
  570/800 played (10.1s/game, ~39 min left)
  580/800 played (10.1s/game, ~37 min left)
  590/800 played (10.1s/game, ~35 min left)
  600/800 played (10.1s/game, ~34 min left)
  610/800 played (10.1s/game, ~32 min left)
  620/800 played (10.1s/game, ~30 min left)
  630/800 played (10.1s/game, ~29 min left)
  640/800 played (10.1s/game, ~27 min left)
  650/800 played (10.1s/game, ~25 min left)
  660/800 played (10.1s/game, ~24 min left)
  670/800 played (10.1s/game, ~22 min left)
  680/800 played (10.1s/game, ~20 min left)
  690/800 played (10.1s/game, ~19 min left)
  700/800 played (10.1s/game, ~17 min left)
  710/800 played (10.1s/game, ~15 min left)
  720/800 played (10.2s/game, ~14 min left)
  730/800 played (10.1s/game, ~12 min left)
  740/800 played (10.1s/game, ~10 min left)
  750/800 played (10.1s/game, ~8 min left)
  760/800 played (10.2s/game, ~7 min left)
  770/800 played (10.2s/game, ~5 min left)
  780/800 played (10.1s/game, ~3 min left)
  790/800 played (10.1s/game, ~2 min left)
  800/800 played (10.1s/game, ~0 min left)

=== FAIR-PUCT[fair] (K=2, k_dets=8, sims=1376, total~11008) vs FAIR PRODUCTION CHAMPION (FairHeuristicPriorAgent, heuristic priors, curve125 leaf, k8x1376) ===
games: 800   candidate: 389W / 15D / 396L   winrate 0.496 (z=-0.25)
avg score diff (candidate - opponent): -0.02
ELO: -3.0  (+/- 12.3 1sigma)
PAIRED: 400 decks   mean seat-balanced margin -0.02   z = -0.03
prefix ms/move: candidate 2304  opponent 1961  (ratio 1.18x)
fair endgame: candidate latched 800/800 games, 1.65s solver/game, timeouts=0
fair endgame: opponent  latched 800/800 games, 1.48s solver/game, timeouts=0
  POWER NOTE: |elo|<=35 at n=800 (1σ≈±12); a >=35-elo verdict needs n>=400.
[summary.json] wrote /mnt/c/carc-shared/jrules_priors_deploy_20260814/jpriors_d0p5_deploy11008/summary.json
