[build_positions] afterstate map: 7582 rid(s) from 1 file(s): ['/home/doctor/projects/carcassone/measurement/tiearb_widening_20260817/shared_run_r4/corpus/census_s2/afterstate_map_walled.json']
[build_positions] cap_j=inf (deployed cap J=4 recorded per ply as subset_j4)
[build_positions] exclude-rids: 2088 requested | 0 removed from the deduped supply | 5645 positions remain samplable
[build_positions] afterstate dedupe: applied=True | dropped 1937/7582 all-transposition positions (25.5%) | arm-deduped 1095 | tie-set arm-playouts 1303552 -> 843456 (35.3% saved)
[build_positions] 14520 census rows -> 7582 qualifying -> 5645 sampled | e4=0 selfplay=5645 | max_arms=12 mean_arms=3.33 | capped=0 | champ_pick_missing=5645
[build_positions] 11 leg files -> /home/doctor/projects/carcassone/measurement/tiearb_widening_20260817/shared_run_r4/corpus/_probe_s2
{
  "afterstate_dedupe": {
    "applied": true,
    "design_ref": "DESIGN.md \u00a76 threat 3 (arms deduped by successor board key; all-transposition positions dropped as analytic zeros)",
    "dropped_index_path": "/home/doctor/projects/carcassone/measurement/tiearb_widening_20260817/shared_run_r4/corpus/_probe_s2/DROPPED_ALL_TRANSPOSITION.json",
    "dropped_pct": 25.547348984436823,
    "n_dropped_all_transposition": 1937,
    "n_dropped_by_stratum": {
      "selfplay": 1937
    },
    "n_dropped_with_action_played_outside_tieset": 273,
    "n_positions_with_arm_dedupe": 1095,
    "n_qualifying_before_drop": 7582,
    "savings_pct_full_supply": 35.295561665357425,
    "tieset_arm_playouts_full_supply_after": 843456,
    "tieset_arm_playouts_full_supply_before": 1303552
  },
  "allow_missing_champ_picks": true,
  "cap_j": null,
  "cap_j_label": "inf",
  "census_qualifying_n": 7582,
  "census_rows_n": 14520,
  "champ_pick_secs": 77648.104,
  "counts_by_profile_leg": {
    "walled/leg1": 5645,
    "walled/leg10": 95,
    "walled/leg11": 57,
    "walled/leg2": 2875,
    "walled/leg3": 1663,
    "walled/leg4": 966,
    "walled/leg5": 765,
    "walled/leg6": 424,
    "walled/leg7": 316,
    "walled/leg8": 228,
    "walled/leg9": 145
  },
  "counts_by_stratum": {
    "e4": 0,
    "selfplay": 5645
  },
  "deployed_cap_j": 4,
  "design_doc": "measurement/tiletie_pricing_20260812/DESIGN.md",
  "eta_by_workers": {
    "W=14": {
      "wall_hours": 29.15377984126984,
      "wall_secs": 104953.60742857143
    },
    "W=22": {
      "wall_hours": 18.552405353535352,
      "wall_secs": 66788.65927272727
    }
  },
  "exclude_rids": {
    "applied": true,
    "design_ref": "DESIGN.md \u00a77.3 (Stage B is an extension of the same records directory, not a re-draw: the new positions are disjoint from the earlier stage by construction)",
    "n_removed_from_supply": 0,
    "n_requested": 2088,
    "n_supply_after_exclusion": 5645
  },
  "files": {
    "walled/leg1": {
      "n": 5645,
      "path": "/home/doctor/projects/carcassone/measurement/tiearb_widening_20260817/shared_run_r4/corpus/_probe_s2/positions_walled_leg1.jsonl"
    },
    "walled/leg10": {
      "n": 95,
      "path": "/home/doctor/projects/carcassone/measurement/tiearb_widening_20260817/shared_run_r4/corpus/_probe_s2/positions_walled_leg10.jsonl"
    },
    "walled/leg11": {
      "n": 57,
      "path": "/home/doctor/projects/carcassone/measurement/tiearb_widening_20260817/shared_run_r4/corpus/_probe_s2/positions_walled_leg11.jsonl"
    },
    "walled/leg2": {
      "n": 2875,
      "path": "/home/doctor/projects/carcassone/measurement/tiearb_widening_20260817/shared_run_r4/corpus/_probe_s2/positions_walled_leg2.jsonl"
    },
    "walled/leg3": {
      "n": 1663,
      "path": "/home/doctor/projects/carcassone/measurement/tiearb_widening_20260817/shared_run_r4/corpus/_probe_s2/positions_walled_leg3.jsonl"
    },
    "walled/leg4": {
      "n": 966,
      "path": "/home/doctor/projects/carcassone/measurement/tiearb_widening_20260817/shared_run_r4/corpus/_probe_s2/positions_walled_leg4.jsonl"
    },
    "walled/leg5": {
      "n": 765,
      "path": "/home/doctor/projects/carcassone/measurement/tiearb_widening_20260817/shared_run_r4/corpus/_probe_s2/positions_walled_leg5.jsonl"
    },
    "walled/leg6": {
      "n": 424,
      "path": "/home/doctor/projects/carcassone/measurement/tiearb_widening_20260817/shared_run_r4/corpus/_probe_s2/positions_walled_leg6.jsonl"
    },
    "walled/leg7": {
      "n": 316,
      "path": "/home/doctor/projects/carcassone/measurement/tiearb_widening_20260817/shared_run_r4/corpus/_probe_s2/positions_walled_leg7.jsonl"
    },
    "walled/leg8": {
      "n": 228,
      "path": "/home/doctor/projects/carcassone/measurement/tiearb_widening_20260817/shared_run_r4/corpus/_probe_s2/positions_walled_leg8.jsonl"
    },
    "walled/leg9": {
      "n": 145,
      "path": "/home/doctor/projects/carcassone/measurement/tiearb_widening_20260817/shared_run_r4/corpus/_probe_s2/positions_walled_leg9.jsonl"
    }
  },
  "formula": "DESIGN.md #7.1: oracle_worker_secs = n_positions*(A_bar-1)*2*M*c (summed per-position here, algebraically identical); champ_pick_secs = n_selfplay*t_champ; wall_hours = (oracle_worker_secs+champ_pick_secs)/(3600*W)",
  "generated_utc": "2026-08-18T15:24:10Z",
  "m_worlds": 32,
  "max_arms": 12,
  "mean_arms": 3.334632418069088,
  "mean_arms_j4": 2.803897254207263,
  "n_e4": 0,
  "n_positions": 5645,
  "n_positions_capped": 0,
  "n_positions_capped_at_4": 966,
  "n_positions_champ_pick_missing": 5645,
  "n_selfplay": 5645,
  "oracle_worker_secs": 1391702.4,
  "out_dir": "/home/doctor/projects/carcassone/measurement/tiearb_widening_20260817/shared_run_r4/corpus/_probe_s2",
  "playout_secs": 1.65,
  "sample_seed": 20260819,
  "schema": "carcassonne-tiletie-positions/v1",
  "t_champ_secs": 13.7552,
  "total_arm_playouts": 843456,
  "total_worker_secs": 1469350.504,
  "uncapped": true
}
