[build_positions] afterstate map: 1066 rid(s) from 1 file(s): ['/home/doctor/projects/carcassone/measurement/tiearb_widening_20260817/shared_run_r4/corpus/census_s1/afterstate_map_walled.json']
[build_positions] cap_j=inf (deployed cap J=4 recorded per ply as subset_j4)
[build_positions] exclude-rids: 2116 requested | 0 removed from the deduped supply | 793 positions remain samplable
[build_positions] afterstate dedupe: applied=True | dropped 273/1066 all-transposition positions (25.6%) | arm-deduped 167 | tie-set arm-playouts 188992 -> 120128 (36.4% saved)
[build_positions] 2032 census rows -> 1066 qualifying -> 793 sampled | e4=0 selfplay=793 | max_arms=13 mean_arms=3.51 | capped=0 | champ_pick_missing=0
[build_positions] 12 leg files -> /home/doctor/projects/carcassone/measurement/tiearb_widening_20260817/shared_run_r4/corpus/positions_s1_ext
{
  "afterstate_dedupe": {
    "applied": true,
    "design_ref": "DESIGN.md \u00a76 threat 3 (arms deduped by successor board key; all-transposition positions dropped as analytic zeros)",
    "dropped_index_path": "/home/doctor/projects/carcassone/measurement/tiearb_widening_20260817/shared_run_r4/corpus/positions_s1_ext/DROPPED_ALL_TRANSPOSITION.json",
    "dropped_pct": 25.609756097560975,
    "n_dropped_all_transposition": 273,
    "n_dropped_by_stratum": {
      "selfplay": 273
    },
    "n_dropped_with_action_played_outside_tieset": 34,
    "n_positions_with_arm_dedupe": 167,
    "n_qualifying_before_drop": 1066,
    "savings_pct_full_supply": 36.43752116491703,
    "tieset_arm_playouts_full_supply_after": 120128,
    "tieset_arm_playouts_full_supply_before": 188992
  },
  "allow_missing_champ_picks": false,
  "cap_j": null,
  "cap_j_label": "inf",
  "census_qualifying_n": 1066,
  "census_rows_n": 2032,
  "champ_pick_secs": 10907.8736,
  "counts_by_profile_leg": {
    "walled/leg1": 793,
    "walled/leg10": 10,
    "walled/leg11": 4,
    "walled/leg12": 1,
    "walled/leg2": 478,
    "walled/leg3": 268,
    "walled/leg4": 155,
    "walled/leg5": 119,
    "walled/leg6": 64,
    "walled/leg7": 49,
    "walled/leg8": 33,
    "walled/leg9": 14
  },
  "counts_by_stratum": {
    "e4": 0,
    "selfplay": 793
  },
  "deployed_cap_j": 4,
  "design_doc": "measurement/tiletie_pricing_20260812/DESIGN.md",
  "eta_by_workers": {
    "W=14": {
      "wall_hours": 4.381759396825396,
      "wall_secs": 15774.333828571427
    },
    "W=22": {
      "wall_hours": 2.788392343434343,
      "wall_secs": 10038.212436363636
    }
  },
  "exclude_rids": {
    "applied": true,
    "design_ref": "DESIGN.md \u00a77.3 (Stage B is an extension of the same records directory, not a re-draw: the new positions are disjoint from the earlier stage by construction)",
    "n_removed_from_supply": 0,
    "n_requested": 2116,
    "n_supply_after_exclusion": 793
  },
  "files": {
    "walled/leg1": {
      "n": 793,
      "path": "/home/doctor/projects/carcassone/measurement/tiearb_widening_20260817/shared_run_r4/corpus/positions_s1_ext/positions_walled_leg1.jsonl"
    },
    "walled/leg10": {
      "n": 10,
      "path": "/home/doctor/projects/carcassone/measurement/tiearb_widening_20260817/shared_run_r4/corpus/positions_s1_ext/positions_walled_leg10.jsonl"
    },
    "walled/leg11": {
      "n": 4,
      "path": "/home/doctor/projects/carcassone/measurement/tiearb_widening_20260817/shared_run_r4/corpus/positions_s1_ext/positions_walled_leg11.jsonl"
    },
    "walled/leg12": {
      "n": 1,
      "path": "/home/doctor/projects/carcassone/measurement/tiearb_widening_20260817/shared_run_r4/corpus/positions_s1_ext/positions_walled_leg12.jsonl"
    },
    "walled/leg2": {
      "n": 478,
      "path": "/home/doctor/projects/carcassone/measurement/tiearb_widening_20260817/shared_run_r4/corpus/positions_s1_ext/positions_walled_leg2.jsonl"
    },
    "walled/leg3": {
      "n": 268,
      "path": "/home/doctor/projects/carcassone/measurement/tiearb_widening_20260817/shared_run_r4/corpus/positions_s1_ext/positions_walled_leg3.jsonl"
    },
    "walled/leg4": {
      "n": 155,
      "path": "/home/doctor/projects/carcassone/measurement/tiearb_widening_20260817/shared_run_r4/corpus/positions_s1_ext/positions_walled_leg4.jsonl"
    },
    "walled/leg5": {
      "n": 119,
      "path": "/home/doctor/projects/carcassone/measurement/tiearb_widening_20260817/shared_run_r4/corpus/positions_s1_ext/positions_walled_leg5.jsonl"
    },
    "walled/leg6": {
      "n": 64,
      "path": "/home/doctor/projects/carcassone/measurement/tiearb_widening_20260817/shared_run_r4/corpus/positions_s1_ext/positions_walled_leg6.jsonl"
    },
    "walled/leg7": {
      "n": 49,
      "path": "/home/doctor/projects/carcassone/measurement/tiearb_widening_20260817/shared_run_r4/corpus/positions_s1_ext/positions_walled_leg7.jsonl"
    },
    "walled/leg8": {
      "n": 33,
      "path": "/home/doctor/projects/carcassone/measurement/tiearb_widening_20260817/shared_run_r4/corpus/positions_s1_ext/positions_walled_leg8.jsonl"
    },
    "walled/leg9": {
      "n": 14,
      "path": "/home/doctor/projects/carcassone/measurement/tiearb_widening_20260817/shared_run_r4/corpus/positions_s1_ext/positions_walled_leg9.jsonl"
    }
  },
  "formula": "DESIGN.md #7.1: oracle_worker_secs = n_positions*(A_bar-1)*2*M*c (summed per-position here, algebraically identical); champ_pick_secs = n_selfplay*t_champ; wall_hours = (oracle_worker_secs+champ_pick_secs)/(3600*W)",
  "generated_utc": "2026-08-18T15:24:11Z",
  "m_worlds": 32,
  "max_arms": 13,
  "mean_arms": 3.506935687263556,
  "mean_arms_j4": 2.8348045397225725,
  "n_e4": 0,
  "n_positions": 793,
  "n_positions_capped": 0,
  "n_positions_capped_at_4": 142,
  "n_positions_champ_pick_missing": 0,
  "n_selfplay": 793,
  "oracle_worker_secs": 209932.8,
  "out_dir": "/home/doctor/projects/carcassone/measurement/tiearb_widening_20260817/shared_run_r4/corpus/positions_s1_ext",
  "playout_secs": 1.65,
  "sample_seed": 20260819,
  "schema": "carcassonne-tiletie-positions/v1",
  "t_champ_secs": 13.7552,
  "total_arm_playouts": 127232,
  "total_worker_secs": 220840.67359999998,
  "uncapped": true
}
